
> curriculum-planner@ test /Users/michaelmcisaac/GitHub/teaching-engine2.0
> node scripts/smart-test-runner-enhanced.js

🧠 Smart Test Runner - Analyzing changes...

📝 Changed files:
  - server/.jest-cache/haste-map-2e995665ebf6c09f3a71d68a236298f7-20ff9ce6f3e9fa08b6d9b6ec564370dd-8f28c8da30a0d4166233b45692a9f092
  - server/.jest-cache/haste-map-5ac8e3a7baa2795aee51d07e5db5f1c2-20ff9ce6f3e9fa08b6d9b6ec564370dd-2f4b9a82ed555b34c5f80fbcae2a7240
  - server/.jest-cache/haste-map-6eadbadc45a5c370ac5003cc765b5c03-20ff9ce6f3e9fa08b6d9b6ec564370dd-28f35c24dc2e8813d56da31e4bb2a971
  - server/.jest-cache/haste-map-870b75253a74e2f70d699fb2ea1d8685-20ff9ce6f3e9fa08b6d9b6ec564370dd-015e3fd9578be85e5ed9e48491ad9cd6
  - server/.jest-cache/haste-map-c28e27eaf2cda0320583202d2edf90c5-20ff9ce6f3e9fa08b6d9b6ec564370dd-e8e8a84e7b5089174f9cd43eeaea34e1
  - server/.jest-cache/haste-map-e3e015460141521639d5b62149065bce-20ff9ce6f3e9fa08b6d9b6ec564370dd-d5e9c65bbf16eeb9eae433edcd1f2bf2
  - server/.jest-cache/jest-transform-cache-870b75253a74e2f70d699fb2ea1d8685-79ef2876fae7ca75eedb2aa53dc48338/05/educationWebConnector_05139f00192b9a6758e3babef764cfe6
  - server/.jest-cache/jest-transform-cache-870b75253a74e2f70d699fb2ea1d8685-79ef2876fae7ca75eedb2aa53dc48338/05/educationWebConnector_05139f00192b9a6758e3babef764cfe6.map
  - server/.jest-cache/jest-transform-cache-870b75253a74e2f70d699fb2ea1d8685-79ef2876fae7ca75eedb2aa53dc48338/16/validationunittest_162b4484d6924df6cac006c05ff0acf6
  - server/.jest-cache/jest-transform-cache-870b75253a74e2f70d699fb2ea1d8685-79ef2876fae7ca75eedb2aa53dc48338/16/validationunittest_162b4484d6924df6cac006c05ff0acf6.map
  - server/.jest-cache/jest-transform-cache-870b75253a74e2f70d699fb2ea1d8685-79ef2876fae7ca75eedb2aa53dc48338/2a/educationWebConnectortest_2ad427191441bfd1b7d919500cf76d30
  - server/.jest-cache/jest-transform-cache-870b75253a74e2f70d699fb2ea1d8685-79ef2876fae7ca75eedb2aa53dc48338/2a/educationWebConnectortest_2ad427191441bfd1b7d919500cf76d30.map
  - server/.jest-cache/jest-transform-cache-870b75253a74e2f70d699fb2ea1d8685-79ef2876fae7ca75eedb2aa53dc48338/50/baseConnector_502976eb3ac95cfe9660b8539f5f7817
  - server/.jest-cache/jest-transform-cache-870b75253a74e2f70d699fb2ea1d8685-79ef2876fae7ca75eedb2aa53dc48338/50/baseConnector_502976eb3ac95cfe9660b8539f5f7817.map
  - server/.jest-cache/jest-transform-cache-870b75253a74e2f70d699fb2ea1d8685-79ef2876fae7ca75eedb2aa53dc48338/55/oerConnectortest_55742156ca437e1a18ead1e939ff230f
  - server/.jest-cache/jest-transform-cache-870b75253a74e2f70d699fb2ea1d8685-79ef2876fae7ca75eedb2aa53dc48338/55/oerConnectortest_55742156ca437e1a18ead1e939ff230f.map
  - server/.jest-cache/jest-transform-cache-870b75253a74e2f70d699fb2ea1d8685-79ef2876fae7ca75eedb2aa53dc48338/66/curriculumWebConnector_661bbdf4cc3aa2d8b57f911066d24531
  - server/.jest-cache/jest-transform-cache-870b75253a74e2f70d699fb2ea1d8685-79ef2876fae7ca75eedb2aa53dc48338/66/curriculumWebConnector_661bbdf4cc3aa2d8b57f911066d24531.map
  - server/.jest-cache/jest-transform-cache-870b75253a74e2f70d699fb2ea1d8685-79ef2876fae7ca75eedb2aa53dc48338/71/jestsetup_71baf5167a9dc358f76cc719a6fd6349
  - server/.jest-cache/jest-transform-cache-870b75253a74e2f70d699fb2ea1d8685-79ef2876fae7ca75eedb2aa53dc48338/7c/baseConnectortest_7cdde401bd73fc012d6d76047215a9b8
  - server/.jest-cache/jest-transform-cache-870b75253a74e2f70d699fb2ea1d8685-79ef2876fae7ca75eedb2aa53dc48338/7c/baseConnectortest_7cdde401bd73fc012d6d76047215a9b8.map
  - server/.jest-cache/jest-transform-cache-870b75253a74e2f70d699fb2ea1d8685-79ef2876fae7ca75eedb2aa53dc48338/83/authrefactoredtest_83d50bdd404acd29ca11cef637381fa1
  - server/.jest-cache/jest-transform-cache-870b75253a74e2f70d699fb2ea1d8685-79ef2876fae7ca75eedb2aa53dc48338/83/authrefactoredtest_83d50bdd404acd29ca11cef637381fa1.map
  - server/.jest-cache/jest-transform-cache-870b75253a74e2f70d699fb2ea1d8685-79ef2876fae7ca75eedb2aa53dc48338/83/embeddingServicefasttest_83d9b2a211f1f32ecfd13456bf687843
  - server/.jest-cache/jest-transform-cache-870b75253a74e2f70d699fb2ea1d8685-79ef2876fae7ca75eedb2aa53dc48338/83/embeddingServicefasttest_83d9b2a211f1f32ecfd13456bf687843.map
  - server/.jest-cache/jest-transform-cache-870b75253a74e2f70d699fb2ea1d8685-79ef2876fae7ca75eedb2aa53dc48338/92/oerConnector_92f4a0463c89c7d51d1ceb018a50fff0
  - server/.jest-cache/jest-transform-cache-870b75253a74e2f70d699fb2ea1d8685-79ef2876fae7ca75eedb2aa53dc48338/92/oerConnector_92f4a0463c89c7d51d1ceb018a50fff0.map
  - server/.jest-cache/jest-transform-cache-870b75253a74e2f70d699fb2ea1d8685-79ef2876fae7ca75eedb2aa53dc48338/ac/setupallmocks_ac10b9c82cfd477a80471c68161ffd88
  - server/.jest-cache/jest-transform-cache-870b75253a74e2f70d699fb2ea1d8685-79ef2876fae7ca75eedb2aa53dc48338/ac/setupallmocks_ac10b9c82cfd477a80471c68161ffd88.map
  - server/.jest-cache/jest-transform-cache-870b75253a74e2f70d699fb2ea1d8685-79ef2876fae7ca75eedb2aa53dc48338/b3/authunittest_b312dde174913ad8ee2df79602b33497
  - server/.jest-cache/jest-transform-cache-870b75253a74e2f70d699fb2ea1d8685-79ef2876fae7ca75eedb2aa53dc48338/b3/authunittest_b312dde174913ad8ee2df79602b33497.map
  - server/.jest-cache/jest-transform-cache-870b75253a74e2f70d699fb2ea1d8685-79ef2876fae7ca75eedb2aa53dc48338/b9/embeddingService_b95f3e317c1603a9065db162e421ab54
  - server/.jest-cache/jest-transform-cache-870b75253a74e2f70d699fb2ea1d8685-79ef2876fae7ca75eedb2aa53dc48338/b9/embeddingService_b95f3e317c1603a9065db162e421ab54.map
  - server/.jest-cache/jest-transform-cache-870b75253a74e2f70d699fb2ea1d8685-79ef2876fae7ca75eedb2aa53dc48338/cb/testFramework_cb105e206d69e115f1d3c9705a556a21
  - server/.jest-cache/jest-transform-cache-870b75253a74e2f70d699fb2ea1d8685-79ef2876fae7ca75eedb2aa53dc48338/cb/testFramework_cb105e206d69e115f1d3c9705a556a21.map
  - server/.jest-cache/jest-transform-cache-870b75253a74e2f70d699fb2ea1d8685-79ef2876fae7ca75eedb2aa53dc48338/e6/curriculumWebConnectortest_e623bf0c0e835108159bb98bdde1210b
  - server/.jest-cache/jest-transform-cache-870b75253a74e2f70d699fb2ea1d8685-79ef2876fae7ca75eedb2aa53dc48338/e6/curriculumWebConnectortest_e623bf0c0e835108159bb98bdde1210b.map
  - server/.jest-cache/jest-transform-cache-870b75253a74e2f70d699fb2ea1d8685-79ef2876fae7ca75eedb2aa53dc48338/e6/jsonwebtoken_e60f0bfd30125686de9ae2f053980669
  - server/.jest-cache/jest-transform-cache-870b75253a74e2f70d699fb2ea1d8685-79ef2876fae7ca75eedb2aa53dc48338/e6/jsonwebtoken_e60f0bfd30125686de9ae2f053980669.map
  - server/.jest-cache/jest-transform-cache-870b75253a74e2f70d699fb2ea1d8685-79ef2876fae7ca75eedb2aa53dc48338/ef/validation_ef92f42d215ab5ff9f634671e89844df
  - server/.jest-cache/jest-transform-cache-870b75253a74e2f70d699fb2ea1d8685-79ef2876fae7ca75eedb2aa53dc48338/ef/validation_ef92f42d215ab5ff9f634671e89844df.map
  - server/.jest-cache/jest-transform-cache-870b75253a74e2f70d699fb2ea1d8685-79ef2876fae7ca75eedb2aa53dc48338/fc/auth_fc555587e9090f57b25e07fb13bdb873
  - server/.jest-cache/jest-transform-cache-870b75253a74e2f70d699fb2ea1d8685-79ef2876fae7ca75eedb2aa53dc48338/fc/auth_fc555587e9090f57b25e07fb13bdb873.map
  - server/.jest-cache/jest-transform-cache-c28e27eaf2cda0320583202d2edf90c5-79ef2876fae7ca75eedb2aa53dc48338/00/curriculumdiscovery_00b6c050a805eca07cbb12978b244bdf
  - server/.jest-cache/jest-transform-cache-c28e27eaf2cda0320583202d2edf90c5-79ef2876fae7ca75eedb2aa53dc48338/00/curriculumdiscovery_00b6c050a805eca07cbb12978b244bdf.map
  - server/.jest-cache/jest-transform-cache-c28e27eaf2cda0320583202d2edf90c5-79ef2876fae7ca75eedb2aa53dc48338/00/discoveryServicestest_003d4434d4a6d938ca46c1cc18953b73
  - server/.jest-cache/jest-transform-cache-c28e27eaf2cda0320583202d2edf90c5-79ef2876fae7ca75eedb2aa53dc48338/00/discoveryServicestest_003d4434d4a6d938ca46c1cc18953b73.map
  - server/.jest-cache/jest-transform-cache-c28e27eaf2cda0320583202d2edf90c5-79ef2876fae7ca75eedb2aa53dc48338/00/discoveryscheduler_00c4c69adfac2374f9303d07de172d93
  - server/.jest-cache/jest-transform-cache-c28e27eaf2cda0320583202d2edf90c5-79ef2876fae7ca75eedb2aa53dc48338/00/discoveryscheduler_00c4c69adfac2374f9303d07de172d93.map
  - server/.jest-cache/jest-transform-cache-c28e27eaf2cda0320583202d2edf90c5-79ef2876fae7ca75eedb2aa53dc48338/00/index_00d54f2aa423c785ce0148ec6a298f80
  - server/.jest-cache/jest-transform-cache-c28e27eaf2cda0320583202d2edf90c5-79ef2876fae7ca75eedb2aa53dc48338/00/index_00d54f2aa423c785ce0148ec6a298f80.map
  - server/.jest-cache/jest-transform-cache-c28e27eaf2cda0320583202d2edf90c5-79ef2876fae7ca75eedb2aa53dc48338/01/aiPromptTemplateService_014ba7d466ba07602c1ba7fc3cb96b0c
  - server/.jest-cache/jest-transform-cache-c28e27eaf2cda0320583202d2edf90c5-79ef2876fae7ca75eedb2aa53dc48338/01/aiPromptTemplateService_014ba7d466ba07602c1ba7fc3cb96b0c.map
  - server/.jest-cache/jest-transform-cache-c28e27eaf2cda0320583202d2edf90c5-79ef2876fae7ca75eedb2aa53dc48338/01/baseConnector_016c27d0cffd1dd67c80eb0984317bd2
  - server/.jest-cache/jest-transform-cache-c28e27eaf2cda0320583202d2edf90c5-79ef2876fae7ca75eedb2aa53dc48338/01/baseConnector_016c27d0cffd1dd67c80eb0984317bd2.map
  - server/.jest-cache/jest-transform-cache-c28e27eaf2cda0320583202d2edf90c5-79ef2876fae7ca75eedb2aa53dc48338/01/testEmailService_0101bfb16703c99e3d3bbf2b9a95fcb5
  - server/.jest-cache/jest-transform-cache-c28e27eaf2cda0320583202d2edf90c5-79ef2876fae7ca75eedb2aa53dc48338/01/testEmailService_0101bfb16703c99e3d3bbf2b9a95fcb5.map
  - server/.jest-cache/jest-transform-cache-c28e27eaf2cda0320583202d2edf90c5-79ef2876fae7ca75eedb2aa53dc48338/01/urlValidator_01a09db2a30e3f07c57665895ec1d9e6
  - server/.jest-cache/jest-transform-cache-c28e27eaf2cda0320583202d2edf90c5-79ef2876fae7ca75eedb2aa53dc48338/01/urlValidator_01a09db2a30e3f07c57665895ec1d9e6.map
  - server/.jest-cache/jest-transform-cache-c28e27eaf2cda0320583202d2edf90c5-79ef2876fae7ca75eedb2aa53dc48338/02/aiPromptTemplateService_028cf0c42fb33a1c8c5757078927b568
  - server/.jest-cache/jest-transform-cache-c28e27eaf2cda0320583202d2edf90c5-79ef2876fae7ca75eedb2aa53dc48338/02/aiPromptTemplateService_028cf0c42fb33a1c8c5757078927b568.map
  - server/.jest-cache/jest-transform-cache-c28e27eaf2cda0320583202d2edf90c5-79ef2876fae7ca75eedb2aa53dc48338/02/aiplanning_02408b14f505af805fef614223501edf
  - server/.jest-cache/jest-transform-cache-c28e27eaf2cda0320583202d2edf90c5-79ef2876fae7ca75eedb2aa53dc48338/02/aiplanning_02408b14f505af805fef614223501edf.map
  - server/.jest-cache/jest-transform-cache-c28e27eaf2cda0320583202d2edf90c5-79ef2876fae7ca75eedb2aa53dc48338/02/app_0279da904311f5562763be0b6ffb91cd
  - server/.jest-cache/jest-transform-cache-c28e27eaf2cda0320583202d2edf90c5-79ef2876fae7ca75eedb2aa53dc48338/02/app_0279da904311f5562763be0b6ffb91cd.map
  - server/.jest-cache/jest-transform-cache-c28e27eaf2cda0320583202d2edf90c5-79ef2876fae7ca75eedb2aa53dc48338/02/curriculumWebConnectortest_022e815498120f23dec758541f0478b5
  - server/.jest-cache/jest-transform-cache-c28e27eaf2cda0320583202d2edf90c5-79ef2876fae7ca75eedb2aa53dc48338/02/curriculumWebConnectortest_022e815498120f23dec758541f0478b5.map
  - server/.jest-cache/jest-transform-cache-c28e27eaf2cda0320583202d2edf90c5-79ef2876fae7ca75eedb2aa53dc48338/02/notifications_029fa887b0bc5a17d08c3c7b9b0f3d9b
  - server/.jest-cache/jest-transform-cache-c28e27eaf2cda0320583202d2edf90c5-79ef2876fae7ca75eedb2aa53dc48338/02/notifications_029fa887b0bc5a17d08c3c7b9b0f3d9b.map
  - server/.jest-cache/jest-transform-cache-c28e27eaf2cda0320583202d2edf90c5-79ef2876fae7ca75eedb2aa53dc48338/02/scenarioTemplateExtractorsimpletest_026808db96124a40061834d4d6d8aefc
  - server/.jest-cache/jest-transform-cache-c28e27eaf2cda0320583202d2edf90c5-79ef2876fae7ca75eedb2aa53dc48338/02/scenarioTemplateExtractorsimpletest_026808db96124a40061834d4d6d8aefc.map
  - server/.jest-cache/jest-transform-cache-c28e27eaf2cda0320583202d2edf90c5-79ef2876fae7ca75eedb2aa53dc48338/02/student_02587118c6d7917e592509a42ccc7045
  - server/.jest-cache/jest-transform-cache-c28e27eaf2cda0320583202d2edf90c5-79ef2876fae7ca75eedb2aa53dc48338/02/student_02587118c6d7917e592509a42ccc7045.map
  - server/.jest-cache/jest-transform-cache-c28e27eaf2cda0320583202d2edf90c5-79ef2876fae7ca75eedb2aa53dc48338/03/BaseService_03b75f9349e6bc554c644c8e5582be12
  - server/.jest-cache/jest-transform-cache-c28e27eaf2cda0320583202d2edf90c5-79ef2876fae7ca75eedb2aa53dc48338/03/BaseService_03b75f9349e6bc554c644c8e5582be12.map
  - server/.jest-cache/jest-transform-cache-c28e27eaf2cda0320583202d2edf90c5-79ef2876fae7ca75eedb2aa53dc48338/03/auth_033cff3fed3a55de5671324b4486f6d6
  - server/.jest-cache/jest-transform-cache-c28e27eaf2cda0320583202d2edf90c5-79ef2876fae7ca75eedb2aa53dc48338/03/auth_033cff3fed3a55de5671324b4486f6d6.map
  - server/.jest-cache/jest-transform-cache-c28e27eaf2cda0320583202d2edf90c5-79ef2876fae7ca75eedb2aa53dc48338/03/curriculumDiscoveryService_032416deb78a70547aebc99deb4dfd19
  - server/.jest-cache/jest-transform-cache-c28e27eaf2cda0320583202d2edf90c5-79ef2876fae7ca75eedb2aa53dc48338/03/curriculumDiscoveryService_032416deb78a70547aebc99deb4dfd19.map
  - server/.jest-cache/jest-transform-cache-c28e27eaf2cda0320583202d2edf90c5-79ef2876fae7ca75eedb2aa53dc48338/03/curriculumImportServiceextendedtest_030de422ef002a460774786002bec847
  - server/.jest-cache/jest-transform-cache-c28e27eaf2cda0320583202d2edf90c5-79ef2876fae7ca75eedb2aa53dc48338/03/curriculumImportServiceextendedtest_030de422ef002a460774786002bec847.map
  - server/.jest-cache/jest-transform-cache-c28e27eaf2cda0320583202d2edf90c5-79ef2876fae7ca75eedb2aa53dc48338/03/curriculumWebConnector_03505a34355dc6ebc415cc84e4d84832
  - server/.jest-cache/jest-transform-cache-c28e27eaf2cda0320583202d2edf90c5-79ef2876fae7ca75eedb2aa53dc48338/03/curriculumWebConnector_03505a34355dc6ebc415cc84e4d84832.map
  - server/.jest-cache/jest-transform-cache-c28e27eaf2cda0320583202d2edf90c5-79ef2876fae7ca75eedb2aa53dc48338/03/gptPlanningAgenttest_03fc756287cef666f68c64f10b191cd2
  - server/.jest-cache/jest-transform-cache-c28e27eaf2cda0320583202d2edf90c5-79ef2876fae7ca75eedb2aa53dc48338/03/gptPlanningAgenttest_03fc756287cef666f68c64f10b191cd2.map
  - server/.jest-cache/jest-transform-cache-c28e27eaf2cda0320583202d2edf90c5-79ef2876fae7ca75eedb2aa53dc48338/03/performanceMonitoring_03e3984b0f5cb489f24dc830d6fd5c58
  - server/.jest-cache/jest-transform-cache-c28e27eaf2cda0320583202d2edf90c5-79ef2876fae7ca75eedb2aa53dc48338/03/performanceMonitoring_03e3984b0f5cb489f24dc830d6fd5c58.map
  - server/.jest-cache/jest-transform-cache-c28e27eaf2cda0320583202d2edf90c5-79ef2876fae7ca75eedb2aa53dc48338/03/prisma_032941c84cd41d66638811e27df696f9
  - server/.jest-cache/jest-transform-cache-c28e27eaf2cda0320583202d2edf90c5-79ef2876fae7ca75eedb2aa53dc48338/03/prisma_032941c84cd41d66638811e27df696f9.map
  - server/.jest-cache/jest-transform-cache-c28e27eaf2cda0320583202d2edf90c5-79ef2876fae7ca75eedb2aa53dc48338/03/scenarioTemplateExtractor_03cb9e7cfadc0e95e2e482867fb16e4f
  - server/.jest-cache/jest-transform-cache-c28e27eaf2cda0320583202d2edf90c5-79ef2876fae7ca75eedb2aa53dc48338/03/scenarioTemplateExtractor_03cb9e7cfadc0e95e2e482867fb16e4f.map
  - server/.jest-cache/jest-transform-cache-c28e27eaf2cda0320583202d2edf90c5-79ef2876fae7ca75eedb2aa53dc48338/04/aiplanning_0479ba10eb048b35e9e86d4212ae8330
  - server/.jest-cache/jest-transform-cache-c28e27eaf2cda0320583202d2edf90c5-79ef2876fae7ca75eedb2aa53dc48338/04/aiplanning_0479ba10eb048b35e9e86d4212ae8330.map
  - server/.jest-cache/jest-transform-cache-c28e27eaf2cda0320583202d2edf90c5-79ef2876fae7ca75eedb2aa53dc48338/04/llmServicetest_04ace7827153361bfc9e9cac39891b4f
  - server/.jest-cache/jest-transform-cache-c28e27eaf2cda0320583202d2edf90c5-79ef2876fae7ca75eedb2aa53dc48338/04/llmServicetest_04ace7827153361bfc9e9cac39891b4f.map
  - server/.jest-cache/jest-transform-cache-c28e27eaf2cda0320583202d2edf90c5-79ef2876fae7ca75eedb2aa53dc48338/04/newsletterTriggertest_04332187410f9fd8183d4c3c6ddd057c
  - server/.jest-cache/jest-transform-cache-c28e27eaf2cda0320583202d2edf90c5-79ef2876fae7ca75eedb2aa53dc48338/04/newsletterTriggertest_04332187410f9fd8183d4c3c6ddd057c.map
  - server/.jest-cache/jest-transform-cache-c28e27eaf2cda0320583202d2edf90c5-79ef2876fae7ca75eedb2aa53dc48338/04/planningtest_04a1b3fa799880c2120d8f2228ed0633
  - server/.jest-cache/jest-transform-cache-c28e27eaf2cda0320583202d2edf90c5-79ef2876fae7ca75eedb2aa53dc48338/04/planningtest_04a1b3fa799880c2120d8f2228ed0633.map
  - server/.jest-cache/jest-transform-cache-c28e27eaf2cda0320583202d2edf90c5-79ef2876fae7ca75eedb2aa53dc48338/04/privacy_0493b6f0be19110e1718de65a67aeaae
  - server/.jest-cache/jest-transform-cache-c28e27eaf2cda0320583202d2edf90c5-79ef2876fae7ca75eedb2aa53dc48338/04/privacy_0493b6f0be19110e1718de65a67aeaae.map
  - server/.jest-cache/jest-transform-cache-c28e27eaf2cda0320583202d2edf90c5-79ef2876fae7ca75eedb2aa53dc48338/04/teams_043b4b97fa49b9cb2922cc4e5eeaf079
  - server/.jest-cache/jest-transform-cache-c28e27eaf2cda0320583202d2edf90c5-79ef2876fae7ca75eedb2aa53dc48338/04/teams_043b4b97fa49b9cb2922cc4e5eeaf079.map
  - server/.jest-cache/jest-transform-cache-c28e27eaf2cda0320583202d2edf90c5-79ef2876fae7ca75eedb2aa53dc48338/04/templates_04f24dee04eee63ebd8c336080f2a8c7
  - server/.jest-cache/jest-transform-cache-c28e27eaf2cda0320583202d2edf90c5-79ef2876fae7ca75eedb2aa53dc48338/04/templates_04f24dee04eee63ebd8c336080f2a8c7.map
  - server/.jest-cache/jest-transform-cache-c28e27eaf2cda0320583202d2edf90c5-79ef2876fae7ca75eedb2aa53dc48338/05/activitydiscovery_05d50488227113667b48a3904982aab1
  - server/.jest-cache/jest-transform-cache-c28e27eaf2cda0320583202d2edf90c5-79ef2876fae7ca75eedb2aa53dc48338/05/activitydiscovery_05d50488227113667b48a3904982aab1.map
  - server/.jest-cache/jest-transform-cache-c28e27eaf2cda0320583202d2edf90c5-79ef2876fae7ca75eedb2aa53dc48338/05/aiActivityGeneratortest_05a6d659fb1ae075ca8b57ebf5bfbf05
  - server/.jest-cache/jest-transform-cache-c28e27eaf2cda0320583202d2edf90c5-79ef2876fae7ca75eedb2aa53dc48338/05/aiActivityGeneratortest_05a6d659fb1ae075ca8b57ebf5bfbf05.map
  - server/.jest-cache/jest-transform-cache-c28e27eaf2cda0320583202d2edf90c5-79ef2876fae7ca75eedb2aa53dc48338/05/aiPromptTemplateService_0583bcdd51373a5392f1ec145bcc2fac
  - server/.jest-cache/jest-transform-cache-c28e27eaf2cda0320583202d2edf90c5-79ef2876fae7ca75eedb2aa53dc48338/05/aiPromptTemplateService_0583bcdd51373a5392f1ec145bcc2fac.map
  - server/.jest-cache/jest-transform-cache-c28e27eaf2cda0320583202d2edf90c5-79ef2876fae7ca75eedb2aa53dc48338/05/curriculumImportServiceupdatedtest_059f7b2ec8c0d1a1a29e30accdcb0aa1
  - server/.jest-cache/jest-transform-cache-c28e27eaf2cda0320583202d2edf90c5-79ef2876fae7ca75eedb2aa53dc48338/05/curriculumImportServiceupdatedtest_059f7b2ec8c0d1a1a29e30accdcb0aa1.map
  - server/.jest-cache/jest-transform-cache-c28e27eaf2cda0320583202d2edf90c5-79ef2876fae7ca75eedb2aa53dc48338/05/discoveryscheduler_053de5f6c22092d1c1541905feeaacb3
  - server/.jest-cache/jest-transform-cache-c28e27eaf2cda0320583202d2edf90c5-79ef2876fae7ca75eedb2aa53dc48338/05/discoveryscheduler_053de5f6c22092d1c1541905feeaacb3.map
  - server/.jest-cache/jest-transform-cache-c28e27eaf2cda0320583202d2edf90c5-79ef2876fae7ca75eedb2aa53dc48338/05/jestsetup_05210e5c434490162182bca87d4df1e6
  - server/.jest-cache/jest-transform-cache-c28e27eaf2cda0320583202d2edf90c5-79ef2876fae7ca75eedb2aa53dc48338/05/rateLimiter_05401dd230baafff95dfdff4a9141208
  - server/.jest-cache/jest-transform-cache-c28e27eaf2cda0320583202d2edf90c5-79ef2876fae7ca75eedb2aa53dc48338/05/rateLimiter_05401dd230baafff95dfdff4a9141208.map
  - server/.jest-cache/jest-transform-cache-c28e27eaf2cda0320583202d2edf90c5-79ef2876fae7ca75eedb2aa53dc48338/05/testauthhelper_05e642617a305a94657d36c5d1e93c78
  - server/.jest-cache/jest-transform-cache-c28e27eaf2cda0320583202d2edf90c5-79ef2876fae7ca75eedb2aa53dc48338/05/testauthhelper_05e642617a305a94657d36c5d1e93c78.map
  - server/.jest-cache/jest-transform-cache-c28e27eaf2cda0320583202d2edf90c5-79ef2876fae7ca75eedb2aa53dc48338/06/newsletters_0628a217b0a4bf14cec5d9bec480ee86
  - server/.jest-cache/jest-transform-cache-c28e27eaf2cda0320583202d2edf90c5-79ef2876fae7ca75eedb2aa53dc48338/06/newsletters_0628a217b0a4bf14cec5d9bec480ee86.map
  - server/.jest-cache/jest-transform-cache-c28e27eaf2cda0320583202d2edf90c5-79ef2876fae7ca75eedb2aa53dc48338/06/progressCheck_061602277ee775e8989d62d575384e89
  - server/.jest-cache/jest-transform-cache-c28e27eaf2cda0320583202d2edf90c5-79ef2876fae7ca75eedb2aa53dc48338/06/progressCheck_061602277ee775e8989d62d575384e89.map
  - server/.jest-cache/jest-transform-cache-c28e27eaf2cda0320583202d2edf90c5-79ef2876fae7ca75eedb2aa53dc48338/06/teams_0632394660f5da0a930ae530f3aad434
  - server/.jest-cache/jest-transform-cache-c28e27eaf2cda0320583202d2edf90c5-79ef2876fae7ca75eedb2aa53dc48338/06/teams_0632394660f5da0a930ae530f3aad434.map
  - server/.jest-cache/jest-transform-cache-c28e27eaf2cda0320583202d2edf90c5-79ef2876fae7ca75eedb2aa53dc48338/06/testFramework_06ce24392961f542f05de16b2607cf4a
  - server/.jest-cache/jest-transform-cache-c28e27eaf2cda0320583202d2edf90c5-79ef2876fae7ca75eedb2aa53dc48338/06/testFramework_06ce24392961f542f05de16b2607cf4a.map
  - server/.jest-cache/jest-transform-cache-c28e27eaf2cda0320583202d2edf90c5-79ef2876fae7ca75eedb2aa53dc48338/07/authtest_0767f164a0b7b2433ee68e041c57f7c1
  - server/.jest-cache/jest-transform-cache-c28e27eaf2cda0320583202d2edf90c5-79ef2876fae7ca75eedb2aa53dc48338/07/authtest_0767f164a0b7b2433ee68e041c57f7c1.map
  - server/.jest-cache/jest-transform-cache-c28e27eaf2cda0320583202d2edf90c5-79ef2876fae7ca75eedb2aa53dc48338/07/curriculumImportServicetest_071eb7add791e269d5b5bd258d3827aa
  - server/.jest-cache/jest-transform-cache-c28e27eaf2cda0320583202d2edf90c5-79ef2876fae7ca75eedb2aa53dc48338/07/curriculumImportServicetest_071eb7add791e269d5b5bd258d3827aa.map
  - server/.jest-cache/jest-transform-cache-c28e27eaf2cda0320583202d2edf90c5-79ef2876fae7ca75eedb2aa53dc48338/07/index_07a90a714b0b27f96b25042e164bc195
  - server/.jest-cache/jest-transform-cache-c28e27eaf2cda0320583202d2edf90c5-79ef2876fae7ca75eedb2aa53dc48338/07/index_07a90a714b0b27f96b25042e164bc195.map
  - server/.jest-cache/jest-transform-cache-c28e27eaf2cda0320583202d2edf90c5-79ef2876fae7ca75eedb2aa53dc48338/07/llmService_07f3ac5dd00d58e77a4824e6eab712b6
  - server/.jest-cache/jest-transform-cache-c28e27eaf2cda0320583202d2edf90c5-79ef2876fae7ca75eedb2aa53dc48338/07/llmService_07f3ac5dd00d58e77a4824e6eab712b6.map
  - server/.jest-cache/jest-transform-cache-c28e27eaf2cda0320583202d2edf90c5-79ef2876fae7ca75eedb2aa53dc48338/07/oerConnector_079923efb8c974e0fb5ebad9eb2b3c62
  - server/.jest-cache/jest-transform-cache-c28e27eaf2cda0320583202d2edf90c5-79ef2876fae7ca75eedb2aa53dc48338/07/oerConnector_079923efb8c974e0fb5ebad9eb2b3c62.map
  - server/.jest-cache/jest-transform-cache-c28e27eaf2cda0320583202d2edf90c5-79ef2876fae7ca75eedb2aa53dc48338/08/baseServiceunittest_08b7a55e0c234c149dab5bf2845b601b
  - server/.jest-cache/jest-transform-cache-c28e27eaf2cda0320583202d2edf90c5-79ef2876fae7ca75eedb2aa53dc48338/08/baseServiceunittest_08b7a55e0c234c149dab5bf2845b601b.map
  - server/.jest-cache/jest-transform-cache-c28e27eaf2cda0320583202d2edf90c5-79ef2876fae7ca75eedb2aa53dc48338/08/educationWebConnector_08f9da2da735226f3ff1f6d3c6be8a36
  - server/.jest-cache/jest-transform-cache-c28e27eaf2cda0320583202d2edf90c5-79ef2876fae7ca75eedb2aa53dc48338/08/educationWebConnector_08f9da2da735226f3ff1f6d3c6be8a36.map
  - server/.jest-cache/jest-transform-cache-c28e27eaf2cda0320583202d2edf90c5-79ef2876fae7ca75eedb2aa53dc48338/08/initializeServices_083c4d8cdd9abfe6739603273d70333d
  - server/.jest-cache/jest-transform-cache-c28e27eaf2cda0320583202d2edf90c5-79ef2876fae7ca75eedb2aa53dc48338/08/initializeServices_083c4d8cdd9abfe6739603273d70333d.map
  - server/.jest-cache/jest-transform-cache-c28e27eaf2cda0320583202d2edf90c5-79ef2876fae7ca75eedb2aa53dc48338/08/jestsetup_08a1055641c8df3653be452d71ba141e
  - server/.jest-cache/jest-transform-cache-c28e27eaf2cda0320583202d2edf90c5-79ef2876fae7ca75eedb2aa53dc48338/08/planningEngineunittest_08abc13526342bcda876bdfd5d141cfc
  - server/.jest-cache/jest-transform-cache-c28e27eaf2cda0320583202d2edf90c5-79ef2876fae7ca75eedb2aa53dc48338/08/planningEngineunittest_08abc13526342bcda876bdfd5d141cfc.map
  - server/.jest-cache/jest-transform-cache-c28e27eaf2cda0320583202d2edf90c5-79ef2876fae7ca75eedb2aa53dc48338/08/privacy_081e705c357077a3c4964dff37f66a98
  - server/.jest-cache/jest-transform-cache-c28e27eaf2cda0320583202d2edf90c5-79ef2876fae7ca75eedb2aa53dc48338/08/privacy_081e705c357077a3c4964dff37f66a98.map
  - server/.jest-cache/jest-transform-cache-c28e27eaf2cda0320583202d2edf90c5-79ef2876fae7ca75eedb2aa53dc48338/09/aiPlanningAssistant_0966aad929e4eb9b11f0750013a02681
  - server/.jest-cache/jest-transform-cache-c28e27eaf2cda0320583202d2edf90c5-79ef2876fae7ca75eedb2aa53dc48338/09/aiPlanningAssistant_0966aad929e4eb9b11f0750013a02681.map
  - server/.jest-cache/jest-transform-cache-c28e27eaf2cda0320583202d2edf90c5-79ef2876fae7ca75eedb2aa53dc48338/09/curriculumImportServicetest_09b18b10083d8633382fac5aa97a5e81
  - server/.jest-cache/jest-transform-cache-c28e27eaf2cda0320583202d2edf90c5-79ef2876fae7ca75eedb2aa53dc48338/09/curriculumImportServicetest_09b18b10083d8633382fac5aa97a5e81.map
  - server/.jest-cache/jest-transform-cache-c28e27eaf2cda0320583202d2edf90c5-79ef2876fae7ca75eedb2aa53dc48338/09/oerConnector_09ff2cb7310aa0ef4695ed4617acec7e
  - server/.jest-cache/jest-transform-cache-c28e27eaf2cda0320583202d2edf90c5-79ef2876fae7ca75eedb2aa53dc48338/09/oerConnector_09ff2cb7310aa0ef4695ed4617acec7e.map
  - server/.jest-cache/jest-transform-cache-c28e27eaf2cda0320583202d2edf90c5-79ef2876fae7ca75eedb2aa53dc48338/09/reportroutestest_0925080da6ac7aa0a6642378addc8287
  - server/.jest-cache/jest-transform-cache-c28e27eaf2cda0320583202d2edf90c5-79ef2876fae7ca75eedb2aa53dc48338/09/reportroutestest_0925080da6ac7aa0a6642378addc8287.map
  - server/.jest-cache/jest-transform-cache-c28e27eaf2cda0320583202d2edf90c5-79ef2876fae7ca75eedb2aa53dc48338/09/subPlanGenerator_0995bec5c4dbbf666cac1eb0f3487260
  - server/.jest-cache/jest-transform-cache-c28e27eaf2cda0320583202d2edf90c5-79ef2876fae7ca75eedb2aa53dc48338/09/subPlanGenerator_0995bec5c4dbbf666cac1eb0f3487260.map
  - server/.jest-cache/jest-transform-cache-c28e27eaf2cda0320583202d2edf90c5-79ef2876fae7ca75eedb2aa53dc48338/0a/curriculumImportService_0a75628a8abf401e65fa54168763abb0
  - server/.jest-cache/jest-transform-cache-c28e27eaf2cda0320583202d2edf90c5-79ef2876fae7ca75eedb2aa53dc48338/0a/curriculumImportService_0a75628a8abf401e65fa54168763abb0.map
  - server/.jest-cache/jest-transform-cache-c28e27eaf2cda0320583202d2edf90c5-79ef2876fae7ca75eedb2aa53dc48338/0a/curriculumImport_0a6707d644cea5809210dd9c49ccdd80
  - server/.jest-cache/jest-transform-cache-c28e27eaf2cda0320583202d2edf90c5-79ef2876fae7ca75eedb2aa53dc48338/0a/curriculumImport_0a6707d644cea5809210dd9c49ccdd80.map
  - server/.jest-cache/jest-transform-cache-c28e27eaf2cda0320583202d2edf90c5-79ef2876fae7ca75eedb2aa53dc48338/0a/longrangeplans_0ac3cd8e3e0e6593ce3d6111aff5c61b
  - server/.jest-cache/jest-transform-cache-c28e27eaf2cda0320583202d2edf90c5-79ef2876fae7ca75eedb2aa53dc48338/0a/longrangeplans_0ac3cd8e3e0e6593ce3d6111aff5c61b.map
  - server/.jest-cache/jest-transform-cache-c28e27eaf2cda0320583202d2edf90c5-79ef2876fae7ca75eedb2aa53dc48338/0a/notificationServicetest_0a7c206aaec1d3bed78ca8090f1c1813
  - server/.jest-cache/jest-transform-cache-c28e27eaf2cda0320583202d2edf90c5-79ef2876fae7ca75eedb2aa53dc48338/0a/notificationServicetest_0a7c206aaec1d3bed78ca8090f1c1813.map
  - server/.jest-cache/jest-transform-cache-c28e27eaf2cda0320583202d2edf90c5-79ef2876fae7ca75eedb2aa53dc48338/0a/progressCheck_0a8004aa80eaa4e6c1f5484dad3b7d47
  - server/.jest-cache/jest-transform-cache-c28e27eaf2cda0320583202d2edf90c5-79ef2876fae7ca75eedb2aa53dc48338/0a/progressCheck_0a8004aa80eaa4e6c1f5484dad3b7d47.map
  - server/.jest-cache/jest-transform-cache-c28e27eaf2cda0320583202d2edf90c5-79ef2876fae7ca75eedb2aa53dc48338/0a/scenarioTemplateExtractor_0ad89f0d63f7fb0ee0b39104a329fc73
  - server/.jest-cache/jest-transform-cache-c28e27eaf2cda0320583202d2edf90c5-79ef2876fae7ca75eedb2aa53dc48338/0a/scenarioTemplateExtractor_0ad89f0d63f7fb0ee0b39104a329fc73.map
  - server/.jest-cache/jest-transform-cache-c28e27eaf2cda0320583202d2edf90c5-79ef2876fae7ca75eedb2aa53dc48338/0a/sharing_0affb24d62ccd3121f13dc93af2202a8
  - server/.jest-cache/jest-transform-cache-c28e27eaf2cda0320583202d2edf90c5-79ef2876fae7ca75eedb2aa53dc48338/0a/sharing_0affb24d62ccd3121f13dc93af2202a8.map
  - server/.jest-cache/jest-transform-cache-c28e27eaf2cda0320583202d2edf90c5-79ef2876fae7ca75eedb2aa53dc48338/0b/curriculumDiscoveryService_0b20e0c296af84075bb65889594ecd0b
  - server/.jest-cache/jest-transform-cache-c28e27eaf2cda0320583202d2edf90c5-79ef2876fae7ca75eedb2aa53dc48338/0b/curriculumDiscoveryService_0b20e0c296af84075bb65889594ecd0b.map
  - server/.jest-cache/jest-transform-cache-c28e27eaf2cda0320583202d2edf90c5-79ef2876fae7ca75eedb2aa53dc48338/0b/logger_0b17965c76e2bdc8d212930dedb70c7e
  - server/.jest-cache/jest-transform-cache-c28e27eaf2cda0320583202d2edf90c5-79ef2876fae7ca75eedb2aa53dc48338/0b/logger_0b17965c76e2bdc8d212930dedb70c7e.map
  - server/.jest-cache/jest-transform-cache-c28e27eaf2cda0320583202d2edf90c5-79ef2876fae7ca75eedb2aa53dc48338/0c/aiActivityGenerator_0c731c386afadca15e3591aed8c5173c
  - server/.jest-cache/jest-transform-cache-c28e27eaf2cda0320583202d2edf90c5-79ef2876fae7ca75eedb2aa53dc48338/0c/aiActivityGenerator_0c731c386afadca15e3591aed8c5173c.map
  - server/.jest-cache/jest-transform-cache-c28e27eaf2cda0320583202d2edf90c5-79ef2876fae7ca75eedb2aa53dc48338/0c/errorHandler_0cb8145647f058f219da839170693425
  - server/.jest-cache/jest-transform-cache-c28e27eaf2cda0320583202d2edf90c5-79ef2876fae7ca75eedb2aa53dc48338/0c/errorHandler_0cb8145647f058f219da839170693425.map
  - server/.jest-cache/jest-transform-cache-c28e27eaf2cda0320583202d2edf90c5-79ef2876fae7ca75eedb2aa53dc48338/0c/etfoprogress_0c100bca75e73c102317d6b40a0f6ece
  - server/.jest-cache/jest-transform-cache-c28e27eaf2cda0320583202d2edf90c5-79ef2876fae7ca75eedb2aa53dc48338/0c/etfoprogress_0c100bca75e73c102317d6b40a0f6ece.map
  - server/.jest-cache/jest-transform-cache-c28e27eaf2cda0320583202d2edf90c5-79ef2876fae7ca75eedb2aa53dc48338/0c/newsletterTriggertest_0c6bd0f4e9d191d446b2c4ffd3595a1d
  - server/.jest-cache/jest-transform-cache-c28e27eaf2cda0320583202d2edf90c5-79ef2876fae7ca75eedb2aa53dc48338/0c/newsletterTriggertest_0c6bd0f4e9d191d446b2c4ffd3595a1d.map
  - server/.jest-cache/jest-transform-cache-c28e27eaf2cda0320583202d2edf90c5-79ef2876fae7ca75eedb2aa53dc48338/0c/testserver_0cc1412dc76aec1903253d73120d32bc
  - server/.jest-cache/jest-transform-cache-c28e27eaf2cda0320583202d2edf90c5-79ef2876fae7ca75eedb2aa53dc48338/0c/testserver_0cc1412dc76aec1903253d73120d32bc.map
  - server/.jest-cache/jest-transform-cache-c28e27eaf2cda0320583202d2edf90c5-79ef2876fae7ca75eedb2aa53dc48338/0c/unitplans_0cd5bef06ba26a49baf77dc915c3b040
  - server/.jest-cache/jest-transform-cache-c28e27eaf2cda0320583202d2edf90c5-79ef2876fae7ca75eedb2aa53dc48338/0c/unitplans_0cd5bef06ba26a49baf77dc915c3b040.map
  - server/.jest-cache/jest-transform-cache-c28e27eaf2cda0320583202d2edf90c5-79ef2876fae7ca75eedb2aa53dc48338/0d/BaseService_0d8c2c510897e305fda3149fb27c2853
  - server/.jest-cache/jest-transform-cache-c28e27eaf2cda0320583202d2edf90c5-79ef2876fae7ca75eedb2aa53dc48338/0d/BaseService_0d8c2c510897e305fda3149fb27c2853.map
  - server/.jest-cache/jest-transform-cache-c28e27eaf2cda0320583202d2edf90c5-79ef2876fae7ca75eedb2aa53dc48338/0d/batch_0deee1c72f6824566b166f776f93cc7f
  - server/.jest-cache/jest-transform-cache-c28e27eaf2cda0320583202d2edf90c5-79ef2876fae7ca75eedb2aa53dc48338/0d/batch_0deee1c72f6824566b166f776f93cc7f.map
  - server/.jest-cache/jest-transform-cache-c28e27eaf2cda0320583202d2edf90c5-79ef2876fae7ca75eedb2aa53dc48338/0d/etfolessonplans_0d6107fb4b531630f7c54478b64756c3
  - server/.jest-cache/jest-transform-cache-c28e27eaf2cda0320583202d2edf90c5-79ef2876fae7ca75eedb2aa53dc48338/0d/etfolessonplans_0d6107fb4b531630f7c54478b64756c3.map
  - server/.jest-cache/jest-transform-cache-c28e27eaf2cda0320583202d2edf90c5-79ef2876fae7ca75eedb2aa53dc48338/0d/index_0d53c534ecb1d918f50e9f0c9badd4b5
  - server/.jest-cache/jest-transform-cache-c28e27eaf2cda0320583202d2edf90c5-79ef2876fae7ca75eedb2aa53dc48338/0d/index_0d53c534ecb1d918f50e9f0c9badd4b5.map
  - server/.jest-cache/jest-transform-cache-c28e27eaf2cda0320583202d2edf90c5-79ef2876fae7ca75eedb2aa53dc48338/0d/llmServicetest_0d731eedffc229983920f99afd9ed43f
  - server/.jest-cache/jest-transform-cache-c28e27eaf2cda0320583202d2edf90c5-79ef2876fae7ca75eedb2aa53dc48338/0d/llmServicetest_0d731eedffc229983920f99afd9ed43f.map
  - server/.jest-cache/jest-transform-cache-c28e27eaf2cda0320583202d2edf90c5-79ef2876fae7ca75eedb2aa53dc48338/0d/phase3basictest_0dbd5f98bdaf0a8cfd816b2347da1174
  - server/.jest-cache/jest-transform-cache-c28e27eaf2cda0320583202d2edf90c5-79ef2876fae7ca75eedb2aa53dc48338/0d/phase3basictest_0dbd5f98bdaf0a8cfd816b2347da1174.map
  - server/.jest-cache/jest-transform-cache-c28e27eaf2cda0320583202d2edf90c5-79ef2876fae7ca75eedb2aa53dc48338/0d/simpleTest_0dbadcf57973a2ad20df5a6a72a6c006
  - server/.jest-cache/jest-transform-cache-c28e27eaf2cda0320583202d2edf90c5-79ef2876fae7ca75eedb2aa53dc48338/0d/simpleTest_0dbadcf57973a2ad20df5a6a72a6c006.map
  - server/.jest-cache/jest-transform-cache-c28e27eaf2cda0320583202d2edf90c5-79ef2876fae7ca75eedb2aa53dc48338/0e/CacheService_0ec9b847f5746d6fdd7589e945500a74
  - server/.jest-cache/jest-transform-cache-c28e27eaf2cda0320583202d2edf90c5-79ef2876fae7ca75eedb2aa53dc48338/0e/CacheService_0ec9b847f5746d6fdd7589e945500a74.map
  - server/.jest-cache/jest-transform-cache-c28e27eaf2cda0320583202d2edf90c5-79ef2876fae7ca75eedb2aa53dc48338/0e/calendarevents_0ebe959c5ee5e58ba1d216c99ef45c9a
  - server/.jest-cache/jest-transform-cache-c28e27eaf2cda0320583202d2edf90c5-79ef2876fae7ca75eedb2aa53dc48338/0e/calendarevents_0ebe959c5ee5e58ba1d216c99ef45c9a.map
  - server/.jest-cache/jest-transform-cache-c28e27eaf2cda0320583202d2edf90c5-79ef2876fae7ca75eedb2aa53dc48338/0e/discoveryServicestest_0e4d1622b5e0f183110c233b55154740
  - server/.jest-cache/jest-transform-cache-c28e27eaf2cda0320583202d2edf90c5-79ef2876fae7ca75eedb2aa53dc48338/0e/discoveryServicestest_0e4d1622b5e0f183110c233b55154740.map
  - server/.jest-cache/jest-transform-cache-c28e27eaf2cda0320583202d2edf90c5-79ef2876fae7ca75eedb2aa53dc48338/0e/newsletterService_0ee4f9346593bf868a54601f4f2a5851
  - server/.jest-cache/jest-transform-cache-c28e27eaf2cda0320583202d2edf90c5-79ef2876fae7ca75eedb2aa53dc48338/0e/newsletterService_0ee4f9346593bf868a54601f4f2a5851.map
  - server/.jest-cache/jest-transform-cache-c28e27eaf2cda0320583202d2edf90c5-79ef2876fae7ca75eedb2aa53dc48338/0e/recentplans_0e90216a2bad61de6c22210749d7c51b
  - server/.jest-cache/jest-transform-cache-c28e27eaf2cda0320583202d2edf90c5-79ef2876fae7ca75eedb2aa53dc48338/0e/recentplans_0e90216a2bad61de6c22210749d7c51b.map
  - server/.jest-cache/jest-transform-cache-c28e27eaf2cda0320583202d2edf90c5-79ef2876fae7ca75eedb2aa53dc48338/0e/templates_0e46d438f1468d66c30405f625a8eba0
  - server/.jest-cache/jest-transform-cache-c28e27eaf2cda0320583202d2edf90c5-79ef2876fae7ca75eedb2aa53dc48338/0e/templates_0e46d438f1468d66c30405f625a8eba0.map
  - server/.jest-cache/jest-transform-cache-c28e27eaf2cda0320583202d2edf90c5-79ef2876fae7ca75eedb2aa53dc48338/0f/auth_0f025dd928ce479cbc6c92a22502460e
  - server/.jest-cache/jest-transform-cache-c28e27eaf2cda0320583202d2edf90c5-79ef2876fae7ca75eedb2aa53dc48338/0f/auth_0f025dd928ce479cbc6c92a22502460e.map
  - server/.jest-cache/jest-transform-cache-c28e27eaf2cda0320583202d2edf90c5-79ef2876fae7ca75eedb2aa53dc48338/0f/curriculumdiscovery_0f1c5858ea124acc31ecb2d34346a844
  - server/.jest-cache/jest-transform-cache-c28e27eaf2cda0320583202d2edf90c5-79ef2876fae7ca75eedb2aa53dc48338/0f/curriculumdiscovery_0f1c5858ea124acc31ecb2d34346a844.map
  - server/.jest-cache/jest-transform-cache-c28e27eaf2cda0320583202d2edf90c5-79ef2876fae7ca75eedb2aa53dc48338/0f/curriculumdiscovery_0f46ebee1a93d43f546dc1a290e71f77
  - server/.jest-cache/jest-transform-cache-c28e27eaf2cda0320583202d2edf90c5-79ef2876fae7ca75eedb2aa53dc48338/0f/curriculumdiscovery_0f46ebee1a93d43f546dc1a290e71f77.map
  - server/.jest-cache/jest-transform-cache-c28e27eaf2cda0320583202d2edf90c5-79ef2876fae7ca75eedb2aa53dc48338/0f/materialGenerator_0f322d15981d5f4ee4e2b434f80abe6d
  - server/.jest-cache/jest-transform-cache-c28e27eaf2cda0320583202d2edf90c5-79ef2876fae7ca75eedb2aa53dc48338/0f/materialGenerator_0f322d15981d5f4ee4e2b434f80abe6d.map
  - server/.jest-cache/jest-transform-cache-c28e27eaf2cda0320583202d2edf90c5-79ef2876fae7ca75eedb2aa53dc48338/0f/newsletterTrigger_0fbce6c455ac1ac2d312a1c30494f111
  - server/.jest-cache/jest-transform-cache-c28e27eaf2cda0320583202d2edf90c5-79ef2876fae7ca75eedb2aa53dc48338/0f/newsletterTrigger_0fbce6c455ac1ac2d312a1c30494f111.map
  - server/.jest-cache/jest-transform-cache-c28e27eaf2cda0320583202d2edf90c5-79ef2876fae7ca75eedb2aa53dc48338/0f/templates_0f67c7e8c86cd82082ad3389a7991479
  - server/.jest-cache/jest-transform-cache-c28e27eaf2cda0320583202d2edf90c5-79ef2876fae7ca75eedb2aa53dc48338/0f/templates_0f67c7e8c86cd82082ad3389a7991479.map
  - server/.jest-cache/jest-transform-cache-c28e27eaf2cda0320583202d2edf90c5-79ef2876fae7ca75eedb2aa53dc48338/10/embeddingService_103c20e8ee2116e2b8c929e256589ca4
  - server/.jest-cache/jest-transform-cache-c28e27eaf2cda0320583202d2edf90c5-79ef2876fae7ca75eedb2aa53dc48338/10/embeddingService_103c20e8ee2116e2b8c929e256589ca4.map
  - server/.jest-cache/jest-transform-cache-c28e27eaf2cda0320583202d2edf90c5-79ef2876fae7ca75eedb2aa53dc48338/11/aiDraftService_1162c2e2f07d67f7eb609485bad3f265
  - server/.jest-cache/jest-transform-cache-c28e27eaf2cda0320583202d2edf90c5-79ef2876fae7ca75eedb2aa53dc48338/11/aiDraftService_1162c2e2f07d67f7eb609485bad3f265.map
  - server/.jest-cache/jest-transform-cache-c28e27eaf2cda0320583202d2edf90c5-79ef2876fae7ca75eedb2aa53dc48338/11/clusteringService_118403e02ea2f583bf186a9f08be7c8d
  - server/.jest-cache/jest-transform-cache-c28e27eaf2cda0320583202d2edf90c5-79ef2876fae7ca75eedb2aa53dc48338/11/clusteringService_118403e02ea2f583bf186a9f08be7c8d.map
  - server/.jest-cache/jest-transform-cache-c28e27eaf2cda0320583202d2edf90c5-79ef2876fae7ca75eedb2aa53dc48338/11/emailService_117d0e18c839dd1c07a3509677f417c8
  - server/.jest-cache/jest-transform-cache-c28e27eaf2cda0320583202d2edf90c5-79ef2876fae7ca75eedb2aa53dc48338/11/emailService_117d0e18c839dd1c07a3509677f417c8.map
  - server/.jest-cache/jest-transform-cache-c28e27eaf2cda0320583202d2edf90c5-79ef2876fae7ca75eedb2aa53dc48338/11/embeddingService_1188c5155163fdbc6f9ee4e3933a2065
  - server/.jest-cache/jest-transform-cache-c28e27eaf2cda0320583202d2edf90c5-79ef2876fae7ca75eedb2aa53dc48338/11/embeddingService_1188c5155163fdbc6f9ee4e3933a2065.map
  - server/.jest-cache/jest-transform-cache-c28e27eaf2cda0320583202d2edf90c5-79ef2876fae7ca75eedb2aa53dc48338/11/globalsetup_11f82558307f8d95dd1151b13639810e
  - server/.jest-cache/jest-transform-cache-c28e27eaf2cda0320583202d2edf90c5-79ef2876fae7ca75eedb2aa53dc48338/11/globalsetup_11f82558307f8d95dd1151b13639810e.map
  - server/.jest-cache/jest-transform-cache-c28e27eaf2cda0320583202d2edf90c5-79ef2876fae7ca75eedb2aa53dc48338/11/oerConnector_11fe980adca38e279e6817c8fda1b1d9
  - server/.jest-cache/jest-transform-cache-c28e27eaf2cda0320583202d2edf90c5-79ef2876fae7ca75eedb2aa53dc48338/11/oerConnector_11fe980adca38e279e6817c8fda1b1d9.map
  - server/.jest-cache/jest-transform-cache-c28e27eaf2cda0320583202d2edf90c5-79ef2876fae7ca75eedb2aa53dc48338/11/urlValidator_11a4c34f23f994b06d14e0da61bc09d4
  - server/.jest-cache/jest-transform-cache-c28e27eaf2cda0320583202d2edf90c5-79ef2876fae7ca75eedb2aa53dc48338/11/urlValidator_11a4c34f23f994b06d14e0da61bc09d4.map
  - server/.jest-cache/jest-transform-cache-c28e27eaf2cda0320583202d2edf90c5-79ef2876fae7ca75eedb2aa53dc48338/12/contactExtractor_1286e9ce8f6df4fc3c4202d6d067303f
  - server/.jest-cache/jest-transform-cache-c28e27eaf2cda0320583202d2edf90c5-79ef2876fae7ca75eedb2aa53dc48338/12/contactExtractor_1286e9ce8f6df4fc3c4202d6d067303f.map
  - server/.jest-cache/jest-transform-cache-c28e27eaf2cda0320583202d2edf90c5-79ef2876fae7ca75eedb2aa53dc48338/12/curriculumImportServiceextendedtest_12eb448d02c229b2a4d06f01085e72ba
  - server/.jest-cache/jest-transform-cache-c28e27eaf2cda0320583202d2edf90c5-79ef2876fae7ca75eedb2aa53dc48338/12/curriculumImportServiceextendedtest_12eb448d02c229b2a4d06f01085e72ba.map
  - server/.jest-cache/jest-transform-cache-c28e27eaf2cda0320583202d2edf90c5-79ef2876fae7ca75eedb2aa53dc48338/12/discoverySchedulerService_126f10cff801da8b09f3517815990be0
  - server/.jest-cache/jest-transform-cache-c28e27eaf2cda0320583202d2edf90c5-79ef2876fae7ca75eedb2aa53dc48338/12/discoverySchedulerService_126f10cff801da8b09f3517815990be0.map
  - server/.jest-cache/jest-transform-cache-c28e27eaf2cda0320583202d2edf90c5-79ef2876fae7ca75eedb2aa53dc48338/12/newsletterService_1228c7ec0c52f54f25288d9b667c18ef
  - server/.jest-cache/jest-transform-cache-c28e27eaf2cda0320583202d2edf90c5-79ef2876fae7ca75eedb2aa53dc48338/12/newsletterService_1228c7ec0c52f54f25288d9b667c18ef.map
  - server/.jest-cache/jest-transform-cache-c28e27eaf2cda0320583202d2edf90c5-79ef2876fae7ca75eedb2aa53dc48338/12/oerConnector_125e8d74a8f9b29c287106c91f6107d3
  - server/.jest-cache/jest-transform-cache-c28e27eaf2cda0320583202d2edf90c5-79ef2876fae7ca75eedb2aa53dc48338/12/oerConnector_125e8d74a8f9b29c287106c91f6107d3.map
  - server/.jest-cache/jest-transform-cache-c28e27eaf2cda0320583202d2edf90c5-79ef2876fae7ca75eedb2aa53dc48338/12/reportroutestest_122563a9a5fb370a97a150eea85fbe01
  - server/.jest-cache/jest-transform-cache-c28e27eaf2cda0320583202d2edf90c5-79ef2876fae7ca75eedb2aa53dc48338/12/reportroutestest_122563a9a5fb370a97a150eea85fbe01.map
  - server/.jest-cache/jest-transform-cache-c28e27eaf2cda0320583202d2edf90c5-79ef2876fae7ca75eedb2aa53dc48338/12/testFramework_12eae4901c2e9c26ae2c11900cfcb28c
  - server/.jest-cache/jest-transform-cache-c28e27eaf2cda0320583202d2edf90c5-79ef2876fae7ca75eedb2aa53dc48338/12/testFramework_12eae4901c2e9c26ae2c11900cfcb28c.map
  - server/.jest-cache/jest-transform-cache-c28e27eaf2cda0320583202d2edf90c5-79ef2876fae7ca75eedb2aa53dc48338/12/unreadNotificationstest_12e7d8996dd5faeecbd32bae62a582d2
  - server/.jest-cache/jest-transform-cache-c28e27eaf2cda0320583202d2edf90c5-79ef2876fae7ca75eedb2aa53dc48338/12/unreadNotificationstest_12e7d8996dd5faeecbd32bae62a582d2.map
  - server/.jest-cache/jest-transform-cache-c28e27eaf2cda0320583202d2edf90c5-79ef2876fae7ca75eedb2aa53dc48338/12/workflowStatetest_1287f147aebf18a1983e4fa2e4c5685d
  - server/.jest-cache/jest-transform-cache-c28e27eaf2cda0320583202d2edf90c5-79ef2876fae7ca75eedb2aa53dc48338/12/workflowStatetest_1287f147aebf18a1983e4fa2e4c5685d.map
  - server/.jest-cache/jest-transform-cache-c28e27eaf2cda0320583202d2edf90c5-79ef2876fae7ca75eedb2aa53dc48338/13/aiActivityGeneratortest_13419f1f3beebd881cb289882acd8c91
  - server/.jest-cache/jest-transform-cache-c28e27eaf2cda0320583202d2edf90c5-79ef2876fae7ca75eedb2aa53dc48338/13/aiActivityGeneratortest_13419f1f3beebd881cb289882acd8c91.map
  - server/.jest-cache/jest-transform-cache-c28e27eaf2cda0320583202d2edf90c5-79ef2876fae7ca75eedb2aa53dc48338/13/anthropicService_1326956c40520d333b7b4ffc8bccc9d7
  - server/.jest-cache/jest-transform-cache-c28e27eaf2cda0320583202d2edf90c5-79ef2876fae7ca75eedb2aa53dc48338/13/anthropicService_1326956c40520d333b7b4ffc8bccc9d7.map
  - server/.jest-cache/jest-transform-cache-c28e27eaf2cda0320583202d2edf90c5-79ef2876fae7ca75eedb2aa53dc48338/13/authrefactoredtest_1314726c1c8c98fbb0ce4c2e6e417131
  - server/.jest-cache/jest-transform-cache-c28e27eaf2cda0320583202d2edf90c5-79ef2876fae7ca75eedb2aa53dc48338/13/authrefactoredtest_1314726c1c8c98fbb0ce4c2e6e417131.map
  - server/.jest-cache/jest-transform-cache-c28e27eaf2cda0320583202d2edf90c5-79ef2876fae7ca75eedb2aa53dc48338/13/etfoprogress_1338af779ca7974d5ad6fc31e2910d5c
  - server/.jest-cache/jest-transform-cache-c28e27eaf2cda0320583202d2edf90c5-79ef2876fae7ca75eedb2aa53dc48338/13/etfoprogress_1338af779ca7974d5ad6fc31e2910d5c.map
  - server/.jest-cache/jest-transform-cache-c28e27eaf2cda0320583202d2edf90c5-79ef2876fae7ca75eedb2aa53dc48338/13/planningEngine_135edda8fbed4872e57eae359cab9f56
  - server/.jest-cache/jest-transform-cache-c28e27eaf2cda0320583202d2edf90c5-79ef2876fae7ca75eedb2aa53dc48338/13/planningEngine_135edda8fbed4872e57eae359cab9f56.map
  - server/.jest-cache/jest-transform-cache-c28e27eaf2cda0320583202d2edf90c5-79ef2876fae7ca75eedb2aa53dc48338/14/contactExtractor_14d7a0bc3d2a01a9e931acf79e2c03ba
  - server/.jest-cache/jest-transform-cache-c28e27eaf2cda0320583202d2edf90c5-79ef2876fae7ca75eedb2aa53dc48338/14/contactExtractor_14d7a0bc3d2a01a9e931acf79e2c03ba.map
  - server/.jest-cache/jest-transform-cache-c28e27eaf2cda0320583202d2edf90c5-79ef2876fae7ca75eedb2aa53dc48338/14/embeddingService_140bca2e4494a9ace4bbaf07bf323f4a
  - server/.jest-cache/jest-transform-cache-c28e27eaf2cda0320583202d2edf90c5-79ef2876fae7ca75eedb2aa53dc48338/14/embeddingService_140bca2e4494a9ace4bbaf07bf323f4a.map
  - server/.jest-cache/jest-transform-cache-c28e27eaf2cda0320583202d2edf90c5-79ef2876fae7ca75eedb2aa53dc48338/14/newsletters_14b6a8382f516cb5947483477af7a472
  - server/.jest-cache/jest-transform-cache-c28e27eaf2cda0320583202d2edf90c5-79ef2876fae7ca75eedb2aa53dc48338/14/newsletters_14b6a8382f516cb5947483477af7a472.map
  - server/.jest-cache/jest-transform-cache-c28e27eaf2cda0320583202d2edf90c5-79ef2876fae7ca75eedb2aa53dc48338/14/parentSummary_14784e923ff6737776ce4d161cc88362
  - server/.jest-cache/jest-transform-cache-c28e27eaf2cda0320583202d2edf90c5-79ef2876fae7ca75eedb2aa53dc48338/14/parentSummary_14784e923ff6737776ce4d161cc88362.map
  - server/.jest-cache/jest-transform-cache-c28e27eaf2cda0320583202d2edf90c5-79ef2876fae7ca75eedb2aa53dc48338/14/reflectionClassifierService_14f7df9d6d56a355fac2c6d35175b6fd
  - server/.jest-cache/jest-transform-cache-c28e27eaf2cda0320583202d2edf90c5-79ef2876fae7ca75eedb2aa53dc48338/14/reflectionClassifierService_14f7df9d6d56a355fac2c6d35175b6fd.map
  - server/.jest-cache/jest-transform-cache-c28e27eaf2cda0320583202d2edf90c5-79ef2876fae7ca75eedb2aa53dc48338/14/setupallmocks_140f5f45cd7a7714e2f44cce388a5d8b
  - server/.jest-cache/jest-transform-cache-c28e27eaf2cda0320583202d2edf90c5-79ef2876fae7ca75eedb2aa53dc48338/14/setupallmocks_140f5f45cd7a7714e2f44cce388a5d8b.map
  - server/.jest-cache/jest-transform-cache-c28e27eaf2cda0320583202d2edf90c5-79ef2876fae7ca75eedb2aa53dc48338/14/simpleservertest_1402ebe10b3f2488b3fae5f2329baa95
  - server/.jest-cache/jest-transform-cache-c28e27eaf2cda0320583202d2edf90c5-79ef2876fae7ca75eedb2aa53dc48338/14/simpleservertest_1402ebe10b3f2488b3fae5f2329baa95.map
  - server/.jest-cache/jest-transform-cache-c28e27eaf2cda0320583202d2edf90c5-79ef2876fae7ca75eedb2aa53dc48338/14/workflowStateService_146eaf2ba5760fbc55493a0268bcaba8
  - server/.jest-cache/jest-transform-cache-c28e27eaf2cda0320583202d2edf90c5-79ef2876fae7ca75eedb2aa53dc48338/14/workflowStateService_146eaf2ba5760fbc55493a0268bcaba8.map
  - server/.jest-cache/jest-transform-cache-c28e27eaf2cda0320583202d2edf90c5-79ef2876fae7ca75eedb2aa53dc48338/15/auth_15a7aaf0e303e8b92f97d73596d01896
  - server/.jest-cache/jest-transform-cache-c28e27eaf2cda0320583202d2edf90c5-79ef2876fae7ca75eedb2aa53dc48338/15/auth_15a7aaf0e303e8b92f97d73596d01896.map
  - server/.jest-cache/jest-transform-cache-c28e27eaf2cda0320583202d2edf90c5-79ef2876fae7ca75eedb2aa53dc48338/15/backupService_1544c37cc087003d81e4a4c630bd9158
  - server/.jest-cache/jest-transform-cache-c28e27eaf2cda0320583202d2edf90c5-79ef2876fae7ca75eedb2aa53dc48338/15/backupService_1544c37cc087003d81e4a4c630bd9158.map
  - server/.jest-cache/jest-transform-cache-c28e27eaf2cda0320583202d2edf90c5-79ef2876fae7ca75eedb2aa53dc48338/15/curriculumDiscoveryService_15540de4439acccae9cd3095cacf7c1a
  - server/.jest-cache/jest-transform-cache-c28e27eaf2cda0320583202d2edf90c5-79ef2876fae7ca75eedb2aa53dc48338/15/curriculumDiscoveryService_15540de4439acccae9cd3095cacf7c1a.map
  - server/.jest-cache/jest-transform-cache-c28e27eaf2cda0320583202d2edf90c5-79ef2876fae7ca75eedb2aa53dc48338/15/curriculumdiscovery_15aa506ec2d9ad06d8e41de63137f17e
  - server/.jest-cache/jest-transform-cache-c28e27eaf2cda0320583202d2edf90c5-79ef2876fae7ca75eedb2aa53dc48338/15/curriculumdiscovery_15aa506ec2d9ad06d8e41de63137f17e.map
  - server/.jest-cache/jest-transform-cache-c28e27eaf2cda0320583202d2edf90c5-79ef2876fae7ca75eedb2aa53dc48338/15/errorHandler_1567409323fc5a4e7c98d3ffd3ab2c03
  - server/.jest-cache/jest-transform-cache-c28e27eaf2cda0320583202d2edf90c5-79ef2876fae7ca75eedb2aa53dc48338/15/errorHandler_1567409323fc5a4e7c98d3ffd3ab2c03.map
  - server/.jest-cache/jest-transform-cache-c28e27eaf2cda0320583202d2edf90c5-79ef2876fae7ca75eedb2aa53dc48338/15/index_155ebdac29c36c7a5722bc75a0346451
  - server/.jest-cache/jest-transform-cache-c28e27eaf2cda0320583202d2edf90c5-79ef2876fae7ca75eedb2aa53dc48338/15/index_155ebdac29c36c7a5722bc75a0346451.map
  - server/.jest-cache/jest-transform-cache-c28e27eaf2cda0320583202d2edf90c5-79ef2876fae7ca75eedb2aa53dc48338/15/simpleservertest_15810d6c24b7fedf11040cdbed480a76
  - server/.jest-cache/jest-transform-cache-c28e27eaf2cda0320583202d2edf90c5-79ef2876fae7ca75eedb2aa53dc48338/15/simpleservertest_15810d6c24b7fedf11040cdbed480a76.map
  - server/.jest-cache/jest-transform-cache-c28e27eaf2cda0320583202d2edf90c5-79ef2876fae7ca75eedb2aa53dc48338/16/aiActivityGeneratorService_16d6b6337067079865a8ffd127204fc3
  - server/.jest-cache/jest-transform-cache-c28e27eaf2cda0320583202d2edf90c5-79ef2876fae7ca75eedb2aa53dc48338/16/aiActivityGeneratorService_16d6b6337067079865a8ffd127204fc3.map
  - server/.jest-cache/jest-transform-cache-c28e27eaf2cda0320583202d2edf90c5-79ef2876fae7ca75eedb2aa53dc48338/16/emailService_1648c0eb564cc85489525ba816ed35f3
  - server/.jest-cache/jest-transform-cache-c28e27eaf2cda0320583202d2edf90c5-79ef2876fae7ca75eedb2aa53dc48338/16/emailService_1648c0eb564cc85489525ba816ed35f3.map
  - server/.jest-cache/jest-transform-cache-c28e27eaf2cda0320583202d2edf90c5-79ef2876fae7ca75eedb2aa53dc48338/16/progressChecktest_16c36ef58a1d9f231cc91e1b9166c6d2
  - server/.jest-cache/jest-transform-cache-c28e27eaf2cda0320583202d2edf90c5-79ef2876fae7ca75eedb2aa53dc48338/16/progressChecktest_16c36ef58a1d9f231cc91e1b9166c6d2.map
  - server/.jest-cache/jest-transform-cache-c28e27eaf2cda0320583202d2edf90c5-79ef2876fae7ca75eedb2aa53dc48338/16/user_1662ae6989ab0d334c648b13a90106e8
  - server/.jest-cache/jest-transform-cache-c28e27eaf2cda0320583202d2edf90c5-79ef2876fae7ca75eedb2aa53dc48338/16/user_1662ae6989ab0d334c648b13a90106e8.map
  - server/.jest-cache/jest-transform-cache-c28e27eaf2cda0320583202d2edf90c5-79ef2876fae7ca75eedb2aa53dc48338/17/bilingualLessonTemplates_1727e6ef00dcdece2378617520975b47
  - server/.jest-cache/jest-transform-cache-c28e27eaf2cda0320583202d2edf90c5-79ef2876fae7ca75eedb2aa53dc48338/17/bilingualLessonTemplates_1727e6ef00dcdece2378617520975b47.map
  - server/.jest-cache/jest-transform-cache-c28e27eaf2cda0320583202d2edf90c5-79ef2876fae7ca75eedb2aa53dc48338/17/curriculumWebConnectortest_178e7bc295ffab10cb0d3be7a059d58b
  - server/.jest-cache/jest-transform-cache-c28e27eaf2cda0320583202d2edf90c5-79ef2876fae7ca75eedb2aa53dc48338/17/curriculumWebConnectortest_178e7bc295ffab10cb0d3be7a059d58b.map
  - server/.jest-cache/jest-transform-cache-c28e27eaf2cda0320583202d2edf90c5-79ef2876fae7ca75eedb2aa53dc48338/17/routeFactory_17d12869f4be47f5d87cedadecdc1942
  - server/.jest-cache/jest-transform-cache-c28e27eaf2cda0320583202d2edf90c5-79ef2876fae7ca75eedb2aa53dc48338/17/routeFactory_17d12869f4be47f5d87cedadecdc1942.map
  - server/.jest-cache/jest-transform-cache-c28e27eaf2cda0320583202d2edf90c5-79ef2876fae7ca75eedb2aa53dc48338/17/testEmailService_17b4056437b04252e9e995f3a049dbb8
  - server/.jest-cache/jest-transform-cache-c28e27eaf2cda0320583202d2edf90c5-79ef2876fae7ca75eedb2aa53dc48338/17/testEmailService_17b4056437b04252e9e995f3a049dbb8.map
  - server/.jest-cache/jest-transform-cache-c28e27eaf2cda0320583202d2edf90c5-79ef2876fae7ca75eedb2aa53dc48338/18/baseConnector_187cc307aff99badd159243f774f97d3
  - server/.jest-cache/jest-transform-cache-c28e27eaf2cda0320583202d2edf90c5-79ef2876fae7ca75eedb2aa53dc48338/18/baseConnector_187cc307aff99badd159243f774f97d3.map
  - server/.jest-cache/jest-transform-cache-c28e27eaf2cda0320583202d2edf90c5-79ef2876fae7ca75eedb2aa53dc48338/18/baseServiceunittest_18b55514255cdbff2965552ef7b5d2e6
  - server/.jest-cache/jest-transform-cache-c28e27eaf2cda0320583202d2edf90c5-79ef2876fae7ca75eedb2aa53dc48338/18/baseServiceunittest_18b55514255cdbff2965552ef7b5d2e6.map
  - server/.jest-cache/jest-transform-cache-c28e27eaf2cda0320583202d2edf90c5-79ef2876fae7ca75eedb2aa53dc48338/18/contactExtractor_18b076cd5bf89f3c1a32c32ccb18f56a
  - server/.jest-cache/jest-transform-cache-c28e27eaf2cda0320583202d2edf90c5-79ef2876fae7ca75eedb2aa53dc48338/18/contactExtractor_18b076cd5bf89f3c1a32c32ccb18f56a.map
  - server/.jest-cache/jest-transform-cache-c28e27eaf2cda0320583202d2edf90c5-79ef2876fae7ca75eedb2aa53dc48338/18/curriculumWebConnector_1835ebe35b9032ee754d1a323e7eaf0e
  - server/.jest-cache/jest-transform-cache-c28e27eaf2cda0320583202d2edf90c5-79ef2876fae7ca75eedb2aa53dc48338/18/curriculumWebConnector_1835ebe35b9032ee754d1a323e7eaf0e.map
  - server/.jest-cache/jest-transform-cache-c28e27eaf2cda0320583202d2edf90c5-79ef2876fae7ca75eedb2aa53dc48338/18/errorHandler_18c3255b6a9e1825f1acc19a0e3dbf31
  - server/.jest-cache/jest-transform-cache-c28e27eaf2cda0320583202d2edf90c5-79ef2876fae7ca75eedb2aa53dc48338/18/errorHandler_18c3255b6a9e1825f1acc19a0e3dbf31.map
  - server/.jest-cache/jest-transform-cache-c28e27eaf2cda0320583202d2edf90c5-79ef2876fae7ca75eedb2aa53dc48338/18/newsletterTrigger_186de658647a2adb610185fba2552170
  - server/.jest-cache/jest-transform-cache-c28e27eaf2cda0320583202d2edf90c5-79ef2876fae7ca75eedb2aa53dc48338/18/newsletterTrigger_186de658647a2adb610185fba2552170.map
  - server/.jest-cache/jest-transform-cache-c28e27eaf2cda0320583202d2edf90c5-79ef2876fae7ca75eedb2aa53dc48338/19/anthropicServicetest_19aebafb6f95b12885b734a1799fef00
  - server/.jest-cache/jest-transform-cache-c28e27eaf2cda0320583202d2edf90c5-79ef2876fae7ca75eedb2aa53dc48338/19/anthropicServicetest_19aebafb6f95b12885b734a1799fef00.map
  - server/.jest-cache/jest-transform-cache-c28e27eaf2cda0320583202d2edf90c5-79ef2876fae7ca75eedb2aa53dc48338/19/contactValidation_1984696358d6875a12ad9882a16ff4cf
  - server/.jest-cache/jest-transform-cache-c28e27eaf2cda0320583202d2edf90c5-79ef2876fae7ca75eedb2aa53dc48338/19/contactValidation_1984696358d6875a12ad9882a16ff4cf.map
  - server/.jest-cache/jest-transform-cache-c28e27eaf2cda0320583202d2edf90c5-79ef2876fae7ca75eedb2aa53dc48338/19/notifications_191b57362ebc111c056b363b16fcd318
  - server/.jest-cache/jest-transform-cache-c28e27eaf2cda0320583202d2edf90c5-79ef2876fae7ca75eedb2aa53dc48338/19/notifications_191b57362ebc111c056b363b16fcd318.map
  - server/.jest-cache/jest-transform-cache-c28e27eaf2cda0320583202d2edf90c5-79ef2876fae7ca75eedb2aa53dc48338/19/sharing_19069c8156abea36754de307b688442d
  - server/.jest-cache/jest-transform-cache-c28e27eaf2cda0320583202d2edf90c5-79ef2876fae7ca75eedb2aa53dc48338/19/sharing_19069c8156abea36754de307b688442d.map
  - server/.jest-cache/jest-transform-cache-c28e27eaf2cda0320583202d2edf90c5-79ef2876fae7ca75eedb2aa53dc48338/1a/aiactivitygeneration_1a0bfda39f5ef6e539def9ffc809cff7
  - server/.jest-cache/jest-transform-cache-c28e27eaf2cda0320583202d2edf90c5-79ef2876fae7ca75eedb2aa53dc48338/1a/aiactivitygeneration_1a0bfda39f5ef6e539def9ffc809cff7.map
  - server/.jest-cache/jest-transform-cache-c28e27eaf2cda0320583202d2edf90c5-79ef2876fae7ca75eedb2aa53dc48338/1a/app_1a23f7a75be576ed5b40b5a2c88a599f
  - server/.jest-cache/jest-transform-cache-c28e27eaf2cda0320583202d2edf90c5-79ef2876fae7ca75eedb2aa53dc48338/1a/app_1a23f7a75be576ed5b40b5a2c88a599f.map
  - server/.jest-cache/jest-transform-cache-c28e27eaf2cda0320583202d2edf90c5-79ef2876fae7ca75eedb2aa53dc48338/1a/etfolessonplans_1a0c920a74089f3bfe9ad8a71f7eef86
  - server/.jest-cache/jest-transform-cache-c28e27eaf2cda0320583202d2edf90c5-79ef2876fae7ca75eedb2aa53dc48338/1a/etfolessonplans_1a0c920a74089f3bfe9ad8a71f7eef86.map
  - server/.jest-cache/jest-transform-cache-c28e27eaf2cda0320583202d2edf90c5-79ef2876fae7ca75eedb2aa53dc48338/1a/etfoplanningtest_1a07d716827303a4112b1a50cad074b0
  - server/.jest-cache/jest-transform-cache-c28e27eaf2cda0320583202d2edf90c5-79ef2876fae7ca75eedb2aa53dc48338/1a/etfoplanningtest_1a07d716827303a4112b1a50cad074b0.map
  - server/.jest-cache/jest-transform-cache-c28e27eaf2cda0320583202d2edf90c5-79ef2876fae7ca75eedb2aa53dc48338/1a/initializeServices_1a51be4bf6deb8daba3308ea56b2e19c
  - server/.jest-cache/jest-transform-cache-c28e27eaf2cda0320583202d2edf90c5-79ef2876fae7ca75eedb2aa53dc48338/1a/initializeServices_1a51be4bf6deb8daba3308ea56b2e19c.map
  - server/.jest-cache/jest-transform-cache-c28e27eaf2cda0320583202d2edf90c5-79ef2876fae7ca75eedb2aa53dc48338/1a/newsletters_1a223b46be25c42cfec6488b56b5f4bf
  - server/.jest-cache/jest-transform-cache-c28e27eaf2cda0320583202d2edf90c5-79ef2876fae7ca75eedb2aa53dc48338/1a/newsletters_1a223b46be25c42cfec6488b56b5f4bf.map
  - server/.jest-cache/jest-transform-cache-c28e27eaf2cda0320583202d2edf90c5-79ef2876fae7ca75eedb2aa53dc48338/1a/prisma_1a76fbf942018908919ae5b5bec47fc0
  - server/.jest-cache/jest-transform-cache-c28e27eaf2cda0320583202d2edf90c5-79ef2876fae7ca75eedb2aa53dc48338/1a/prisma_1a76fbf942018908919ae5b5bec47fc0.map
  - server/.jest-cache/jest-transform-cache-c28e27eaf2cda0320583202d2edf90c5-79ef2876fae7ca75eedb2aa53dc48338/1a/reflectionClassifierService_1ab23eb2aa792723d46c00454c841506
  - server/.jest-cache/jest-transform-cache-c28e27eaf2cda0320583202d2edf90c5-79ef2876fae7ca75eedb2aa53dc48338/1a/reflectionClassifierService_1ab23eb2aa792723d46c00454c841506.map
  - server/.jest-cache/jest-transform-cache-c28e27eaf2cda0320583202d2edf90c5-79ef2876fae7ca75eedb2aa53dc48338/1a/unitplans_1a87d2372c2f654b21f5242142bebfc5
  - server/.jest-cache/jest-transform-cache-c28e27eaf2cda0320583202d2edf90c5-79ef2876fae7ca75eedb2aa53dc48338/1a/unitplans_1a87d2372c2f654b21f5242142bebfc5.map
  - server/.jest-cache/jest-transform-cache-c28e27eaf2cda0320583202d2edf90c5-79ef2876fae7ca75eedb2aa53dc48338/1b/backupServicetest_1b1d219e7ecc91af1bab1f962f130278
  - server/.jest-cache/jest-transform-cache-c28e27eaf2cda0320583202d2edf90c5-79ef2876fae7ca75eedb2aa53dc48338/1b/backupServicetest_1b1d219e7ecc91af1bab1f962f130278.map
  - server/.jest-cache/jest-transform-cache-c28e27eaf2cda0320583202d2edf90c5-79ef2876fae7ca75eedb2aa53dc48338/1b/batchProcessingService_1b3d2cfd032aaa806304ca18a0411d98
  - server/.jest-cache/jest-transform-cache-c28e27eaf2cda0320583202d2edf90c5-79ef2876fae7ca75eedb2aa53dc48338/1b/batchProcessingService_1b3d2cfd032aaa806304ca18a0411d98.map
  - server/.jest-cache/jest-transform-cache-c28e27eaf2cda0320583202d2edf90c5-79ef2876fae7ca75eedb2aa53dc48338/1b/jestsetup_1b4c905b230d8beb323b46f48f55f04f
  - server/.jest-cache/jest-transform-cache-c28e27eaf2cda0320583202d2edf90c5-79ef2876fae7ca75eedb2aa53dc48338/1c/aiActivityGenerator_1c1e09a91cab50d5a0d38e793f1ac400
  - server/.jest-cache/jest-transform-cache-c28e27eaf2cda0320583202d2edf90c5-79ef2876fae7ca75eedb2aa53dc48338/1c/aiActivityGenerator_1c1e09a91cab50d5a0d38e793f1ac400.map
  - server/.jest-cache/jest-transform-cache-c28e27eaf2cda0320583202d2edf90c5-79ef2876fae7ca75eedb2aa53dc48338/1c/aiPlanningAssistant_1ca442876c76096746cb73e75dee44ba
  - server/.jest-cache/jest-transform-cache-c28e27eaf2cda0320583202d2edf90c5-79ef2876fae7ca75eedb2aa53dc48338/1c/aiPlanningAssistant_1ca442876c76096746cb73e75dee44ba.map
  - server/.jest-cache/jest-transform-cache-c28e27eaf2cda0320583202d2edf90c5-79ef2876fae7ca75eedb2aa53dc48338/1c/auth_1cbbbd181cd724adcbd8e519227c519e
  - server/.jest-cache/jest-transform-cache-c28e27eaf2cda0320583202d2edf90c5-79ef2876fae7ca75eedb2aa53dc48338/1c/auth_1cbbbd181cd724adcbd8e519227c519e.map
  - server/.jest-cache/jest-transform-cache-c28e27eaf2cda0320583202d2edf90c5-79ef2876fae7ca75eedb2aa53dc48338/1c/gptPlanningAgenttest_1c295b7b77c1795c138b3494af8909d6
  - server/.jest-cache/jest-transform-cache-c28e27eaf2cda0320583202d2edf90c5-79ef2876fae7ca75eedb2aa53dc48338/1c/gptPlanningAgenttest_1c295b7b77c1795c138b3494af8909d6.map
  - server/.jest-cache/jest-transform-cache-c28e27eaf2cda0320583202d2edf90c5-79ef2876fae7ca75eedb2aa53dc48338/1c/notificationService_1cc0166714a8a68e4e50acd564f1cdd1
  - server/.jest-cache/jest-transform-cache-c28e27eaf2cda0320583202d2edf90c5-79ef2876fae7ca75eedb2aa53dc48338/1c/notificationService_1cc0166714a8a68e4e50acd564f1cdd1.map
  - server/.jest-cache/jest-transform-cache-c28e27eaf2cda0320583202d2edf90c5-79ef2876fae7ca75eedb2aa53dc48338/1c/setuptestdb_1cb026f1e937aa451fdf83bae38c66e1
  - server/.jest-cache/jest-transform-cache-c28e27eaf2cda0320583202d2edf90c5-79ef2876fae7ca75eedb2aa53dc48338/1c/setuptestdb_1cb026f1e937aa451fdf83bae38c66e1.map
  - server/.jest-cache/jest-transform-cache-c28e27eaf2cda0320583202d2edf90c5-79ef2876fae7ca75eedb2aa53dc48338/1d/BaseService_1d841af0f5060ece41150bcaa191a007
  - server/.jest-cache/jest-transform-cache-c28e27eaf2cda0320583202d2edf90c5-79ef2876fae7ca75eedb2aa53dc48338/1d/BaseService_1d841af0f5060ece41150bcaa191a007.map
  - server/.jest-cache/jest-transform-cache-c28e27eaf2cda0320583202d2edf90c5-79ef2876fae7ca75eedb2aa53dc48338/1d/batchProcessingService_1dfb1854e81842ea385354e4c0bf01de
  - server/.jest-cache/jest-transform-cache-c28e27eaf2cda0320583202d2edf90c5-79ef2876fae7ca75eedb2aa53dc48338/1d/batchProcessingService_1dfb1854e81842ea385354e4c0bf01de.map
  - server/.jest-cache/jest-transform-cache-c28e27eaf2cda0320583202d2edf90c5-79ef2876fae7ca75eedb2aa53dc48338/1d/batch_1dd8cea73aa751909537cfa6771e9b5c
  - server/.jest-cache/jest-transform-cache-c28e27eaf2cda0320583202d2edf90c5-79ef2876fae7ca75eedb2aa53dc48338/1d/batch_1dd8cea73aa751909537cfa6771e9b5c.map
  - server/.jest-cache/jest-transform-cache-c28e27eaf2cda0320583202d2edf90c5-79ef2876fae7ca75eedb2aa53dc48338/1d/clusteringService_1d1202e91d74ba1076e4addb83a077b1
  - server/.jest-cache/jest-transform-cache-c28e27eaf2cda0320583202d2edf90c5-79ef2876fae7ca75eedb2aa53dc48338/1d/clusteringService_1d1202e91d74ba1076e4addb83a077b1.map
  - server/.jest-cache/jest-transform-cache-c28e27eaf2cda0320583202d2edf90c5-79ef2876fae7ca75eedb2aa53dc48338/1d/logger_1d9ac8701bcee68348ee91111262039d
  - server/.jest-cache/jest-transform-cache-c28e27eaf2cda0320583202d2edf90c5-79ef2876fae7ca75eedb2aa53dc48338/1d/logger_1d9ac8701bcee68348ee91111262039d.map
  - server/.jest-cache/jest-transform-cache-c28e27eaf2cda0320583202d2edf90c5-79ef2876fae7ca75eedb2aa53dc48338/1d/user_1da3e1afa99b3cf481b2196e7dd006b1
  - server/.jest-cache/jest-transform-cache-c28e27eaf2cda0320583202d2edf90c5-79ef2876fae7ca75eedb2aa53dc48338/1d/user_1da3e1afa99b3cf481b2196e7dd006b1.map
  - server/.jest-cache/jest-transform-cache-c28e27eaf2cda0320583202d2edf90c5-79ef2876fae7ca75eedb2aa53dc48338/1e/emailService_1eb270a6a086d700dd09246d9ea8d5d7
  - server/.jest-cache/jest-transform-cache-c28e27eaf2cda0320583202d2edf90c5-79ef2876fae7ca75eedb2aa53dc48338/1e/emailService_1eb270a6a086d700dd09246d9ea8d5d7.map
  - server/.jest-cache/jest-transform-cache-c28e27eaf2cda0320583202d2edf90c5-79ef2876fae7ca75eedb2aa53dc48338/1e/holidaytest_1e9bfe47a488ec5cda625c2ccd91a3a8
  - server/.jest-cache/jest-transform-cache-c28e27eaf2cda0320583202d2edf90c5-79ef2876fae7ca75eedb2aa53dc48338/1e/holidaytest_1e9bfe47a488ec5cda625c2ccd91a3a8.map
  - server/.jest-cache/jest-transform-cache-c28e27eaf2cda0320583202d2edf90c5-79ef2876fae7ca75eedb2aa53dc48338/1e/index_1e5b3d54c30a57de29618efa3d51eba7
  - server/.jest-cache/jest-transform-cache-c28e27eaf2cda0320583202d2edf90c5-79ef2876fae7ca75eedb2aa53dc48338/1e/index_1e5b3d54c30a57de29618efa3d51eba7.map
  - server/.jest-cache/jest-transform-cache-c28e27eaf2cda0320583202d2edf90c5-79ef2876fae7ca75eedb2aa53dc48338/1e/performanceMonitoring_1ea6709707bd71a3702b5e99a972ea15
  - server/.jest-cache/jest-transform-cache-c28e27eaf2cda0320583202d2edf90c5-79ef2876fae7ca75eedb2aa53dc48338/1e/performanceMonitoring_1ea6709707bd71a3702b5e99a972ea15.map
  - server/.jest-cache/jest-transform-cache-c28e27eaf2cda0320583202d2edf90c5-79ef2876fae7ca75eedb2aa53dc48338/1f/CacheService_1f8bf8b27cbc5f8e04b350edc9703aa3
  - server/.jest-cache/jest-transform-cache-c28e27eaf2cda0320583202d2edf90c5-79ef2876fae7ca75eedb2aa53dc48338/1f/CacheService_1f8bf8b27cbc5f8e04b350edc9703aa3.map
  - server/.jest-cache/jest-transform-cache-c28e27eaf2cda0320583202d2edf90c5-79ef2876fae7ca75eedb2aa53dc48338/1f/aiActivityGeneratorService_1f34fad238fd8cb59792c04e756a43d7
  - server/.jest-cache/jest-transform-cache-c28e27eaf2cda0320583202d2edf90c5-79ef2876fae7ca75eedb2aa53dc48338/1f/aiActivityGeneratorService_1f34fad238fd8cb59792c04e756a43d7.map
  - server/.jest-cache/jest-transform-cache-c28e27eaf2cda0320583202d2edf90c5-79ef2876fae7ca75eedb2aa53dc48338/1f/aiPlanningAssistant_1f14c3dea9323a625d4c21068012ed6e
  - server/.jest-cache/jest-transform-cache-c28e27eaf2cda0320583202d2edf90c5-79ef2876fae7ca75eedb2aa53dc48338/1f/aiPlanningAssistant_1f14c3dea9323a625d4c21068012ed6e.map
  - server/.jest-cache/jest-transform-cache-c28e27eaf2cda0320583202d2edf90c5-79ef2876fae7ca75eedb2aa53dc48338/1f/etfolessonplans_1f321bc221523b30899acaea2985f3ba
  - server/.jest-cache/jest-transform-cache-c28e27eaf2cda0320583202d2edf90c5-79ef2876fae7ca75eedb2aa53dc48338/1f/etfolessonplans_1f321bc221523b30899acaea2985f3ba.map
  - server/.jest-cache/jest-transform-cache-c28e27eaf2cda0320583202d2edf90c5-79ef2876fae7ca75eedb2aa53dc48338/1f/oerConnector_1fedeb85da1ce525a1e6f2ce7453c8bd
  - server/.jest-cache/jest-transform-cache-c28e27eaf2cda0320583202d2edf90c5-79ef2876fae7ca75eedb2aa53dc48338/1f/oerConnector_1fedeb85da1ce525a1e6f2ce7453c8bd.map
  - server/.jest-cache/jest-transform-cache-c28e27eaf2cda0320583202d2edf90c5-79ef2876fae7ca75eedb2aa53dc48338/1f/planningEngine_1f045fdfb5cdbe2d0c23bb5506c18f92
  - server/.jest-cache/jest-transform-cache-c28e27eaf2cda0320583202d2edf90c5-79ef2876fae7ca75eedb2aa53dc48338/1f/planningEngine_1f045fdfb5cdbe2d0c23bb5506c18f92.map
  - server/.jest-cache/jest-transform-cache-c28e27eaf2cda0320583202d2edf90c5-79ef2876fae7ca75eedb2aa53dc48338/1f/student_1fed9d31c78e582bf89fc9e6e5f62067
  - server/.jest-cache/jest-transform-cache-c28e27eaf2cda0320583202d2edf90c5-79ef2876fae7ca75eedb2aa53dc48338/1f/student_1fed9d31c78e582bf89fc9e6e5f62067.map
  - server/.jest-cache/jest-transform-cache-c28e27eaf2cda0320583202d2edf90c5-79ef2876fae7ca75eedb2aa53dc48338/1f/validation_1f053294aaa4a65a4920af6d9c691048
  - server/.jest-cache/jest-transform-cache-c28e27eaf2cda0320583202d2edf90c5-79ef2876fae7ca75eedb2aa53dc48338/1f/validation_1f053294aaa4a65a4920af6d9c691048.map
  - server/.jest-cache/jest-transform-cache-c28e27eaf2cda0320583202d2edf90c5-79ef2876fae7ca75eedb2aa53dc48338/20/anthropicService_2034b98809136442d56fc4e8513f41b3
  - server/.jest-cache/jest-transform-cache-c28e27eaf2cda0320583202d2edf90c5-79ef2876fae7ca75eedb2aa53dc48338/20/anthropicService_2034b98809136442d56fc4e8513f41b3.map
  - server/.jest-cache/jest-transform-cache-c28e27eaf2cda0320583202d2edf90c5-79ef2876fae7ca75eedb2aa53dc48338/20/auth_20454a2f94cb6cb9303a6daf2cb8f473
  - server/.jest-cache/jest-transform-cache-c28e27eaf2cda0320583202d2edf90c5-79ef2876fae7ca75eedb2aa53dc48338/20/auth_20454a2f94cb6cb9303a6daf2cb8f473.map
  - server/.jest-cache/jest-transform-cache-c28e27eaf2cda0320583202d2edf90c5-79ef2876fae7ca75eedb2aa53dc48338/20/curriculumWebConnector_2020dc91eb7a35d5b69608fdebdccbd1
  - server/.jest-cache/jest-transform-cache-c28e27eaf2cda0320583202d2edf90c5-79ef2876fae7ca75eedb2aa53dc48338/20/curriculumWebConnector_2020dc91eb7a35d5b69608fdebdccbd1.map
  - server/.jest-cache/jest-transform-cache-c28e27eaf2cda0320583202d2edf90c5-79ef2876fae7ca75eedb2aa53dc48338/20/educationWebConnector_20ca6415879c4304154ca07bd36f6325
  - server/.jest-cache/jest-transform-cache-c28e27eaf2cda0320583202d2edf90c5-79ef2876fae7ca75eedb2aa53dc48338/20/educationWebConnector_20ca6415879c4304154ca07bd36f6325.map
  - server/.jest-cache/jest-transform-cache-c28e27eaf2cda0320583202d2edf90c5-79ef2876fae7ca75eedb2aa53dc48338/20/equipmentBookingtest_20388192a91f9b7c1d81f81caa656f56
  - server/.jest-cache/jest-transform-cache-c28e27eaf2cda0320583202d2edf90c5-79ef2876fae7ca75eedb2aa53dc48338/20/equipmentBookingtest_20388192a91f9b7c1d81f81caa656f56.map
  - server/.jest-cache/jest-transform-cache-c28e27eaf2cda0320583202d2edf90c5-79ef2876fae7ca75eedb2aa53dc48338/20/gptPlanningAgenttest_205ffdaf8ff205a06c185e6ecb7b3017
  - server/.jest-cache/jest-transform-cache-c28e27eaf2cda0320583202d2edf90c5-79ef2876fae7ca75eedb2aa53dc48338/20/gptPlanningAgenttest_205ffdaf8ff205a06c185e6ecb7b3017.map
  - server/.jest-cache/jest-transform-cache-c28e27eaf2cda0320583202d2edf90c5-79ef2876fae7ca75eedb2aa53dc48338/21/curriculumImportServicecoveragetest_21f0c4c82ba1019ca86cedfbfcdb88fe
  - server/.jest-cache/jest-transform-cache-c28e27eaf2cda0320583202d2edf90c5-79ef2876fae7ca75eedb2aa53dc48338/21/curriculumImportServicecoveragetest_21f0c4c82ba1019ca86cedfbfcdb88fe.map
  - server/.jest-cache/jest-transform-cache-c28e27eaf2cda0320583202d2edf90c5-79ef2876fae7ca75eedb2aa53dc48338/21/templateServicetest_217bd9143356255bb64e9548d8d9f5c4
  - server/.jest-cache/jest-transform-cache-c28e27eaf2cda0320583202d2edf90c5-79ef2876fae7ca75eedb2aa53dc48338/21/templateServicetest_217bd9143356255bb64e9548d8d9f5c4.map
  - server/.jest-cache/jest-transform-cache-c28e27eaf2cda0320583202d2edf90c5-79ef2876fae7ca75eedb2aa53dc48338/21/templateroutestest_21e6bd4b7321c8eab0eb70693b809ade
  - server/.jest-cache/jest-transform-cache-c28e27eaf2cda0320583202d2edf90c5-79ef2876fae7ca75eedb2aa53dc48338/21/templateroutestest_21e6bd4b7321c8eab0eb70693b809ade.map
  - server/.jest-cache/jest-transform-cache-c28e27eaf2cda0320583202d2edf90c5-79ef2876fae7ca75eedb2aa53dc48338/21/weeklyPlanDiagnosticstest_21fa3ba42ec8afb947b6c2cf06862b6a
  - server/.jest-cache/jest-transform-cache-c28e27eaf2cda0320583202d2edf90c5-79ef2876fae7ca75eedb2aa53dc48338/21/weeklyPlanDiagnosticstest_21fa3ba42ec8afb947b6c2cf06862b6a.map
  - server/.jest-cache/jest-transform-cache-c28e27eaf2cda0320583202d2edf90c5-79ef2876fae7ca75eedb2aa53dc48338/22/BaseService_22d0e596cec6351c11b4857274d8c9a1
  - server/.jest-cache/jest-transform-cache-c28e27eaf2cda0320583202d2edf90c5-79ef2876fae7ca75eedb2aa53dc48338/22/BaseService_22d0e596cec6351c11b4857274d8c9a1.map
  - server/.jest-cache/jest-transform-cache-c28e27eaf2cda0320583202d2edf90c5-79ef2876fae7ca75eedb2aa53dc48338/22/clusteringService_22953a867fca18efd24373638c2f72a7
  - server/.jest-cache/jest-transform-cache-c28e27eaf2cda0320583202d2edf90c5-79ef2876fae7ca75eedb2aa53dc48338/22/clusteringService_22953a867fca18efd24373638c2f72a7.map
  - server/.jest-cache/jest-transform-cache-c28e27eaf2cda0320583202d2edf90c5-79ef2876fae7ca75eedb2aa53dc48338/22/curriculumdiscovery_22e452b66d3ce72656074334b83d20c9
  - server/.jest-cache/jest-transform-cache-c28e27eaf2cda0320583202d2edf90c5-79ef2876fae7ca75eedb2aa53dc48338/22/curriculumdiscovery_22e452b66d3ce72656074334b83d20c9.map
  - server/.jest-cache/jest-transform-cache-c28e27eaf2cda0320583202d2edf90c5-79ef2876fae7ca75eedb2aa53dc48338/22/logger_2290d33338d47f59f6eb6c2ed658c88b
  - server/.jest-cache/jest-transform-cache-c28e27eaf2cda0320583202d2edf90c5-79ef2876fae7ca75eedb2aa53dc48338/22/logger_2290d33338d47f59f6eb6c2ed658c88b.map
  - server/.jest-cache/jest-transform-cache-c28e27eaf2cda0320583202d2edf90c5-79ef2876fae7ca75eedb2aa53dc48338/22/validationSchemasCompletetest_22b66d505b95de1253c9acc6b1be3710
  - server/.jest-cache/jest-transform-cache-c28e27eaf2cda0320583202d2edf90c5-79ef2876fae7ca75eedb2aa53dc48338/22/validationSchemasCompletetest_22b66d505b95de1253c9acc6b1be3710.map
  - server/.jest-cache/jest-transform-cache-c28e27eaf2cda0320583202d2edf90c5-79ef2876fae7ca75eedb2aa53dc48338/23/auth_23e401959fa26c900f5095b88277877e
  - server/.jest-cache/jest-transform-cache-c28e27eaf2cda0320583202d2edf90c5-79ef2876fae7ca75eedb2aa53dc48338/23/auth_23e401959fa26c900f5095b88277877e.map
  - server/.jest-cache/jest-transform-cache-c28e27eaf2cda0320583202d2edf90c5-79ef2876fae7ca75eedb2aa53dc48338/23/embeddingstest_23d54127ac303a08f72c25ce2441ab5d
  - server/.jest-cache/jest-transform-cache-c28e27eaf2cda0320583202d2edf90c5-79ef2876fae7ca75eedb2aa53dc48338/23/embeddingstest_23d54127ac303a08f72c25ce2441ab5d.map
  - server/.jest-cache/jest-transform-cache-c28e27eaf2cda0320583202d2edf90c5-79ef2876fae7ca75eedb2aa53dc48338/23/performanceMonitoring_239e1e671aa6271d02e1269133879018
  - server/.jest-cache/jest-transform-cache-c28e27eaf2cda0320583202d2edf90c5-79ef2876fae7ca75eedb2aa53dc48338/23/performanceMonitoring_239e1e671aa6271d02e1269133879018.map
  - server/.jest-cache/jest-transform-cache-c28e27eaf2cda0320583202d2edf90c5-79ef2876fae7ca75eedb2aa53dc48338/23/reportGeneratorServicetest_235581873e311be4400a901f7f414d0a
  - server/.jest-cache/jest-transform-cache-c28e27eaf2cda0320583202d2edf90c5-79ef2876fae7ca75eedb2aa53dc48338/23/reportGeneratorServicetest_235581873e311be4400a901f7f414d0a.map
  - server/.jest-cache/jest-transform-cache-c28e27eaf2cda0320583202d2edf90c5-79ef2876fae7ca75eedb2aa53dc48338/23/serverhealthtest_23539f8079fc167215716ca954bb1f60
  - server/.jest-cache/jest-transform-cache-c28e27eaf2cda0320583202d2edf90c5-79ef2876fae7ca75eedb2aa53dc48338/23/serverhealthtest_23539f8079fc167215716ca954bb1f60.map
  - server/.jest-cache/jest-transform-cache-c28e27eaf2cda0320583202d2edf90c5-79ef2876fae7ca75eedb2aa53dc48338/23/serverhealthtest_23ae5bc57fde39e98549c3c3d9740f09
  - server/.jest-cache/jest-transform-cache-c28e27eaf2cda0320583202d2edf90c5-79ef2876fae7ca75eedb2aa53dc48338/23/serverhealthtest_23ae5bc57fde39e98549c3c3d9740f09.map
  - server/.jest-cache/jest-transform-cache-c28e27eaf2cda0320583202d2edf90c5-79ef2876fae7ca75eedb2aa53dc48338/24/app_240cadcd1d3934d8c9497330d311393e
  - server/.jest-cache/jest-transform-cache-c28e27eaf2cda0320583202d2edf90c5-79ef2876fae7ca75eedb2aa53dc48338/24/app_240cadcd1d3934d8c9497330d311393e.map
  - server/.jest-cache/jest-transform-cache-c28e27eaf2cda0320583202d2edf90c5-79ef2876fae7ca75eedb2aa53dc48338/24/gptPlanningAgenttest_24b9c184efc930532be62f8afecce744
  - server/.jest-cache/jest-transform-cache-c28e27eaf2cda0320583202d2edf90c5-79ef2876fae7ca75eedb2aa53dc48338/24/gptPlanningAgenttest_24b9c184efc930532be62f8afecce744.map
  - server/.jest-cache/jest-transform-cache-c28e27eaf2cda0320583202d2edf90c5-79ef2876fae7ca75eedb2aa53dc48338/24/scenarioTemplateExtractor_2478c28ec9ee6305e7c2525cbd0baa6c
  - server/.jest-cache/jest-transform-cache-c28e27eaf2cda0320583202d2edf90c5-79ef2876fae7ca75eedb2aa53dc48338/24/scenarioTemplateExtractor_2478c28ec9ee6305e7c2525cbd0baa6c.map
  - server/.jest-cache/jest-transform-cache-c28e27eaf2cda0320583202d2edf90c5-79ef2876fae7ca75eedb2aa53dc48338/25/discoveryscheduler_25fad958312e7456439e54d18d753a1e
  - server/.jest-cache/jest-transform-cache-c28e27eaf2cda0320583202d2edf90c5-79ef2876fae7ca75eedb2aa53dc48338/25/discoveryscheduler_25fad958312e7456439e54d18d753a1e.map
  - server/.jest-cache/jest-transform-cache-c28e27eaf2cda0320583202d2edf90c5-79ef2876fae7ca75eedb2aa53dc48338/25/routeFactory_2531f4a01220241b69f05b4031781566
  - server/.jest-cache/jest-transform-cache-c28e27eaf2cda0320583202d2edf90c5-79ef2876fae7ca75eedb2aa53dc48338/25/routeFactory_2531f4a01220241b69f05b4031781566.map
  - server/.jest-cache/jest-transform-cache-c28e27eaf2cda0320583202d2edf90c5-79ef2876fae7ca75eedb2aa53dc48338/26/BaseService_26bab228374db98cc427363b6461ce6d
  - server/.jest-cache/jest-transform-cache-c28e27eaf2cda0320583202d2edf90c5-79ef2876fae7ca75eedb2aa53dc48338/26/BaseService_26bab228374db98cc427363b6461ce6d.map
  - server/.jest-cache/jest-transform-cache-c28e27eaf2cda0320583202d2edf90c5-79ef2876fae7ca75eedb2aa53dc48338/26/contactExtractorunittest_2673132a60b9a10f90d77ed6702b526a
  - server/.jest-cache/jest-transform-cache-c28e27eaf2cda0320583202d2edf90c5-79ef2876fae7ca75eedb2aa53dc48338/26/contactExtractorunittest_2673132a60b9a10f90d77ed6702b526a.map
  - server/.jest-cache/jest-transform-cache-c28e27eaf2cda0320583202d2edf90c5-79ef2876fae7ca75eedb2aa53dc48338/26/discoveryscheduler_26d2882b824002dbc43c4900e27d9866
  - server/.jest-cache/jest-transform-cache-c28e27eaf2cda0320583202d2edf90c5-79ef2876fae7ca75eedb2aa53dc48338/26/discoveryscheduler_26d2882b824002dbc43c4900e27d9866.map
  - server/.jest-cache/jest-transform-cache-c28e27eaf2cda0320583202d2edf90c5-79ef2876fae7ca75eedb2aa53dc48338/26/index_267a4ffe2666de7c02ee4911aa77209d
  - server/.jest-cache/jest-transform-cache-c28e27eaf2cda0320583202d2edf90c5-79ef2876fae7ca75eedb2aa53dc48338/26/index_267a4ffe2666de7c02ee4911aa77209d.map
  - server/.jest-cache/jest-transform-cache-c28e27eaf2cda0320583202d2edf90c5-79ef2876fae7ca75eedb2aa53dc48338/26/longrangeplans_26bbcf4606ab4b20856e08dd865fedc4
  - server/.jest-cache/jest-transform-cache-c28e27eaf2cda0320583202d2edf90c5-79ef2876fae7ca75eedb2aa53dc48338/26/longrangeplans_26bbcf4606ab4b20856e08dd865fedc4.map
  - server/.jest-cache/jest-transform-cache-c28e27eaf2cda0320583202d2edf90c5-79ef2876fae7ca75eedb2aa53dc48338/26/newsletterroutestest_26c7e9a6ef8a6eaee74fd334a829f0db
  - server/.jest-cache/jest-transform-cache-c28e27eaf2cda0320583202d2edf90c5-79ef2876fae7ca75eedb2aa53dc48338/26/newsletterroutestest_26c7e9a6ef8a6eaee74fd334a829f0db.map
  - server/.jest-cache/jest-transform-cache-c28e27eaf2cda0320583202d2edf90c5-79ef2876fae7ca75eedb2aa53dc48338/26/simpleTest_260bab365212a5e6d2b81c7927e2ae6d
  - server/.jest-cache/jest-transform-cache-c28e27eaf2cda0320583202d2edf90c5-79ef2876fae7ca75eedb2aa53dc48338/26/simpleTest_260bab365212a5e6d2b81c7927e2ae6d.map
  - server/.jest-cache/jest-transform-cache-c28e27eaf2cda0320583202d2edf90c5-79ef2876fae7ca75eedb2aa53dc48338/26/unreadNotificationstest_26f22aabc5809096cdfaf0a930fde12c
  - server/.jest-cache/jest-transform-cache-c28e27eaf2cda0320583202d2edf90c5-79ef2876fae7ca75eedb2aa53dc48338/26/unreadNotificationstest_26f22aabc5809096cdfaf0a930fde12c.map
  - server/.jest-cache/jest-transform-cache-c28e27eaf2cda0320583202d2edf90c5-79ef2876fae7ca75eedb2aa53dc48338/27/anthropicService_27d8702a330e8909988107bbdb30a540
  - server/.jest-cache/jest-transform-cache-c28e27eaf2cda0320583202d2edf90c5-79ef2876fae7ca75eedb2aa53dc48338/27/anthropicService_27d8702a330e8909988107bbdb30a540.map
  - server/.jest-cache/jest-transform-cache-c28e27eaf2cda0320583202d2edf90c5-79ef2876fae7ca75eedb2aa53dc48338/27/anthropicService_27da9e44a97c57405da64a2d09e53530
  - server/.jest-cache/jest-transform-cache-c28e27eaf2cda0320583202d2edf90c5-79ef2876fae7ca75eedb2aa53dc48338/27/anthropicService_27da9e44a97c57405da64a2d09e53530.map
  - server/.jest-cache/jest-transform-cache-c28e27eaf2cda0320583202d2edf90c5-79ef2876fae7ca75eedb2aa53dc48338/27/cacheServicecomprehensivetest_276e280b3a04d993e85c89972c73436a
  - server/.jest-cache/jest-transform-cache-c28e27eaf2cda0320583202d2edf90c5-79ef2876fae7ca75eedb2aa53dc48338/27/cacheServicecomprehensivetest_276e280b3a04d993e85c89972c73436a.map
  - server/.jest-cache/jest-transform-cache-c28e27eaf2cda0320583202d2edf90c5-79ef2876fae7ca75eedb2aa53dc48338/28/aiplanning_286bd5805f3d43dfccd928cab96a1a62
  - server/.jest-cache/jest-transform-cache-c28e27eaf2cda0320583202d2edf90c5-79ef2876fae7ca75eedb2aa53dc48338/28/aiplanning_286bd5805f3d43dfccd928cab96a1a62.map
  - server/.jest-cache/jest-transform-cache-c28e27eaf2cda0320583202d2edf90c5-79ef2876fae7ca75eedb2aa53dc48338/28/curriculumexpectations_28082db842f1196ec0c06d5025677c8e
  - server/.jest-cache/jest-transform-cache-c28e27eaf2cda0320583202d2edf90c5-79ef2876fae7ca75eedb2aa53dc48338/28/curriculumexpectations_28082db842f1196ec0c06d5025677c8e.map
  - server/.jest-cache/jest-transform-cache-c28e27eaf2cda0320583202d2edf90c5-79ef2876fae7ca75eedb2aa53dc48338/28/uuidmock_28de68c8cf8f40ffcbbc32ad01fa814b
  - server/.jest-cache/jest-transform-cache-c28e27eaf2cda0320583202d2edf90c5-79ef2876fae7ca75eedb2aa53dc48338/28/uuidmock_28de68c8cf8f40ffcbbc32ad01fa814b.map
  - server/.jest-cache/jest-transform-cache-c28e27eaf2cda0320583202d2edf90c5-79ef2876fae7ca75eedb2aa53dc48338/28/validationunittest_28a01405dc00c171d5f2501217706d8e
  - server/.jest-cache/jest-transform-cache-c28e27eaf2cda0320583202d2edf90c5-79ef2876fae7ca75eedb2aa53dc48338/28/validationunittest_28a01405dc00c171d5f2501217706d8e.map
  - server/.jest-cache/jest-transform-cache-c28e27eaf2cda0320583202d2edf90c5-79ef2876fae7ca75eedb2aa53dc48338/29/newsletterTriggertest_29ea5a2668a0617a4b842aea88c6b582
  - server/.jest-cache/jest-transform-cache-c28e27eaf2cda0320583202d2edf90c5-79ef2876fae7ca75eedb2aa53dc48338/29/newsletterTriggertest_29ea5a2668a0617a4b842aea88c6b582.map
  - server/.jest-cache/jest-transform-cache-c28e27eaf2cda0320583202d2edf90c5-79ef2876fae7ca75eedb2aa53dc48338/2a/activityDiscoveryService_2a4c434783fe64e5dd83174e541ef7bd
  - server/.jest-cache/jest-transform-cache-c28e27eaf2cda0320583202d2edf90c5-79ef2876fae7ca75eedb2aa53dc48338/2a/activityDiscoveryService_2a4c434783fe64e5dd83174e541ef7bd.map
  - server/.jest-cache/jest-transform-cache-c28e27eaf2cda0320583202d2edf90c5-79ef2876fae7ca75eedb2aa53dc48338/2a/aiactivitygeneration_2afd549e7ffdad08fd54fdc442636eba
  - server/.jest-cache/jest-transform-cache-c28e27eaf2cda0320583202d2edf90c5-79ef2876fae7ca75eedb2aa53dc48338/2a/aiactivitygeneration_2afd549e7ffdad08fd54fdc442636eba.map
  - server/.jest-cache/jest-transform-cache-c28e27eaf2cda0320583202d2edf90c5-79ef2876fae7ca75eedb2aa53dc48338/2a/cacheServicetest_2a66d4fd79c81096fbacae94cfb3c83b
  - server/.jest-cache/jest-transform-cache-c28e27eaf2cda0320583202d2edf90c5-79ef2876fae7ca75eedb2aa53dc48338/2a/cacheServicetest_2a66d4fd79c81096fbacae94cfb3c83b.map
  - server/.jest-cache/jest-transform-cache-c28e27eaf2cda0320583202d2edf90c5-79ef2876fae7ca75eedb2aa53dc48338/2a/educationWebConnector_2ad5d039c62e1ef71edc328e9044a7d6
  - server/.jest-cache/jest-transform-cache-c28e27eaf2cda0320583202d2edf90c5-79ef2876fae7ca75eedb2aa53dc48338/2a/educationWebConnector_2ad5d039c62e1ef71edc328e9044a7d6.map
  - server/.jest-cache/jest-transform-cache-c28e27eaf2cda0320583202d2edf90c5-79ef2876fae7ca75eedb2aa53dc48338/2a/emailService_2a909c680bbc27d5bac25490ef900abf
  - server/.jest-cache/jest-transform-cache-c28e27eaf2cda0320583202d2edf90c5-79ef2876fae7ca75eedb2aa53dc48338/2a/emailService_2a909c680bbc27d5bac25490ef900abf.map
  - server/.jest-cache/jest-transform-cache-c28e27eaf2cda0320583202d2edf90c5-79ef2876fae7ca75eedb2aa53dc48338/2a/gptPlanningAgent_2a4b4d02fee459aeb70460da234742be
  - server/.jest-cache/jest-transform-cache-c28e27eaf2cda0320583202d2edf90c5-79ef2876fae7ca75eedb2aa53dc48338/2a/gptPlanningAgent_2a4b4d02fee459aeb70460da234742be.map
  - server/.jest-cache/jest-transform-cache-c28e27eaf2cda0320583202d2edf90c5-79ef2876fae7ca75eedb2aa53dc48338/2a/llmService_2a0ae31c0227227d9910807115c88753
  - server/.jest-cache/jest-transform-cache-c28e27eaf2cda0320583202d2edf90c5-79ef2876fae7ca75eedb2aa53dc48338/2a/llmService_2a0ae31c0227227d9910807115c88753.map
  - server/.jest-cache/jest-transform-cache-c28e27eaf2cda0320583202d2edf90c5-79ef2876fae7ca75eedb2aa53dc48338/2a/longrangeplans_2ad1d4aa5c557d3525df2a36f6cb7b9e
  - server/.jest-cache/jest-transform-cache-c28e27eaf2cda0320583202d2edf90c5-79ef2876fae7ca75eedb2aa53dc48338/2a/longrangeplans_2ad1d4aa5c557d3525df2a36f6cb7b9e.map
  - server/.jest-cache/jest-transform-cache-c28e27eaf2cda0320583202d2edf90c5-79ef2876fae7ca75eedb2aa53dc48338/2a/openai_2aae8f809eb1770b2ac7bdbf4f399278
  - server/.jest-cache/jest-transform-cache-c28e27eaf2cda0320583202d2edf90c5-79ef2876fae7ca75eedb2aa53dc48338/2a/templates_2a4e1bce97e9e6d4779ffafb069ef6a3
  - server/.jest-cache/jest-transform-cache-c28e27eaf2cda0320583202d2edf90c5-79ef2876fae7ca75eedb2aa53dc48338/2a/templates_2a4e1bce97e9e6d4779ffafb069ef6a3.map
  - server/.jest-cache/jest-transform-cache-c28e27eaf2cda0320583202d2edf90c5-79ef2876fae7ca75eedb2aa53dc48338/2b/activitycollections_2b20cdeff1a2f7b108fdf0684ab8819d
  - server/.jest-cache/jest-transform-cache-c28e27eaf2cda0320583202d2edf90c5-79ef2876fae7ca75eedb2aa53dc48338/2b/activitycollections_2b20cdeff1a2f7b108fdf0684ab8819d.map
  - server/.jest-cache/jest-transform-cache-c28e27eaf2cda0320583202d2edf90c5-79ef2876fae7ca75eedb2aa53dc48338/2b/aiActivityGeneratorService_2bb7b769a99194b3fda6aa0ac08c807e
  - server/.jest-cache/jest-transform-cache-c28e27eaf2cda0320583202d2edf90c5-79ef2876fae7ca75eedb2aa53dc48338/2b/aiActivityGeneratorService_2bb7b769a99194b3fda6aa0ac08c807e.map
  - server/.jest-cache/jest-transform-cache-c28e27eaf2cda0320583202d2edf90c5-79ef2876fae7ca75eedb2aa53dc48338/2b/aiPlanningAssistanttest_2bd305d399d536151b3bd05804023a3c
  - server/.jest-cache/jest-transform-cache-c28e27eaf2cda0320583202d2edf90c5-79ef2876fae7ca75eedb2aa53dc48338/2b/aiPlanningAssistanttest_2bd305d399d536151b3bd05804023a3c.map
  - server/.jest-cache/jest-transform-cache-c28e27eaf2cda0320583202d2edf90c5-79ef2876fae7ca75eedb2aa53dc48338/2b/aiplanning_2b3117664148d6f37d499fc23b15eba0
  - server/.jest-cache/jest-transform-cache-c28e27eaf2cda0320583202d2edf90c5-79ef2876fae7ca75eedb2aa53dc48338/2b/aiplanning_2b3117664148d6f37d499fc23b15eba0.map
  - server/.jest-cache/jest-transform-cache-c28e27eaf2cda0320583202d2edf90c5-79ef2876fae7ca75eedb2aa53dc48338/2b/aiplanning_2be545d21d9834abb200f2e27a53591b
  - server/.jest-cache/jest-transform-cache-c28e27eaf2cda0320583202d2edf90c5-79ef2876fae7ca75eedb2aa53dc48338/2b/aiplanning_2be545d21d9834abb200f2e27a53591b.map
  - server/.jest-cache/jest-transform-cache-c28e27eaf2cda0320583202d2edf90c5-79ef2876fae7ca75eedb2aa53dc48338/2b/anthropicService_2bc8f569f49fad28ac73ee9432fd5dd4
  - server/.jest-cache/jest-transform-cache-c28e27eaf2cda0320583202d2edf90c5-79ef2876fae7ca75eedb2aa53dc48338/2b/anthropicService_2bc8f569f49fad28ac73ee9432fd5dd4.map
  - server/.jest-cache/jest-transform-cache-c28e27eaf2cda0320583202d2edf90c5-79ef2876fae7ca75eedb2aa53dc48338/2b/initializeServices_2b2c2486785f4b4c97393b42d378e611
  - server/.jest-cache/jest-transform-cache-c28e27eaf2cda0320583202d2edf90c5-79ef2876fae7ca75eedb2aa53dc48338/2b/initializeServices_2b2c2486785f4b4c97393b42d378e611.map
  - server/.jest-cache/jest-transform-cache-c28e27eaf2cda0320583202d2edf90c5-79ef2876fae7ca75eedb2aa53dc48338/2b/reflectionClassifierService_2b3fe644a52bb24c3a72838cc5a5a0cb
  - server/.jest-cache/jest-transform-cache-c28e27eaf2cda0320583202d2edf90c5-79ef2876fae7ca75eedb2aa53dc48338/2b/reflectionClassifierService_2b3fe644a52bb24c3a72838cc5a5a0cb.map
  - server/.jest-cache/jest-transform-cache-c28e27eaf2cda0320583202d2edf90c5-79ef2876fae7ca75eedb2aa53dc48338/2b/urlValidator_2b17ad979ab5f4f328d5ed28fafcd69b
  - server/.jest-cache/jest-transform-cache-c28e27eaf2cda0320583202d2edf90c5-79ef2876fae7ca75eedb2aa53dc48338/2b/urlValidator_2b17ad979ab5f4f328d5ed28fafcd69b.map
  - server/.jest-cache/jest-transform-cache-c28e27eaf2cda0320583202d2edf90c5-79ef2876fae7ca75eedb2aa53dc48338/2c/aiActivityGenerator_2c24063708e49a8ce17fc47e9c98563b
  - server/.jest-cache/jest-transform-cache-c28e27eaf2cda0320583202d2edf90c5-79ef2876fae7ca75eedb2aa53dc48338/2c/aiActivityGenerator_2c24063708e49a8ce17fc47e9c98563b.map
  - server/.jest-cache/jest-transform-cache-c28e27eaf2cda0320583202d2edf90c5-79ef2876fae7ca75eedb2aa53dc48338/2c/aiPlanningAssistant_2c2620a4e853c7b06a28cc8d7ec71639
  - server/.jest-cache/jest-transform-cache-c28e27eaf2cda0320583202d2edf90c5-79ef2876fae7ca75eedb2aa53dc48338/2c/aiPlanningAssistant_2c2620a4e853c7b06a28cc8d7ec71639.map
  - server/.jest-cache/jest-transform-cache-c28e27eaf2cda0320583202d2edf90c5-79ef2876fae7ca75eedb2aa53dc48338/2c/rateLimiter_2ca6da607ae06a74e46f5e514deecddf
  - server/.jest-cache/jest-transform-cache-c28e27eaf2cda0320583202d2edf90c5-79ef2876fae7ca75eedb2aa53dc48338/2c/rateLimiter_2ca6da607ae06a74e46f5e514deecddf.map
  - server/.jest-cache/jest-transform-cache-c28e27eaf2cda0320583202d2edf90c5-79ef2876fae7ca75eedb2aa53dc48338/2c/subPlanGenerator_2c5f1033c66f1834f163cd7af5ccba3a
  - server/.jest-cache/jest-transform-cache-c28e27eaf2cda0320583202d2edf90c5-79ef2876fae7ca75eedb2aa53dc48338/2c/subPlanGenerator_2c5f1033c66f1834f163cd7af5ccba3a.map
  - server/.jest-cache/jest-transform-cache-c28e27eaf2cda0320583202d2edf90c5-79ef2876fae7ca75eedb2aa53dc48338/2c/subPlanGenerator_2cda062b89c8e84b4a3944d32591de78
  - server/.jest-cache/jest-transform-cache-c28e27eaf2cda0320583202d2edf90c5-79ef2876fae7ca75eedb2aa53dc48338/2c/subPlanGenerator_2cda062b89c8e84b4a3944d32591de78.map
  - server/.jest-cache/jest-transform-cache-c28e27eaf2cda0320583202d2edf90c5-79ef2876fae7ca75eedb2aa53dc48338/2c/validation_2c17485996594c4d66590b36d8d6d43e
  - server/.jest-cache/jest-transform-cache-c28e27eaf2cda0320583202d2edf90c5-79ef2876fae7ca75eedb2aa53dc48338/2c/validation_2c17485996594c4d66590b36d8d6d43e.map
  - server/.jest-cache/jest-transform-cache-c28e27eaf2cda0320583202d2edf90c5-79ef2876fae7ca75eedb2aa53dc48338/2d/reflectionClassifierService_2d65593ab324ae919f119f9f8e5154c6
  - server/.jest-cache/jest-transform-cache-c28e27eaf2cda0320583202d2edf90c5-79ef2876fae7ca75eedb2aa53dc48338/2d/reflectionClassifierService_2d65593ab324ae919f119f9f8e5154c6.map
  - server/.jest-cache/jest-transform-cache-c28e27eaf2cda0320583202d2edf90c5-79ef2876fae7ca75eedb2aa53dc48338/2d/setuptestdb_2dbf62ebf6ed0f8531960a4843699481
  - server/.jest-cache/jest-transform-cache-c28e27eaf2cda0320583202d2edf90c5-79ef2876fae7ca75eedb2aa53dc48338/2d/setuptestdb_2dbf62ebf6ed0f8531960a4843699481.map
  - server/.jest-cache/jest-transform-cache-c28e27eaf2cda0320583202d2edf90c5-79ef2876fae7ca75eedb2aa53dc48338/2d/urlValidator_2d80bf1ec36f655459f216dc0a0820ba
  - server/.jest-cache/jest-transform-cache-c28e27eaf2cda0320583202d2edf90c5-79ef2876fae7ca75eedb2aa53dc48338/2d/urlValidator_2d80bf1ec36f655459f216dc0a0820ba.map
  - server/.jest-cache/jest-transform-cache-c28e27eaf2cda0320583202d2edf90c5-79ef2876fae7ca75eedb2aa53dc48338/2e/CacheService_2e3bd1ed982477962114e059d284932c
  - server/.jest-cache/jest-transform-cache-c28e27eaf2cda0320583202d2edf90c5-79ef2876fae7ca75eedb2aa53dc48338/2e/CacheService_2e3bd1ed982477962114e059d284932c.map
  - server/.jest-cache/jest-transform-cache-c28e27eaf2cda0320583202d2edf90c5-79ef2876fae7ca75eedb2aa53dc48338/2e/aiParentSummaryService_2e2a790c3f8096275c5458152b731611
  - server/.jest-cache/jest-transform-cache-c28e27eaf2cda0320583202d2edf90c5-79ef2876fae7ca75eedb2aa53dc48338/2e/aiParentSummaryService_2e2a790c3f8096275c5458152b731611.map
  - server/.jest-cache/jest-transform-cache-c28e27eaf2cda0320583202d2edf90c5-79ef2876fae7ca75eedb2aa53dc48338/2e/clusteringService_2efed674626d658d2d5d4baca8383f60
  - server/.jest-cache/jest-transform-cache-c28e27eaf2cda0320583202d2edf90c5-79ef2876fae7ca75eedb2aa53dc48338/2e/clusteringService_2efed674626d658d2d5d4baca8383f60.map
  - server/.jest-cache/jest-transform-cache-c28e27eaf2cda0320583202d2edf90c5-79ef2876fae7ca75eedb2aa53dc48338/2e/materialExtractor_2e60604c04b67c2e55648b8cb5aec2e4
  - server/.jest-cache/jest-transform-cache-c28e27eaf2cda0320583202d2edf90c5-79ef2876fae7ca75eedb2aa53dc48338/2e/materialExtractor_2e60604c04b67c2e55648b8cb5aec2e4.map
  - server/.jest-cache/jest-transform-cache-c28e27eaf2cda0320583202d2edf90c5-79ef2876fae7ca75eedb2aa53dc48338/2f/aiActivityGeneratorService_2f159fbd9d6711930bfd0a487a1d1c93
  - server/.jest-cache/jest-transform-cache-c28e27eaf2cda0320583202d2edf90c5-79ef2876fae7ca75eedb2aa53dc48338/2f/aiActivityGeneratorService_2f159fbd9d6711930bfd0a487a1d1c93.map
  - server/.jest-cache/jest-transform-cache-c28e27eaf2cda0320583202d2edf90c5-79ef2876fae7ca75eedb2aa53dc48338/2f/initializeServices_2f37145fe779ee7d53b98e63f29d50c0
  - server/.jest-cache/jest-transform-cache-c28e27eaf2cda0320583202d2edf90c5-79ef2876fae7ca75eedb2aa53dc48338/2f/initializeServices_2f37145fe779ee7d53b98e63f29d50c0.map
  - server/.jest-cache/jest-transform-cache-c28e27eaf2cda0320583202d2edf90c5-79ef2876fae7ca75eedb2aa53dc48338/2f/rateLimiter_2f0086fc7c2150a9abadc0a15a888087
  - server/.jest-cache/jest-transform-cache-c28e27eaf2cda0320583202d2edf90c5-79ef2876fae7ca75eedb2aa53dc48338/2f/rateLimiter_2f0086fc7c2150a9abadc0a15a888087.map
  - server/.jest-cache/jest-transform-cache-c28e27eaf2cda0320583202d2edf90c5-79ef2876fae7ca75eedb2aa53dc48338/2f/unitplans_2fb4316b849f4e1f051a1b193f0804cd
  - server/.jest-cache/jest-transform-cache-c28e27eaf2cda0320583202d2edf90c5-79ef2876fae7ca75eedb2aa53dc48338/2f/unitplans_2fb4316b849f4e1f051a1b193f0804cd.map
  - server/.jest-cache/jest-transform-cache-c28e27eaf2cda0320583202d2edf90c5-79ef2876fae7ca75eedb2aa53dc48338/30/pdfkitmock_30e8391b2025698a82a458363819e4a6
  - server/.jest-cache/jest-transform-cache-c28e27eaf2cda0320583202d2edf90c5-79ef2876fae7ca75eedb2aa53dc48338/30/pdfkitmock_30e8391b2025698a82a458363819e4a6.map
  - server/.jest-cache/jest-transform-cache-c28e27eaf2cda0320583202d2edf90c5-79ef2876fae7ca75eedb2aa53dc48338/30/urlValidator_30804810f3513d78eff09da2ce409662
  - server/.jest-cache/jest-transform-cache-c28e27eaf2cda0320583202d2edf90c5-79ef2876fae7ca75eedb2aa53dc48338/30/urlValidator_30804810f3513d78eff09da2ce409662.map
  - server/.jest-cache/jest-transform-cache-c28e27eaf2cda0320583202d2edf90c5-79ef2876fae7ca75eedb2aa53dc48338/31/CacheService_316e90328e36d3479907e36513dae1b7
  - server/.jest-cache/jest-transform-cache-c28e27eaf2cda0320583202d2edf90c5-79ef2876fae7ca75eedb2aa53dc48338/31/CacheService_316e90328e36d3479907e36513dae1b7.map
  - server/.jest-cache/jest-transform-cache-c28e27eaf2cda0320583202d2edf90c5-79ef2876fae7ca75eedb2aa53dc48338/31/aiplanning_3142585e4757ffaa17e5a1231af00f8c
  - server/.jest-cache/jest-transform-cache-c28e27eaf2cda0320583202d2edf90c5-79ef2876fae7ca75eedb2aa53dc48338/31/aiplanning_3142585e4757ffaa17e5a1231af00f8c.map
  - server/.jest-cache/jest-transform-cache-c28e27eaf2cda0320583202d2edf90c5-79ef2876fae7ca75eedb2aa53dc48338/31/curriculumImport_314932cbd826ff65c9f3e062680f410e
  - server/.jest-cache/jest-transform-cache-c28e27eaf2cda0320583202d2edf90c5-79ef2876fae7ca75eedb2aa53dc48338/31/curriculumImport_314932cbd826ff65c9f3e062680f410e.map
  - server/.jest-cache/jest-transform-cache-c28e27eaf2cda0320583202d2edf90c5-79ef2876fae7ca75eedb2aa53dc48338/31/globalteardown_31a1dfa8ac4508c1004834a1e96e90fb
  - server/.jest-cache/jest-transform-cache-c28e27eaf2cda0320583202d2edf90c5-79ef2876fae7ca75eedb2aa53dc48338/31/globalteardown_31a1dfa8ac4508c1004834a1e96e90fb.map
  - server/.jest-cache/jest-transform-cache-c28e27eaf2cda0320583202d2edf90c5-79ef2876fae7ca75eedb2aa53dc48338/32/bookingReminder_323e7ef3a5600d560b85b35c74b042f4
  - server/.jest-cache/jest-transform-cache-c28e27eaf2cda0320583202d2edf90c5-79ef2876fae7ca75eedb2aa53dc48338/32/bookingReminder_323e7ef3a5600d560b85b35c74b042f4.map
  - server/.jest-cache/jest-transform-cache-c28e27eaf2cda0320583202d2edf90c5-79ef2876fae7ca75eedb2aa53dc48338/32/daybookentries_32c81c7e9d56ba40522cb3ea1af4e8de
  - server/.jest-cache/jest-transform-cache-c28e27eaf2cda0320583202d2edf90c5-79ef2876fae7ca75eedb2aa53dc48338/32/daybookentries_32c81c7e9d56ba40522cb3ea1af4e8de.map
  - server/.jest-cache/jest-transform-cache-c28e27eaf2cda0320583202d2edf90c5-79ef2876fae7ca75eedb2aa53dc48338/32/errorHandler_32c6ed0481a8c5c19b7a685165cc37aa
  - server/.jest-cache/jest-transform-cache-c28e27eaf2cda0320583202d2edf90c5-79ef2876fae7ca75eedb2aa53dc48338/32/errorHandler_32c6ed0481a8c5c19b7a685165cc37aa.map
  - server/.jest-cache/jest-transform-cache-c28e27eaf2cda0320583202d2edf90c5-79ef2876fae7ca75eedb2aa53dc48338/32/storage_32191faa95a6863814a9deb2e6232895
  - server/.jest-cache/jest-transform-cache-c28e27eaf2cda0320583202d2edf90c5-79ef2876fae7ca75eedb2aa53dc48338/32/storage_32191faa95a6863814a9deb2e6232895.map
  - server/.jest-cache/jest-transform-cache-c28e27eaf2cda0320583202d2edf90c5-79ef2876fae7ca75eedb2aa53dc48338/32/student_32f65d061c623b86542411367373ca62
  - server/.jest-cache/jest-transform-cache-c28e27eaf2cda0320583202d2edf90c5-79ef2876fae7ca75eedb2aa53dc48338/32/student_32f65d061c623b86542411367373ca62.map
  - server/.jest-cache/jest-transform-cache-c28e27eaf2cda0320583202d2edf90c5-79ef2876fae7ca75eedb2aa53dc48338/33/auth_337f08642a480ffe8debea45422b4f34
  - server/.jest-cache/jest-transform-cache-c28e27eaf2cda0320583202d2edf90c5-79ef2876fae7ca75eedb2aa53dc48338/33/auth_337f08642a480ffe8debea45422b4f34.map
  - server/.jest-cache/jest-transform-cache-c28e27eaf2cda0320583202d2edf90c5-79ef2876fae7ca75eedb2aa53dc48338/33/calendarEventstest_334edea616801fd29be828a87789174c
  - server/.jest-cache/jest-transform-cache-c28e27eaf2cda0320583202d2edf90c5-79ef2876fae7ca75eedb2aa53dc48338/33/calendarEventstest_334edea616801fd29be828a87789174c.map
  - server/.jest-cache/jest-transform-cache-c28e27eaf2cda0320583202d2edf90c5-79ef2876fae7ca75eedb2aa53dc48338/33/calendarevents_333f912629627edbda8cea677cd619ec
  - server/.jest-cache/jest-transform-cache-c28e27eaf2cda0320583202d2edf90c5-79ef2876fae7ca75eedb2aa53dc48338/33/calendarevents_333f912629627edbda8cea677cd619ec.map
  - server/.jest-cache/jest-transform-cache-c28e27eaf2cda0320583202d2edf90c5-79ef2876fae7ca75eedb2aa53dc48338/33/calendarevents_336964e5fb686341b7fa8a4738a4ff88
  - server/.jest-cache/jest-transform-cache-c28e27eaf2cda0320583202d2edf90c5-79ef2876fae7ca75eedb2aa53dc48338/33/calendarevents_336964e5fb686341b7fa8a4738a4ff88.map
  - server/.jest-cache/jest-transform-cache-c28e27eaf2cda0320583202d2edf90c5-79ef2876fae7ca75eedb2aa53dc48338/33/clusteringService_33a93ff21411eb329c125406ffebcd42
  - server/.jest-cache/jest-transform-cache-c28e27eaf2cda0320583202d2edf90c5-79ef2876fae7ca75eedb2aa53dc48338/33/clusteringService_33a93ff21411eb329c125406ffebcd42.map
  - server/.jest-cache/jest-transform-cache-c28e27eaf2cda0320583202d2edf90c5-79ef2876fae7ca75eedb2aa53dc48338/33/curriculumImportServicecoveragetest_3328ce5ca441ea40a08ffae2c2bfa117
  - server/.jest-cache/jest-transform-cache-c28e27eaf2cda0320583202d2edf90c5-79ef2876fae7ca75eedb2aa53dc48338/33/curriculumImportServicecoveragetest_3328ce5ca441ea40a08ffae2c2bfa117.map
  - server/.jest-cache/jest-transform-cache-c28e27eaf2cda0320583202d2edf90c5-79ef2876fae7ca75eedb2aa53dc48338/33/educationWebConnector_334a8d4f37ace6dc5362a07ed9b6e0de
  - server/.jest-cache/jest-transform-cache-c28e27eaf2cda0320583202d2edf90c5-79ef2876fae7ca75eedb2aa53dc48338/33/educationWebConnector_334a8d4f37ace6dc5362a07ed9b6e0de.map
  - server/.jest-cache/jest-transform-cache-c28e27eaf2cda0320583202d2edf90c5-79ef2876fae7ca75eedb2aa53dc48338/33/index_33f9e5396256187f4f0d1b35e380991e
  - server/.jest-cache/jest-transform-cache-c28e27eaf2cda0320583202d2edf90c5-79ef2876fae7ca75eedb2aa53dc48338/33/index_33f9e5396256187f4f0d1b35e380991e.map
  - server/.jest-cache/jest-transform-cache-c28e27eaf2cda0320583202d2edf90c5-79ef2876fae7ca75eedb2aa53dc48338/34/daybookentries_344fcc36002d1d566b2a429c21104120
  - server/.jest-cache/jest-transform-cache-c28e27eaf2cda0320583202d2edf90c5-79ef2876fae7ca75eedb2aa53dc48338/34/daybookentries_344fcc36002d1d566b2a429c21104120.map
  - server/.jest-cache/jest-transform-cache-c28e27eaf2cda0320583202d2edf90c5-79ef2876fae7ca75eedb2aa53dc48338/34/discoveryscheduler_34b31f43b6067adae1104a134eb55ccf
  - server/.jest-cache/jest-transform-cache-c28e27eaf2cda0320583202d2edf90c5-79ef2876fae7ca75eedb2aa53dc48338/34/discoveryscheduler_34b31f43b6067adae1104a134eb55ccf.map
  - server/.jest-cache/jest-transform-cache-c28e27eaf2cda0320583202d2edf90c5-79ef2876fae7ca75eedb2aa53dc48338/34/templateServicetest_34415b446cc2f1dcb2dac1af952c742f
  - server/.jest-cache/jest-transform-cache-c28e27eaf2cda0320583202d2edf90c5-79ef2876fae7ca75eedb2aa53dc48338/34/templateServicetest_34415b446cc2f1dcb2dac1af952c742f.map
  - server/.jest-cache/jest-transform-cache-c28e27eaf2cda0320583202d2edf90c5-79ef2876fae7ca75eedb2aa53dc48338/35/aiPlanningAssistanttest_3557ab512dca7e46845c5ba89f9971c4
  - server/.jest-cache/jest-transform-cache-c28e27eaf2cda0320583202d2edf90c5-79ef2876fae7ca75eedb2aa53dc48338/35/aiPlanningAssistanttest_3557ab512dca7e46845c5ba89f9971c4.map
  - server/.jest-cache/jest-transform-cache-c28e27eaf2cda0320583202d2edf90c5-79ef2876fae7ca75eedb2aa53dc48338/35/d3SubPlanExtractorsimpletest_3552ced2698606b86d9346931fcaacfe
  - server/.jest-cache/jest-transform-cache-c28e27eaf2cda0320583202d2edf90c5-79ef2876fae7ca75eedb2aa53dc48338/35/d3SubPlanExtractorsimpletest_3552ced2698606b86d9346931fcaacfe.map
  - server/.jest-cache/jest-transform-cache-c28e27eaf2cda0320583202d2edf90c5-79ef2876fae7ca75eedb2aa53dc48338/35/embeddingService_355f8bf20674e709928a0e0d6c957d1b
  - server/.jest-cache/jest-transform-cache-c28e27eaf2cda0320583202d2edf90c5-79ef2876fae7ca75eedb2aa53dc48338/35/embeddingService_355f8bf20674e709928a0e0d6c957d1b.map
  - server/.jest-cache/jest-transform-cache-c28e27eaf2cda0320583202d2edf90c5-79ef2876fae7ca75eedb2aa53dc48338/35/errorHandler_35c85f6f4e5f029172375f7c0cd8a187
  - server/.jest-cache/jest-transform-cache-c28e27eaf2cda0320583202d2edf90c5-79ef2876fae7ca75eedb2aa53dc48338/35/errorHandler_35c85f6f4e5f029172375f7c0cd8a187.map
  - server/.jest-cache/jest-transform-cache-c28e27eaf2cda0320583202d2edf90c5-79ef2876fae7ca75eedb2aa53dc48338/35/inputSanitization_356cc7087b1c5701d0deafca15cd209c
  - server/.jest-cache/jest-transform-cache-c28e27eaf2cda0320583202d2edf90c5-79ef2876fae7ca75eedb2aa53dc48338/35/inputSanitization_356cc7087b1c5701d0deafca15cd209c.map
  - server/.jest-cache/jest-transform-cache-c28e27eaf2cda0320583202d2edf90c5-79ef2876fae7ca75eedb2aa53dc48338/35/jestsetup_353bbed205424e0da17ea5a5049725f6
  - server/.jest-cache/jest-transform-cache-c28e27eaf2cda0320583202d2edf90c5-79ef2876fae7ca75eedb2aa53dc48338/35/longrangeplans_35082b6c96d2c23499734e5d07a82780
  - server/.jest-cache/jest-transform-cache-c28e27eaf2cda0320583202d2edf90c5-79ef2876fae7ca75eedb2aa53dc48338/35/longrangeplans_35082b6c96d2c23499734e5d07a82780.map
  - server/.jest-cache/jest-transform-cache-c28e27eaf2cda0320583202d2edf90c5-79ef2876fae7ca75eedb2aa53dc48338/35/materialGeneratorunittest_356fc844a62bd2f62da6a8a23ffba5e2
  - server/.jest-cache/jest-transform-cache-c28e27eaf2cda0320583202d2edf90c5-79ef2876fae7ca75eedb2aa53dc48338/35/materialGeneratorunittest_356fc844a62bd2f62da6a8a23ffba5e2.map
  - server/.jest-cache/jest-transform-cache-c28e27eaf2cda0320583202d2edf90c5-79ef2876fae7ca75eedb2aa53dc48338/36/BaseService_363b81f06ebb4426d6fa48517ab1e50c
  - server/.jest-cache/jest-transform-cache-c28e27eaf2cda0320583202d2edf90c5-79ef2876fae7ca75eedb2aa53dc48338/36/BaseService_363b81f06ebb4426d6fa48517ab1e50c.map
  - server/.jest-cache/jest-transform-cache-c28e27eaf2cda0320583202d2edf90c5-79ef2876fae7ca75eedb2aa53dc48338/36/ServiceRegistry_3689d10b3f645cc12e7ea5442efae68d
  - server/.jest-cache/jest-transform-cache-c28e27eaf2cda0320583202d2edf90c5-79ef2876fae7ca75eedb2aa53dc48338/36/ServiceRegistry_3689d10b3f645cc12e7ea5442efae68d.map
  - server/.jest-cache/jest-transform-cache-c28e27eaf2cda0320583202d2edf90c5-79ef2876fae7ca75eedb2aa53dc48338/36/activityDiscoveryService_36d471ced6cefc57c8498f45bd7104d1
  - server/.jest-cache/jest-transform-cache-c28e27eaf2cda0320583202d2edf90c5-79ef2876fae7ca75eedb2aa53dc48338/36/activityDiscoveryService_36d471ced6cefc57c8498f45bd7104d1.map
  - server/.jest-cache/jest-transform-cache-c28e27eaf2cda0320583202d2edf90c5-79ef2876fae7ca75eedb2aa53dc48338/36/emailServicetest_36e774eb9665bc88ed2e825e898c5d47
  - server/.jest-cache/jest-transform-cache-c28e27eaf2cda0320583202d2edf90c5-79ef2876fae7ca75eedb2aa53dc48338/36/emailServicetest_36e774eb9665bc88ed2e825e898c5d47.map
  - server/.jest-cache/jest-transform-cache-c28e27eaf2cda0320583202d2edf90c5-79ef2876fae7ca75eedb2aa53dc48338/36/logger_36810fd5428d14506bb05b1dce3ba59f
  - server/.jest-cache/jest-transform-cache-c28e27eaf2cda0320583202d2edf90c5-79ef2876fae7ca75eedb2aa53dc48338/36/logger_36810fd5428d14506bb05b1dce3ba59f.map
  - server/.jest-cache/jest-transform-cache-c28e27eaf2cda0320583202d2edf90c5-79ef2876fae7ca75eedb2aa53dc48338/36/userroutestest_3682d33c86a0417b577efe758a880130
  - server/.jest-cache/jest-transform-cache-c28e27eaf2cda0320583202d2edf90c5-79ef2876fae7ca75eedb2aa53dc48338/36/userroutestest_3682d33c86a0417b577efe758a880130.map
  - server/.jest-cache/jest-transform-cache-c28e27eaf2cda0320583202d2edf90c5-79ef2876fae7ca75eedb2aa53dc48338/37/comments_37c2676a3a3c359e2178afffd06dea76
  - server/.jest-cache/jest-transform-cache-c28e27eaf2cda0320583202d2edf90c5-79ef2876fae7ca75eedb2aa53dc48338/37/comments_37c2676a3a3c359e2178afffd06dea76.map
  - server/.jest-cache/jest-transform-cache-c28e27eaf2cda0320583202d2edf90c5-79ef2876fae7ca75eedb2aa53dc48338/37/contactExtractor_3742fd7dd5ac35691dc46ecb2e3fe34d
  - server/.jest-cache/jest-transform-cache-c28e27eaf2cda0320583202d2edf90c5-79ef2876fae7ca75eedb2aa53dc48338/37/contactExtractor_3742fd7dd5ac35691dc46ecb2e3fe34d.map
  - server/.jest-cache/jest-transform-cache-c28e27eaf2cda0320583202d2edf90c5-79ef2876fae7ca75eedb2aa53dc48338/37/curriculumImportService_37794d3dcea5c550393accd64d7eaacd
  - server/.jest-cache/jest-transform-cache-c28e27eaf2cda0320583202d2edf90c5-79ef2876fae7ca75eedb2aa53dc48338/37/curriculumImportService_37794d3dcea5c550393accd64d7eaacd.map
  - server/.jest-cache/jest-transform-cache-c28e27eaf2cda0320583202d2edf90c5-79ef2876fae7ca75eedb2aa53dc48338/37/prisma_37a209ebd11cbd70388fac2c82b4760a
  - server/.jest-cache/jest-transform-cache-c28e27eaf2cda0320583202d2edf90c5-79ef2876fae7ca75eedb2aa53dc48338/37/prisma_37a209ebd11cbd70388fac2c82b4760a.map
  - server/.jest-cache/jest-transform-cache-c28e27eaf2cda0320583202d2edf90c5-79ef2876fae7ca75eedb2aa53dc48338/37/prisma_37fec70eeef7d1bfd1ceb7828d5fe2c7
  - server/.jest-cache/jest-transform-cache-c28e27eaf2cda0320583202d2edf90c5-79ef2876fae7ca75eedb2aa53dc48338/37/prisma_37fec70eeef7d1bfd1ceb7828d5fe2c7.map
  - server/.jest-cache/jest-transform-cache-c28e27eaf2cda0320583202d2edf90c5-79ef2876fae7ca75eedb2aa53dc48338/37/serverhealthtest_377f55aba6c32680aa425b9cd9dc2f95
  - server/.jest-cache/jest-transform-cache-c28e27eaf2cda0320583202d2edf90c5-79ef2876fae7ca75eedb2aa53dc48338/37/serverhealthtest_377f55aba6c32680aa425b9cd9dc2f95.map
  - server/.jest-cache/jest-transform-cache-c28e27eaf2cda0320583202d2edf90c5-79ef2876fae7ca75eedb2aa53dc48338/37/validation_370c362ffe46f7995e65ed2b8c461501
  - server/.jest-cache/jest-transform-cache-c28e27eaf2cda0320583202d2edf90c5-79ef2876fae7ca75eedb2aa53dc48338/37/validation_370c362ffe46f7995e65ed2b8c461501.map
  - server/.jest-cache/jest-transform-cache-c28e27eaf2cda0320583202d2edf90c5-79ef2876fae7ca75eedb2aa53dc48338/38/activityDiscoveryService_38f2e4014296ba5640742d6be7c37c08
  - server/.jest-cache/jest-transform-cache-c28e27eaf2cda0320583202d2edf90c5-79ef2876fae7ca75eedb2aa53dc48338/38/activityDiscoveryService_38f2e4014296ba5640742d6be7c37c08.map
  - server/.jest-cache/jest-transform-cache-c28e27eaf2cda0320583202d2edf90c5-79ef2876fae7ca75eedb2aa53dc48338/38/authService_389cb62ce1f3ca09189409646d89df3e
  - server/.jest-cache/jest-transform-cache-c28e27eaf2cda0320583202d2edf90c5-79ef2876fae7ca75eedb2aa53dc48338/38/authService_389cb62ce1f3ca09189409646d89df3e.map
  - server/.jest-cache/jest-transform-cache-c28e27eaf2cda0320583202d2edf90c5-79ef2876fae7ca75eedb2aa53dc48338/38/authService_38accaacde28c9c428be0f0a8ce16393
  - server/.jest-cache/jest-transform-cache-c28e27eaf2cda0320583202d2edf90c5-79ef2876fae7ca75eedb2aa53dc48338/38/authService_38accaacde28c9c428be0f0a8ce16393.map
  - server/.jest-cache/jest-transform-cache-c28e27eaf2cda0320583202d2edf90c5-79ef2876fae7ca75eedb2aa53dc48338/38/comments_3810d8b876e73e3067feecbd18dfe624
  - server/.jest-cache/jest-transform-cache-c28e27eaf2cda0320583202d2edf90c5-79ef2876fae7ca75eedb2aa53dc48338/38/comments_3810d8b876e73e3067feecbd18dfe624.map
  - server/.jest-cache/jest-transform-cache-c28e27eaf2cda0320583202d2edf90c5-79ef2876fae7ca75eedb2aa53dc48338/38/curriculumroutestest_38fabfd9eb938f93dd637317fbeba7b3
  - server/.jest-cache/jest-transform-cache-c28e27eaf2cda0320583202d2edf90c5-79ef2876fae7ca75eedb2aa53dc48338/38/curriculumroutestest_38fabfd9eb938f93dd637317fbeba7b3.map
  - server/.jest-cache/jest-transform-cache-c28e27eaf2cda0320583202d2edf90c5-79ef2876fae7ca75eedb2aa53dc48338/38/progressAnalytics_38d516fd0909c411906f201168a2a763
  - server/.jest-cache/jest-transform-cache-c28e27eaf2cda0320583202d2edf90c5-79ef2876fae7ca75eedb2aa53dc48338/38/progressAnalytics_38d516fd0909c411906f201168a2a763.map
  - server/.jest-cache/jest-transform-cache-c28e27eaf2cda0320583202d2edf90c5-79ef2876fae7ca75eedb2aa53dc48338/38/sharing_38b6f0eb75303ed59db5cb8499cc8a57
  - server/.jest-cache/jest-transform-cache-c28e27eaf2cda0320583202d2edf90c5-79ef2876fae7ca75eedb2aa53dc48338/38/sharing_38b6f0eb75303ed59db5cb8499cc8a57.map
  - server/.jest-cache/jest-transform-cache-c28e27eaf2cda0320583202d2edf90c5-79ef2876fae7ca75eedb2aa53dc48338/39/batch_39bd0648eedfc9b1f972c46a2c815b12
  - server/.jest-cache/jest-transform-cache-c28e27eaf2cda0320583202d2edf90c5-79ef2876fae7ca75eedb2aa53dc48338/39/batch_39bd0648eedfc9b1f972c46a2c815b12.map
  - server/.jest-cache/jest-transform-cache-c28e27eaf2cda0320583202d2edf90c5-79ef2876fae7ca75eedb2aa53dc48338/39/connectorstest_3935e44b66b576ef423d7d0c946557aa
  - server/.jest-cache/jest-transform-cache-c28e27eaf2cda0320583202d2edf90c5-79ef2876fae7ca75eedb2aa53dc48338/39/connectorstest_3935e44b66b576ef423d7d0c946557aa.map
  - server/.jest-cache/jest-transform-cache-c28e27eaf2cda0320583202d2edf90c5-79ef2876fae7ca75eedb2aa53dc48338/39/etfoprogress_39ee6a7178f272abf48beb66ada7b4f6
  - server/.jest-cache/jest-transform-cache-c28e27eaf2cda0320583202d2edf90c5-79ef2876fae7ca75eedb2aa53dc48338/39/etfoprogress_39ee6a7178f272abf48beb66ada7b4f6.map
  - server/.jest-cache/jest-transform-cache-c28e27eaf2cda0320583202d2edf90c5-79ef2876fae7ca75eedb2aa53dc48338/39/reflectionClassifierService_39fcd44790b81d92518680443888c0c5
  - server/.jest-cache/jest-transform-cache-c28e27eaf2cda0320583202d2edf90c5-79ef2876fae7ca75eedb2aa53dc48338/39/reflectionClassifierService_39fcd44790b81d92518680443888c0c5.map
  - server/.jest-cache/jest-transform-cache-c28e27eaf2cda0320583202d2edf90c5-79ef2876fae7ca75eedb2aa53dc48338/39/reportDeadlinetest_395d27c8259c36d00d0c921d4076ffa8
  - server/.jest-cache/jest-transform-cache-c28e27eaf2cda0320583202d2edf90c5-79ef2876fae7ca75eedb2aa53dc48338/39/reportDeadlinetest_395d27c8259c36d00d0c921d4076ffa8.map
  - server/.jest-cache/jest-transform-cache-c28e27eaf2cda0320583202d2edf90c5-79ef2876fae7ca75eedb2aa53dc48338/39/testFramework_39fa407b585afc41d3b0069db24258a9
  - server/.jest-cache/jest-transform-cache-c28e27eaf2cda0320583202d2edf90c5-79ef2876fae7ca75eedb2aa53dc48338/39/testFramework_39fa407b585afc41d3b0069db24258a9.map
  - server/.jest-cache/jest-transform-cache-c28e27eaf2cda0320583202d2edf90c5-79ef2876fae7ca75eedb2aa53dc48338/39/urlValidator_390bc2ae592ac4041aecb14382b84a2b
  - server/.jest-cache/jest-transform-cache-c28e27eaf2cda0320583202d2edf90c5-79ef2876fae7ca75eedb2aa53dc48338/39/urlValidator_390bc2ae592ac4041aecb14382b84a2b.map
  - server/.jest-cache/jest-transform-cache-c28e27eaf2cda0320583202d2edf90c5-79ef2876fae7ca75eedb2aa53dc48338/3a/batch_3ab282ca73cb4160a21f3ddae1c5b310
  - server/.jest-cache/jest-transform-cache-c28e27eaf2cda0320583202d2edf90c5-79ef2876fae7ca75eedb2aa53dc48338/3a/batch_3ab282ca73cb4160a21f3ddae1c5b310.map
  - server/.jest-cache/jest-transform-cache-c28e27eaf2cda0320583202d2edf90c5-79ef2876fae7ca75eedb2aa53dc48338/3a/batchprocessing_3a65b91141fccbeb577c9fe0bf4117f2
  - server/.jest-cache/jest-transform-cache-c28e27eaf2cda0320583202d2edf90c5-79ef2876fae7ca75eedb2aa53dc48338/3a/batchprocessing_3a65b91141fccbeb577c9fe0bf4117f2.map
  - server/.jest-cache/jest-transform-cache-c28e27eaf2cda0320583202d2edf90c5-79ef2876fae7ca75eedb2aa53dc48338/3a/etfolessonplans_3a16e935a27a689f68210381ea9f1537
  - server/.jest-cache/jest-transform-cache-c28e27eaf2cda0320583202d2edf90c5-79ef2876fae7ca75eedb2aa53dc48338/3a/etfolessonplans_3a16e935a27a689f68210381ea9f1537.map
  - server/.jest-cache/jest-transform-cache-c28e27eaf2cda0320583202d2edf90c5-79ef2876fae7ca75eedb2aa53dc48338/3a/globalsetup_3a86d0d0dbc0eec5efbe8b2c646c2f89
  - server/.jest-cache/jest-transform-cache-c28e27eaf2cda0320583202d2edf90c5-79ef2876fae7ca75eedb2aa53dc48338/3a/globalsetup_3a86d0d0dbc0eec5efbe8b2c646c2f89.map
  - server/.jest-cache/jest-transform-cache-c28e27eaf2cda0320583202d2edf90c5-79ef2876fae7ca75eedb2aa53dc48338/3a/llmServicetest_3a7b822b8b40233c1f9f3b37668a8aed
  - server/.jest-cache/jest-transform-cache-c28e27eaf2cda0320583202d2edf90c5-79ef2876fae7ca75eedb2aa53dc48338/3a/llmServicetest_3a7b822b8b40233c1f9f3b37668a8aed.map
  - server/.jest-cache/jest-transform-cache-c28e27eaf2cda0320583202d2edf90c5-79ef2876fae7ca75eedb2aa53dc48338/3b/BaseService_3b0242eb5e2c67d917724fab71b7889c
  - server/.jest-cache/jest-transform-cache-c28e27eaf2cda0320583202d2edf90c5-79ef2876fae7ca75eedb2aa53dc48338/3b/BaseService_3b0242eb5e2c67d917724fab71b7889c.map
  - server/.jest-cache/jest-transform-cache-c28e27eaf2cda0320583202d2edf90c5-79ef2876fae7ca75eedb2aa53dc48338/3b/BaseService_3bb3cbcc7c9914056e60f15b301e8d7a
  - server/.jest-cache/jest-transform-cache-c28e27eaf2cda0320583202d2edf90c5-79ef2876fae7ca75eedb2aa53dc48338/3b/BaseService_3bb3cbcc7c9914056e60f15b301e8d7a.map
  - server/.jest-cache/jest-transform-cache-c28e27eaf2cda0320583202d2edf90c5-79ef2876fae7ca75eedb2aa53dc48338/3b/activitydiscovery_3b2ff0424b07b7e622d90c6912930cfc
  - server/.jest-cache/jest-transform-cache-c28e27eaf2cda0320583202d2edf90c5-79ef2876fae7ca75eedb2aa53dc48338/3b/activitydiscovery_3b2ff0424b07b7e622d90c6912930cfc.map
  - server/.jest-cache/jest-transform-cache-c28e27eaf2cda0320583202d2edf90c5-79ef2876fae7ca75eedb2aa53dc48338/3b/curriculumImportintegrationtest_3bf95d276571f89695cc37e831da4572
  - server/.jest-cache/jest-transform-cache-c28e27eaf2cda0320583202d2edf90c5-79ef2876fae7ca75eedb2aa53dc48338/3b/curriculumImportintegrationtest_3bf95d276571f89695cc37e831da4572.map
  - server/.jest-cache/jest-transform-cache-c28e27eaf2cda0320583202d2edf90c5-79ef2876fae7ca75eedb2aa53dc48338/3b/embeddingServicetest_3bf1b3b31b33481d5d395f4787d0d81d
  - server/.jest-cache/jest-transform-cache-c28e27eaf2cda0320583202d2edf90c5-79ef2876fae7ca75eedb2aa53dc48338/3b/embeddingServicetest_3bf1b3b31b33481d5d395f4787d0d81d.map
  - server/.jest-cache/jest-transform-cache-c28e27eaf2cda0320583202d2edf90c5-79ef2876fae7ca75eedb2aa53dc48338/3b/parentSummaryLLM_3b1c330027e51281edbc1c043835211e
  - server/.jest-cache/jest-transform-cache-c28e27eaf2cda0320583202d2edf90c5-79ef2876fae7ca75eedb2aa53dc48338/3b/parentSummaryLLM_3b1c330027e51281edbc1c043835211e.map
  - server/.jest-cache/jest-transform-cache-c28e27eaf2cda0320583202d2edf90c5-79ef2876fae7ca75eedb2aa53dc48338/3b/testdatabasemanager_3bd84f13815e43d78d64421d10698cac
  - server/.jest-cache/jest-transform-cache-c28e27eaf2cda0320583202d2edf90c5-79ef2876fae7ca75eedb2aa53dc48338/3b/testdatabasemanager_3bd84f13815e43d78d64421d10698cac.map
  - server/.jest-cache/jest-transform-cache-c28e27eaf2cda0320583202d2edf90c5-79ef2876fae7ca75eedb2aa53dc48338/3c/activityDiscoveryService_3cc32545ac7d37611ca2c051e4cdf1d6
  - server/.jest-cache/jest-transform-cache-c28e27eaf2cda0320583202d2edf90c5-79ef2876fae7ca75eedb2aa53dc48338/3c/activityDiscoveryService_3cc32545ac7d37611ca2c051e4cdf1d6.map
  - server/.jest-cache/jest-transform-cache-c28e27eaf2cda0320583202d2edf90c5-79ef2876fae7ca75eedb2aa53dc48338/3c/aiActivityGenerator_3c234fa2ca3a1307ca6bcbe05a6321a2
  - server/.jest-cache/jest-transform-cache-c28e27eaf2cda0320583202d2edf90c5-79ef2876fae7ca75eedb2aa53dc48338/3c/aiActivityGenerator_3c234fa2ca3a1307ca6bcbe05a6321a2.map
  - server/.jest-cache/jest-transform-cache-c28e27eaf2cda0320583202d2edf90c5-79ef2876fae7ca75eedb2aa53dc48338/3c/auth_3c3aa4f39b4f9f49848280b901e2f947
  - server/.jest-cache/jest-transform-cache-c28e27eaf2cda0320583202d2edf90c5-79ef2876fae7ca75eedb2aa53dc48338/3c/auth_3c3aa4f39b4f9f49848280b901e2f947.map
  - server/.jest-cache/jest-transform-cache-c28e27eaf2cda0320583202d2edf90c5-79ef2876fae7ca75eedb2aa53dc48338/3c/index_3cb45e0f774b03125a8145e79700024a
  - server/.jest-cache/jest-transform-cache-c28e27eaf2cda0320583202d2edf90c5-79ef2876fae7ca75eedb2aa53dc48338/3c/index_3cb45e0f774b03125a8145e79700024a.map
  - server/.jest-cache/jest-transform-cache-c28e27eaf2cda0320583202d2edf90c5-79ef2876fae7ca75eedb2aa53dc48338/3c/notificationService_3c1f4f68b66eb93cc3424b5c93341c28
  - server/.jest-cache/jest-transform-cache-c28e27eaf2cda0320583202d2edf90c5-79ef2876fae7ca75eedb2aa53dc48338/3c/notificationService_3c1f4f68b66eb93cc3424b5c93341c28.map
  - server/.jest-cache/jest-transform-cache-c28e27eaf2cda0320583202d2edf90c5-79ef2876fae7ca75eedb2aa53dc48338/3c/notificationService_3c681522af3deb8f183d87c57ccbe781
  - server/.jest-cache/jest-transform-cache-c28e27eaf2cda0320583202d2edf90c5-79ef2876fae7ca75eedb2aa53dc48338/3c/notificationService_3c681522af3deb8f183d87c57ccbe781.map
  - server/.jest-cache/jest-transform-cache-c28e27eaf2cda0320583202d2edf90c5-79ef2876fae7ca75eedb2aa53dc48338/3c/notificationService_3c8a467901217419593617a2cb1a1092
  - server/.jest-cache/jest-transform-cache-c28e27eaf2cda0320583202d2edf90c5-79ef2876fae7ca75eedb2aa53dc48338/3c/notificationService_3c8a467901217419593617a2cb1a1092.map
  - server/.jest-cache/jest-transform-cache-c28e27eaf2cda0320583202d2edf90c5-79ef2876fae7ca75eedb2aa53dc48338/3c/notifications_3ce9cbf92d1a173b2b7ba6ca7d8a4c67
  - server/.jest-cache/jest-transform-cache-c28e27eaf2cda0320583202d2edf90c5-79ef2876fae7ca75eedb2aa53dc48338/3c/notifications_3ce9cbf92d1a173b2b7ba6ca7d8a4c67.map
  - server/.jest-cache/jest-transform-cache-c28e27eaf2cda0320583202d2edf90c5-79ef2876fae7ca75eedb2aa53dc48338/3c/openai_3ce72a53c70f9083ede57aefb6989784
  - server/.jest-cache/jest-transform-cache-c28e27eaf2cda0320583202d2edf90c5-79ef2876fae7ca75eedb2aa53dc48338/3c/reportGeneratorService_3c879e642de40fffb99eab8af6f1a81a
  - server/.jest-cache/jest-transform-cache-c28e27eaf2cda0320583202d2edf90c5-79ef2876fae7ca75eedb2aa53dc48338/3c/reportGeneratorService_3c879e642de40fffb99eab8af6f1a81a.map
  - server/.jest-cache/jest-transform-cache-c28e27eaf2cda0320583202d2edf90c5-79ef2876fae7ca75eedb2aa53dc48338/3c/testdatabasemanager_3c3987f8d3ddad149d6028fc85cf50f4
  - server/.jest-cache/jest-transform-cache-c28e27eaf2cda0320583202d2edf90c5-79ef2876fae7ca75eedb2aa53dc48338/3c/testdatabasemanager_3c3987f8d3ddad149d6028fc85cf50f4.map
  - server/.jest-cache/jest-transform-cache-c28e27eaf2cda0320583202d2edf90c5-79ef2876fae7ca75eedb2aa53dc48338/3c/workflowstate_3ca5e42b85391387e8625a411571e100
  - server/.jest-cache/jest-transform-cache-c28e27eaf2cda0320583202d2edf90c5-79ef2876fae7ca75eedb2aa53dc48338/3c/workflowstate_3ca5e42b85391387e8625a411571e100.map
  - server/.jest-cache/jest-transform-cache-c28e27eaf2cda0320583202d2edf90c5-79ef2876fae7ca75eedb2aa53dc48338/3d/aiPlanningAssistant_3d6ab283733ce3d38b4fad9920930945
  - server/.jest-cache/jest-transform-cache-c28e27eaf2cda0320583202d2edf90c5-79ef2876fae7ca75eedb2aa53dc48338/3d/aiPlanningAssistant_3d6ab283733ce3d38b4fad9920930945.map
  - server/.jest-cache/jest-transform-cache-c28e27eaf2cda0320583202d2edf90c5-79ef2876fae7ca75eedb2aa53dc48338/3d/smartMaterialExtractor_3d1a3ae763365ae9db5c745f1fc939e6
  - server/.jest-cache/jest-transform-cache-c28e27eaf2cda0320583202d2edf90c5-79ef2876fae7ca75eedb2aa53dc48338/3d/smartMaterialExtractor_3d1a3ae763365ae9db5c745f1fc939e6.map
  - server/.jest-cache/jest-transform-cache-c28e27eaf2cda0320583202d2edf90c5-79ef2876fae7ca75eedb2aa53dc48338/3d/subplan_3d8995d36e3ed661ba07e87df871cb6e
  - server/.jest-cache/jest-transform-cache-c28e27eaf2cda0320583202d2edf90c5-79ef2876fae7ca75eedb2aa53dc48338/3d/subplan_3d8995d36e3ed661ba07e87df871cb6e.map
  - server/.jest-cache/jest-transform-cache-c28e27eaf2cda0320583202d2edf90c5-79ef2876fae7ca75eedb2aa53dc48338/3d/testauthhelper_3d7c665f91d81bdf264641875353871f
  - server/.jest-cache/jest-transform-cache-c28e27eaf2cda0320583202d2edf90c5-79ef2876fae7ca75eedb2aa53dc48338/3d/testauthhelper_3d7c665f91d81bdf264641875353871f.map
  - server/.jest-cache/jest-transform-cache-c28e27eaf2cda0320583202d2edf90c5-79ef2876fae7ca75eedb2aa53dc48338/3d/testdatabasemanager_3db7df5d7a9062bee8799c186757ce9b
  - server/.jest-cache/jest-transform-cache-c28e27eaf2cda0320583202d2edf90c5-79ef2876fae7ca75eedb2aa53dc48338/3d/testdatabasemanager_3db7df5d7a9062bee8799c186757ce9b.map
  - server/.jest-cache/jest-transform-cache-c28e27eaf2cda0320583202d2edf90c5-79ef2876fae7ca75eedb2aa53dc48338/3e/auth_3e7699f5f95dc1090b482b6d18d0473f
  - server/.jest-cache/jest-transform-cache-c28e27eaf2cda0320583202d2edf90c5-79ef2876fae7ca75eedb2aa53dc48338/3e/auth_3e7699f5f95dc1090b482b6d18d0473f.map
  - server/.jest-cache/jest-transform-cache-c28e27eaf2cda0320583202d2edf90c5-79ef2876fae7ca75eedb2aa53dc48338/3e/comments_3e565532addcf62f9eccb039dbc45eb0
  - server/.jest-cache/jest-transform-cache-c28e27eaf2cda0320583202d2edf90c5-79ef2876fae7ca75eedb2aa53dc48338/3e/comments_3e565532addcf62f9eccb039dbc45eb0.map
  - server/.jest-cache/jest-transform-cache-c28e27eaf2cda0320583202d2edf90c5-79ef2876fae7ca75eedb2aa53dc48338/3e/curriculumImport_3e02dbed4f2ff4f3a4d5c236d2239327
  - server/.jest-cache/jest-transform-cache-c28e27eaf2cda0320583202d2edf90c5-79ef2876fae7ca75eedb2aa53dc48338/3e/curriculumImport_3e02dbed4f2ff4f3a4d5c236d2239327.map
  - server/.jest-cache/jest-transform-cache-c28e27eaf2cda0320583202d2edf90c5-79ef2876fae7ca75eedb2aa53dc48338/3e/openai_3ed5c65eb92310b46cf85c38e2eb2137
  - server/.jest-cache/jest-transform-cache-c28e27eaf2cda0320583202d2edf90c5-79ef2876fae7ca75eedb2aa53dc48338/3e/reportGeneratorServicetest_3e7796ddc41c29f07f7ba90b3782f308
  - server/.jest-cache/jest-transform-cache-c28e27eaf2cda0320583202d2edf90c5-79ef2876fae7ca75eedb2aa53dc48338/3e/reportGeneratorServicetest_3e7796ddc41c29f07f7ba90b3782f308.map
  - server/.jest-cache/jest-transform-cache-c28e27eaf2cda0320583202d2edf90c5-79ef2876fae7ca75eedb2aa53dc48338/3e/subPlanService_3ea1e3aaa418cdb539f081cfad26ac29
  - server/.jest-cache/jest-transform-cache-c28e27eaf2cda0320583202d2edf90c5-79ef2876fae7ca75eedb2aa53dc48338/3e/subPlanService_3ea1e3aaa418cdb539f081cfad26ac29.map
  - server/.jest-cache/jest-transform-cache-c28e27eaf2cda0320583202d2edf90c5-79ef2876fae7ca75eedb2aa53dc48338/3e/subplan_3ee3c830924512254ecb6820c2d13807
  - server/.jest-cache/jest-transform-cache-c28e27eaf2cda0320583202d2edf90c5-79ef2876fae7ca75eedb2aa53dc48338/3e/subplan_3ee3c830924512254ecb6820c2d13807.map
  - server/.jest-cache/jest-transform-cache-c28e27eaf2cda0320583202d2edf90c5-79ef2876fae7ca75eedb2aa53dc48338/3e/workflowstate_3ec0b939f550935a5bfd7b4f3c40cb8e
  - server/.jest-cache/jest-transform-cache-c28e27eaf2cda0320583202d2edf90c5-79ef2876fae7ca75eedb2aa53dc48338/3e/workflowstate_3ec0b939f550935a5bfd7b4f3c40cb8e.map
  - server/.jest-cache/jest-transform-cache-c28e27eaf2cda0320583202d2edf90c5-79ef2876fae7ca75eedb2aa53dc48338/3f/backupServicetest_3fd3dec0dfb5ab794858976f4be76923
  - server/.jest-cache/jest-transform-cache-c28e27eaf2cda0320583202d2edf90c5-79ef2876fae7ca75eedb2aa53dc48338/3f/backupServicetest_3fd3dec0dfb5ab794858976f4be76923.map
  - server/.jest-cache/jest-transform-cache-c28e27eaf2cda0320583202d2edf90c5-79ef2876fae7ca75eedb2aa53dc48338/3f/curriculumImportServicecoveragetest_3f5b141b4fc723c27ea13faccc69511e
  - server/.jest-cache/jest-transform-cache-c28e27eaf2cda0320583202d2edf90c5-79ef2876fae7ca75eedb2aa53dc48338/3f/curriculumImportServicecoveragetest_3f5b141b4fc723c27ea13faccc69511e.map
  - server/.jest-cache/jest-transform-cache-c28e27eaf2cda0320583202d2edf90c5-79ef2876fae7ca75eedb2aa53dc48338/3f/educationWebConnector_3f16b18e497805f596b62e76f430e970
  - server/.jest-cache/jest-transform-cache-c28e27eaf2cda0320583202d2edf90c5-79ef2876fae7ca75eedb2aa53dc48338/3f/educationWebConnector_3f16b18e497805f596b62e76f430e970.map
  - server/.jest-cache/jest-transform-cache-c28e27eaf2cda0320583202d2edf90c5-79ef2876fae7ca75eedb2aa53dc48338/3f/emailService_3fc461a5e779e2d3339775ed4360493b
  - server/.jest-cache/jest-transform-cache-c28e27eaf2cda0320583202d2edf90c5-79ef2876fae7ca75eedb2aa53dc48338/3f/emailService_3fc461a5e779e2d3339775ed4360493b.map
  - server/.jest-cache/jest-transform-cache-c28e27eaf2cda0320583202d2edf90c5-79ef2876fae7ca75eedb2aa53dc48338/3f/index_3f94dd7f66e113ea031f9f53c0962acb
  - server/.jest-cache/jest-transform-cache-c28e27eaf2cda0320583202d2edf90c5-79ef2876fae7ca75eedb2aa53dc48338/3f/index_3f94dd7f66e113ea031f9f53c0962acb.map
  - server/.jest-cache/jest-transform-cache-c28e27eaf2cda0320583202d2edf90c5-79ef2876fae7ca75eedb2aa53dc48338/3f/materialGenerator_3feb88ec22233df71c142c67698cfaf9
  - server/.jest-cache/jest-transform-cache-c28e27eaf2cda0320583202d2edf90c5-79ef2876fae7ca75eedb2aa53dc48338/3f/materialGenerator_3feb88ec22233df71c142c67698cfaf9.map
  - server/.jest-cache/jest-transform-cache-c28e27eaf2cda0320583202d2edf90c5-79ef2876fae7ca75eedb2aa53dc48338/3f/newsletters_3f65a0a4ceb4f1b13978b8581c084023
  - server/.jest-cache/jest-transform-cache-c28e27eaf2cda0320583202d2edf90c5-79ef2876fae7ca75eedb2aa53dc48338/3f/newsletters_3f65a0a4ceb4f1b13978b8581c084023.map
  - server/.jest-cache/jest-transform-cache-c28e27eaf2cda0320583202d2edf90c5-79ef2876fae7ca75eedb2aa53dc48338/3f/sharing_3f02d5a22d6531f1e1dcddd85dbcb933
  - server/.jest-cache/jest-transform-cache-c28e27eaf2cda0320583202d2edf90c5-79ef2876fae7ca75eedb2aa53dc48338/3f/sharing_3f02d5a22d6531f1e1dcddd85dbcb933.map
  - server/.jest-cache/jest-transform-cache-c28e27eaf2cda0320583202d2edf90c5-79ef2876fae7ca75eedb2aa53dc48338/3f/subplan_3fe2eb5e2cf744dbc6a52e12e4542539
  - server/.jest-cache/jest-transform-cache-c28e27eaf2cda0320583202d2edf90c5-79ef2876fae7ca75eedb2aa53dc48338/3f/subplan_3fe2eb5e2cf744dbc6a52e12e4542539.map
  - server/.jest-cache/jest-transform-cache-c28e27eaf2cda0320583202d2edf90c5-79ef2876fae7ca75eedb2aa53dc48338/3f/validateRequest_3f7f2073d2c8626f0b07e72ab1981dbe
  - server/.jest-cache/jest-transform-cache-c28e27eaf2cda0320583202d2edf90c5-79ef2876fae7ca75eedb2aa53dc48338/3f/validateRequest_3f7f2073d2c8626f0b07e72ab1981dbe.map
  - server/.jest-cache/jest-transform-cache-c28e27eaf2cda0320583202d2edf90c5-79ef2876fae7ca75eedb2aa53dc48338/40/clusteringService_4066c84c058815562990acebc92cbc37
  - server/.jest-cache/jest-transform-cache-c28e27eaf2cda0320583202d2edf90c5-79ef2876fae7ca75eedb2aa53dc48338/40/clusteringService_4066c84c058815562990acebc92cbc37.map
  - server/.jest-cache/jest-transform-cache-c28e27eaf2cda0320583202d2edf90c5-79ef2876fae7ca75eedb2aa53dc48338/40/teams_4078f82327b174c6a22644c8cd84c02c
  - server/.jest-cache/jest-transform-cache-c28e27eaf2cda0320583202d2edf90c5-79ef2876fae7ca75eedb2aa53dc48338/40/teams_4078f82327b174c6a22644c8cd84c02c.map
  - server/.jest-cache/jest-transform-cache-c28e27eaf2cda0320583202d2edf90c5-79ef2876fae7ca75eedb2aa53dc48338/40/templateService_403dc604651d3dea2c9bc7e3b30d134b
  - server/.jest-cache/jest-transform-cache-c28e27eaf2cda0320583202d2edf90c5-79ef2876fae7ca75eedb2aa53dc48338/40/templateService_403dc604651d3dea2c9bc7e3b30d134b.map
  - server/.jest-cache/jest-transform-cache-c28e27eaf2cda0320583202d2edf90c5-79ef2876fae7ca75eedb2aa53dc48338/40/templates_40f81dfb19b12a1af7860e7ab1d85ccd
  - server/.jest-cache/jest-transform-cache-c28e27eaf2cda0320583202d2edf90c5-79ef2876fae7ca75eedb2aa53dc48338/40/templates_40f81dfb19b12a1af7860e7ab1d85ccd.map
  - server/.jest-cache/jest-transform-cache-c28e27eaf2cda0320583202d2edf90c5-79ef2876fae7ca75eedb2aa53dc48338/41/CacheService_4186b5421ab26e9f913dca97c207e7b0
  - server/.jest-cache/jest-transform-cache-c28e27eaf2cda0320583202d2edf90c5-79ef2876fae7ca75eedb2aa53dc48338/41/CacheService_4186b5421ab26e9f913dca97c207e7b0.map
  - server/.jest-cache/jest-transform-cache-c28e27eaf2cda0320583202d2edf90c5-79ef2876fae7ca75eedb2aa53dc48338/41/aiplanning_4127e8d2b087da8a143d11dcfb95f130
  - server/.jest-cache/jest-transform-cache-c28e27eaf2cda0320583202d2edf90c5-79ef2876fae7ca75eedb2aa53dc48338/41/aiplanning_4127e8d2b087da8a143d11dcfb95f130.map
  - server/.jest-cache/jest-transform-cache-c28e27eaf2cda0320583202d2edf90c5-79ef2876fae7ca75eedb2aa53dc48338/41/backupRoutestest_41fbedae1270ab049d3b95d6fb4eee84
  - server/.jest-cache/jest-transform-cache-c28e27eaf2cda0320583202d2edf90c5-79ef2876fae7ca75eedb2aa53dc48338/41/backupRoutestest_41fbedae1270ab049d3b95d6fb4eee84.map
  - server/.jest-cache/jest-transform-cache-c28e27eaf2cda0320583202d2edf90c5-79ef2876fae7ca75eedb2aa53dc48338/41/equipmentBookingtest_41e9b7afcdcb241d0fe628f0ce762c84
  - server/.jest-cache/jest-transform-cache-c28e27eaf2cda0320583202d2edf90c5-79ef2876fae7ca75eedb2aa53dc48338/41/equipmentBookingtest_41e9b7afcdcb241d0fe628f0ce762c84.map
  - server/.jest-cache/jest-transform-cache-c28e27eaf2cda0320583202d2edf90c5-79ef2876fae7ca75eedb2aa53dc48338/41/lessonroutestest_41f27a0d5d59f17d23812a19819760ca
  - server/.jest-cache/jest-transform-cache-c28e27eaf2cda0320583202d2edf90c5-79ef2876fae7ca75eedb2aa53dc48338/41/lessonroutestest_41f27a0d5d59f17d23812a19819760ca.map
  - server/.jest-cache/jest-transform-cache-c28e27eaf2cda0320583202d2edf90c5-79ef2876fae7ca75eedb2aa53dc48338/41/recentplans_41382022bf3b3a03beb5708e31789f04
  - server/.jest-cache/jest-transform-cache-c28e27eaf2cda0320583202d2edf90c5-79ef2876fae7ca75eedb2aa53dc48338/41/recentplans_41382022bf3b3a03beb5708e31789f04.map
  - server/.jest-cache/jest-transform-cache-c28e27eaf2cda0320583202d2edf90c5-79ef2876fae7ca75eedb2aa53dc48338/41/scenarioTemplateExtractor_41f914f0a48cfc87584e30d2f6052802
  - server/.jest-cache/jest-transform-cache-c28e27eaf2cda0320583202d2edf90c5-79ef2876fae7ca75eedb2aa53dc48338/41/scenarioTemplateExtractor_41f914f0a48cfc87584e30d2f6052802.map
  - server/.jest-cache/jest-transform-cache-c28e27eaf2cda0320583202d2edf90c5-79ef2876fae7ca75eedb2aa53dc48338/42/contactExtractorunittest_4258c8af2d293eb45bb835e23b402ce5
  - server/.jest-cache/jest-transform-cache-c28e27eaf2cda0320583202d2edf90c5-79ef2876fae7ca75eedb2aa53dc48338/42/contactExtractorunittest_4258c8af2d293eb45bb835e23b402ce5.map
  - server/.jest-cache/jest-transform-cache-c28e27eaf2cda0320583202d2edf90c5-79ef2876fae7ca75eedb2aa53dc48338/42/curriculumDiscoveryService_423596b079574c30379abf998eee0910
  - server/.jest-cache/jest-transform-cache-c28e27eaf2cda0320583202d2edf90c5-79ef2876fae7ca75eedb2aa53dc48338/42/curriculumDiscoveryService_423596b079574c30379abf998eee0910.map
  - server/.jest-cache/jest-transform-cache-c28e27eaf2cda0320583202d2edf90c5-79ef2876fae7ca75eedb2aa53dc48338/42/emailService_42fe0a0729cba0288bfaa62ad1d485b5
  - server/.jest-cache/jest-transform-cache-c28e27eaf2cda0320583202d2edf90c5-79ef2876fae7ca75eedb2aa53dc48338/42/emailService_42fe0a0729cba0288bfaa62ad1d485b5.map
  - server/.jest-cache/jest-transform-cache-c28e27eaf2cda0320583202d2edf90c5-79ef2876fae7ca75eedb2aa53dc48338/42/integrationtestsetup_42e6edca75987dd62380fa3dd04fef51
  - server/.jest-cache/jest-transform-cache-c28e27eaf2cda0320583202d2edf90c5-79ef2876fae7ca75eedb2aa53dc48338/42/integrationtestsetup_42e6edca75987dd62380fa3dd04fef51.map
  - server/.jest-cache/jest-transform-cache-c28e27eaf2cda0320583202d2edf90c5-79ef2876fae7ca75eedb2aa53dc48338/43/activityDiscoveryService_432260215d9c395998a500a7f03449aa
  - server/.jest-cache/jest-transform-cache-c28e27eaf2cda0320583202d2edf90c5-79ef2876fae7ca75eedb2aa53dc48338/43/activityDiscoveryService_432260215d9c395998a500a7f03449aa.map
  - server/.jest-cache/jest-transform-cache-c28e27eaf2cda0320583202d2edf90c5-79ef2876fae7ca75eedb2aa53dc48338/43/aiDraftService_43f22d2bc2ff83a93301ae29a19dd3b2
  - server/.jest-cache/jest-transform-cache-c28e27eaf2cda0320583202d2edf90c5-79ef2876fae7ca75eedb2aa53dc48338/43/aiDraftService_43f22d2bc2ff83a93301ae29a19dd3b2.map
  - server/.jest-cache/jest-transform-cache-c28e27eaf2cda0320583202d2edf90c5-79ef2876fae7ca75eedb2aa53dc48338/43/auditLog_4323f5467ed31db3ecbdbfc3edef341c
  - server/.jest-cache/jest-transform-cache-c28e27eaf2cda0320583202d2edf90c5-79ef2876fae7ca75eedb2aa53dc48338/43/auditLog_4323f5467ed31db3ecbdbfc3edef341c.map
  - server/.jest-cache/jest-transform-cache-c28e27eaf2cda0320583202d2edf90c5-79ef2876fae7ca75eedb2aa53dc48338/43/curriculumImportintegrationtest_437344fd77ffa7066d0b2642ddcea988
  - server/.jest-cache/jest-transform-cache-c28e27eaf2cda0320583202d2edf90c5-79ef2876fae7ca75eedb2aa53dc48338/43/curriculumImportintegrationtest_437344fd77ffa7066d0b2642ddcea988.map
  - server/.jest-cache/jest-transform-cache-c28e27eaf2cda0320583202d2edf90c5-79ef2876fae7ca75eedb2aa53dc48338/43/llmService_431efb202837c11056a490ed054345b7
  - server/.jest-cache/jest-transform-cache-c28e27eaf2cda0320583202d2edf90c5-79ef2876fae7ca75eedb2aa53dc48338/43/llmService_431efb202837c11056a490ed054345b7.map
  - server/.jest-cache/jest-transform-cache-c28e27eaf2cda0320583202d2edf90c5-79ef2876fae7ca75eedb2aa53dc48338/43/planningEngine_43bb48884cd92bf708e6644e6f50f818
  - server/.jest-cache/jest-transform-cache-c28e27eaf2cda0320583202d2edf90c5-79ef2876fae7ca75eedb2aa53dc48338/43/planningEngine_43bb48884cd92bf708e6644e6f50f818.map
  - server/.jest-cache/jest-transform-cache-c28e27eaf2cda0320583202d2edf90c5-79ef2876fae7ca75eedb2aa53dc48338/43/schemaFactory_431258b654482f6d043cbb39920eec23
  - server/.jest-cache/jest-transform-cache-c28e27eaf2cda0320583202d2edf90c5-79ef2876fae7ca75eedb2aa53dc48338/43/schemaFactory_431258b654482f6d043cbb39920eec23.map
  - server/.jest-cache/jest-transform-cache-c28e27eaf2cda0320583202d2edf90c5-79ef2876fae7ca75eedb2aa53dc48338/44/activitydiscovery_4450b96aaf4a8a624e9575db108e10cd
  - server/.jest-cache/jest-transform-cache-c28e27eaf2cda0320583202d2edf90c5-79ef2876fae7ca75eedb2aa53dc48338/44/activitydiscovery_4450b96aaf4a8a624e9575db108e10cd.map
  - server/.jest-cache/jest-transform-cache-c28e27eaf2cda0320583202d2edf90c5-79ef2876fae7ca75eedb2aa53dc48338/44/embeddingService_44ac1e9a0aa30942970c60583a43427b
  - server/.jest-cache/jest-transform-cache-c28e27eaf2cda0320583202d2edf90c5-79ef2876fae7ca75eedb2aa53dc48338/44/embeddingService_44ac1e9a0aa30942970c60583a43427b.map
  - server/.jest-cache/jest-transform-cache-c28e27eaf2cda0320583202d2edf90c5-79ef2876fae7ca75eedb2aa53dc48338/44/llmServicetest_44744ce4a72aec6c2880f8b157fdd634
  - server/.jest-cache/jest-transform-cache-c28e27eaf2cda0320583202d2edf90c5-79ef2876fae7ca75eedb2aa53dc48338/44/llmServicetest_44744ce4a72aec6c2880f8b157fdd634.map
  - server/.jest-cache/jest-transform-cache-c28e27eaf2cda0320583202d2edf90c5-79ef2876fae7ca75eedb2aa53dc48338/44/teams_44a8f74c5172ae8ed88c4a4aa2811457
  - server/.jest-cache/jest-transform-cache-c28e27eaf2cda0320583202d2edf90c5-79ef2876fae7ca75eedb2aa53dc48338/44/teams_44a8f74c5172ae8ed88c4a4aa2811457.map
  - server/.jest-cache/jest-transform-cache-c28e27eaf2cda0320583202d2edf90c5-79ef2876fae7ca75eedb2aa53dc48338/44/workflowstate_4460991b8b7b4e32070f5c96b978d29c
  - server/.jest-cache/jest-transform-cache-c28e27eaf2cda0320583202d2edf90c5-79ef2876fae7ca75eedb2aa53dc48338/44/workflowstate_4460991b8b7b4e32070f5c96b978d29c.map
  - server/.jest-cache/jest-transform-cache-c28e27eaf2cda0320583202d2edf90c5-79ef2876fae7ca75eedb2aa53dc48338/45/authService_450e27b4699f1742f6d528028bae6e59
  - server/.jest-cache/jest-transform-cache-c28e27eaf2cda0320583202d2edf90c5-79ef2876fae7ca75eedb2aa53dc48338/45/authService_450e27b4699f1742f6d528028bae6e59.map
  - server/.jest-cache/jest-transform-cache-c28e27eaf2cda0320583202d2edf90c5-79ef2876fae7ca75eedb2aa53dc48338/45/auth_451fd61280534b1692055ba46aacbb42
  - server/.jest-cache/jest-transform-cache-c28e27eaf2cda0320583202d2edf90c5-79ef2876fae7ca75eedb2aa53dc48338/45/auth_451fd61280534b1692055ba46aacbb42.map
  - server/.jest-cache/jest-transform-cache-c28e27eaf2cda0320583202d2edf90c5-79ef2876fae7ca75eedb2aa53dc48338/45/baseConnector_45e22ed4f3810ebc785718aff67773a1
  - server/.jest-cache/jest-transform-cache-c28e27eaf2cda0320583202d2edf90c5-79ef2876fae7ca75eedb2aa53dc48338/45/baseConnector_45e22ed4f3810ebc785718aff67773a1.map
  - server/.jest-cache/jest-transform-cache-c28e27eaf2cda0320583202d2edf90c5-79ef2876fae7ca75eedb2aa53dc48338/45/contactValidation_45ebcb09585c79478b679e4cfad8de36
  - server/.jest-cache/jest-transform-cache-c28e27eaf2cda0320583202d2edf90c5-79ef2876fae7ca75eedb2aa53dc48338/45/contactValidation_45ebcb09585c79478b679e4cfad8de36.map
  - server/.jest-cache/jest-transform-cache-c28e27eaf2cda0320583202d2edf90c5-79ef2876fae7ca75eedb2aa53dc48338/45/testdatabasemanager_45e6dd3bab541af4762d786726304339
  - server/.jest-cache/jest-transform-cache-c28e27eaf2cda0320583202d2edf90c5-79ef2876fae7ca75eedb2aa53dc48338/45/testdatabasemanager_45e6dd3bab541af4762d786726304339.map
  - server/.jest-cache/jest-transform-cache-c28e27eaf2cda0320583202d2edf90c5-79ef2876fae7ca75eedb2aa53dc48338/46/educationWebConnector_460891b1bb66a26c7f281f169c22dde3
  - server/.jest-cache/jest-transform-cache-c28e27eaf2cda0320583202d2edf90c5-79ef2876fae7ca75eedb2aa53dc48338/46/educationWebConnector_460891b1bb66a26c7f281f169c22dde3.map
  - server/.jest-cache/jest-transform-cache-c28e27eaf2cda0320583202d2edf90c5-79ef2876fae7ca75eedb2aa53dc48338/46/educationWebConnector_4668a0e5e15b1bb19968798682fee9bc
  - server/.jest-cache/jest-transform-cache-c28e27eaf2cda0320583202d2edf90c5-79ef2876fae7ca75eedb2aa53dc48338/46/educationWebConnector_4668a0e5e15b1bb19968798682fee9bc.map
  - server/.jest-cache/jest-transform-cache-c28e27eaf2cda0320583202d2edf90c5-79ef2876fae7ca75eedb2aa53dc48338/46/globalsetup_46835f6971d1a0a5af7fcb82bc2422d5
  - server/.jest-cache/jest-transform-cache-c28e27eaf2cda0320583202d2edf90c5-79ef2876fae7ca75eedb2aa53dc48338/46/globalsetup_46835f6971d1a0a5af7fcb82bc2422d5.map
  - server/.jest-cache/jest-transform-cache-c28e27eaf2cda0320583202d2edf90c5-79ef2876fae7ca75eedb2aa53dc48338/46/index_466ef95b16145508b4240109d21fd8fe
  - server/.jest-cache/jest-transform-cache-c28e27eaf2cda0320583202d2edf90c5-79ef2876fae7ca75eedb2aa53dc48338/46/index_466ef95b16145508b4240109d21fd8fe.map
  - server/.jest-cache/jest-transform-cache-c28e27eaf2cda0320583202d2edf90c5-79ef2876fae7ca75eedb2aa53dc48338/46/oerConnector_46fbcde521ac6a8954d21bc5447b38a5
  - server/.jest-cache/jest-transform-cache-c28e27eaf2cda0320583202d2edf90c5-79ef2876fae7ca75eedb2aa53dc48338/46/oerConnector_46fbcde521ac6a8954d21bc5447b38a5.map
  - server/.jest-cache/jest-transform-cache-c28e27eaf2cda0320583202d2edf90c5-79ef2876fae7ca75eedb2aa53dc48338/46/templateService_46ee64d87f86e9153bfe072253afb599
  - server/.jest-cache/jest-transform-cache-c28e27eaf2cda0320583202d2edf90c5-79ef2876fae7ca75eedb2aa53dc48338/46/templateService_46ee64d87f86e9153bfe072253afb599.map
  - server/.jest-cache/jest-transform-cache-c28e27eaf2cda0320583202d2edf90c5-79ef2876fae7ca75eedb2aa53dc48338/47/contactExtractorunittest_47cc9ee6e67db60a7702cb48793e6000
  - server/.jest-cache/jest-transform-cache-c28e27eaf2cda0320583202d2edf90c5-79ef2876fae7ca75eedb2aa53dc48338/47/contactExtractorunittest_47cc9ee6e67db60a7702cb48793e6000.map
  - server/.jest-cache/jest-transform-cache-c28e27eaf2cda0320583202d2edf90c5-79ef2876fae7ca75eedb2aa53dc48338/47/emailServicetest_4719ceeb5b29a7c161b8ab5827a2e678
  - server/.jest-cache/jest-transform-cache-c28e27eaf2cda0320583202d2edf90c5-79ef2876fae7ca75eedb2aa53dc48338/47/emailServicetest_4719ceeb5b29a7c161b8ab5827a2e678.map
  - server/.jest-cache/jest-transform-cache-c28e27eaf2cda0320583202d2edf90c5-79ef2876fae7ca75eedb2aa53dc48338/47/materialExtractor_4780abe53453e316b16699fed7dec9b1
  - server/.jest-cache/jest-transform-cache-c28e27eaf2cda0320583202d2edf90c5-79ef2876fae7ca75eedb2aa53dc48338/47/materialExtractor_4780abe53453e316b16699fed7dec9b1.map
  - server/.jest-cache/jest-transform-cache-c28e27eaf2cda0320583202d2edf90c5-79ef2876fae7ca75eedb2aa53dc48338/48/auth_48a0e1043b06ea93d04fd4f20ac6bbe9
  - server/.jest-cache/jest-transform-cache-c28e27eaf2cda0320583202d2edf90c5-79ef2876fae7ca75eedb2aa53dc48338/48/auth_48a0e1043b06ea93d04fd4f20ac6bbe9.map
  - server/.jest-cache/jest-transform-cache-c28e27eaf2cda0320583202d2edf90c5-79ef2876fae7ca75eedb2aa53dc48338/48/batchprocessing_48e56fb2d2b0126731a157f9dc7989e9
  - server/.jest-cache/jest-transform-cache-c28e27eaf2cda0320583202d2edf90c5-79ef2876fae7ca75eedb2aa53dc48338/48/batchprocessing_48e56fb2d2b0126731a157f9dc7989e9.map
  - server/.jest-cache/jest-transform-cache-c28e27eaf2cda0320583202d2edf90c5-79ef2876fae7ca75eedb2aa53dc48338/48/curriculumWebConnector_48bf41e3ad356d7dad9a94b1a1b22c19
  - server/.jest-cache/jest-transform-cache-c28e27eaf2cda0320583202d2edf90c5-79ef2876fae7ca75eedb2aa53dc48338/48/curriculumWebConnector_48bf41e3ad356d7dad9a94b1a1b22c19.map
  - server/.jest-cache/jest-transform-cache-c28e27eaf2cda0320583202d2edf90c5-79ef2876fae7ca75eedb2aa53dc48338/48/databasemock_48c7eb0bec32c02642600dbcfde4a3fb
  - server/.jest-cache/jest-transform-cache-c28e27eaf2cda0320583202d2edf90c5-79ef2876fae7ca75eedb2aa53dc48338/48/databasemock_48c7eb0bec32c02642600dbcfde4a3fb.map
  - server/.jest-cache/jest-transform-cache-c28e27eaf2cda0320583202d2edf90c5-79ef2876fae7ca75eedb2aa53dc48338/48/newsletterroutestest_483cf74ad85f645a8070b53bfc5012ba
  - server/.jest-cache/jest-transform-cache-c28e27eaf2cda0320583202d2edf90c5-79ef2876fae7ca75eedb2aa53dc48338/48/newsletterroutestest_483cf74ad85f645a8070b53bfc5012ba.map
  - server/.jest-cache/jest-transform-cache-c28e27eaf2cda0320583202d2edf90c5-79ef2876fae7ca75eedb2aa53dc48338/48/progressChecktest_481492469ba9c3703b9633069fa203c5
  - server/.jest-cache/jest-transform-cache-c28e27eaf2cda0320583202d2edf90c5-79ef2876fae7ca75eedb2aa53dc48338/48/progressChecktest_481492469ba9c3703b9633069fa203c5.map
  - server/.jest-cache/jest-transform-cache-c28e27eaf2cda0320583202d2edf90c5-79ef2876fae7ca75eedb2aa53dc48338/48/scenarioTemplateExtractor_4814322b1749b23f27105d46db3d3185
  - server/.jest-cache/jest-transform-cache-c28e27eaf2cda0320583202d2edf90c5-79ef2876fae7ca75eedb2aa53dc48338/48/scenarioTemplateExtractor_4814322b1749b23f27105d46db3d3185.map
  - server/.jest-cache/jest-transform-cache-c28e27eaf2cda0320583202d2edf90c5-79ef2876fae7ca75eedb2aa53dc48338/48/storage_48267ed0dd660700ae0fed7a6e4683f3
  - server/.jest-cache/jest-transform-cache-c28e27eaf2cda0320583202d2edf90c5-79ef2876fae7ca75eedb2aa53dc48338/48/storage_48267ed0dd660700ae0fed7a6e4683f3.map
  - server/.jest-cache/jest-transform-cache-c28e27eaf2cda0320583202d2edf90c5-79ef2876fae7ca75eedb2aa53dc48338/48/workflowStateServicetest_48e524314eece61f8ae87ecf250c2c48
  - server/.jest-cache/jest-transform-cache-c28e27eaf2cda0320583202d2edf90c5-79ef2876fae7ca75eedb2aa53dc48338/48/workflowStateServicetest_48e524314eece61f8ae87ecf250c2c48.map
  - server/.jest-cache/jest-transform-cache-c28e27eaf2cda0320583202d2edf90c5-79ef2876fae7ca75eedb2aa53dc48338/49/aiPlanningAssistant_49df6bf4dff7df1d7f12a60584a67e8d
  - server/.jest-cache/jest-transform-cache-c28e27eaf2cda0320583202d2edf90c5-79ef2876fae7ca75eedb2aa53dc48338/49/aiPlanningAssistant_49df6bf4dff7df1d7f12a60584a67e8d.map
  - server/.jest-cache/jest-transform-cache-c28e27eaf2cda0320583202d2edf90c5-79ef2876fae7ca75eedb2aa53dc48338/49/curriculumImportService_49458128bc324d2fa19bec6722b3843b
  - server/.jest-cache/jest-transform-cache-c28e27eaf2cda0320583202d2edf90c5-79ef2876fae7ca75eedb2aa53dc48338/49/curriculumImportService_49458128bc324d2fa19bec6722b3843b.map
  - server/.jest-cache/jest-transform-cache-c28e27eaf2cda0320583202d2edf90c5-79ef2876fae7ca75eedb2aa53dc48338/49/initializeServices_49797471d0cd97626b5c4806f7ad6bf1
  - server/.jest-cache/jest-transform-cache-c28e27eaf2cda0320583202d2edf90c5-79ef2876fae7ca75eedb2aa53dc48338/49/initializeServices_49797471d0cd97626b5c4806f7ad6bf1.map
  - server/.jest-cache/jest-transform-cache-c28e27eaf2cda0320583202d2edf90c5-79ef2876fae7ca75eedb2aa53dc48338/49/notificationroutestest_493761846e500561dc942e90d43c037d
  - server/.jest-cache/jest-transform-cache-c28e27eaf2cda0320583202d2edf90c5-79ef2876fae7ca75eedb2aa53dc48338/49/notificationroutestest_493761846e500561dc942e90d43c037d.map
  - server/.jest-cache/jest-transform-cache-c28e27eaf2cda0320583202d2edf90c5-79ef2876fae7ca75eedb2aa53dc48338/49/testsetuphelpers_49445417b18d4212e5391286b697223d
  - server/.jest-cache/jest-transform-cache-c28e27eaf2cda0320583202d2edf90c5-79ef2876fae7ca75eedb2aa53dc48338/49/testsetuphelpers_49445417b18d4212e5391286b697223d.map
  - server/.jest-cache/jest-transform-cache-c28e27eaf2cda0320583202d2edf90c5-79ef2876fae7ca75eedb2aa53dc48338/49/user_496073e6f072f8666919fa61edfc324c
  - server/.jest-cache/jest-transform-cache-c28e27eaf2cda0320583202d2edf90c5-79ef2876fae7ca75eedb2aa53dc48338/49/user_496073e6f072f8666919fa61edfc324c.map
  - server/.jest-cache/jest-transform-cache-c28e27eaf2cda0320583202d2edf90c5-79ef2876fae7ca75eedb2aa53dc48338/4a/auth_4ad0ed8fdfc8bc38d479a393a6228e20
  - server/.jest-cache/jest-transform-cache-c28e27eaf2cda0320583202d2edf90c5-79ef2876fae7ca75eedb2aa53dc48338/4a/auth_4ad0ed8fdfc8bc38d479a393a6228e20.map
  - server/.jest-cache/jest-transform-cache-c28e27eaf2cda0320583202d2edf90c5-79ef2876fae7ca75eedb2aa53dc48338/4a/auth_4ae956a155cadd83c7bf29e11768b174
  - server/.jest-cache/jest-transform-cache-c28e27eaf2cda0320583202d2edf90c5-79ef2876fae7ca75eedb2aa53dc48338/4a/auth_4ae956a155cadd83c7bf29e11768b174.map
  - server/.jest-cache/jest-transform-cache-c28e27eaf2cda0320583202d2edf90c5-79ef2876fae7ca75eedb2aa53dc48338/4a/batchProcessingService_4a0ba10ff5ed59a32086f982b768c42f
  - server/.jest-cache/jest-transform-cache-c28e27eaf2cda0320583202d2edf90c5-79ef2876fae7ca75eedb2aa53dc48338/4a/batchProcessingService_4a0ba10ff5ed59a32086f982b768c42f.map
  - server/.jest-cache/jest-transform-cache-c28e27eaf2cda0320583202d2edf90c5-79ef2876fae7ca75eedb2aa53dc48338/4a/comments_4a5bf697acc82d07def7be60773357cc
  - server/.jest-cache/jest-transform-cache-c28e27eaf2cda0320583202d2edf90c5-79ef2876fae7ca75eedb2aa53dc48338/4a/comments_4a5bf697acc82d07def7be60773357cc.map
  - server/.jest-cache/jest-transform-cache-c28e27eaf2cda0320583202d2edf90c5-79ef2876fae7ca75eedb2aa53dc48338/4a/connectorstest_4a8fd8751f7c324fae66135eb237fc90
  - server/.jest-cache/jest-transform-cache-c28e27eaf2cda0320583202d2edf90c5-79ef2876fae7ca75eedb2aa53dc48338/4a/connectorstest_4a8fd8751f7c324fae66135eb237fc90.map
  - server/.jest-cache/jest-transform-cache-c28e27eaf2cda0320583202d2edf90c5-79ef2876fae7ca75eedb2aa53dc48338/4a/emailService_4a44bfde691bb2f57790c88fd38d5906
  - server/.jest-cache/jest-transform-cache-c28e27eaf2cda0320583202d2edf90c5-79ef2876fae7ca75eedb2aa53dc48338/4a/emailService_4a44bfde691bb2f57790c88fd38d5906.map
  - server/.jest-cache/jest-transform-cache-c28e27eaf2cda0320583202d2edf90c5-79ef2876fae7ca75eedb2aa53dc48338/4a/gptPlanningAgent_4a73e61931dcc0e160b9902250a35af3
  - server/.jest-cache/jest-transform-cache-c28e27eaf2cda0320583202d2edf90c5-79ef2876fae7ca75eedb2aa53dc48338/4a/gptPlanningAgent_4a73e61931dcc0e160b9902250a35af3.map
  - server/.jest-cache/jest-transform-cache-c28e27eaf2cda0320583202d2edf90c5-79ef2876fae7ca75eedb2aa53dc48338/4a/holidaytest_4aa84c892e0f34de9b74636c2e068fd0
  - server/.jest-cache/jest-transform-cache-c28e27eaf2cda0320583202d2edf90c5-79ef2876fae7ca75eedb2aa53dc48338/4a/holidaytest_4aa84c892e0f34de9b74636c2e068fd0.map
  - server/.jest-cache/jest-transform-cache-c28e27eaf2cda0320583202d2edf90c5-79ef2876fae7ca75eedb2aa53dc48338/4a/notificationService_4abae3bfb8f627cd3bfb0ec5ca5eddd2
  - server/.jest-cache/jest-transform-cache-c28e27eaf2cda0320583202d2edf90c5-79ef2876fae7ca75eedb2aa53dc48338/4a/notificationService_4abae3bfb8f627cd3bfb0ec5ca5eddd2.map
  - server/.jest-cache/jest-transform-cache-c28e27eaf2cda0320583202d2edf90c5-79ef2876fae7ca75eedb2aa53dc48338/4a/prisma_4a66a841ab7ef030f94627b207a3ebf5
  - server/.jest-cache/jest-transform-cache-c28e27eaf2cda0320583202d2edf90c5-79ef2876fae7ca75eedb2aa53dc48338/4a/prisma_4a66a841ab7ef030f94627b207a3ebf5.map
  - server/.jest-cache/jest-transform-cache-c28e27eaf2cda0320583202d2edf90c5-79ef2876fae7ca75eedb2aa53dc48338/4a/reportGeneratorService_4a272bd3f53eab2c09262699de35f972
  - server/.jest-cache/jest-transform-cache-c28e27eaf2cda0320583202d2edf90c5-79ef2876fae7ca75eedb2aa53dc48338/4a/reportGeneratorService_4a272bd3f53eab2c09262699de35f972.map
  - server/.jest-cache/jest-transform-cache-c28e27eaf2cda0320583202d2edf90c5-79ef2876fae7ca75eedb2aa53dc48338/4a/serverintegrationtest_4a2145ed0914b6037885bb9109e416f3
  - server/.jest-cache/jest-transform-cache-c28e27eaf2cda0320583202d2edf90c5-79ef2876fae7ca75eedb2aa53dc48338/4a/serverintegrationtest_4a2145ed0914b6037885bb9109e416f3.map
  - server/.jest-cache/jest-transform-cache-c28e27eaf2cda0320583202d2edf90c5-79ef2876fae7ca75eedb2aa53dc48338/4b/aiActivityGenerator_4b877c5a4cfeec08c8fefb1a7f54c4d5
  - server/.jest-cache/jest-transform-cache-c28e27eaf2cda0320583202d2edf90c5-79ef2876fae7ca75eedb2aa53dc48338/4b/aiActivityGenerator_4b877c5a4cfeec08c8fefb1a7f54c4d5.map
  - server/.jest-cache/jest-transform-cache-c28e27eaf2cda0320583202d2edf90c5-79ef2876fae7ca75eedb2aa53dc48338/4b/aiactivitygeneration_4b980ecf065ce0b0262dbd8f444e75b0
  - server/.jest-cache/jest-transform-cache-c28e27eaf2cda0320583202d2edf90c5-79ef2876fae7ca75eedb2aa53dc48338/4b/aiactivitygeneration_4b980ecf065ce0b0262dbd8f444e75b0.map
  - server/.jest-cache/jest-transform-cache-c28e27eaf2cda0320583202d2edf90c5-79ef2876fae7ca75eedb2aa53dc48338/4b/curriculumImportServiceproductiontest_4b6e6b1552be327d5bb5c6e0bd7372a3
  - server/.jest-cache/jest-transform-cache-c28e27eaf2cda0320583202d2edf90c5-79ef2876fae7ca75eedb2aa53dc48338/4b/curriculumImportServiceproductiontest_4b6e6b1552be327d5bb5c6e0bd7372a3.map
  - server/.jest-cache/jest-transform-cache-c28e27eaf2cda0320583202d2edf90c5-79ef2876fae7ca75eedb2aa53dc48338/4b/curriculumroutestest_4b774a047ea9b9076c291a26fac6830f
  - server/.jest-cache/jest-transform-cache-c28e27eaf2cda0320583202d2edf90c5-79ef2876fae7ca75eedb2aa53dc48338/4b/curriculumroutestest_4b774a047ea9b9076c291a26fac6830f.map
  - server/.jest-cache/jest-transform-cache-c28e27eaf2cda0320583202d2edf90c5-79ef2876fae7ca75eedb2aa53dc48338/4b/emailServicetest_4b780dc86b5b69af67ace0827e32462e
  - server/.jest-cache/jest-transform-cache-c28e27eaf2cda0320583202d2edf90c5-79ef2876fae7ca75eedb2aa53dc48338/4b/emailServicetest_4b780dc86b5b69af67ace0827e32462e.map
  - server/.jest-cache/jest-transform-cache-c28e27eaf2cda0320583202d2edf90c5-79ef2876fae7ca75eedb2aa53dc48338/4b/errorHandler_4b7e88667e13e8fc7eaba110c5581917
  - server/.jest-cache/jest-transform-cache-c28e27eaf2cda0320583202d2edf90c5-79ef2876fae7ca75eedb2aa53dc48338/4b/errorHandler_4b7e88667e13e8fc7eaba110c5581917.map
  - server/.jest-cache/jest-transform-cache-c28e27eaf2cda0320583202d2edf90c5-79ef2876fae7ca75eedb2aa53dc48338/4b/integrationtestsetup_4b96323a9d99461c3f5d151488b779b0
  - server/.jest-cache/jest-transform-cache-c28e27eaf2cda0320583202d2edf90c5-79ef2876fae7ca75eedb2aa53dc48338/4b/integrationtestsetup_4b96323a9d99461c3f5d151488b779b0.map
  - server/.jest-cache/jest-transform-cache-c28e27eaf2cda0320583202d2edf90c5-79ef2876fae7ca75eedb2aa53dc48338/4b/scenarioTemplateExtractorsimpletest_4b43e5db3cb1e814d7c75b9feb07c3f1
  - server/.jest-cache/jest-transform-cache-c28e27eaf2cda0320583202d2edf90c5-79ef2876fae7ca75eedb2aa53dc48338/4b/scenarioTemplateExtractorsimpletest_4b43e5db3cb1e814d7c75b9feb07c3f1.map
  - server/.jest-cache/jest-transform-cache-c28e27eaf2cda0320583202d2edf90c5-79ef2876fae7ca75eedb2aa53dc48338/4b/validateRequest_4b48753a143dc5596e56498f07d9ee21
  - server/.jest-cache/jest-transform-cache-c28e27eaf2cda0320583202d2edf90c5-79ef2876fae7ca75eedb2aa53dc48338/4b/validateRequest_4b48753a143dc5596e56498f07d9ee21.map
  - server/.jest-cache/jest-transform-cache-c28e27eaf2cda0320583202d2edf90c5-79ef2876fae7ca75eedb2aa53dc48338/4c/curriculumdiscovery_4c35f2abf3953a82c4fdb561d22ee54d
  - server/.jest-cache/jest-transform-cache-c28e27eaf2cda0320583202d2edf90c5-79ef2876fae7ca75eedb2aa53dc48338/4c/curriculumdiscovery_4c35f2abf3953a82c4fdb561d22ee54d.map
  - server/.jest-cache/jest-transform-cache-c28e27eaf2cda0320583202d2edf90c5-79ef2876fae7ca75eedb2aa53dc48338/4c/gptPlanningAgent_4cebd3aab5021b286fe5c81fbca28610
  - server/.jest-cache/jest-transform-cache-c28e27eaf2cda0320583202d2edf90c5-79ef2876fae7ca75eedb2aa53dc48338/4c/gptPlanningAgent_4cebd3aab5021b286fe5c81fbca28610.map
  - server/.jest-cache/jest-transform-cache-c28e27eaf2cda0320583202d2edf90c5-79ef2876fae7ca75eedb2aa53dc48338/4c/materialExtractor_4c5162547e3649ffdb76d5089fca07ae
  - server/.jest-cache/jest-transform-cache-c28e27eaf2cda0320583202d2edf90c5-79ef2876fae7ca75eedb2aa53dc48338/4c/materialExtractor_4c5162547e3649ffdb76d5089fca07ae.map
  - server/.jest-cache/jest-transform-cache-c28e27eaf2cda0320583202d2edf90c5-79ef2876fae7ca75eedb2aa53dc48338/4c/scenarioTemplateExtractor_4c2d94d0b80b4b512c221bba1abfdf01
  - server/.jest-cache/jest-transform-cache-c28e27eaf2cda0320583202d2edf90c5-79ef2876fae7ca75eedb2aa53dc48338/4c/scenarioTemplateExtractor_4c2d94d0b80b4b512c221bba1abfdf01.map
  - server/.jest-cache/jest-transform-cache-c28e27eaf2cda0320583202d2edf90c5-79ef2876fae7ca75eedb2aa53dc48338/4c/serverintegrationtest_4c5c02b64bf6e6a838a441d157d5d7d3
  - server/.jest-cache/jest-transform-cache-c28e27eaf2cda0320583202d2edf90c5-79ef2876fae7ca75eedb2aa53dc48338/4c/serverintegrationtest_4c5c02b64bf6e6a838a441d157d5d7d3.map
  - server/.jest-cache/jest-transform-cache-c28e27eaf2cda0320583202d2edf90c5-79ef2876fae7ca75eedb2aa53dc48338/4c/workflowStateService_4ccacd5a773d8bc9c85498c719ad86b2
  - server/.jest-cache/jest-transform-cache-c28e27eaf2cda0320583202d2edf90c5-79ef2876fae7ca75eedb2aa53dc48338/4c/workflowStateService_4ccacd5a773d8bc9c85498c719ad86b2.map
  - server/.jest-cache/jest-transform-cache-c28e27eaf2cda0320583202d2edf90c5-79ef2876fae7ca75eedb2aa53dc48338/4d/aiPromptTemplateService_4d1ee793bc60be76f16bea71ebbad4f6
  - server/.jest-cache/jest-transform-cache-c28e27eaf2cda0320583202d2edf90c5-79ef2876fae7ca75eedb2aa53dc48338/4d/aiPromptTemplateService_4d1ee793bc60be76f16bea71ebbad4f6.map
  - server/.jest-cache/jest-transform-cache-c28e27eaf2cda0320583202d2edf90c5-79ef2876fae7ca75eedb2aa53dc48338/4d/anthropicService_4df45005bac94b3f6c81c510b665f3a0
  - server/.jest-cache/jest-transform-cache-c28e27eaf2cda0320583202d2edf90c5-79ef2876fae7ca75eedb2aa53dc48338/4d/anthropicService_4df45005bac94b3f6c81c510b665f3a0.map
  - server/.jest-cache/jest-transform-cache-c28e27eaf2cda0320583202d2edf90c5-79ef2876fae7ca75eedb2aa53dc48338/4d/batch_4d521130d18bf78c6cbe36e9d0335541
  - server/.jest-cache/jest-transform-cache-c28e27eaf2cda0320583202d2edf90c5-79ef2876fae7ca75eedb2aa53dc48338/4d/batch_4d521130d18bf78c6cbe36e9d0335541.map
  - server/.jest-cache/jest-transform-cache-c28e27eaf2cda0320583202d2edf90c5-79ef2876fae7ca75eedb2aa53dc48338/4d/calendarevents_4da217478251f821ae19f25cecb9af74
  - server/.jest-cache/jest-transform-cache-c28e27eaf2cda0320583202d2edf90c5-79ef2876fae7ca75eedb2aa53dc48338/4d/calendarevents_4da217478251f821ae19f25cecb9af74.map
  - server/.jest-cache/jest-transform-cache-c28e27eaf2cda0320583202d2edf90c5-79ef2876fae7ca75eedb2aa53dc48338/4d/embeddingServicetest_4d83340ea3b5a8ce6b457c87ba344f17
  - server/.jest-cache/jest-transform-cache-c28e27eaf2cda0320583202d2edf90c5-79ef2876fae7ca75eedb2aa53dc48338/4d/embeddingServicetest_4d83340ea3b5a8ce6b457c87ba344f17.map
  - server/.jest-cache/jest-transform-cache-c28e27eaf2cda0320583202d2edf90c5-79ef2876fae7ca75eedb2aa53dc48338/4d/jestsetup_4d4cb26dd97a101b7c642f609f7d228b
  - server/.jest-cache/jest-transform-cache-c28e27eaf2cda0320583202d2edf90c5-79ef2876fae7ca75eedb2aa53dc48338/4d/jestsetup_4d4cb26dd97a101b7c642f609f7d228b.map
  - server/.jest-cache/jest-transform-cache-c28e27eaf2cda0320583202d2edf90c5-79ef2876fae7ca75eedb2aa53dc48338/4d/mockConnector_4df1096aeeb6a23f631f57ed51d0bdc3
  - server/.jest-cache/jest-transform-cache-c28e27eaf2cda0320583202d2edf90c5-79ef2876fae7ca75eedb2aa53dc48338/4d/mockConnector_4df1096aeeb6a23f631f57ed51d0bdc3.map
  - server/.jest-cache/jest-transform-cache-c28e27eaf2cda0320583202d2edf90c5-79ef2876fae7ca75eedb2aa53dc48338/4e/activitydiscovery_4e05e26bbf92b1dbc232cc837e5b50f3
  - server/.jest-cache/jest-transform-cache-c28e27eaf2cda0320583202d2edf90c5-79ef2876fae7ca75eedb2aa53dc48338/4e/activitydiscovery_4e05e26bbf92b1dbc232cc837e5b50f3.map
  - server/.jest-cache/jest-transform-cache-c28e27eaf2cda0320583202d2edf90c5-79ef2876fae7ca75eedb2aa53dc48338/4e/batchProcessingService_4e47a671274339a8d94032da0dc7df9f
  - server/.jest-cache/jest-transform-cache-c28e27eaf2cda0320583202d2edf90c5-79ef2876fae7ca75eedb2aa53dc48338/4e/batchProcessingService_4e47a671274339a8d94032da0dc7df9f.map
  - server/.jest-cache/jest-transform-cache-c28e27eaf2cda0320583202d2edf90c5-79ef2876fae7ca75eedb2aa53dc48338/4e/materialGenerator_4eb936c29ea63dc61190e9f1fd06f475
  - server/.jest-cache/jest-transform-cache-c28e27eaf2cda0320583202d2edf90c5-79ef2876fae7ca75eedb2aa53dc48338/4e/materialGenerator_4eb936c29ea63dc61190e9f1fd06f475.map
  - server/.jest-cache/jest-transform-cache-c28e27eaf2cda0320583202d2edf90c5-79ef2876fae7ca75eedb2aa53dc48338/4e/notificationService_4e9b9595a41e85b5ee167c2dd57a93af
  - server/.jest-cache/jest-transform-cache-c28e27eaf2cda0320583202d2edf90c5-79ef2876fae7ca75eedb2aa53dc48338/4e/notificationService_4e9b9595a41e85b5ee167c2dd57a93af.map
  - server/.jest-cache/jest-transform-cache-c28e27eaf2cda0320583202d2edf90c5-79ef2876fae7ca75eedb2aa53dc48338/4e/setuptestdb_4e3e0b85b94cc57652fa73c9369ed25d
  - server/.jest-cache/jest-transform-cache-c28e27eaf2cda0320583202d2edf90c5-79ef2876fae7ca75eedb2aa53dc48338/4e/setuptestdb_4e3e0b85b94cc57652fa73c9369ed25d.map
  - server/.jest-cache/jest-transform-cache-c28e27eaf2cda0320583202d2edf90c5-79ef2876fae7ca75eedb2aa53dc48338/4e/workflowstate_4ec91335a50f3e65637e35f0f64d07f1
  - server/.jest-cache/jest-transform-cache-c28e27eaf2cda0320583202d2edf90c5-79ef2876fae7ca75eedb2aa53dc48338/4e/workflowstate_4ec91335a50f3e65637e35f0f64d07f1.map
  - server/.jest-cache/jest-transform-cache-c28e27eaf2cda0320583202d2edf90c5-79ef2876fae7ca75eedb2aa53dc48338/4f/CacheService_4f0c3ddf19df921401c2295d1c47336a
  - server/.jest-cache/jest-transform-cache-c28e27eaf2cda0320583202d2edf90c5-79ef2876fae7ca75eedb2aa53dc48338/4f/CacheService_4f0c3ddf19df921401c2295d1c47336a.map
  - server/.jest-cache/jest-transform-cache-c28e27eaf2cda0320583202d2edf90c5-79ef2876fae7ca75eedb2aa53dc48338/4f/ServiceRegistry_4fb66ce4cc5ae2637bdece82e5829b28
  - server/.jest-cache/jest-transform-cache-c28e27eaf2cda0320583202d2edf90c5-79ef2876fae7ca75eedb2aa53dc48338/4f/ServiceRegistry_4fb66ce4cc5ae2637bdece82e5829b28.map
  - server/.jest-cache/jest-transform-cache-c28e27eaf2cda0320583202d2edf90c5-79ef2876fae7ca75eedb2aa53dc48338/4f/backupService_4f914fefe96e0ace671957a9c1cb03d7
  - server/.jest-cache/jest-transform-cache-c28e27eaf2cda0320583202d2edf90c5-79ef2876fae7ca75eedb2aa53dc48338/4f/backupService_4f914fefe96e0ace671957a9c1cb03d7.map
  - server/.jest-cache/jest-transform-cache-c28e27eaf2cda0320583202d2edf90c5-79ef2876fae7ca75eedb2aa53dc48338/4f/backupServicetest_4f4951319bcf1fd92f03a9a6dbaf1549
  - server/.jest-cache/jest-transform-cache-c28e27eaf2cda0320583202d2edf90c5-79ef2876fae7ca75eedb2aa53dc48338/4f/backupServicetest_4f4951319bcf1fd92f03a9a6dbaf1549.map
  - server/.jest-cache/jest-transform-cache-c28e27eaf2cda0320583202d2edf90c5-79ef2876fae7ca75eedb2aa53dc48338/4f/batchprocessing_4f3d69d14b3cb7e03445441ce8ff3b4f
  - server/.jest-cache/jest-transform-cache-c28e27eaf2cda0320583202d2edf90c5-79ef2876fae7ca75eedb2aa53dc48338/4f/batchprocessing_4f3d69d14b3cb7e03445441ce8ff3b4f.map
  - server/.jest-cache/jest-transform-cache-c28e27eaf2cda0320583202d2edf90c5-79ef2876fae7ca75eedb2aa53dc48338/4f/calendarEventstest_4f29baec2a32d43c7f56083d36459d15
  - server/.jest-cache/jest-transform-cache-c28e27eaf2cda0320583202d2edf90c5-79ef2876fae7ca75eedb2aa53dc48338/4f/calendarEventstest_4f29baec2a32d43c7f56083d36459d15.map
  - server/.jest-cache/jest-transform-cache-c28e27eaf2cda0320583202d2edf90c5-79ef2876fae7ca75eedb2aa53dc48338/4f/emailService_4f67a0789d071aec174d511b87bea1c7
  - server/.jest-cache/jest-transform-cache-c28e27eaf2cda0320583202d2edf90c5-79ef2876fae7ca75eedb2aa53dc48338/4f/emailService_4f67a0789d071aec174d511b87bea1c7.map
  - server/.jest-cache/jest-transform-cache-c28e27eaf2cda0320583202d2edf90c5-79ef2876fae7ca75eedb2aa53dc48338/4f/notificationService_4f8559d690acd6dd761e53a634331116
  - server/.jest-cache/jest-transform-cache-c28e27eaf2cda0320583202d2edf90c5-79ef2876fae7ca75eedb2aa53dc48338/4f/notificationService_4f8559d690acd6dd761e53a634331116.map
  - server/.jest-cache/jest-transform-cache-c28e27eaf2cda0320583202d2edf90c5-79ef2876fae7ca75eedb2aa53dc48338/4f/reportDeadlineReminder_4f43e6d8d3c620f22205939efe2e492e
  - server/.jest-cache/jest-transform-cache-c28e27eaf2cda0320583202d2edf90c5-79ef2876fae7ca75eedb2aa53dc48338/4f/reportDeadlineReminder_4f43e6d8d3c620f22205939efe2e492e.map
  - server/.jest-cache/jest-transform-cache-c28e27eaf2cda0320583202d2edf90c5-79ef2876fae7ca75eedb2aa53dc48338/4f/validation_4f711da6a1b98746f756562d96b58bae
  - server/.jest-cache/jest-transform-cache-c28e27eaf2cda0320583202d2edf90c5-79ef2876fae7ca75eedb2aa53dc48338/4f/validation_4f711da6a1b98746f756562d96b58bae.map
  - server/.jest-cache/jest-transform-cache-c28e27eaf2cda0320583202d2edf90c5-79ef2876fae7ca75eedb2aa53dc48338/50/batchProcessingService_50fb4047a47ae74e274cf156d7f31e22
  - server/.jest-cache/jest-transform-cache-c28e27eaf2cda0320583202d2edf90c5-79ef2876fae7ca75eedb2aa53dc48338/50/batchProcessingService_50fb4047a47ae74e274cf156d7f31e22.map
  - server/.jest-cache/jest-transform-cache-c28e27eaf2cda0320583202d2edf90c5-79ef2876fae7ca75eedb2aa53dc48338/50/llmService_50234f255cad74f3c19394c204f254a9
  - server/.jest-cache/jest-transform-cache-c28e27eaf2cda0320583202d2edf90c5-79ef2876fae7ca75eedb2aa53dc48338/50/llmService_50234f255cad74f3c19394c204f254a9.map
  - server/.jest-cache/jest-transform-cache-c28e27eaf2cda0320583202d2edf90c5-79ef2876fae7ca75eedb2aa53dc48338/50/privacy_5045a33075e6591ec1ca200403338539
  - server/.jest-cache/jest-transform-cache-c28e27eaf2cda0320583202d2edf90c5-79ef2876fae7ca75eedb2aa53dc48338/50/privacy_5045a33075e6591ec1ca200403338539.map
  - server/.jest-cache/jest-transform-cache-c28e27eaf2cda0320583202d2edf90c5-79ef2876fae7ca75eedb2aa53dc48338/51/aiDraftService_51eca35da21195f38d895721d364db51
  - server/.jest-cache/jest-transform-cache-c28e27eaf2cda0320583202d2edf90c5-79ef2876fae7ca75eedb2aa53dc48338/51/aiDraftService_51eca35da21195f38d895721d364db51.map
  - server/.jest-cache/jest-transform-cache-c28e27eaf2cda0320583202d2edf90c5-79ef2876fae7ca75eedb2aa53dc48338/51/backupServicetest_5164cc032ebdb01d81a81e8825bcba7a
  - server/.jest-cache/jest-transform-cache-c28e27eaf2cda0320583202d2edf90c5-79ef2876fae7ca75eedb2aa53dc48338/51/backupServicetest_5164cc032ebdb01d81a81e8825bcba7a.map
  - server/.jest-cache/jest-transform-cache-c28e27eaf2cda0320583202d2edf90c5-79ef2876fae7ca75eedb2aa53dc48338/51/comments_5161d91bfe7edac99074c9c4e4842fca
  - server/.jest-cache/jest-transform-cache-c28e27eaf2cda0320583202d2edf90c5-79ef2876fae7ca75eedb2aa53dc48338/51/comments_5161d91bfe7edac99074c9c4e4842fca.map
  - server/.jest-cache/jest-transform-cache-c28e27eaf2cda0320583202d2edf90c5-79ef2876fae7ca75eedb2aa53dc48338/51/contactValidationtest_51617b2bb924d314cb955ae81cfe7bbb
  - server/.jest-cache/jest-transform-cache-c28e27eaf2cda0320583202d2edf90c5-79ef2876fae7ca75eedb2aa53dc48338/51/contactValidationtest_51617b2bb924d314cb955ae81cfe7bbb.map
  - server/.jest-cache/jest-transform-cache-c28e27eaf2cda0320583202d2edf90c5-79ef2876fae7ca75eedb2aa53dc48338/51/curriculumDiscoveryService_518778c10d5c9c5be0cd80a36ea5a5c3
  - server/.jest-cache/jest-transform-cache-c28e27eaf2cda0320583202d2edf90c5-79ef2876fae7ca75eedb2aa53dc48338/51/curriculumDiscoveryService_518778c10d5c9c5be0cd80a36ea5a5c3.map
  - server/.jest-cache/jest-transform-cache-c28e27eaf2cda0320583202d2edf90c5-79ef2876fae7ca75eedb2aa53dc48338/51/emailTestHelper_51a46cea21782c78d72bfcdbf7be9af5
  - server/.jest-cache/jest-transform-cache-c28e27eaf2cda0320583202d2edf90c5-79ef2876fae7ca75eedb2aa53dc48338/51/emailTestHelper_51a46cea21782c78d72bfcdbf7be9af5.map
  - server/.jest-cache/jest-transform-cache-c28e27eaf2cda0320583202d2edf90c5-79ef2876fae7ca75eedb2aa53dc48338/51/llmService_514b2ac4bdd1aa1655e429ac8082d62b
  - server/.jest-cache/jest-transform-cache-c28e27eaf2cda0320583202d2edf90c5-79ef2876fae7ca75eedb2aa53dc48338/51/llmService_514b2ac4bdd1aa1655e429ac8082d62b.map
  - server/.jest-cache/jest-transform-cache-c28e27eaf2cda0320583202d2edf90c5-79ef2876fae7ca75eedb2aa53dc48338/51/newsletterTrigger_5198160f49cf1729f422a36d4bb30e9d
  - server/.jest-cache/jest-transform-cache-c28e27eaf2cda0320583202d2edf90c5-79ef2876fae7ca75eedb2aa53dc48338/51/newsletterTrigger_5198160f49cf1729f422a36d4bb30e9d.map
  - server/.jest-cache/jest-transform-cache-c28e27eaf2cda0320583202d2edf90c5-79ef2876fae7ca75eedb2aa53dc48338/51/notificationroutestest_51cccf649373c91770bba280886d7a66
  - server/.jest-cache/jest-transform-cache-c28e27eaf2cda0320583202d2edf90c5-79ef2876fae7ca75eedb2aa53dc48338/51/notificationroutestest_51cccf649373c91770bba280886d7a66.map
  - server/.jest-cache/jest-transform-cache-c28e27eaf2cda0320583202d2edf90c5-79ef2876fae7ca75eedb2aa53dc48338/51/urlValidator_51387f5b6aed43ac44aabfea11bc7b32
  - server/.jest-cache/jest-transform-cache-c28e27eaf2cda0320583202d2edf90c5-79ef2876fae7ca75eedb2aa53dc48338/51/urlValidator_51387f5b6aed43ac44aabfea11bc7b32.map
  - server/.jest-cache/jest-transform-cache-c28e27eaf2cda0320583202d2edf90c5-79ef2876fae7ca75eedb2aa53dc48338/51/validationunittest_519107047426e1df9240a329d0973b9c
  - server/.jest-cache/jest-transform-cache-c28e27eaf2cda0320583202d2edf90c5-79ef2876fae7ca75eedb2aa53dc48338/51/validationunittest_519107047426e1df9240a329d0973b9c.map
  - server/.jest-cache/jest-transform-cache-c28e27eaf2cda0320583202d2edf90c5-79ef2876fae7ca75eedb2aa53dc48338/52/aiPlanningAssistant_522f8db09944703e1c8b9f44e131c7c0
  - server/.jest-cache/jest-transform-cache-c28e27eaf2cda0320583202d2edf90c5-79ef2876fae7ca75eedb2aa53dc48338/52/aiPlanningAssistant_522f8db09944703e1c8b9f44e131c7c0.map
  - server/.jest-cache/jest-transform-cache-c28e27eaf2cda0320583202d2edf90c5-79ef2876fae7ca75eedb2aa53dc48338/52/errorHandler_523d3837cb01a490b3b29084569a795c
  - server/.jest-cache/jest-transform-cache-c28e27eaf2cda0320583202d2edf90c5-79ef2876fae7ca75eedb2aa53dc48338/52/errorHandler_523d3837cb01a490b3b29084569a795c.map
  - server/.jest-cache/jest-transform-cache-c28e27eaf2cda0320583202d2edf90c5-79ef2876fae7ca75eedb2aa53dc48338/52/etfoprogress_524724de5e2a91e6e72099fcc9cb69f1
  - server/.jest-cache/jest-transform-cache-c28e27eaf2cda0320583202d2edf90c5-79ef2876fae7ca75eedb2aa53dc48338/52/etfoprogress_524724de5e2a91e6e72099fcc9cb69f1.map
  - server/.jest-cache/jest-transform-cache-c28e27eaf2cda0320583202d2edf90c5-79ef2876fae7ca75eedb2aa53dc48338/52/notifications_52c4f5fcd9dbb89e020a85fafc8819d0
  - server/.jest-cache/jest-transform-cache-c28e27eaf2cda0320583202d2edf90c5-79ef2876fae7ca75eedb2aa53dc48338/52/notifications_52c4f5fcd9dbb89e020a85fafc8819d0.map
  - server/.jest-cache/jest-transform-cache-c28e27eaf2cda0320583202d2edf90c5-79ef2876fae7ca75eedb2aa53dc48338/52/routeFactory_5232b521de6c20dcaa96c0aec25e7761
  - server/.jest-cache/jest-transform-cache-c28e27eaf2cda0320583202d2edf90c5-79ef2876fae7ca75eedb2aa53dc48338/52/routeFactory_5232b521de6c20dcaa96c0aec25e7761.map
  - server/.jest-cache/jest-transform-cache-c28e27eaf2cda0320583202d2edf90c5-79ef2876fae7ca75eedb2aa53dc48338/52/validateRequest_526fbd1afad79ed571d6a79b80298a23
  - server/.jest-cache/jest-transform-cache-c28e27eaf2cda0320583202d2edf90c5-79ef2876fae7ca75eedb2aa53dc48338/52/validateRequest_526fbd1afad79ed571d6a79b80298a23.map
  - server/.jest-cache/jest-transform-cache-c28e27eaf2cda0320583202d2edf90c5-79ef2876fae7ca75eedb2aa53dc48338/53/aiActivityGeneratortest_53f04a4200c51ec8d2cd9ea861dfca1c
  - server/.jest-cache/jest-transform-cache-c28e27eaf2cda0320583202d2edf90c5-79ef2876fae7ca75eedb2aa53dc48338/53/aiActivityGeneratortest_53f04a4200c51ec8d2cd9ea861dfca1c.map
  - server/.jest-cache/jest-transform-cache-c28e27eaf2cda0320583202d2edf90c5-79ef2876fae7ca75eedb2aa53dc48338/53/educationWebConnector_531e4df8481942a473bb819daca0203c
  - server/.jest-cache/jest-transform-cache-c28e27eaf2cda0320583202d2edf90c5-79ef2876fae7ca75eedb2aa53dc48338/53/educationWebConnector_531e4df8481942a473bb819daca0203c.map
  - server/.jest-cache/jest-transform-cache-c28e27eaf2cda0320583202d2edf90c5-79ef2876fae7ca75eedb2aa53dc48338/53/progressChecktest_5374887215af0652339eb16ad40c367c
  - server/.jest-cache/jest-transform-cache-c28e27eaf2cda0320583202d2edf90c5-79ef2876fae7ca75eedb2aa53dc48338/53/progressChecktest_5374887215af0652339eb16ad40c367c.map
  - server/.jest-cache/jest-transform-cache-c28e27eaf2cda0320583202d2edf90c5-79ef2876fae7ca75eedb2aa53dc48338/53/validationSchemasCompletetest_53e4a1a4243b2b15ec4a979a75830c39
  - server/.jest-cache/jest-transform-cache-c28e27eaf2cda0320583202d2edf90c5-79ef2876fae7ca75eedb2aa53dc48338/53/validationSchemasCompletetest_53e4a1a4243b2b15ec4a979a75830c39.map
  - server/.jest-cache/jest-transform-cache-c28e27eaf2cda0320583202d2edf90c5-79ef2876fae7ca75eedb2aa53dc48338/54/connectorstest_54aee469073efa3837d275148bb0afbe
  - server/.jest-cache/jest-transform-cache-c28e27eaf2cda0320583202d2edf90c5-79ef2876fae7ca75eedb2aa53dc48338/54/connectorstest_54aee469073efa3837d275148bb0afbe.map
  - server/.jest-cache/jest-transform-cache-c28e27eaf2cda0320583202d2edf90c5-79ef2876fae7ca75eedb2aa53dc48338/54/contactExtractorEnhancedtest_54f74290b519d6e414f95ee4f49755b6
  - server/.jest-cache/jest-transform-cache-c28e27eaf2cda0320583202d2edf90c5-79ef2876fae7ca75eedb2aa53dc48338/54/contactExtractorEnhancedtest_54f74290b519d6e414f95ee4f49755b6.map
  - server/.jest-cache/jest-transform-cache-c28e27eaf2cda0320583202d2edf90c5-79ef2876fae7ca75eedb2aa53dc48338/54/curriculumWebConnector_549d7bb79068b1811c390e635a4afe40
  - server/.jest-cache/jest-transform-cache-c28e27eaf2cda0320583202d2edf90c5-79ef2876fae7ca75eedb2aa53dc48338/54/curriculumWebConnector_549d7bb79068b1811c390e635a4afe40.map
  - server/.jest-cache/jest-transform-cache-c28e27eaf2cda0320583202d2edf90c5-79ef2876fae7ca75eedb2aa53dc48338/54/pdfkitmock_54c377b6d2a9f549118606fa2163d291
  - server/.jest-cache/jest-transform-cache-c28e27eaf2cda0320583202d2edf90c5-79ef2876fae7ca75eedb2aa53dc48338/54/pdfkitmock_54c377b6d2a9f549118606fa2163d291.map
  - server/.jest-cache/jest-transform-cache-c28e27eaf2cda0320583202d2edf90c5-79ef2876fae7ca75eedb2aa53dc48338/54/workflowStateService_54365481501cd5b520ceb0724e07133b
  - server/.jest-cache/jest-transform-cache-c28e27eaf2cda0320583202d2edf90c5-79ef2876fae7ca75eedb2aa53dc48338/54/workflowStateService_54365481501cd5b520ceb0724e07133b.map
  - server/.jest-cache/jest-transform-cache-c28e27eaf2cda0320583202d2edf90c5-79ef2876fae7ca75eedb2aa53dc48338/55/activityDiscoveryService_55d62218de4d01367f29d0e48e9e2b36
  - server/.jest-cache/jest-transform-cache-c28e27eaf2cda0320583202d2edf90c5-79ef2876fae7ca75eedb2aa53dc48338/55/activityDiscoveryService_55d62218de4d01367f29d0e48e9e2b36.map
  - server/.jest-cache/jest-transform-cache-c28e27eaf2cda0320583202d2edf90c5-79ef2876fae7ca75eedb2aa53dc48338/55/planningEngine_5518cef5509714edce587edc2e2be565
  - server/.jest-cache/jest-transform-cache-c28e27eaf2cda0320583202d2edf90c5-79ef2876fae7ca75eedb2aa53dc48338/55/planningEngine_5518cef5509714edce587edc2e2be565.map
  - server/.jest-cache/jest-transform-cache-c28e27eaf2cda0320583202d2edf90c5-79ef2876fae7ca75eedb2aa53dc48338/56/comments_56ce000e7ab70d40a478dd467b6e3209
  - server/.jest-cache/jest-transform-cache-c28e27eaf2cda0320583202d2edf90c5-79ef2876fae7ca75eedb2aa53dc48338/56/comments_56ce000e7ab70d40a478dd467b6e3209.map
  - server/.jest-cache/jest-transform-cache-c28e27eaf2cda0320583202d2edf90c5-79ef2876fae7ca75eedb2aa53dc48338/57/auditLog_573f34533d2b67cdfce464a0e95b7f76
  - server/.jest-cache/jest-transform-cache-c28e27eaf2cda0320583202d2edf90c5-79ef2876fae7ca75eedb2aa53dc48338/57/auditLog_573f34533d2b67cdfce464a0e95b7f76.map
  - server/.jest-cache/jest-transform-cache-c28e27eaf2cda0320583202d2edf90c5-79ef2876fae7ca75eedb2aa53dc48338/57/enhancedSubPlantest_57317eac23ddd47373c4bb6048569147
  - server/.jest-cache/jest-transform-cache-c28e27eaf2cda0320583202d2edf90c5-79ef2876fae7ca75eedb2aa53dc48338/57/enhancedSubPlantest_57317eac23ddd47373c4bb6048569147.map
  - server/.jest-cache/jest-transform-cache-c28e27eaf2cda0320583202d2edf90c5-79ef2876fae7ca75eedb2aa53dc48338/57/gptPlanningAgent_57035b27edee1c12065b1eace9406eae
  - server/.jest-cache/jest-transform-cache-c28e27eaf2cda0320583202d2edf90c5-79ef2876fae7ca75eedb2aa53dc48338/57/gptPlanningAgent_57035b27edee1c12065b1eace9406eae.map
  - server/.jest-cache/jest-transform-cache-c28e27eaf2cda0320583202d2edf90c5-79ef2876fae7ca75eedb2aa53dc48338/57/plannerstate_57f1413756d38c66d829cd830baa52c2
  - server/.jest-cache/jest-transform-cache-c28e27eaf2cda0320583202d2edf90c5-79ef2876fae7ca75eedb2aa53dc48338/57/plannerstate_57f1413756d38c66d829cd830baa52c2.map
  - server/.jest-cache/jest-transform-cache-c28e27eaf2cda0320583202d2edf90c5-79ef2876fae7ca75eedb2aa53dc48338/57/user_57d53d1f95652a657ca832df6363a2f1
  - server/.jest-cache/jest-transform-cache-c28e27eaf2cda0320583202d2edf90c5-79ef2876fae7ca75eedb2aa53dc48338/57/user_57d53d1f95652a657ca832df6363a2f1.map
  - server/.jest-cache/jest-transform-cache-c28e27eaf2cda0320583202d2edf90c5-79ef2876fae7ca75eedb2aa53dc48338/58/auth_58db47fcf1e924b16865dfb41fd88c98
  - server/.jest-cache/jest-transform-cache-c28e27eaf2cda0320583202d2edf90c5-79ef2876fae7ca75eedb2aa53dc48338/58/auth_58db47fcf1e924b16865dfb41fd88c98.map
  - server/.jest-cache/jest-transform-cache-c28e27eaf2cda0320583202d2edf90c5-79ef2876fae7ca75eedb2aa53dc48338/58/authtest_5858a83a26b7b11a7e68ee4b0841a4ff
  - server/.jest-cache/jest-transform-cache-c28e27eaf2cda0320583202d2edf90c5-79ef2876fae7ca75eedb2aa53dc48338/58/authtest_5858a83a26b7b11a7e68ee4b0841a4ff.map
  - server/.jest-cache/jest-transform-cache-c28e27eaf2cda0320583202d2edf90c5-79ef2876fae7ca75eedb2aa53dc48338/58/clusteringService_58ef993f8640961e90377390805fef0f
  - server/.jest-cache/jest-transform-cache-c28e27eaf2cda0320583202d2edf90c5-79ef2876fae7ca75eedb2aa53dc48338/58/clusteringService_58ef993f8640961e90377390805fef0f.map
  - server/.jest-cache/jest-transform-cache-c28e27eaf2cda0320583202d2edf90c5-79ef2876fae7ca75eedb2aa53dc48338/58/integrationtestsetup_58c3daf3c6190cd6af02ab3e8e02105e
  - server/.jest-cache/jest-transform-cache-c28e27eaf2cda0320583202d2edf90c5-79ef2876fae7ca75eedb2aa53dc48338/58/integrationtestsetup_58c3daf3c6190cd6af02ab3e8e02105e.map
  - server/.jest-cache/jest-transform-cache-c28e27eaf2cda0320583202d2edf90c5-79ef2876fae7ca75eedb2aa53dc48338/58/setupallmocks_5899d0764e86b91b35ca0f6e0b6c13d5
  - server/.jest-cache/jest-transform-cache-c28e27eaf2cda0320583202d2edf90c5-79ef2876fae7ca75eedb2aa53dc48338/58/setupallmocks_5899d0764e86b91b35ca0f6e0b6c13d5.map
  - server/.jest-cache/jest-transform-cache-c28e27eaf2cda0320583202d2edf90c5-79ef2876fae7ca75eedb2aa53dc48338/58/subPlanGenerator_583eb54927e7c689c8539604620df5de
  - server/.jest-cache/jest-transform-cache-c28e27eaf2cda0320583202d2edf90c5-79ef2876fae7ca75eedb2aa53dc48338/58/subPlanGenerator_583eb54927e7c689c8539604620df5de.map
  - server/.jest-cache/jest-transform-cache-c28e27eaf2cda0320583202d2edf90c5-79ef2876fae7ca75eedb2aa53dc48338/59/authunittest_59c88683412fab080bade9f0298fb51c
  - server/.jest-cache/jest-transform-cache-c28e27eaf2cda0320583202d2edf90c5-79ef2876fae7ca75eedb2aa53dc48338/59/authunittest_59c88683412fab080bade9f0298fb51c.map
  - server/.jest-cache/jest-transform-cache-c28e27eaf2cda0320583202d2edf90c5-79ef2876fae7ca75eedb2aa53dc48338/59/bookingReminder_599e0ad290ec3446fd165afe0ee336ff
  - server/.jest-cache/jest-transform-cache-c28e27eaf2cda0320583202d2edf90c5-79ef2876fae7ca75eedb2aa53dc48338/59/bookingReminder_599e0ad290ec3446fd165afe0ee336ff.map
  - server/.jest-cache/jest-transform-cache-c28e27eaf2cda0320583202d2edf90c5-79ef2876fae7ca75eedb2aa53dc48338/59/contactExtractorunittest_59d391b4ae23433abdc3fefcc59cf44f
  - server/.jest-cache/jest-transform-cache-c28e27eaf2cda0320583202d2edf90c5-79ef2876fae7ca75eedb2aa53dc48338/59/contactExtractorunittest_59d391b4ae23433abdc3fefcc59cf44f.map
  - server/.jest-cache/jest-transform-cache-c28e27eaf2cda0320583202d2edf90c5-79ef2876fae7ca75eedb2aa53dc48338/59/curriculumWebConnectortest_5915e82f105986827c6beb6d8adb6633
  - server/.jest-cache/jest-transform-cache-c28e27eaf2cda0320583202d2edf90c5-79ef2876fae7ca75eedb2aa53dc48338/59/curriculumWebConnectortest_5915e82f105986827c6beb6d8adb6633.map
  - server/.jest-cache/jest-transform-cache-c28e27eaf2cda0320583202d2edf90c5-79ef2876fae7ca75eedb2aa53dc48338/59/inputSanitization_594ec58e3cc654b62a3b496ec6b89a3c
  - server/.jest-cache/jest-transform-cache-c28e27eaf2cda0320583202d2edf90c5-79ef2876fae7ca75eedb2aa53dc48338/59/inputSanitization_594ec58e3cc654b62a3b496ec6b89a3c.map
  - server/.jest-cache/jest-transform-cache-c28e27eaf2cda0320583202d2edf90c5-79ef2876fae7ca75eedb2aa53dc48338/59/notificationService_599fca68a4fc11b2e6d7116b34218a82
  - server/.jest-cache/jest-transform-cache-c28e27eaf2cda0320583202d2edf90c5-79ef2876fae7ca75eedb2aa53dc48338/59/notificationService_599fca68a4fc11b2e6d7116b34218a82.map
  - server/.jest-cache/jest-transform-cache-c28e27eaf2cda0320583202d2edf90c5-79ef2876fae7ca75eedb2aa53dc48338/59/planningroutestest_590fc8fa8a3eae0796be83f0ed7b7261
  - server/.jest-cache/jest-transform-cache-c28e27eaf2cda0320583202d2edf90c5-79ef2876fae7ca75eedb2aa53dc48338/59/planningroutestest_590fc8fa8a3eae0796be83f0ed7b7261.map
  - server/.jest-cache/jest-transform-cache-c28e27eaf2cda0320583202d2edf90c5-79ef2876fae7ca75eedb2aa53dc48338/59/student_5980f4097f3aae7fc41b1d0801aea260
  - server/.jest-cache/jest-transform-cache-c28e27eaf2cda0320583202d2edf90c5-79ef2876fae7ca75eedb2aa53dc48338/59/student_5980f4097f3aae7fc41b1d0801aea260.map
  - server/.jest-cache/jest-transform-cache-c28e27eaf2cda0320583202d2edf90c5-79ef2876fae7ca75eedb2aa53dc48338/59/testsetuphelpers_59bfb4e1cb745269d1c9bfd868d7063d
  - server/.jest-cache/jest-transform-cache-c28e27eaf2cda0320583202d2edf90c5-79ef2876fae7ca75eedb2aa53dc48338/59/testsetuphelpers_59bfb4e1cb745269d1c9bfd868d7063d.map
  - server/.jest-cache/jest-transform-cache-c28e27eaf2cda0320583202d2edf90c5-79ef2876fae7ca75eedb2aa53dc48338/5a/aiActivityGeneratortest_5aed6882735d4f34894b3ba1b97f329d
  - server/.jest-cache/jest-transform-cache-c28e27eaf2cda0320583202d2edf90c5-79ef2876fae7ca75eedb2aa53dc48338/5a/aiActivityGeneratortest_5aed6882735d4f34894b3ba1b97f329d.map
  - server/.jest-cache/jest-transform-cache-c28e27eaf2cda0320583202d2edf90c5-79ef2876fae7ca75eedb2aa53dc48338/5a/batchProcessingService_5af71d792a3f751c25b902a415136f27
  - server/.jest-cache/jest-transform-cache-c28e27eaf2cda0320583202d2edf90c5-79ef2876fae7ca75eedb2aa53dc48338/5a/batchProcessingService_5af71d792a3f751c25b902a415136f27.map
  - server/.jest-cache/jest-transform-cache-c28e27eaf2cda0320583202d2edf90c5-79ef2876fae7ca75eedb2aa53dc48338/5a/unitplans_5ad7e09f4af0d1eb2b6b4f23de4ccd3d
  - server/.jest-cache/jest-transform-cache-c28e27eaf2cda0320583202d2edf90c5-79ef2876fae7ca75eedb2aa53dc48338/5a/unitplans_5ad7e09f4af0d1eb2b6b4f23de4ccd3d.map
  - server/.jest-cache/jest-transform-cache-c28e27eaf2cda0320583202d2edf90c5-79ef2876fae7ca75eedb2aa53dc48338/5a/validation_5a6c281433c9cfc5b9c1751e162c02a1
  - server/.jest-cache/jest-transform-cache-c28e27eaf2cda0320583202d2edf90c5-79ef2876fae7ca75eedb2aa53dc48338/5a/validation_5a6c281433c9cfc5b9c1751e162c02a1.map
  - server/.jest-cache/jest-transform-cache-c28e27eaf2cda0320583202d2edf90c5-79ef2876fae7ca75eedb2aa53dc48338/5a/workflowStateServicetest_5a8198587f3fa0aab1ed7b57e381ed0b
  - server/.jest-cache/jest-transform-cache-c28e27eaf2cda0320583202d2edf90c5-79ef2876fae7ca75eedb2aa53dc48338/5a/workflowStateServicetest_5a8198587f3fa0aab1ed7b57e381ed0b.map
  - server/.jest-cache/jest-transform-cache-c28e27eaf2cda0320583202d2edf90c5-79ef2876fae7ca75eedb2aa53dc48338/5b/emailService_5b031967d4da7ffd73c77c8f76dffae7
  - server/.jest-cache/jest-transform-cache-c28e27eaf2cda0320583202d2edf90c5-79ef2876fae7ca75eedb2aa53dc48338/5b/emailService_5b031967d4da7ffd73c77c8f76dffae7.map
  - server/.jest-cache/jest-transform-cache-c28e27eaf2cda0320583202d2edf90c5-79ef2876fae7ca75eedb2aa53dc48338/5b/planningEngineunittest_5baf82e8cd8e5a7a31554689be89c7f8
  - server/.jest-cache/jest-transform-cache-c28e27eaf2cda0320583202d2edf90c5-79ef2876fae7ca75eedb2aa53dc48338/5b/planningEngineunittest_5baf82e8cd8e5a7a31554689be89c7f8.map
  - server/.jest-cache/jest-transform-cache-c28e27eaf2cda0320583202d2edf90c5-79ef2876fae7ca75eedb2aa53dc48338/5b/scenarioTemplateExtractorsimpletest_5b5ac5a0eedfd0e30d9757f03d1ea887
  - server/.jest-cache/jest-transform-cache-c28e27eaf2cda0320583202d2edf90c5-79ef2876fae7ca75eedb2aa53dc48338/5b/scenarioTemplateExtractorsimpletest_5b5ac5a0eedfd0e30d9757f03d1ea887.map
  - server/.jest-cache/jest-transform-cache-c28e27eaf2cda0320583202d2edf90c5-79ef2876fae7ca75eedb2aa53dc48338/5b/testsetuphelpers_5b4c4bb1c1df34a55aa983f260486047
  - server/.jest-cache/jest-transform-cache-c28e27eaf2cda0320583202d2edf90c5-79ef2876fae7ca75eedb2aa53dc48338/5b/testsetuphelpers_5b4c4bb1c1df34a55aa983f260486047.map
  - server/.jest-cache/jest-transform-cache-c28e27eaf2cda0320583202d2edf90c5-79ef2876fae7ca75eedb2aa53dc48338/5c/curriculumImport_5cb8c4037d114bc82a025c509b553da1
  - server/.jest-cache/jest-transform-cache-c28e27eaf2cda0320583202d2edf90c5-79ef2876fae7ca75eedb2aa53dc48338/5c/curriculumImport_5cb8c4037d114bc82a025c509b553da1.map
  - server/.jest-cache/jest-transform-cache-c28e27eaf2cda0320583202d2edf90c5-79ef2876fae7ca75eedb2aa53dc48338/5c/emailservicetest_5c965b6f680b88fdfac49264485f316d
  - server/.jest-cache/jest-transform-cache-c28e27eaf2cda0320583202d2edf90c5-79ef2876fae7ca75eedb2aa53dc48338/5c/emailservicetest_5c965b6f680b88fdfac49264485f316d.map
  - server/.jest-cache/jest-transform-cache-c28e27eaf2cda0320583202d2edf90c5-79ef2876fae7ca75eedb2aa53dc48338/5c/rateLimiter_5c362cbcbe584c26f8c304dc3110bc21
  - server/.jest-cache/jest-transform-cache-c28e27eaf2cda0320583202d2edf90c5-79ef2876fae7ca75eedb2aa53dc48338/5c/rateLimiter_5c362cbcbe584c26f8c304dc3110bc21.map
  - server/.jest-cache/jest-transform-cache-c28e27eaf2cda0320583202d2edf90c5-79ef2876fae7ca75eedb2aa53dc48338/5c/recentplans_5c73876f991b5015ae6dfe4973eafc09
  - server/.jest-cache/jest-transform-cache-c28e27eaf2cda0320583202d2edf90c5-79ef2876fae7ca75eedb2aa53dc48338/5c/recentplans_5c73876f991b5015ae6dfe4973eafc09.map
  - server/.jest-cache/jest-transform-cache-c28e27eaf2cda0320583202d2edf90c5-79ef2876fae7ca75eedb2aa53dc48338/5c/subPlanService_5c278dfaf4ffa85fe672229b77f1a88d
  - server/.jest-cache/jest-transform-cache-c28e27eaf2cda0320583202d2edf90c5-79ef2876fae7ca75eedb2aa53dc48338/5c/subPlanService_5c278dfaf4ffa85fe672229b77f1a88d.map
  - server/.jest-cache/jest-transform-cache-c28e27eaf2cda0320583202d2edf90c5-79ef2876fae7ca75eedb2aa53dc48338/5c/testserver_5c84abe1f0d6e6c839c03efb7fc85fe4
  - server/.jest-cache/jest-transform-cache-c28e27eaf2cda0320583202d2edf90c5-79ef2876fae7ca75eedb2aa53dc48338/5c/testserver_5c84abe1f0d6e6c839c03efb7fc85fe4.map
  - server/.jest-cache/jest-transform-cache-c28e27eaf2cda0320583202d2edf90c5-79ef2876fae7ca75eedb2aa53dc48338/5d/activitycollections_5d2c46624603a4a2e2857f4553f4ee24
  - server/.jest-cache/jest-transform-cache-c28e27eaf2cda0320583202d2edf90c5-79ef2876fae7ca75eedb2aa53dc48338/5d/activitycollections_5d2c46624603a4a2e2857f4553f4ee24.map
  - server/.jest-cache/jest-transform-cache-c28e27eaf2cda0320583202d2edf90c5-79ef2876fae7ca75eedb2aa53dc48338/5d/aiPromptTemplateService_5d9b9630efc82562b4a4eed2039d85c8
  - server/.jest-cache/jest-transform-cache-c28e27eaf2cda0320583202d2edf90c5-79ef2876fae7ca75eedb2aa53dc48338/5d/aiPromptTemplateService_5d9b9630efc82562b4a4eed2039d85c8.map
  - server/.jest-cache/jest-transform-cache-c28e27eaf2cda0320583202d2edf90c5-79ef2876fae7ca75eedb2aa53dc48338/5d/authService_5d242eb27688f658fa93aa27eefc87ea
  - server/.jest-cache/jest-transform-cache-c28e27eaf2cda0320583202d2edf90c5-79ef2876fae7ca75eedb2aa53dc48338/5d/authService_5d242eb27688f658fa93aa27eefc87ea.map
  - server/.jest-cache/jest-transform-cache-c28e27eaf2cda0320583202d2edf90c5-79ef2876fae7ca75eedb2aa53dc48338/5d/authrefactoredtest_5d56254faa6481f1f94a206d09be76be
  - server/.jest-cache/jest-transform-cache-c28e27eaf2cda0320583202d2edf90c5-79ef2876fae7ca75eedb2aa53dc48338/5d/authrefactoredtest_5d56254faa6481f1f94a206d09be76be.map
  - server/.jest-cache/jest-transform-cache-c28e27eaf2cda0320583202d2edf90c5-79ef2876fae7ca75eedb2aa53dc48338/5d/baseConnector_5d15b9e7775444b3676bdcfb7244f327
  - server/.jest-cache/jest-transform-cache-c28e27eaf2cda0320583202d2edf90c5-79ef2876fae7ca75eedb2aa53dc48338/5d/baseConnector_5d15b9e7775444b3676bdcfb7244f327.map
  - server/.jest-cache/jest-transform-cache-c28e27eaf2cda0320583202d2edf90c5-79ef2876fae7ca75eedb2aa53dc48338/5d/embeddingServicetest_5d8e145a6cb724fa50220af8ddb188b9
  - server/.jest-cache/jest-transform-cache-c28e27eaf2cda0320583202d2edf90c5-79ef2876fae7ca75eedb2aa53dc48338/5d/embeddingServicetest_5d8e145a6cb724fa50220af8ddb188b9.map
  - server/.jest-cache/jest-transform-cache-c28e27eaf2cda0320583202d2edf90c5-79ef2876fae7ca75eedb2aa53dc48338/5d/index_5d05f4cef68c054a38a831ae14fdef88
  - server/.jest-cache/jest-transform-cache-c28e27eaf2cda0320583202d2edf90c5-79ef2876fae7ca75eedb2aa53dc48338/5d/index_5d05f4cef68c054a38a831ae14fdef88.map
  - server/.jest-cache/jest-transform-cache-c28e27eaf2cda0320583202d2edf90c5-79ef2876fae7ca75eedb2aa53dc48338/5d/jestsetup_5d585b5833a87c0e8c8b955b1b4cb0c8
  - server/.jest-cache/jest-transform-cache-c28e27eaf2cda0320583202d2edf90c5-79ef2876fae7ca75eedb2aa53dc48338/5d/mockConnector_5d667bb9cb2027654abe526efcab02b4
  - server/.jest-cache/jest-transform-cache-c28e27eaf2cda0320583202d2edf90c5-79ef2876fae7ca75eedb2aa53dc48338/5d/mockConnector_5d667bb9cb2027654abe526efcab02b4.map
  - server/.jest-cache/jest-transform-cache-c28e27eaf2cda0320583202d2edf90c5-79ef2876fae7ca75eedb2aa53dc48338/5d/performanceMonitoring_5dac23001015eade1a4e16fa1f9990d8
  - server/.jest-cache/jest-transform-cache-c28e27eaf2cda0320583202d2edf90c5-79ef2876fae7ca75eedb2aa53dc48338/5d/performanceMonitoring_5dac23001015eade1a4e16fa1f9990d8.map
  - server/.jest-cache/jest-transform-cache-c28e27eaf2cda0320583202d2edf90c5-79ef2876fae7ca75eedb2aa53dc48338/5d/reportGeneratorService_5d7e32386aeb586d9ccee8e3409e9454
  - server/.jest-cache/jest-transform-cache-c28e27eaf2cda0320583202d2edf90c5-79ef2876fae7ca75eedb2aa53dc48338/5d/reportGeneratorService_5d7e32386aeb586d9ccee8e3409e9454.map
  - server/.jest-cache/jest-transform-cache-c28e27eaf2cda0320583202d2edf90c5-79ef2876fae7ca75eedb2aa53dc48338/5d/smartMaterialExtractor_5d4b997ace4e8b5370acded4f49df43c
  - server/.jest-cache/jest-transform-cache-c28e27eaf2cda0320583202d2edf90c5-79ef2876fae7ca75eedb2aa53dc48338/5d/smartMaterialExtractor_5d4b997ace4e8b5370acded4f49df43c.map
  - server/.jest-cache/jest-transform-cache-c28e27eaf2cda0320583202d2edf90c5-79ef2876fae7ca75eedb2aa53dc48338/5e/auditLog_5e46eb07548f302c3c9e85ea53583909
  - server/.jest-cache/jest-transform-cache-c28e27eaf2cda0320583202d2edf90c5-79ef2876fae7ca75eedb2aa53dc48338/5e/auditLog_5e46eb07548f302c3c9e85ea53583909.map
  - server/.jest-cache/jest-transform-cache-c28e27eaf2cda0320583202d2edf90c5-79ef2876fae7ca75eedb2aa53dc48338/5e/authrefactoredtest_5e07a49ba3291a0782afd6d6a5136edc
  - server/.jest-cache/jest-transform-cache-c28e27eaf2cda0320583202d2edf90c5-79ef2876fae7ca75eedb2aa53dc48338/5e/authrefactoredtest_5e07a49ba3291a0782afd6d6a5136edc.map
  - server/.jest-cache/jest-transform-cache-c28e27eaf2cda0320583202d2edf90c5-79ef2876fae7ca75eedb2aa53dc48338/5e/calendarEventstest_5e6e338fd34f5dfb96685bb9a0ab34a8
  - server/.jest-cache/jest-transform-cache-c28e27eaf2cda0320583202d2edf90c5-79ef2876fae7ca75eedb2aa53dc48338/5e/calendarEventstest_5e6e338fd34f5dfb96685bb9a0ab34a8.map
  - server/.jest-cache/jest-transform-cache-c28e27eaf2cda0320583202d2edf90c5-79ef2876fae7ca75eedb2aa53dc48338/5e/calendarevents_5e4b125d14a0455c927bd173b76219c6
  - server/.jest-cache/jest-transform-cache-c28e27eaf2cda0320583202d2edf90c5-79ef2876fae7ca75eedb2aa53dc48338/5e/calendarevents_5e4b125d14a0455c927bd173b76219c6.map
  - server/.jest-cache/jest-transform-cache-c28e27eaf2cda0320583202d2edf90c5-79ef2876fae7ca75eedb2aa53dc48338/5e/curriculumImportintegrationtest_5e98369fac8c6e49262988097095796f
  - server/.jest-cache/jest-transform-cache-c28e27eaf2cda0320583202d2edf90c5-79ef2876fae7ca75eedb2aa53dc48338/5e/curriculumImportintegrationtest_5e98369fac8c6e49262988097095796f.map
  - server/.jest-cache/jest-transform-cache-c28e27eaf2cda0320583202d2edf90c5-79ef2876fae7ca75eedb2aa53dc48338/5e/curriculumroutestest_5eccca6fc6e47d089d0e274d724bbaf7
  - server/.jest-cache/jest-transform-cache-c28e27eaf2cda0320583202d2edf90c5-79ef2876fae7ca75eedb2aa53dc48338/5e/curriculumroutestest_5eccca6fc6e47d089d0e274d724bbaf7.map
  - server/.jest-cache/jest-transform-cache-c28e27eaf2cda0320583202d2edf90c5-79ef2876fae7ca75eedb2aa53dc48338/5e/emailTestHelper_5e94729248fddb719cdc797a710e7e47
  - server/.jest-cache/jest-transform-cache-c28e27eaf2cda0320583202d2edf90c5-79ef2876fae7ca75eedb2aa53dc48338/5e/emailTestHelper_5e94729248fddb719cdc797a710e7e47.map
  - server/.jest-cache/jest-transform-cache-c28e27eaf2cda0320583202d2edf90c5-79ef2876fae7ca75eedb2aa53dc48338/5e/plannerstate_5e0143f6f547ece150aac7e470bc6a1d
  - server/.jest-cache/jest-transform-cache-c28e27eaf2cda0320583202d2edf90c5-79ef2876fae7ca75eedb2aa53dc48338/5e/plannerstate_5e0143f6f547ece150aac7e470bc6a1d.map
  - server/.jest-cache/jest-transform-cache-c28e27eaf2cda0320583202d2edf90c5-79ef2876fae7ca75eedb2aa53dc48338/5f/aiDraftService_5f00e9f20cd7de8e2d5c862679e7e585
  - server/.jest-cache/jest-transform-cache-c28e27eaf2cda0320583202d2edf90c5-79ef2876fae7ca75eedb2aa53dc48338/5f/aiDraftService_5f00e9f20cd7de8e2d5c862679e7e585.map
  - server/.jest-cache/jest-transform-cache-c28e27eaf2cda0320583202d2edf90c5-79ef2876fae7ca75eedb2aa53dc48338/5f/curriculumImportServiceupdatedtest_5ffe9c5809fe5fae4006e8ee2c567d00
  - server/.jest-cache/jest-transform-cache-c28e27eaf2cda0320583202d2edf90c5-79ef2876fae7ca75eedb2aa53dc48338/5f/curriculumImportServiceupdatedtest_5ffe9c5809fe5fae4006e8ee2c567d00.map
  - server/.jest-cache/jest-transform-cache-c28e27eaf2cda0320583202d2edf90c5-79ef2876fae7ca75eedb2aa53dc48338/5f/curriculumdiscovery_5f390c2be38599d728fbd70b5dc7a9c8
  - server/.jest-cache/jest-transform-cache-c28e27eaf2cda0320583202d2edf90c5-79ef2876fae7ca75eedb2aa53dc48338/5f/curriculumdiscovery_5f390c2be38599d728fbd70b5dc7a9c8.map
  - server/.jest-cache/jest-transform-cache-c28e27eaf2cda0320583202d2edf90c5-79ef2876fae7ca75eedb2aa53dc48338/5f/planningroutestest_5f5e424764b5eb673aecd9c6458b632d
  - server/.jest-cache/jest-transform-cache-c28e27eaf2cda0320583202d2edf90c5-79ef2876fae7ca75eedb2aa53dc48338/5f/planningroutestest_5f5e424764b5eb673aecd9c6458b632d.map
  - server/.jest-cache/jest-transform-cache-c28e27eaf2cda0320583202d2edf90c5-79ef2876fae7ca75eedb2aa53dc48338/60/curriculumImport_6094c75fb312f31bfd2ccd03b3239f53
  - server/.jest-cache/jest-transform-cache-c28e27eaf2cda0320583202d2edf90c5-79ef2876fae7ca75eedb2aa53dc48338/60/curriculumImport_6094c75fb312f31bfd2ccd03b3239f53.map
  - server/.jest-cache/jest-transform-cache-c28e27eaf2cda0320583202d2edf90c5-79ef2876fae7ca75eedb2aa53dc48338/60/discoverySchedulerService_608dfcce45fd65b409a109130a5fb901
  - server/.jest-cache/jest-transform-cache-c28e27eaf2cda0320583202d2edf90c5-79ef2876fae7ca75eedb2aa53dc48338/60/discoverySchedulerService_608dfcce45fd65b409a109130a5fb901.map
  - server/.jest-cache/jest-transform-cache-c28e27eaf2cda0320583202d2edf90c5-79ef2876fae7ca75eedb2aa53dc48338/60/newsletterTrigger_60f3e5916e6b330a5eacb23246fbcc3a
  - server/.jest-cache/jest-transform-cache-c28e27eaf2cda0320583202d2edf90c5-79ef2876fae7ca75eedb2aa53dc48338/60/newsletterTrigger_60f3e5916e6b330a5eacb23246fbcc3a.map
  - server/.jest-cache/jest-transform-cache-c28e27eaf2cda0320583202d2edf90c5-79ef2876fae7ca75eedb2aa53dc48338/60/phase3basictest_6010ce7bed929f01bbdd845e28a15144
  - server/.jest-cache/jest-transform-cache-c28e27eaf2cda0320583202d2edf90c5-79ef2876fae7ca75eedb2aa53dc48338/60/phase3basictest_6010ce7bed929f01bbdd845e28a15144.map
  - server/.jest-cache/jest-transform-cache-c28e27eaf2cda0320583202d2edf90c5-79ef2876fae7ca75eedb2aa53dc48338/61/baseConnectortest_616b82b5051cf3965af34adee5d7cc32
  - server/.jest-cache/jest-transform-cache-c28e27eaf2cda0320583202d2edf90c5-79ef2876fae7ca75eedb2aa53dc48338/61/baseConnectortest_616b82b5051cf3965af34adee5d7cc32.map
  - server/.jest-cache/jest-transform-cache-c28e27eaf2cda0320583202d2edf90c5-79ef2876fae7ca75eedb2aa53dc48338/61/discoverySchedulerService_61b543029d277a8d7eb108dc9838eecf
  - server/.jest-cache/jest-transform-cache-c28e27eaf2cda0320583202d2edf90c5-79ef2876fae7ca75eedb2aa53dc48338/61/discoverySchedulerService_61b543029d277a8d7eb108dc9838eecf.map
  - server/.jest-cache/jest-transform-cache-c28e27eaf2cda0320583202d2edf90c5-79ef2876fae7ca75eedb2aa53dc48338/61/openai_6165e99747ca9dda659184592aa7037a
  - server/.jest-cache/jest-transform-cache-c28e27eaf2cda0320583202d2edf90c5-79ef2876fae7ca75eedb2aa53dc48338/61/subPlanService_61cbd174e8ef34e59cc6a25ef97fa72b
  - server/.jest-cache/jest-transform-cache-c28e27eaf2cda0320583202d2edf90c5-79ef2876fae7ca75eedb2aa53dc48338/61/subPlanService_61cbd174e8ef34e59cc6a25ef97fa72b.map
  - server/.jest-cache/jest-transform-cache-c28e27eaf2cda0320583202d2edf90c5-79ef2876fae7ca75eedb2aa53dc48338/61/teams_61df3eebca9cdee36f216d02d2d0fee1
  - server/.jest-cache/jest-transform-cache-c28e27eaf2cda0320583202d2edf90c5-79ef2876fae7ca75eedb2aa53dc48338/61/teams_61df3eebca9cdee36f216d02d2d0fee1.map
  - server/.jest-cache/jest-transform-cache-c28e27eaf2cda0320583202d2edf90c5-79ef2876fae7ca75eedb2aa53dc48338/62/BaseService_62a2969b5d3a269499a2ec68d3e97a8a
  - server/.jest-cache/jest-transform-cache-c28e27eaf2cda0320583202d2edf90c5-79ef2876fae7ca75eedb2aa53dc48338/62/BaseService_62a2969b5d3a269499a2ec68d3e97a8a.map
  - server/.jest-cache/jest-transform-cache-c28e27eaf2cda0320583202d2edf90c5-79ef2876fae7ca75eedb2aa53dc48338/62/CacheService_627cb8a707a529aa60cf8209cad905c0
  - server/.jest-cache/jest-transform-cache-c28e27eaf2cda0320583202d2edf90c5-79ef2876fae7ca75eedb2aa53dc48338/62/CacheService_627cb8a707a529aa60cf8209cad905c0.map
  - server/.jest-cache/jest-transform-cache-c28e27eaf2cda0320583202d2edf90c5-79ef2876fae7ca75eedb2aa53dc48338/62/authunittest_624ae10406a37ec437b729cad56c39fb
  - server/.jest-cache/jest-transform-cache-c28e27eaf2cda0320583202d2edf90c5-79ef2876fae7ca75eedb2aa53dc48338/62/authunittest_624ae10406a37ec437b729cad56c39fb.map
  - server/.jest-cache/jest-transform-cache-c28e27eaf2cda0320583202d2edf90c5-79ef2876fae7ca75eedb2aa53dc48338/62/batch_62b14e96eaf7520b009e3d3196c0e834
  - server/.jest-cache/jest-transform-cache-c28e27eaf2cda0320583202d2edf90c5-79ef2876fae7ca75eedb2aa53dc48338/62/batch_62b14e96eaf7520b009e3d3196c0e834.map
  - server/.jest-cache/jest-transform-cache-c28e27eaf2cda0320583202d2edf90c5-79ef2876fae7ca75eedb2aa53dc48338/62/databasemock_62a7bbffbbc25ed1bb80b6b6e7538e33
  - server/.jest-cache/jest-transform-cache-c28e27eaf2cda0320583202d2edf90c5-79ef2876fae7ca75eedb2aa53dc48338/62/databasemock_62a7bbffbbc25ed1bb80b6b6e7538e33.map
  - server/.jest-cache/jest-transform-cache-c28e27eaf2cda0320583202d2edf90c5-79ef2876fae7ca75eedb2aa53dc48338/62/discoveryServicestest_62ea301201b185f1ad2955f2c0200464
  - server/.jest-cache/jest-transform-cache-c28e27eaf2cda0320583202d2edf90c5-79ef2876fae7ca75eedb2aa53dc48338/62/discoveryServicestest_62ea301201b185f1ad2955f2c0200464.map
  - server/.jest-cache/jest-transform-cache-c28e27eaf2cda0320583202d2edf90c5-79ef2876fae7ca75eedb2aa53dc48338/62/materialGeneratortest_62e2ac15ef2146fecc2103ea1482fec9
  - server/.jest-cache/jest-transform-cache-c28e27eaf2cda0320583202d2edf90c5-79ef2876fae7ca75eedb2aa53dc48338/62/materialGeneratortest_62e2ac15ef2146fecc2103ea1482fec9.map
  - server/.jest-cache/jest-transform-cache-c28e27eaf2cda0320583202d2edf90c5-79ef2876fae7ca75eedb2aa53dc48338/62/openai_620ccc4f5fffa7985c692c369acced97
  - server/.jest-cache/jest-transform-cache-c28e27eaf2cda0320583202d2edf90c5-79ef2876fae7ca75eedb2aa53dc48338/62/reportGeneratorService_628953ebb075f7550d4992f9e045f462
  - server/.jest-cache/jest-transform-cache-c28e27eaf2cda0320583202d2edf90c5-79ef2876fae7ca75eedb2aa53dc48338/62/reportGeneratorService_628953ebb075f7550d4992f9e045f462.map
  - server/.jest-cache/jest-transform-cache-c28e27eaf2cda0320583202d2edf90c5-79ef2876fae7ca75eedb2aa53dc48338/62/scenarioTemplateExtractor_6286679265e4797274a281f9e9e16b66
  - server/.jest-cache/jest-transform-cache-c28e27eaf2cda0320583202d2edf90c5-79ef2876fae7ca75eedb2aa53dc48338/62/scenarioTemplateExtractor_6286679265e4797274a281f9e9e16b66.map
  - server/.jest-cache/jest-transform-cache-c28e27eaf2cda0320583202d2edf90c5-79ef2876fae7ca75eedb2aa53dc48338/62/subPlanGenerator_621d6fed69440b14db1f671ab1e706ef
  - server/.jest-cache/jest-transform-cache-c28e27eaf2cda0320583202d2edf90c5-79ef2876fae7ca75eedb2aa53dc48338/62/subPlanGenerator_621d6fed69440b14db1f671ab1e706ef.map
  - server/.jest-cache/jest-transform-cache-c28e27eaf2cda0320583202d2edf90c5-79ef2876fae7ca75eedb2aa53dc48338/63/authenticate_6397696e38a1ffb55998b0a005e0d824
  - server/.jest-cache/jest-transform-cache-c28e27eaf2cda0320583202d2edf90c5-79ef2876fae7ca75eedb2aa53dc48338/63/authenticate_6397696e38a1ffb55998b0a005e0d824.map
  - server/.jest-cache/jest-transform-cache-c28e27eaf2cda0320583202d2edf90c5-79ef2876fae7ca75eedb2aa53dc48338/63/baseConnector_634d4bda31e37077d6ed997dc04062f9
  - server/.jest-cache/jest-transform-cache-c28e27eaf2cda0320583202d2edf90c5-79ef2876fae7ca75eedb2aa53dc48338/63/baseConnector_634d4bda31e37077d6ed997dc04062f9.map
  - server/.jest-cache/jest-transform-cache-c28e27eaf2cda0320583202d2edf90c5-79ef2876fae7ca75eedb2aa53dc48338/63/baseConnector_637379970e4c7f60025fb37163591ced
  - server/.jest-cache/jest-transform-cache-c28e27eaf2cda0320583202d2edf90c5-79ef2876fae7ca75eedb2aa53dc48338/63/baseConnector_637379970e4c7f60025fb37163591ced.map
  - server/.jest-cache/jest-transform-cache-c28e27eaf2cda0320583202d2edf90c5-79ef2876fae7ca75eedb2aa53dc48338/63/curriculumDiscoveryService_63b6a4213d952cc352b67f8291cecdd6
  - server/.jest-cache/jest-transform-cache-c28e27eaf2cda0320583202d2edf90c5-79ef2876fae7ca75eedb2aa53dc48338/63/curriculumDiscoveryService_63b6a4213d952cc352b67f8291cecdd6.map
  - server/.jest-cache/jest-transform-cache-c28e27eaf2cda0320583202d2edf90c5-79ef2876fae7ca75eedb2aa53dc48338/63/emailService_63c801020a5a937858f8e37242b5434a
  - server/.jest-cache/jest-transform-cache-c28e27eaf2cda0320583202d2edf90c5-79ef2876fae7ca75eedb2aa53dc48338/63/emailService_63c801020a5a937858f8e37242b5434a.map
  - server/.jest-cache/jest-transform-cache-c28e27eaf2cda0320583202d2edf90c5-79ef2876fae7ca75eedb2aa53dc48338/63/jestsetup_63aa88a1662bd5a26a23301b2125c485
  - server/.jest-cache/jest-transform-cache-c28e27eaf2cda0320583202d2edf90c5-79ef2876fae7ca75eedb2aa53dc48338/63/testdatabasemanager_63c69f8ded25ab284d1c9c3beae7e410
  - server/.jest-cache/jest-transform-cache-c28e27eaf2cda0320583202d2edf90c5-79ef2876fae7ca75eedb2aa53dc48338/63/testdatabasemanager_63c69f8ded25ab284d1c9c3beae7e410.map
  - server/.jest-cache/jest-transform-cache-c28e27eaf2cda0320583202d2edf90c5-79ef2876fae7ca75eedb2aa53dc48338/64/BaseService_64aa2dbb848fd0574a9cd4f759ff2d79
  - server/.jest-cache/jest-transform-cache-c28e27eaf2cda0320583202d2edf90c5-79ef2876fae7ca75eedb2aa53dc48338/64/BaseService_64aa2dbb848fd0574a9cd4f759ff2d79.map
  - server/.jest-cache/jest-transform-cache-c28e27eaf2cda0320583202d2edf90c5-79ef2876fae7ca75eedb2aa53dc48338/64/auditLog_64db49c452658225df104520313e1fa0
  - server/.jest-cache/jest-transform-cache-c28e27eaf2cda0320583202d2edf90c5-79ef2876fae7ca75eedb2aa53dc48338/64/auditLog_64db49c452658225df104520313e1fa0.map
  - server/.jest-cache/jest-transform-cache-c28e27eaf2cda0320583202d2edf90c5-79ef2876fae7ca75eedb2aa53dc48338/64/authenticate_6490c6ea15c498ebec2a98066821f9c2
  - server/.jest-cache/jest-transform-cache-c28e27eaf2cda0320583202d2edf90c5-79ef2876fae7ca75eedb2aa53dc48338/64/authenticate_6490c6ea15c498ebec2a98066821f9c2.map
  - server/.jest-cache/jest-transform-cache-c28e27eaf2cda0320583202d2edf90c5-79ef2876fae7ca75eedb2aa53dc48338/64/bilingualLessonTemplates_6456902715c13e0e2515f8063bc6fd98
  - server/.jest-cache/jest-transform-cache-c28e27eaf2cda0320583202d2edf90c5-79ef2876fae7ca75eedb2aa53dc48338/64/bilingualLessonTemplates_6456902715c13e0e2515f8063bc6fd98.map
  - server/.jest-cache/jest-transform-cache-c28e27eaf2cda0320583202d2edf90c5-79ef2876fae7ca75eedb2aa53dc48338/64/curriculumWebConnector_64eec8a0e6744191c2244ec7f355c2f9
  - server/.jest-cache/jest-transform-cache-c28e27eaf2cda0320583202d2edf90c5-79ef2876fae7ca75eedb2aa53dc48338/64/curriculumWebConnector_64eec8a0e6744191c2244ec7f355c2f9.map
  - server/.jest-cache/jest-transform-cache-c28e27eaf2cda0320583202d2edf90c5-79ef2876fae7ca75eedb2aa53dc48338/64/curriculumroutestest_64bb11dd36b004f94bdca73e4c8fa218
  - server/.jest-cache/jest-transform-cache-c28e27eaf2cda0320583202d2edf90c5-79ef2876fae7ca75eedb2aa53dc48338/64/curriculumroutestest_64bb11dd36b004f94bdca73e4c8fa218.map
  - server/.jest-cache/jest-transform-cache-c28e27eaf2cda0320583202d2edf90c5-79ef2876fae7ca75eedb2aa53dc48338/64/planningroutestest_64f64796f702081fb136fe146e93bd54
  - server/.jest-cache/jest-transform-cache-c28e27eaf2cda0320583202d2edf90c5-79ef2876fae7ca75eedb2aa53dc48338/64/planningroutestest_64f64796f702081fb136fe146e93bd54.map
  - server/.jest-cache/jest-transform-cache-c28e27eaf2cda0320583202d2edf90c5-79ef2876fae7ca75eedb2aa53dc48338/64/simpleservertest_6408a1cdb0b7b065dee19a83b7c901fe
  - server/.jest-cache/jest-transform-cache-c28e27eaf2cda0320583202d2edf90c5-79ef2876fae7ca75eedb2aa53dc48338/64/simpleservertest_6408a1cdb0b7b065dee19a83b7c901fe.map
  - server/.jest-cache/jest-transform-cache-c28e27eaf2cda0320583202d2edf90c5-79ef2876fae7ca75eedb2aa53dc48338/64/validateRequest_649d9ce4e90f3e1bc5a31626cd3b27ac
  - server/.jest-cache/jest-transform-cache-c28e27eaf2cda0320583202d2edf90c5-79ef2876fae7ca75eedb2aa53dc48338/64/validateRequest_649d9ce4e90f3e1bc5a31626cd3b27ac.map
  - server/.jest-cache/jest-transform-cache-c28e27eaf2cda0320583202d2edf90c5-79ef2876fae7ca75eedb2aa53dc48338/65/ServiceRegistry_6579629fd2cb3e2517ba8e73d81b573a
  - server/.jest-cache/jest-transform-cache-c28e27eaf2cda0320583202d2edf90c5-79ef2876fae7ca75eedb2aa53dc48338/65/ServiceRegistry_6579629fd2cb3e2517ba8e73d81b573a.map
  - server/.jest-cache/jest-transform-cache-c28e27eaf2cda0320583202d2edf90c5-79ef2876fae7ca75eedb2aa53dc48338/65/auditLog_651df1652eda10243ffbf96d411f7aeb
  - server/.jest-cache/jest-transform-cache-c28e27eaf2cda0320583202d2edf90c5-79ef2876fae7ca75eedb2aa53dc48338/65/auditLog_651df1652eda10243ffbf96d411f7aeb.map
  - server/.jest-cache/jest-transform-cache-c28e27eaf2cda0320583202d2edf90c5-79ef2876fae7ca75eedb2aa53dc48338/65/notificationService_65573bf6abf52f991db087db10375903
  - server/.jest-cache/jest-transform-cache-c28e27eaf2cda0320583202d2edf90c5-79ef2876fae7ca75eedb2aa53dc48338/65/notificationService_65573bf6abf52f991db087db10375903.map
  - server/.jest-cache/jest-transform-cache-c28e27eaf2cda0320583202d2edf90c5-79ef2876fae7ca75eedb2aa53dc48338/65/reportGeneratorService_65433a3e389571af093f8d75ad7accfc
  - server/.jest-cache/jest-transform-cache-c28e27eaf2cda0320583202d2edf90c5-79ef2876fae7ca75eedb2aa53dc48338/65/reportGeneratorService_65433a3e389571af093f8d75ad7accfc.map
  - server/.jest-cache/jest-transform-cache-c28e27eaf2cda0320583202d2edf90c5-79ef2876fae7ca75eedb2aa53dc48338/65/templateService_653c2af94a0529abe811ca6739aee787
  - server/.jest-cache/jest-transform-cache-c28e27eaf2cda0320583202d2edf90c5-79ef2876fae7ca75eedb2aa53dc48338/65/templateService_653c2af94a0529abe811ca6739aee787.map
  - server/.jest-cache/jest-transform-cache-c28e27eaf2cda0320583202d2edf90c5-79ef2876fae7ca75eedb2aa53dc48338/66/auth_66e8d2f2a5ecdcc47b72efe76c15333f
  - server/.jest-cache/jest-transform-cache-c28e27eaf2cda0320583202d2edf90c5-79ef2876fae7ca75eedb2aa53dc48338/66/auth_66e8d2f2a5ecdcc47b72efe76c15333f.map
  - server/.jest-cache/jest-transform-cache-c28e27eaf2cda0320583202d2edf90c5-79ef2876fae7ca75eedb2aa53dc48338/66/curriculumWebConnector_669c0d7661d7be4f1a86ebe13f994dff
  - server/.jest-cache/jest-transform-cache-c28e27eaf2cda0320583202d2edf90c5-79ef2876fae7ca75eedb2aa53dc48338/66/curriculumWebConnector_669c0d7661d7be4f1a86ebe13f994dff.map
  - server/.jest-cache/jest-transform-cache-c28e27eaf2cda0320583202d2edf90c5-79ef2876fae7ca75eedb2aa53dc48338/66/discoverySchedulerService_665f7047e200b9050a5a0a64f6475287
  - server/.jest-cache/jest-transform-cache-c28e27eaf2cda0320583202d2edf90c5-79ef2876fae7ca75eedb2aa53dc48338/66/discoverySchedulerService_665f7047e200b9050a5a0a64f6475287.map
  - server/.jest-cache/jest-transform-cache-c28e27eaf2cda0320583202d2edf90c5-79ef2876fae7ca75eedb2aa53dc48338/66/pdfkitmock_66cd8aa20271fffcec23f961c78fb62d
  - server/.jest-cache/jest-transform-cache-c28e27eaf2cda0320583202d2edf90c5-79ef2876fae7ca75eedb2aa53dc48338/66/pdfkitmock_66cd8aa20271fffcec23f961c78fb62d.map
  - server/.jest-cache/jest-transform-cache-c28e27eaf2cda0320583202d2edf90c5-79ef2876fae7ca75eedb2aa53dc48338/66/setupallmocks_665a3c38512751b77ef1074855ebbec3
  - server/.jest-cache/jest-transform-cache-c28e27eaf2cda0320583202d2edf90c5-79ef2876fae7ca75eedb2aa53dc48338/66/setupallmocks_665a3c38512751b77ef1074855ebbec3.map
  - server/.jest-cache/jest-transform-cache-c28e27eaf2cda0320583202d2edf90c5-79ef2876fae7ca75eedb2aa53dc48338/67/activitycollections_677d05deeffdc289332f31114812c5e5
  - server/.jest-cache/jest-transform-cache-c28e27eaf2cda0320583202d2edf90c5-79ef2876fae7ca75eedb2aa53dc48338/67/activitycollections_677d05deeffdc289332f31114812c5e5.map
  - server/.jest-cache/jest-transform-cache-c28e27eaf2cda0320583202d2edf90c5-79ef2876fae7ca75eedb2aa53dc48338/67/baseConnector_676ee31d034c21d56d04e31a72ace24c
  - server/.jest-cache/jest-transform-cache-c28e27eaf2cda0320583202d2edf90c5-79ef2876fae7ca75eedb2aa53dc48338/67/baseConnector_676ee31d034c21d56d04e31a72ace24c.map
  - server/.jest-cache/jest-transform-cache-c28e27eaf2cda0320583202d2edf90c5-79ef2876fae7ca75eedb2aa53dc48338/67/calendarEventstest_672835b74b95318abe94b4d21dbb7386
  - server/.jest-cache/jest-transform-cache-c28e27eaf2cda0320583202d2edf90c5-79ef2876fae7ca75eedb2aa53dc48338/67/calendarEventstest_672835b74b95318abe94b4d21dbb7386.map
  - server/.jest-cache/jest-transform-cache-c28e27eaf2cda0320583202d2edf90c5-79ef2876fae7ca75eedb2aa53dc48338/67/curriculumImportService_67389f46245d309c009ec864e81c83bd
  - server/.jest-cache/jest-transform-cache-c28e27eaf2cda0320583202d2edf90c5-79ef2876fae7ca75eedb2aa53dc48338/67/curriculumImportService_67389f46245d309c009ec864e81c83bd.map
  - server/.jest-cache/jest-transform-cache-c28e27eaf2cda0320583202d2edf90c5-79ef2876fae7ca75eedb2aa53dc48338/67/curriculumImportServicetest_6716fb911ffdeb608463f0bb44cab4c7
  - server/.jest-cache/jest-transform-cache-c28e27eaf2cda0320583202d2edf90c5-79ef2876fae7ca75eedb2aa53dc48338/67/curriculumImportServicetest_6716fb911ffdeb608463f0bb44cab4c7.map
  - server/.jest-cache/jest-transform-cache-c28e27eaf2cda0320583202d2edf90c5-79ef2876fae7ca75eedb2aa53dc48338/67/materialGeneratorunittest_6717a1e0cab53f49d9cbc6345f5d13d1
  - server/.jest-cache/jest-transform-cache-c28e27eaf2cda0320583202d2edf90c5-79ef2876fae7ca75eedb2aa53dc48338/67/materialGeneratorunittest_6717a1e0cab53f49d9cbc6345f5d13d1.map
  - server/.jest-cache/jest-transform-cache-c28e27eaf2cda0320583202d2edf90c5-79ef2876fae7ca75eedb2aa53dc48338/68/curriculumDiscoveryService_68adaa3df1cf81b6f8cb6ffe63e2aff8
  - server/.jest-cache/jest-transform-cache-c28e27eaf2cda0320583202d2edf90c5-79ef2876fae7ca75eedb2aa53dc48338/68/curriculumDiscoveryService_68adaa3df1cf81b6f8cb6ffe63e2aff8.map
  - server/.jest-cache/jest-transform-cache-c28e27eaf2cda0320583202d2edf90c5-79ef2876fae7ca75eedb2aa53dc48338/68/curriculumImportServicecoveragetest_68b8309d54236fd504c2f9f697fd6625
  - server/.jest-cache/jest-transform-cache-c28e27eaf2cda0320583202d2edf90c5-79ef2876fae7ca75eedb2aa53dc48338/68/curriculumImportServicecoveragetest_68b8309d54236fd504c2f9f697fd6625.map
  - server/.jest-cache/jest-transform-cache-c28e27eaf2cda0320583202d2edf90c5-79ef2876fae7ca75eedb2aa53dc48338/68/openai_68036fe32f671c19a0391a8610ab3f10
  - server/.jest-cache/jest-transform-cache-c28e27eaf2cda0320583202d2edf90c5-79ef2876fae7ca75eedb2aa53dc48338/68/serverintegrationtest_682eba4e4a7676c9e729186676b7df65
  - server/.jest-cache/jest-transform-cache-c28e27eaf2cda0320583202d2edf90c5-79ef2876fae7ca75eedb2aa53dc48338/68/serverintegrationtest_682eba4e4a7676c9e729186676b7df65.map
  - server/.jest-cache/jest-transform-cache-c28e27eaf2cda0320583202d2edf90c5-79ef2876fae7ca75eedb2aa53dc48338/68/smartMaterialExtractor_68a21e9dde91ca1b3db0036a529f5275
  - server/.jest-cache/jest-transform-cache-c28e27eaf2cda0320583202d2edf90c5-79ef2876fae7ca75eedb2aa53dc48338/68/smartMaterialExtractor_68a21e9dde91ca1b3db0036a529f5275.map
  - server/.jest-cache/jest-transform-cache-c28e27eaf2cda0320583202d2edf90c5-79ef2876fae7ca75eedb2aa53dc48338/68/workflowStateServicetest_688f12837d2d0324f6ba3b9144071030
  - server/.jest-cache/jest-transform-cache-c28e27eaf2cda0320583202d2edf90c5-79ef2876fae7ca75eedb2aa53dc48338/68/workflowStateServicetest_688f12837d2d0324f6ba3b9144071030.map
  - server/.jest-cache/jest-transform-cache-c28e27eaf2cda0320583202d2edf90c5-79ef2876fae7ca75eedb2aa53dc48338/69/bilingualLessonTemplates_69cb03af3f8fa227d122f73c2170e729
  - server/.jest-cache/jest-transform-cache-c28e27eaf2cda0320583202d2edf90c5-79ef2876fae7ca75eedb2aa53dc48338/69/bilingualLessonTemplates_69cb03af3f8fa227d122f73c2170e729.map
  - server/.jest-cache/jest-transform-cache-c28e27eaf2cda0320583202d2edf90c5-79ef2876fae7ca75eedb2aa53dc48338/69/curriculumImport_69be58ba3c6aea7821d7452ae9a0a664
  - server/.jest-cache/jest-transform-cache-c28e27eaf2cda0320583202d2edf90c5-79ef2876fae7ca75eedb2aa53dc48338/69/curriculumImport_69be58ba3c6aea7821d7452ae9a0a664.map
  - server/.jest-cache/jest-transform-cache-c28e27eaf2cda0320583202d2edf90c5-79ef2876fae7ca75eedb2aa53dc48338/69/parentSummary_6970e24a5ac0e08949743617d8d0ebb4
  - server/.jest-cache/jest-transform-cache-c28e27eaf2cda0320583202d2edf90c5-79ef2876fae7ca75eedb2aa53dc48338/69/parentSummary_6970e24a5ac0e08949743617d8d0ebb4.map
  - server/.jest-cache/jest-transform-cache-c28e27eaf2cda0320583202d2edf90c5-79ef2876fae7ca75eedb2aa53dc48338/69/prismaTest_69cef8a321293ee42c52e89e1d4cb150
  - server/.jest-cache/jest-transform-cache-c28e27eaf2cda0320583202d2edf90c5-79ef2876fae7ca75eedb2aa53dc48338/69/prismaTest_69cef8a321293ee42c52e89e1d4cb150.map
  - server/.jest-cache/jest-transform-cache-c28e27eaf2cda0320583202d2edf90c5-79ef2876fae7ca75eedb2aa53dc48338/6a/authrefactoredtest_6aad7177627648ecdf4b0f840860bedf
  - server/.jest-cache/jest-transform-cache-c28e27eaf2cda0320583202d2edf90c5-79ef2876fae7ca75eedb2aa53dc48338/6a/authrefactoredtest_6aad7177627648ecdf4b0f840860bedf.map
  - server/.jest-cache/jest-transform-cache-c28e27eaf2cda0320583202d2edf90c5-79ef2876fae7ca75eedb2aa53dc48338/6a/comments_6a3896f850c9db7549637a3cbdbde703
  - server/.jest-cache/jest-transform-cache-c28e27eaf2cda0320583202d2edf90c5-79ef2876fae7ca75eedb2aa53dc48338/6a/comments_6a3896f850c9db7549637a3cbdbde703.map
  - server/.jest-cache/jest-transform-cache-c28e27eaf2cda0320583202d2edf90c5-79ef2876fae7ca75eedb2aa53dc48338/6b/aiPlanningAssistant_6b03a9f44cf6c70649f5b11d1e1d5e36
  - server/.jest-cache/jest-transform-cache-c28e27eaf2cda0320583202d2edf90c5-79ef2876fae7ca75eedb2aa53dc48338/6b/aiPlanningAssistant_6b03a9f44cf6c70649f5b11d1e1d5e36.map
  - server/.jest-cache/jest-transform-cache-c28e27eaf2cda0320583202d2edf90c5-79ef2876fae7ca75eedb2aa53dc48338/6b/auth_6b89e09fe635a4df6628c7cdedcbdfa1
  - server/.jest-cache/jest-transform-cache-c28e27eaf2cda0320583202d2edf90c5-79ef2876fae7ca75eedb2aa53dc48338/6b/auth_6b89e09fe635a4df6628c7cdedcbdfa1.map
  - server/.jest-cache/jest-transform-cache-c28e27eaf2cda0320583202d2edf90c5-79ef2876fae7ca75eedb2aa53dc48338/6b/curriculumImportService_6bd65e0c54454edc0f122211e3ce8864
  - server/.jest-cache/jest-transform-cache-c28e27eaf2cda0320583202d2edf90c5-79ef2876fae7ca75eedb2aa53dc48338/6b/curriculumImportService_6bd65e0c54454edc0f122211e3ce8864.map
  - server/.jest-cache/jest-transform-cache-c28e27eaf2cda0320583202d2edf90c5-79ef2876fae7ca75eedb2aa53dc48338/6b/curriculumImportServicecomprehensivetest_6b82284e8a44ea2503f86d56a4512176
  - server/.jest-cache/jest-transform-cache-c28e27eaf2cda0320583202d2edf90c5-79ef2876fae7ca75eedb2aa53dc48338/6b/curriculumImportServicecomprehensivetest_6b82284e8a44ea2503f86d56a4512176.map
  - server/.jest-cache/jest-transform-cache-c28e27eaf2cda0320583202d2edf90c5-79ef2876fae7ca75eedb2aa53dc48338/6b/workflowstate_6b6d2217e2d878ec22fbd0bc7af63aea
  - server/.jest-cache/jest-transform-cache-c28e27eaf2cda0320583202d2edf90c5-79ef2876fae7ca75eedb2aa53dc48338/6b/workflowstate_6b6d2217e2d878ec22fbd0bc7af63aea.map
  - server/.jest-cache/jest-transform-cache-c28e27eaf2cda0320583202d2edf90c5-79ef2876fae7ca75eedb2aa53dc48338/6c/contactExtractorunittest_6ce8d131fb324f41fb09d6e2160636f7
  - server/.jest-cache/jest-transform-cache-c28e27eaf2cda0320583202d2edf90c5-79ef2876fae7ca75eedb2aa53dc48338/6c/contactExtractorunittest_6ce8d131fb324f41fb09d6e2160636f7.map
  - server/.jest-cache/jest-transform-cache-c28e27eaf2cda0320583202d2edf90c5-79ef2876fae7ca75eedb2aa53dc48338/6c/phase3basictest_6cbbd26fc661f9d4eab86667c60a64cd
  - server/.jest-cache/jest-transform-cache-c28e27eaf2cda0320583202d2edf90c5-79ef2876fae7ca75eedb2aa53dc48338/6c/phase3basictest_6cbbd26fc661f9d4eab86667c60a64cd.map
  - server/.jest-cache/jest-transform-cache-c28e27eaf2cda0320583202d2edf90c5-79ef2876fae7ca75eedb2aa53dc48338/6c/serverhealthtest_6c9c09ae80e0b26e867046b91b58ec0f
  - server/.jest-cache/jest-transform-cache-c28e27eaf2cda0320583202d2edf90c5-79ef2876fae7ca75eedb2aa53dc48338/6c/serverhealthtest_6c9c09ae80e0b26e867046b91b58ec0f.map
  - server/.jest-cache/jest-transform-cache-c28e27eaf2cda0320583202d2edf90c5-79ef2876fae7ca75eedb2aa53dc48338/6c/unreadNotificationstest_6cd6a7048e3d0b5b8ba485b9b54940ad
  - server/.jest-cache/jest-transform-cache-c28e27eaf2cda0320583202d2edf90c5-79ef2876fae7ca75eedb2aa53dc48338/6c/unreadNotificationstest_6cd6a7048e3d0b5b8ba485b9b54940ad.map
  - server/.jest-cache/jest-transform-cache-c28e27eaf2cda0320583202d2edf90c5-79ef2876fae7ca75eedb2aa53dc48338/6c/validationunittest_6c1747bac97af07863de6df830be8eb2
  - server/.jest-cache/jest-transform-cache-c28e27eaf2cda0320583202d2edf90c5-79ef2876fae7ca75eedb2aa53dc48338/6c/validationunittest_6c1747bac97af07863de6df830be8eb2.map
  - server/.jest-cache/jest-transform-cache-c28e27eaf2cda0320583202d2edf90c5-79ef2876fae7ca75eedb2aa53dc48338/6d/embeddingService_6d570d8addb10ab0f62084b3969fc881
  - server/.jest-cache/jest-transform-cache-c28e27eaf2cda0320583202d2edf90c5-79ef2876fae7ca75eedb2aa53dc48338/6d/embeddingService_6d570d8addb10ab0f62084b3969fc881.map
  - server/.jest-cache/jest-transform-cache-c28e27eaf2cda0320583202d2edf90c5-79ef2876fae7ca75eedb2aa53dc48338/6d/globalteardown_6d1c2862afc38a887190ebe5a1575070
  - server/.jest-cache/jest-transform-cache-c28e27eaf2cda0320583202d2edf90c5-79ef2876fae7ca75eedb2aa53dc48338/6d/globalteardown_6d1c2862afc38a887190ebe5a1575070.map
  - server/.jest-cache/jest-transform-cache-c28e27eaf2cda0320583202d2edf90c5-79ef2876fae7ca75eedb2aa53dc48338/6d/notificationroutestest_6d18f0015bd6223db6978709be5cfd85
  - server/.jest-cache/jest-transform-cache-c28e27eaf2cda0320583202d2edf90c5-79ef2876fae7ca75eedb2aa53dc48338/6d/notificationroutestest_6d18f0015bd6223db6978709be5cfd85.map
  - server/.jest-cache/jest-transform-cache-c28e27eaf2cda0320583202d2edf90c5-79ef2876fae7ca75eedb2aa53dc48338/6d/parentSummaryLLM_6d36ce4f1a30f40f92e5bd27a85d0b56
  - server/.jest-cache/jest-transform-cache-c28e27eaf2cda0320583202d2edf90c5-79ef2876fae7ca75eedb2aa53dc48338/6d/parentSummaryLLM_6d36ce4f1a30f40f92e5bd27a85d0b56.map
  - server/.jest-cache/jest-transform-cache-c28e27eaf2cda0320583202d2edf90c5-79ef2876fae7ca75eedb2aa53dc48338/6d/progressChecktest_6d522075227213830dd6f7788c42e503
  - server/.jest-cache/jest-transform-cache-c28e27eaf2cda0320583202d2edf90c5-79ef2876fae7ca75eedb2aa53dc48338/6d/progressChecktest_6d522075227213830dd6f7788c42e503.map
  - server/.jest-cache/jest-transform-cache-c28e27eaf2cda0320583202d2edf90c5-79ef2876fae7ca75eedb2aa53dc48338/6d/sharing_6d2556afb8623bdfbdeecc2df8e99db1
  - server/.jest-cache/jest-transform-cache-c28e27eaf2cda0320583202d2edf90c5-79ef2876fae7ca75eedb2aa53dc48338/6d/sharing_6d2556afb8623bdfbdeecc2df8e99db1.map
  - server/.jest-cache/jest-transform-cache-c28e27eaf2cda0320583202d2edf90c5-79ef2876fae7ca75eedb2aa53dc48338/6d/student_6d0662f94e5e6abce0f6c34aeb1ea1ea
  - server/.jest-cache/jest-transform-cache-c28e27eaf2cda0320583202d2edf90c5-79ef2876fae7ca75eedb2aa53dc48338/6d/student_6d0662f94e5e6abce0f6c34aeb1ea1ea.map
  - server/.jest-cache/jest-transform-cache-c28e27eaf2cda0320583202d2edf90c5-79ef2876fae7ca75eedb2aa53dc48338/6d/user_6d002394ad4b85ddf8e7d5c66cdbb391
  - server/.jest-cache/jest-transform-cache-c28e27eaf2cda0320583202d2edf90c5-79ef2876fae7ca75eedb2aa53dc48338/6d/user_6d002394ad4b85ddf8e7d5c66cdbb391.map
  - server/.jest-cache/jest-transform-cache-c28e27eaf2cda0320583202d2edf90c5-79ef2876fae7ca75eedb2aa53dc48338/6e/curriculumImportServicecoveragetest_6e96ee981c2d4830478dbb12e398c303
  - server/.jest-cache/jest-transform-cache-c28e27eaf2cda0320583202d2edf90c5-79ef2876fae7ca75eedb2aa53dc48338/6e/curriculumImportServicecoveragetest_6e96ee981c2d4830478dbb12e398c303.map
  - server/.jest-cache/jest-transform-cache-c28e27eaf2cda0320583202d2edf90c5-79ef2876fae7ca75eedb2aa53dc48338/6f/anthropicService_6f3d82bfcd42c343ed64c07fd99c71fa
  - server/.jest-cache/jest-transform-cache-c28e27eaf2cda0320583202d2edf90c5-79ef2876fae7ca75eedb2aa53dc48338/6f/anthropicService_6f3d82bfcd42c343ed64c07fd99c71fa.map
  - server/.jest-cache/jest-transform-cache-c28e27eaf2cda0320583202d2edf90c5-79ef2876fae7ca75eedb2aa53dc48338/6f/anthropicService_6f6c175005baba2109b60dec863752e3
  - server/.jest-cache/jest-transform-cache-c28e27eaf2cda0320583202d2edf90c5-79ef2876fae7ca75eedb2aa53dc48338/6f/anthropicService_6f6c175005baba2109b60dec863752e3.map
  - server/.jest-cache/jest-transform-cache-c28e27eaf2cda0320583202d2edf90c5-79ef2876fae7ca75eedb2aa53dc48338/6f/etfolessonplans_6fb858176f304e09f188225b9c7f4ae6
  - server/.jest-cache/jest-transform-cache-c28e27eaf2cda0320583202d2edf90c5-79ef2876fae7ca75eedb2aa53dc48338/6f/etfolessonplans_6fb858176f304e09f188225b9c7f4ae6.map
  - server/.jest-cache/jest-transform-cache-c28e27eaf2cda0320583202d2edf90c5-79ef2876fae7ca75eedb2aa53dc48338/6f/jestsetup_6f4b91708bb8f479fb849547671c4407
  - server/.jest-cache/jest-transform-cache-c28e27eaf2cda0320583202d2edf90c5-79ef2876fae7ca75eedb2aa53dc48338/6f/materialExtractor_6f0ca9bf8e5da76111e01fc7102e18e1
  - server/.jest-cache/jest-transform-cache-c28e27eaf2cda0320583202d2edf90c5-79ef2876fae7ca75eedb2aa53dc48338/6f/materialExtractor_6f0ca9bf8e5da76111e01fc7102e18e1.map
  - server/.jest-cache/jest-transform-cache-c28e27eaf2cda0320583202d2edf90c5-79ef2876fae7ca75eedb2aa53dc48338/6f/materialGenerator_6f888922309f8904ef3d12de7a2d811e
  - server/.jest-cache/jest-transform-cache-c28e27eaf2cda0320583202d2edf90c5-79ef2876fae7ca75eedb2aa53dc48338/6f/materialGenerator_6f888922309f8904ef3d12de7a2d811e.map
  - server/.jest-cache/jest-transform-cache-c28e27eaf2cda0320583202d2edf90c5-79ef2876fae7ca75eedb2aa53dc48338/6f/newsletterTrigger_6f9fd8f9a1909495e88ea7d79dc7dd86
  - server/.jest-cache/jest-transform-cache-c28e27eaf2cda0320583202d2edf90c5-79ef2876fae7ca75eedb2aa53dc48338/6f/newsletterTrigger_6f9fd8f9a1909495e88ea7d79dc7dd86.map
  - server/.jest-cache/jest-transform-cache-c28e27eaf2cda0320583202d2edf90c5-79ef2876fae7ca75eedb2aa53dc48338/6f/oerConnectortest_6f9d25f491a11cef87b81e8880a11dc4
  - server/.jest-cache/jest-transform-cache-c28e27eaf2cda0320583202d2edf90c5-79ef2876fae7ca75eedb2aa53dc48338/6f/oerConnectortest_6f9d25f491a11cef87b81e8880a11dc4.map
  - server/.jest-cache/jest-transform-cache-c28e27eaf2cda0320583202d2edf90c5-79ef2876fae7ca75eedb2aa53dc48338/6f/performanceMonitoring_6f6ab84aa6cd8fdf80af03a9b52b98f9
  - server/.jest-cache/jest-transform-cache-c28e27eaf2cda0320583202d2edf90c5-79ef2876fae7ca75eedb2aa53dc48338/6f/performanceMonitoring_6f6ab84aa6cd8fdf80af03a9b52b98f9.map
  - server/.jest-cache/jest-transform-cache-c28e27eaf2cda0320583202d2edf90c5-79ef2876fae7ca75eedb2aa53dc48338/6f/privacy_6f3d94b898c9165c21a8015232a37bb9
  - server/.jest-cache/jest-transform-cache-c28e27eaf2cda0320583202d2edf90c5-79ef2876fae7ca75eedb2aa53dc48338/6f/privacy_6f3d94b898c9165c21a8015232a37bb9.map
  - server/.jest-cache/jest-transform-cache-c28e27eaf2cda0320583202d2edf90c5-79ef2876fae7ca75eedb2aa53dc48338/6f/templateService_6f38256c3e5e9e1d044137f3531eed21
  - server/.jest-cache/jest-transform-cache-c28e27eaf2cda0320583202d2edf90c5-79ef2876fae7ca75eedb2aa53dc48338/6f/templateService_6f38256c3e5e9e1d044137f3531eed21.map
  - server/.jest-cache/jest-transform-cache-c28e27eaf2cda0320583202d2edf90c5-79ef2876fae7ca75eedb2aa53dc48338/70/aiActivityGenerator_70e6c3a6298508ac93971bcd7cb786c8
  - server/.jest-cache/jest-transform-cache-c28e27eaf2cda0320583202d2edf90c5-79ef2876fae7ca75eedb2aa53dc48338/70/aiActivityGenerator_70e6c3a6298508ac93971bcd7cb786c8.map
  - server/.jest-cache/jest-transform-cache-c28e27eaf2cda0320583202d2edf90c5-79ef2876fae7ca75eedb2aa53dc48338/70/materialGenerator_7041487903b02267549b3e3e5ccf872a
  - server/.jest-cache/jest-transform-cache-c28e27eaf2cda0320583202d2edf90c5-79ef2876fae7ca75eedb2aa53dc48338/70/materialGenerator_7041487903b02267549b3e3e5ccf872a.map
  - server/.jest-cache/jest-transform-cache-c28e27eaf2cda0320583202d2edf90c5-79ef2876fae7ca75eedb2aa53dc48338/70/prisma_70c5202cc2fba50df8925e2b40fa482e
  - server/.jest-cache/jest-transform-cache-c28e27eaf2cda0320583202d2edf90c5-79ef2876fae7ca75eedb2aa53dc48338/70/prisma_70c5202cc2fba50df8925e2b40fa482e.map
  - server/.jest-cache/jest-transform-cache-c28e27eaf2cda0320583202d2edf90c5-79ef2876fae7ca75eedb2aa53dc48338/70/subPlanService_7012dcd74438cef4a298a13cd4f8aa24
  - server/.jest-cache/jest-transform-cache-c28e27eaf2cda0320583202d2edf90c5-79ef2876fae7ca75eedb2aa53dc48338/70/subPlanService_7012dcd74438cef4a298a13cd4f8aa24.map
  - server/.jest-cache/jest-transform-cache-c28e27eaf2cda0320583202d2edf90c5-79ef2876fae7ca75eedb2aa53dc48338/71/logger_71777df96dfa811ff71a6beab6f50222
  - server/.jest-cache/jest-transform-cache-c28e27eaf2cda0320583202d2edf90c5-79ef2876fae7ca75eedb2aa53dc48338/71/logger_71777df96dfa811ff71a6beab6f50222.map
  - server/.jest-cache/jest-transform-cache-c28e27eaf2cda0320583202d2edf90c5-79ef2876fae7ca75eedb2aa53dc48338/71/reportGeneratorService_71a3a88ebd273b7f4c45eb2f9e3d7cb9
  - server/.jest-cache/jest-transform-cache-c28e27eaf2cda0320583202d2edf90c5-79ef2876fae7ca75eedb2aa53dc48338/71/reportGeneratorService_71a3a88ebd273b7f4c45eb2f9e3d7cb9.map
  - server/.jest-cache/jest-transform-cache-c28e27eaf2cda0320583202d2edf90c5-79ef2876fae7ca75eedb2aa53dc48338/71/scenarioTemplateExtractor_71da3755b5c3e44f1b3e428155bcdaf3
  - server/.jest-cache/jest-transform-cache-c28e27eaf2cda0320583202d2edf90c5-79ef2876fae7ca75eedb2aa53dc48338/71/scenarioTemplateExtractor_71da3755b5c3e44f1b3e428155bcdaf3.map
  - server/.jest-cache/jest-transform-cache-c28e27eaf2cda0320583202d2edf90c5-79ef2876fae7ca75eedb2aa53dc48338/71/workflowStateService_71aca8b0f4652d206872be37b694f26b
  - server/.jest-cache/jest-transform-cache-c28e27eaf2cda0320583202d2edf90c5-79ef2876fae7ca75eedb2aa53dc48338/71/workflowStateService_71aca8b0f4652d206872be37b694f26b.map
  - server/.jest-cache/jest-transform-cache-c28e27eaf2cda0320583202d2edf90c5-79ef2876fae7ca75eedb2aa53dc48338/72/anthropicServicetest_72fac7a2990de05547a8b968be72c817
  - server/.jest-cache/jest-transform-cache-c28e27eaf2cda0320583202d2edf90c5-79ef2876fae7ca75eedb2aa53dc48338/72/anthropicServicetest_72fac7a2990de05547a8b968be72c817.map
  - server/.jest-cache/jest-transform-cache-c28e27eaf2cda0320583202d2edf90c5-79ef2876fae7ca75eedb2aa53dc48338/72/backupService_7293a9accceb323f83bdf023bbcfb730
  - server/.jest-cache/jest-transform-cache-c28e27eaf2cda0320583202d2edf90c5-79ef2876fae7ca75eedb2aa53dc48338/72/backupService_7293a9accceb323f83bdf023bbcfb730.map
  - server/.jest-cache/jest-transform-cache-c28e27eaf2cda0320583202d2edf90c5-79ef2876fae7ca75eedb2aa53dc48338/72/curriculumImport_7220f91e2f5628d7a1df9410d6dff2db
  - server/.jest-cache/jest-transform-cache-c28e27eaf2cda0320583202d2edf90c5-79ef2876fae7ca75eedb2aa53dc48338/72/curriculumImport_7220f91e2f5628d7a1df9410d6dff2db.map
  - server/.jest-cache/jest-transform-cache-c28e27eaf2cda0320583202d2edf90c5-79ef2876fae7ca75eedb2aa53dc48338/72/discoverySchedulerService_720c85294c87bb9253cca962c348e549
  - server/.jest-cache/jest-transform-cache-c28e27eaf2cda0320583202d2edf90c5-79ef2876fae7ca75eedb2aa53dc48338/72/discoverySchedulerService_720c85294c87bb9253cca962c348e549.map
  - server/.jest-cache/jest-transform-cache-c28e27eaf2cda0320583202d2edf90c5-79ef2876fae7ca75eedb2aa53dc48338/72/planningroutestest_72c87de4333e8dcdf3b39a9723f6ed19
  - server/.jest-cache/jest-transform-cache-c28e27eaf2cda0320583202d2edf90c5-79ef2876fae7ca75eedb2aa53dc48338/72/planningroutestest_72c87de4333e8dcdf3b39a9723f6ed19.map
  - server/.jest-cache/jest-transform-cache-c28e27eaf2cda0320583202d2edf90c5-79ef2876fae7ca75eedb2aa53dc48338/72/validation_72f32e3402e424f1e750eb91d234d90a
  - server/.jest-cache/jest-transform-cache-c28e27eaf2cda0320583202d2edf90c5-79ef2876fae7ca75eedb2aa53dc48338/72/validation_72f32e3402e424f1e750eb91d234d90a.map
  - server/.jest-cache/jest-transform-cache-c28e27eaf2cda0320583202d2edf90c5-79ef2876fae7ca75eedb2aa53dc48338/72/workflowStateServicetest_72355c00ad64c9e1c0e5bb5bea6d30cf
  - server/.jest-cache/jest-transform-cache-c28e27eaf2cda0320583202d2edf90c5-79ef2876fae7ca75eedb2aa53dc48338/72/workflowStateServicetest_72355c00ad64c9e1c0e5bb5bea6d30cf.map
  - server/.jest-cache/jest-transform-cache-c28e27eaf2cda0320583202d2edf90c5-79ef2876fae7ca75eedb2aa53dc48338/73/discoveryscheduler_73e15281e5ba62e0a7406f359c5d2918
  - server/.jest-cache/jest-transform-cache-c28e27eaf2cda0320583202d2edf90c5-79ef2876fae7ca75eedb2aa53dc48338/73/discoveryscheduler_73e15281e5ba62e0a7406f359c5d2918.map
  - server/.jest-cache/jest-transform-cache-c28e27eaf2cda0320583202d2edf90c5-79ef2876fae7ca75eedb2aa53dc48338/73/reportGeneratorService_7333b0eec63015a2b42d203b1efdde25
  - server/.jest-cache/jest-transform-cache-c28e27eaf2cda0320583202d2edf90c5-79ef2876fae7ca75eedb2aa53dc48338/73/reportGeneratorService_7333b0eec63015a2b42d203b1efdde25.map
  - server/.jest-cache/jest-transform-cache-c28e27eaf2cda0320583202d2edf90c5-79ef2876fae7ca75eedb2aa53dc48338/73/reportGeneratorService_73ea1a82d3efdbf134cfe0f9f7299166
  - server/.jest-cache/jest-transform-cache-c28e27eaf2cda0320583202d2edf90c5-79ef2876fae7ca75eedb2aa53dc48338/73/reportGeneratorService_73ea1a82d3efdbf134cfe0f9f7299166.map
  - server/.jest-cache/jest-transform-cache-c28e27eaf2cda0320583202d2edf90c5-79ef2876fae7ca75eedb2aa53dc48338/73/subPlanGenerator_737a48be20c4ee4b4aac8ccbbdc51d71
  - server/.jest-cache/jest-transform-cache-c28e27eaf2cda0320583202d2edf90c5-79ef2876fae7ca75eedb2aa53dc48338/73/subPlanGenerator_737a48be20c4ee4b4aac8ccbbdc51d71.map
  - server/.jest-cache/jest-transform-cache-c28e27eaf2cda0320583202d2edf90c5-79ef2876fae7ca75eedb2aa53dc48338/73/workflowStateService_73e23ba02ab14715b074bf29eeab225e
  - server/.jest-cache/jest-transform-cache-c28e27eaf2cda0320583202d2edf90c5-79ef2876fae7ca75eedb2aa53dc48338/73/workflowStateService_73e23ba02ab14715b074bf29eeab225e.map
  - server/.jest-cache/jest-transform-cache-c28e27eaf2cda0320583202d2edf90c5-79ef2876fae7ca75eedb2aa53dc48338/74/progressCheck_7473558c910c40b0c7e0f535f701db50
  - server/.jest-cache/jest-transform-cache-c28e27eaf2cda0320583202d2edf90c5-79ef2876fae7ca75eedb2aa53dc48338/74/progressCheck_7473558c910c40b0c7e0f535f701db50.map
  - server/.jest-cache/jest-transform-cache-c28e27eaf2cda0320583202d2edf90c5-79ef2876fae7ca75eedb2aa53dc48338/74/scenarioTemplateExtractorsimpletest_74512d3f0c2ad903e14b2f6e32939efb
  - server/.jest-cache/jest-transform-cache-c28e27eaf2cda0320583202d2edf90c5-79ef2876fae7ca75eedb2aa53dc48338/74/scenarioTemplateExtractorsimpletest_74512d3f0c2ad903e14b2f6e32939efb.map
  - server/.jest-cache/jest-transform-cache-c28e27eaf2cda0320583202d2edf90c5-79ef2876fae7ca75eedb2aa53dc48338/74/sharing_7421fd0954819457095e81abf9db61b8
  - server/.jest-cache/jest-transform-cache-c28e27eaf2cda0320583202d2edf90c5-79ef2876fae7ca75eedb2aa53dc48338/74/sharing_7421fd0954819457095e81abf9db61b8.map
  - server/.jest-cache/jest-transform-cache-c28e27eaf2cda0320583202d2edf90c5-79ef2876fae7ca75eedb2aa53dc48338/74/weeklyPlanExtractor_74a198a5fdb9ecae31454d28604d15be
  - server/.jest-cache/jest-transform-cache-c28e27eaf2cda0320583202d2edf90c5-79ef2876fae7ca75eedb2aa53dc48338/74/weeklyPlanExtractor_74a198a5fdb9ecae31454d28604d15be.map
  - server/.jest-cache/jest-transform-cache-c28e27eaf2cda0320583202d2edf90c5-79ef2876fae7ca75eedb2aa53dc48338/75/authenticate_75a561d4f3d81167b65e49b61f6ee60a
  - server/.jest-cache/jest-transform-cache-c28e27eaf2cda0320583202d2edf90c5-79ef2876fae7ca75eedb2aa53dc48338/75/authenticate_75a561d4f3d81167b65e49b61f6ee60a.map
  - server/.jest-cache/jest-transform-cache-c28e27eaf2cda0320583202d2edf90c5-79ef2876fae7ca75eedb2aa53dc48338/75/contactValidationsimplifiedtest_75619cb94c5d3f421d185c7c38faab9b
  - server/.jest-cache/jest-transform-cache-c28e27eaf2cda0320583202d2edf90c5-79ef2876fae7ca75eedb2aa53dc48338/75/contactValidationsimplifiedtest_75619cb94c5d3f421d185c7c38faab9b.map
  - server/.jest-cache/jest-transform-cache-c28e27eaf2cda0320583202d2edf90c5-79ef2876fae7ca75eedb2aa53dc48338/75/curriculumdiscovery_75776fdbeb6d2e9eed2de46b03d7c928
  - server/.jest-cache/jest-transform-cache-c28e27eaf2cda0320583202d2edf90c5-79ef2876fae7ca75eedb2aa53dc48338/75/curriculumdiscovery_75776fdbeb6d2e9eed2de46b03d7c928.map
  - server/.jest-cache/jest-transform-cache-c28e27eaf2cda0320583202d2edf90c5-79ef2876fae7ca75eedb2aa53dc48338/75/jestsetup_759c5df684e4f6652b5a9c90e55801f1
  - server/.jest-cache/jest-transform-cache-c28e27eaf2cda0320583202d2edf90c5-79ef2876fae7ca75eedb2aa53dc48338/75/prismaTest_75180183b3f84298282b9940ea4399f0
  - server/.jest-cache/jest-transform-cache-c28e27eaf2cda0320583202d2edf90c5-79ef2876fae7ca75eedb2aa53dc48338/75/prismaTest_75180183b3f84298282b9940ea4399f0.map
  - server/.jest-cache/jest-transform-cache-c28e27eaf2cda0320583202d2edf90c5-79ef2876fae7ca75eedb2aa53dc48338/75/rateLimiter_756d0243a64d03d2c10b61835a9078c7
  - server/.jest-cache/jest-transform-cache-c28e27eaf2cda0320583202d2edf90c5-79ef2876fae7ca75eedb2aa53dc48338/75/rateLimiter_756d0243a64d03d2c10b61835a9078c7.map
  - server/.jest-cache/jest-transform-cache-c28e27eaf2cda0320583202d2edf90c5-79ef2876fae7ca75eedb2aa53dc48338/75/subPlanService_751202822523e5d5c79b7bd8bd3c3b06
  - server/.jest-cache/jest-transform-cache-c28e27eaf2cda0320583202d2edf90c5-79ef2876fae7ca75eedb2aa53dc48338/75/subPlanService_751202822523e5d5c79b7bd8bd3c3b06.map
  - server/.jest-cache/jest-transform-cache-c28e27eaf2cda0320583202d2edf90c5-79ef2876fae7ca75eedb2aa53dc48338/76/authenticate_76b307feeaeaa0d9e1f5cdb759543ac6
  - server/.jest-cache/jest-transform-cache-c28e27eaf2cda0320583202d2edf90c5-79ef2876fae7ca75eedb2aa53dc48338/76/authenticate_76b307feeaeaa0d9e1f5cdb759543ac6.map
  - server/.jest-cache/jest-transform-cache-c28e27eaf2cda0320583202d2edf90c5-79ef2876fae7ca75eedb2aa53dc48338/76/embeddingService_7618f6a5bc4704e9d1755588a786660a
  - server/.jest-cache/jest-transform-cache-c28e27eaf2cda0320583202d2edf90c5-79ef2876fae7ca75eedb2aa53dc48338/76/embeddingService_7618f6a5bc4704e9d1755588a786660a.map
  - server/.jest-cache/jest-transform-cache-c28e27eaf2cda0320583202d2edf90c5-79ef2876fae7ca75eedb2aa53dc48338/76/gptPlanningAgenttest_7606d05320904fc6356d18486833899b
  - server/.jest-cache/jest-transform-cache-c28e27eaf2cda0320583202d2edf90c5-79ef2876fae7ca75eedb2aa53dc48338/76/gptPlanningAgenttest_7606d05320904fc6356d18486833899b.map
  - server/.jest-cache/jest-transform-cache-c28e27eaf2cda0320583202d2edf90c5-79ef2876fae7ca75eedb2aa53dc48338/76/reportGeneratorServicetest_762c5756dcd21e9da2cb58912ee4c4ae
  - server/.jest-cache/jest-transform-cache-c28e27eaf2cda0320583202d2edf90c5-79ef2876fae7ca75eedb2aa53dc48338/76/reportGeneratorServicetest_762c5756dcd21e9da2cb58912ee4c4ae.map
  - server/.jest-cache/jest-transform-cache-c28e27eaf2cda0320583202d2edf90c5-79ef2876fae7ca75eedb2aa53dc48338/77/d3SubPlanExtractorsimpletest_770a011f1ccc44934897541e33085fad
  - server/.jest-cache/jest-transform-cache-c28e27eaf2cda0320583202d2edf90c5-79ef2876fae7ca75eedb2aa53dc48338/77/d3SubPlanExtractorsimpletest_770a011f1ccc44934897541e33085fad.map
  - server/.jest-cache/jest-transform-cache-c28e27eaf2cda0320583202d2edf90c5-79ef2876fae7ca75eedb2aa53dc48338/77/daybookentries_77a04d2edd8168a8c8a224b039968dc4
  - server/.jest-cache/jest-transform-cache-c28e27eaf2cda0320583202d2edf90c5-79ef2876fae7ca75eedb2aa53dc48338/77/daybookentries_77a04d2edd8168a8c8a224b039968dc4.map
  - server/.jest-cache/jest-transform-cache-c28e27eaf2cda0320583202d2edf90c5-79ef2876fae7ca75eedb2aa53dc48338/77/discoverySchedulerService_77083b8c05002a831dd265d6d1d69650
  - server/.jest-cache/jest-transform-cache-c28e27eaf2cda0320583202d2edf90c5-79ef2876fae7ca75eedb2aa53dc48338/77/discoverySchedulerService_77083b8c05002a831dd265d6d1d69650.map
  - server/.jest-cache/jest-transform-cache-c28e27eaf2cda0320583202d2edf90c5-79ef2876fae7ca75eedb2aa53dc48338/77/embeddingService_77cd6a9f405229f127dfc5219c9ca5fa
  - server/.jest-cache/jest-transform-cache-c28e27eaf2cda0320583202d2edf90c5-79ef2876fae7ca75eedb2aa53dc48338/77/embeddingService_77cd6a9f405229f127dfc5219c9ca5fa.map
  - server/.jest-cache/jest-transform-cache-c28e27eaf2cda0320583202d2edf90c5-79ef2876fae7ca75eedb2aa53dc48338/77/globalteardown_772541abbe9c42c5da572ed4c675aebe
  - server/.jest-cache/jest-transform-cache-c28e27eaf2cda0320583202d2edf90c5-79ef2876fae7ca75eedb2aa53dc48338/77/globalteardown_772541abbe9c42c5da572ed4c675aebe.map
  - server/.jest-cache/jest-transform-cache-c28e27eaf2cda0320583202d2edf90c5-79ef2876fae7ca75eedb2aa53dc48338/77/notificationService_77bdbc99cf01037b74b94998ed4a7d1d
  - server/.jest-cache/jest-transform-cache-c28e27eaf2cda0320583202d2edf90c5-79ef2876fae7ca75eedb2aa53dc48338/77/notificationService_77bdbc99cf01037b74b94998ed4a7d1d.map
  - server/.jest-cache/jest-transform-cache-c28e27eaf2cda0320583202d2edf90c5-79ef2876fae7ca75eedb2aa53dc48338/78/auth_78157594af8e014027322270b7be9e02
  - server/.jest-cache/jest-transform-cache-c28e27eaf2cda0320583202d2edf90c5-79ef2876fae7ca75eedb2aa53dc48338/78/auth_78157594af8e014027322270b7be9e02.map
  - server/.jest-cache/jest-transform-cache-c28e27eaf2cda0320583202d2edf90c5-79ef2876fae7ca75eedb2aa53dc48338/78/backupServicetest_78b1c9ce1264deeab59312b555b6811a
  - server/.jest-cache/jest-transform-cache-c28e27eaf2cda0320583202d2edf90c5-79ef2876fae7ca75eedb2aa53dc48338/78/backupServicetest_78b1c9ce1264deeab59312b555b6811a.map
  - server/.jest-cache/jest-transform-cache-c28e27eaf2cda0320583202d2edf90c5-79ef2876fae7ca75eedb2aa53dc48338/79/ServiceRegistry_79ba8b3cc80e7ddd98967ae78be28dd1
  - server/.jest-cache/jest-transform-cache-c28e27eaf2cda0320583202d2edf90c5-79ef2876fae7ca75eedb2aa53dc48338/79/ServiceRegistry_79ba8b3cc80e7ddd98967ae78be28dd1.map
  - server/.jest-cache/jest-transform-cache-c28e27eaf2cda0320583202d2edf90c5-79ef2876fae7ca75eedb2aa53dc48338/79/auditLog_79f3b0b97a7c84a7d901ff3941e5ecb1
  - server/.jest-cache/jest-transform-cache-c28e27eaf2cda0320583202d2edf90c5-79ef2876fae7ca75eedb2aa53dc48338/79/auditLog_79f3b0b97a7c84a7d901ff3941e5ecb1.map
  - server/.jest-cache/jest-transform-cache-c28e27eaf2cda0320583202d2edf90c5-79ef2876fae7ca75eedb2aa53dc48338/79/errorHandler_792fc4b6d352efec44d1aecdbca145da
  - server/.jest-cache/jest-transform-cache-c28e27eaf2cda0320583202d2edf90c5-79ef2876fae7ca75eedb2aa53dc48338/79/errorHandler_792fc4b6d352efec44d1aecdbca145da.map
  - server/.jest-cache/jest-transform-cache-c28e27eaf2cda0320583202d2edf90c5-79ef2876fae7ca75eedb2aa53dc48338/79/testsetuphelpers_79c031b10d27d1201919301688414d2b
  - server/.jest-cache/jest-transform-cache-c28e27eaf2cda0320583202d2edf90c5-79ef2876fae7ca75eedb2aa53dc48338/79/testsetuphelpers_79c031b10d27d1201919301688414d2b.map
  - server/.jest-cache/jest-transform-cache-c28e27eaf2cda0320583202d2edf90c5-79ef2876fae7ca75eedb2aa53dc48338/7a/aiPlanningAssistanttest_7ab5f8a53c4a98514b7e92474d93f3c7
  - server/.jest-cache/jest-transform-cache-c28e27eaf2cda0320583202d2edf90c5-79ef2876fae7ca75eedb2aa53dc48338/7a/aiPlanningAssistanttest_7ab5f8a53c4a98514b7e92474d93f3c7.map
  - server/.jest-cache/jest-transform-cache-c28e27eaf2cda0320583202d2edf90c5-79ef2876fae7ca75eedb2aa53dc48338/7a/anthropicService_7ad65d6ba2e1a39dc798e3d3e481afa7
  - server/.jest-cache/jest-transform-cache-c28e27eaf2cda0320583202d2edf90c5-79ef2876fae7ca75eedb2aa53dc48338/7a/anthropicService_7ad65d6ba2e1a39dc798e3d3e481afa7.map
  - server/.jest-cache/jest-transform-cache-c28e27eaf2cda0320583202d2edf90c5-79ef2876fae7ca75eedb2aa53dc48338/7a/lessonroutestest_7ad23c437c5ec13c451aeb4fc197e15e
  - server/.jest-cache/jest-transform-cache-c28e27eaf2cda0320583202d2edf90c5-79ef2876fae7ca75eedb2aa53dc48338/7a/lessonroutestest_7ad23c437c5ec13c451aeb4fc197e15e.map
  - server/.jest-cache/jest-transform-cache-c28e27eaf2cda0320583202d2edf90c5-79ef2876fae7ca75eedb2aa53dc48338/7a/subPlanGenerator_7a9203d2738078c2b2cb4a628e9f7764
  - server/.jest-cache/jest-transform-cache-c28e27eaf2cda0320583202d2edf90c5-79ef2876fae7ca75eedb2aa53dc48338/7a/subPlanGenerator_7a9203d2738078c2b2cb4a628e9f7764.map
  - server/.jest-cache/jest-transform-cache-c28e27eaf2cda0320583202d2edf90c5-79ef2876fae7ca75eedb2aa53dc48338/7a/testdatabasemanager_7a3f33cca6bfb3954a9155d3e85d383b
  - server/.jest-cache/jest-transform-cache-c28e27eaf2cda0320583202d2edf90c5-79ef2876fae7ca75eedb2aa53dc48338/7a/testdatabasemanager_7a3f33cca6bfb3954a9155d3e85d383b.map
  - server/.jest-cache/jest-transform-cache-c28e27eaf2cda0320583202d2edf90c5-79ef2876fae7ca75eedb2aa53dc48338/7b/aiPromptTemplateService_7b0ba729137b65401519958153c15cd5
  - server/.jest-cache/jest-transform-cache-c28e27eaf2cda0320583202d2edf90c5-79ef2876fae7ca75eedb2aa53dc48338/7b/aiPromptTemplateService_7b0ba729137b65401519958153c15cd5.map
  - server/.jest-cache/jest-transform-cache-c28e27eaf2cda0320583202d2edf90c5-79ef2876fae7ca75eedb2aa53dc48338/7b/prismaTest_7b8c527178663ff3bf0c116e639584d2
  - server/.jest-cache/jest-transform-cache-c28e27eaf2cda0320583202d2edf90c5-79ef2876fae7ca75eedb2aa53dc48338/7b/prismaTest_7b8c527178663ff3bf0c116e639584d2.map
  - server/.jest-cache/jest-transform-cache-c28e27eaf2cda0320583202d2edf90c5-79ef2876fae7ca75eedb2aa53dc48338/7b/validation_7bf5a53f40eef5caf5a2804e11396291
  - server/.jest-cache/jest-transform-cache-c28e27eaf2cda0320583202d2edf90c5-79ef2876fae7ca75eedb2aa53dc48338/7b/validation_7bf5a53f40eef5caf5a2804e11396291.map
  - server/.jest-cache/jest-transform-cache-c28e27eaf2cda0320583202d2edf90c5-79ef2876fae7ca75eedb2aa53dc48338/7b/workflowStateService_7be6b8cd97ccace6cfb1f6a0f8cf423a
  - server/.jest-cache/jest-transform-cache-c28e27eaf2cda0320583202d2edf90c5-79ef2876fae7ca75eedb2aa53dc48338/7b/workflowStateService_7be6b8cd97ccace6cfb1f6a0f8cf423a.map
  - server/.jest-cache/jest-transform-cache-c28e27eaf2cda0320583202d2edf90c5-79ef2876fae7ca75eedb2aa53dc48338/7c/authService_7c1b997e84501853a317d769080020bf
  - server/.jest-cache/jest-transform-cache-c28e27eaf2cda0320583202d2edf90c5-79ef2876fae7ca75eedb2aa53dc48338/7c/authService_7c1b997e84501853a317d769080020bf.map
  - server/.jest-cache/jest-transform-cache-c28e27eaf2cda0320583202d2edf90c5-79ef2876fae7ca75eedb2aa53dc48338/7c/authService_7cf257d8221d7bd7d2f84628363062ef
  - server/.jest-cache/jest-transform-cache-c28e27eaf2cda0320583202d2edf90c5-79ef2876fae7ca75eedb2aa53dc48338/7c/authService_7cf257d8221d7bd7d2f84628363062ef.map
  - server/.jest-cache/jest-transform-cache-c28e27eaf2cda0320583202d2edf90c5-79ef2876fae7ca75eedb2aa53dc48338/7c/progressCheck_7cbef34108e7bb637d8494ef415c9642
  - server/.jest-cache/jest-transform-cache-c28e27eaf2cda0320583202d2edf90c5-79ef2876fae7ca75eedb2aa53dc48338/7c/progressCheck_7cbef34108e7bb637d8494ef415c9642.map
  - server/.jest-cache/jest-transform-cache-c28e27eaf2cda0320583202d2edf90c5-79ef2876fae7ca75eedb2aa53dc48338/7c/setupallmocks_7c34ed7e382cb28d86779a2470ab9b02
  - server/.jest-cache/jest-transform-cache-c28e27eaf2cda0320583202d2edf90c5-79ef2876fae7ca75eedb2aa53dc48338/7c/setupallmocks_7c34ed7e382cb28d86779a2470ab9b02.map
  - server/.jest-cache/jest-transform-cache-c28e27eaf2cda0320583202d2edf90c5-79ef2876fae7ca75eedb2aa53dc48338/7c/unitplans_7cf32f08fe84d1b5c0fe980836420091
  - server/.jest-cache/jest-transform-cache-c28e27eaf2cda0320583202d2edf90c5-79ef2876fae7ca75eedb2aa53dc48338/7c/unitplans_7cf32f08fe84d1b5c0fe980836420091.map
  - server/.jest-cache/jest-transform-cache-c28e27eaf2cda0320583202d2edf90c5-79ef2876fae7ca75eedb2aa53dc48338/7d/auditLog_7db6a7575d2f9b8f12b4127f2e46f669
  - server/.jest-cache/jest-transform-cache-c28e27eaf2cda0320583202d2edf90c5-79ef2876fae7ca75eedb2aa53dc48338/7d/auditLog_7db6a7575d2f9b8f12b4127f2e46f669.map
  - server/.jest-cache/jest-transform-cache-c28e27eaf2cda0320583202d2edf90c5-79ef2876fae7ca75eedb2aa53dc48338/7d/baseConnector_7d6bffc72afde29c09540ffbe308e308
  - server/.jest-cache/jest-transform-cache-c28e27eaf2cda0320583202d2edf90c5-79ef2876fae7ca75eedb2aa53dc48338/7d/baseConnector_7d6bffc72afde29c09540ffbe308e308.map
  - server/.jest-cache/jest-transform-cache-c28e27eaf2cda0320583202d2edf90c5-79ef2876fae7ca75eedb2aa53dc48338/7d/curriculumexpectations_7d6f4455462abc4f2dfe2ff2fc59dbdb
  - server/.jest-cache/jest-transform-cache-c28e27eaf2cda0320583202d2edf90c5-79ef2876fae7ca75eedb2aa53dc48338/7d/curriculumexpectations_7d6f4455462abc4f2dfe2ff2fc59dbdb.map
  - server/.jest-cache/jest-transform-cache-c28e27eaf2cda0320583202d2edf90c5-79ef2876fae7ca75eedb2aa53dc48338/7d/oerConnectortest_7d34a228eba59cca614f5c8320d5ad01
  - server/.jest-cache/jest-transform-cache-c28e27eaf2cda0320583202d2edf90c5-79ef2876fae7ca75eedb2aa53dc48338/7d/oerConnectortest_7d34a228eba59cca614f5c8320d5ad01.map
  - server/.jest-cache/jest-transform-cache-c28e27eaf2cda0320583202d2edf90c5-79ef2876fae7ca75eedb2aa53dc48338/7d/urlValidator_7d26eb829fb6787c62903e7c65590df0
  - server/.jest-cache/jest-transform-cache-c28e27eaf2cda0320583202d2edf90c5-79ef2876fae7ca75eedb2aa53dc48338/7d/urlValidator_7d26eb829fb6787c62903e7c65590df0.map
  - server/.jest-cache/jest-transform-cache-c28e27eaf2cda0320583202d2edf90c5-79ef2876fae7ca75eedb2aa53dc48338/7d/workflowstate_7d1be659427339aa6ebfecb9286c6158
  - server/.jest-cache/jest-transform-cache-c28e27eaf2cda0320583202d2edf90c5-79ef2876fae7ca75eedb2aa53dc48338/7d/workflowstate_7d1be659427339aa6ebfecb9286c6158.map
  - server/.jest-cache/jest-transform-cache-c28e27eaf2cda0320583202d2edf90c5-79ef2876fae7ca75eedb2aa53dc48338/7e/anthropicServicetest_7eba656d809c25ee7170039302ccf941
  - server/.jest-cache/jest-transform-cache-c28e27eaf2cda0320583202d2edf90c5-79ef2876fae7ca75eedb2aa53dc48338/7e/anthropicServicetest_7eba656d809c25ee7170039302ccf941.map
  - server/.jest-cache/jest-transform-cache-c28e27eaf2cda0320583202d2edf90c5-79ef2876fae7ca75eedb2aa53dc48338/7e/curriculumWebConnector_7ee8470d007233aeb38d7c76ff16414a
  - server/.jest-cache/jest-transform-cache-c28e27eaf2cda0320583202d2edf90c5-79ef2876fae7ca75eedb2aa53dc48338/7e/curriculumWebConnector_7ee8470d007233aeb38d7c76ff16414a.map
  - server/.jest-cache/jest-transform-cache-c28e27eaf2cda0320583202d2edf90c5-79ef2876fae7ca75eedb2aa53dc48338/7e/rateLimiter_7e18d42c9a6b1f1cd6a585ef504e0d28
  - server/.jest-cache/jest-transform-cache-c28e27eaf2cda0320583202d2edf90c5-79ef2876fae7ca75eedb2aa53dc48338/7e/rateLimiter_7e18d42c9a6b1f1cd6a585ef504e0d28.map
  - server/.jest-cache/jest-transform-cache-c28e27eaf2cda0320583202d2edf90c5-79ef2876fae7ca75eedb2aa53dc48338/7e/reportDeadlineReminder_7e40e530fdf7684e0553ce6cc6f61af9
  - server/.jest-cache/jest-transform-cache-c28e27eaf2cda0320583202d2edf90c5-79ef2876fae7ca75eedb2aa53dc48338/7e/reportDeadlineReminder_7e40e530fdf7684e0553ce6cc6f61af9.map
  - server/.jest-cache/jest-transform-cache-c28e27eaf2cda0320583202d2edf90c5-79ef2876fae7ca75eedb2aa53dc48338/7e/workflowstate_7eba37301e0b6b57956c73fad3682d57
  - server/.jest-cache/jest-transform-cache-c28e27eaf2cda0320583202d2edf90c5-79ef2876fae7ca75eedb2aa53dc48338/7e/workflowstate_7eba37301e0b6b57956c73fad3682d57.map
  - server/.jest-cache/jest-transform-cache-c28e27eaf2cda0320583202d2edf90c5-79ef2876fae7ca75eedb2aa53dc48338/7f/activityDiscoveryService_7f4e3e22088c54693dce5149ebbea02c
  - server/.jest-cache/jest-transform-cache-c28e27eaf2cda0320583202d2edf90c5-79ef2876fae7ca75eedb2aa53dc48338/7f/activityDiscoveryService_7f4e3e22088c54693dce5149ebbea02c.map
  - server/.jest-cache/jest-transform-cache-c28e27eaf2cda0320583202d2edf90c5-79ef2876fae7ca75eedb2aa53dc48338/7f/gptPlanningAgent_7fce6094ca25521fe200cced049493cf
  - server/.jest-cache/jest-transform-cache-c28e27eaf2cda0320583202d2edf90c5-79ef2876fae7ca75eedb2aa53dc48338/7f/gptPlanningAgent_7fce6094ca25521fe200cced049493cf.map
  - server/.jest-cache/jest-transform-cache-c28e27eaf2cda0320583202d2edf90c5-79ef2876fae7ca75eedb2aa53dc48338/7f/validationunittest_7f364b66492191f4cbaf42a54de416cd
  - server/.jest-cache/jest-transform-cache-c28e27eaf2cda0320583202d2edf90c5-79ef2876fae7ca75eedb2aa53dc48338/7f/validationunittest_7f364b66492191f4cbaf42a54de416cd.map
  - server/.jest-cache/jest-transform-cache-c28e27eaf2cda0320583202d2edf90c5-79ef2876fae7ca75eedb2aa53dc48338/80/curriculumroutestest_805cd544fbf4499666e642c86c9e0067
  - server/.jest-cache/jest-transform-cache-c28e27eaf2cda0320583202d2edf90c5-79ef2876fae7ca75eedb2aa53dc48338/80/curriculumroutestest_805cd544fbf4499666e642c86c9e0067.map
  - server/.jest-cache/jest-transform-cache-c28e27eaf2cda0320583202d2edf90c5-79ef2876fae7ca75eedb2aa53dc48338/80/jestsetup_80851b6b9a733a22194490704dc7bb94
  - server/.jest-cache/jest-transform-cache-c28e27eaf2cda0320583202d2edf90c5-79ef2876fae7ca75eedb2aa53dc48338/80/validateRequest_803a1c33f9070989020024623c6de9e9
  - server/.jest-cache/jest-transform-cache-c28e27eaf2cda0320583202d2edf90c5-79ef2876fae7ca75eedb2aa53dc48338/80/validateRequest_803a1c33f9070989020024623c6de9e9.map
  - server/.jest-cache/jest-transform-cache-c28e27eaf2cda0320583202d2edf90c5-79ef2876fae7ca75eedb2aa53dc48338/81/batchprocessing_81c354803149e99babb01cd2a70d496e
  - server/.jest-cache/jest-transform-cache-c28e27eaf2cda0320583202d2edf90c5-79ef2876fae7ca75eedb2aa53dc48338/81/batchprocessing_81c354803149e99babb01cd2a70d496e.map
  - server/.jest-cache/jest-transform-cache-c28e27eaf2cda0320583202d2edf90c5-79ef2876fae7ca75eedb2aa53dc48338/81/clusteringService_816fa85751782da3a11912110ea3161e
  - server/.jest-cache/jest-transform-cache-c28e27eaf2cda0320583202d2edf90c5-79ef2876fae7ca75eedb2aa53dc48338/81/clusteringService_816fa85751782da3a11912110ea3161e.map
  - server/.jest-cache/jest-transform-cache-c28e27eaf2cda0320583202d2edf90c5-79ef2876fae7ca75eedb2aa53dc48338/81/logger_81b3cdcf8798ab8eaad147b6c20d1dad
  - server/.jest-cache/jest-transform-cache-c28e27eaf2cda0320583202d2edf90c5-79ef2876fae7ca75eedb2aa53dc48338/81/logger_81b3cdcf8798ab8eaad147b6c20d1dad.map
  - server/.jest-cache/jest-transform-cache-c28e27eaf2cda0320583202d2edf90c5-79ef2876fae7ca75eedb2aa53dc48338/81/materialGeneratortest_81c3f1c9f348fc77bf69e8c75d987e1b
  - server/.jest-cache/jest-transform-cache-c28e27eaf2cda0320583202d2edf90c5-79ef2876fae7ca75eedb2aa53dc48338/81/materialGeneratortest_81c3f1c9f348fc77bf69e8c75d987e1b.map
  - server/.jest-cache/jest-transform-cache-c28e27eaf2cda0320583202d2edf90c5-79ef2876fae7ca75eedb2aa53dc48338/81/oerConnector_816fec189c838d65be655278004c96e3
  - server/.jest-cache/jest-transform-cache-c28e27eaf2cda0320583202d2edf90c5-79ef2876fae7ca75eedb2aa53dc48338/81/oerConnector_816fec189c838d65be655278004c96e3.map
  - server/.jest-cache/jest-transform-cache-c28e27eaf2cda0320583202d2edf90c5-79ef2876fae7ca75eedb2aa53dc48338/82/aiPlanningAssistant_82982995af4fec0e58e4c7aea218c71b
  - server/.jest-cache/jest-transform-cache-c28e27eaf2cda0320583202d2edf90c5-79ef2876fae7ca75eedb2aa53dc48338/82/aiPlanningAssistant_82982995af4fec0e58e4c7aea218c71b.map
  - server/.jest-cache/jest-transform-cache-c28e27eaf2cda0320583202d2edf90c5-79ef2876fae7ca75eedb2aa53dc48338/82/curriculumroutestest_82ab07d21fb1cd7ccc3cc6ae4772e997
  - server/.jest-cache/jest-transform-cache-c28e27eaf2cda0320583202d2edf90c5-79ef2876fae7ca75eedb2aa53dc48338/82/curriculumroutestest_82ab07d21fb1cd7ccc3cc6ae4772e997.map
  - server/.jest-cache/jest-transform-cache-c28e27eaf2cda0320583202d2edf90c5-79ef2876fae7ca75eedb2aa53dc48338/82/embeddingService_823c48fdbf72fff4f976035f85b880fe
  - server/.jest-cache/jest-transform-cache-c28e27eaf2cda0320583202d2edf90c5-79ef2876fae7ca75eedb2aa53dc48338/82/embeddingService_823c48fdbf72fff4f976035f85b880fe.map
  - server/.jest-cache/jest-transform-cache-c28e27eaf2cda0320583202d2edf90c5-79ef2876fae7ca75eedb2aa53dc48338/82/embeddingstest_82804fbc6dcf698c90f5fded52032c63
  - server/.jest-cache/jest-transform-cache-c28e27eaf2cda0320583202d2edf90c5-79ef2876fae7ca75eedb2aa53dc48338/82/embeddingstest_82804fbc6dcf698c90f5fded52032c63.map
  - server/.jest-cache/jest-transform-cache-c28e27eaf2cda0320583202d2edf90c5-79ef2876fae7ca75eedb2aa53dc48338/82/newsletters_826c6185c6512b22ff46228f13e31f3a
  - server/.jest-cache/jest-transform-cache-c28e27eaf2cda0320583202d2edf90c5-79ef2876fae7ca75eedb2aa53dc48338/82/newsletters_826c6185c6512b22ff46228f13e31f3a.map
  - server/.jest-cache/jest-transform-cache-c28e27eaf2cda0320583202d2edf90c5-79ef2876fae7ca75eedb2aa53dc48338/82/reportGeneratorServicetest_82597eabaf52c859b46a2e6e9ed82c0c
  - server/.jest-cache/jest-transform-cache-c28e27eaf2cda0320583202d2edf90c5-79ef2876fae7ca75eedb2aa53dc48338/82/reportGeneratorServicetest_82597eabaf52c859b46a2e6e9ed82c0c.map
  - server/.jest-cache/jest-transform-cache-c28e27eaf2cda0320583202d2edf90c5-79ef2876fae7ca75eedb2aa53dc48338/83/baseConnector_83e5fb08a5fa7cd6c79c1c0bdef772fb
  - server/.jest-cache/jest-transform-cache-c28e27eaf2cda0320583202d2edf90c5-79ef2876fae7ca75eedb2aa53dc48338/83/baseConnector_83e5fb08a5fa7cd6c79c1c0bdef772fb.map
  - server/.jest-cache/jest-transform-cache-c28e27eaf2cda0320583202d2edf90c5-79ef2876fae7ca75eedb2aa53dc48338/83/curriculumexpectations_830c9712379571669b771d92d965782b
  - server/.jest-cache/jest-transform-cache-c28e27eaf2cda0320583202d2edf90c5-79ef2876fae7ca75eedb2aa53dc48338/83/curriculumexpectations_830c9712379571669b771d92d965782b.map
  - server/.jest-cache/jest-transform-cache-c28e27eaf2cda0320583202d2edf90c5-79ef2876fae7ca75eedb2aa53dc48338/83/databasemock_836b98df391e544456f2bc5d6b355293
  - server/.jest-cache/jest-transform-cache-c28e27eaf2cda0320583202d2edf90c5-79ef2876fae7ca75eedb2aa53dc48338/83/databasemock_836b98df391e544456f2bc5d6b355293.map
  - server/.jest-cache/jest-transform-cache-c28e27eaf2cda0320583202d2edf90c5-79ef2876fae7ca75eedb2aa53dc48338/83/newsletterTrigger_833b591551e5f0018c23d34763cc4edb
  - server/.jest-cache/jest-transform-cache-c28e27eaf2cda0320583202d2edf90c5-79ef2876fae7ca75eedb2aa53dc48338/83/newsletterTrigger_833b591551e5f0018c23d34763cc4edb.map
  - server/.jest-cache/jest-transform-cache-c28e27eaf2cda0320583202d2edf90c5-79ef2876fae7ca75eedb2aa53dc48338/83/urlValidator_833d15e38d1a9bdc8c43f20c4cda0997
  - server/.jest-cache/jest-transform-cache-c28e27eaf2cda0320583202d2edf90c5-79ef2876fae7ca75eedb2aa53dc48338/83/urlValidator_833d15e38d1a9bdc8c43f20c4cda0997.map
  - server/.jest-cache/jest-transform-cache-c28e27eaf2cda0320583202d2edf90c5-79ef2876fae7ca75eedb2aa53dc48338/83/validateRequest_838ac99b45583c736ed1d6eaa07d2b23
  - server/.jest-cache/jest-transform-cache-c28e27eaf2cda0320583202d2edf90c5-79ef2876fae7ca75eedb2aa53dc48338/83/validateRequest_838ac99b45583c736ed1d6eaa07d2b23.map
  - server/.jest-cache/jest-transform-cache-c28e27eaf2cda0320583202d2edf90c5-79ef2876fae7ca75eedb2aa53dc48338/83/workflowStatetest_8330256349dc179f0a7890cadb4bed76
  - server/.jest-cache/jest-transform-cache-c28e27eaf2cda0320583202d2edf90c5-79ef2876fae7ca75eedb2aa53dc48338/83/workflowStatetest_8330256349dc179f0a7890cadb4bed76.map
  - server/.jest-cache/jest-transform-cache-c28e27eaf2cda0320583202d2edf90c5-79ef2876fae7ca75eedb2aa53dc48338/84/batchProcessingService_848d57a3ea3e5dcdd2e7530072fac72e
  - server/.jest-cache/jest-transform-cache-c28e27eaf2cda0320583202d2edf90c5-79ef2876fae7ca75eedb2aa53dc48338/84/batchProcessingService_848d57a3ea3e5dcdd2e7530072fac72e.map
  - server/.jest-cache/jest-transform-cache-c28e27eaf2cda0320583202d2edf90c5-79ef2876fae7ca75eedb2aa53dc48338/84/sharing_84256835ca40756662a431555994a923
  - server/.jest-cache/jest-transform-cache-c28e27eaf2cda0320583202d2edf90c5-79ef2876fae7ca75eedb2aa53dc48338/84/sharing_84256835ca40756662a431555994a923.map
  - server/.jest-cache/jest-transform-cache-c28e27eaf2cda0320583202d2edf90c5-79ef2876fae7ca75eedb2aa53dc48338/85/contactExtractorunittest_8511ebdc84c46f4da957d758829db27b
  - server/.jest-cache/jest-transform-cache-c28e27eaf2cda0320583202d2edf90c5-79ef2876fae7ca75eedb2aa53dc48338/85/contactExtractorunittest_8511ebdc84c46f4da957d758829db27b.map
  - server/.jest-cache/jest-transform-cache-c28e27eaf2cda0320583202d2edf90c5-79ef2876fae7ca75eedb2aa53dc48338/85/discoverySchedulerService_85e6f915164a83f9f8a72d1380b727c1
  - server/.jest-cache/jest-transform-cache-c28e27eaf2cda0320583202d2edf90c5-79ef2876fae7ca75eedb2aa53dc48338/85/discoverySchedulerService_85e6f915164a83f9f8a72d1380b727c1.map
  - server/.jest-cache/jest-transform-cache-c28e27eaf2cda0320583202d2edf90c5-79ef2876fae7ca75eedb2aa53dc48338/85/gptPlanningAgent_851a5c0c2410a327a36aee20b1556a07
  - server/.jest-cache/jest-transform-cache-c28e27eaf2cda0320583202d2edf90c5-79ef2876fae7ca75eedb2aa53dc48338/85/gptPlanningAgent_851a5c0c2410a327a36aee20b1556a07.map
  - server/.jest-cache/jest-transform-cache-c28e27eaf2cda0320583202d2edf90c5-79ef2876fae7ca75eedb2aa53dc48338/85/gptPlanningAgenttest_8529ce0ac00667cb94c37b5cb8c9ee6a
  - server/.jest-cache/jest-transform-cache-c28e27eaf2cda0320583202d2edf90c5-79ef2876fae7ca75eedb2aa53dc48338/85/gptPlanningAgenttest_8529ce0ac00667cb94c37b5cb8c9ee6a.map
  - server/.jest-cache/jest-transform-cache-c28e27eaf2cda0320583202d2edf90c5-79ef2876fae7ca75eedb2aa53dc48338/85/newsletterService_8560ba56639a6a12d58597e009c843c4
  - server/.jest-cache/jest-transform-cache-c28e27eaf2cda0320583202d2edf90c5-79ef2876fae7ca75eedb2aa53dc48338/85/newsletterService_8560ba56639a6a12d58597e009c843c4.map
  - server/.jest-cache/jest-transform-cache-c28e27eaf2cda0320583202d2edf90c5-79ef2876fae7ca75eedb2aa53dc48338/85/progressChecktest_850f2d9bd7f609bf5f589e9bc185e1a4
  - server/.jest-cache/jest-transform-cache-c28e27eaf2cda0320583202d2edf90c5-79ef2876fae7ca75eedb2aa53dc48338/85/progressChecktest_850f2d9bd7f609bf5f589e9bc185e1a4.map
  - server/.jest-cache/jest-transform-cache-c28e27eaf2cda0320583202d2edf90c5-79ef2876fae7ca75eedb2aa53dc48338/85/student_852a13f684b9d85b50b6948c2d5c3a49
  - server/.jest-cache/jest-transform-cache-c28e27eaf2cda0320583202d2edf90c5-79ef2876fae7ca75eedb2aa53dc48338/85/student_852a13f684b9d85b50b6948c2d5c3a49.map
  - server/.jest-cache/jest-transform-cache-c28e27eaf2cda0320583202d2edf90c5-79ef2876fae7ca75eedb2aa53dc48338/86/aiActivityGenerator_86c422208472190dfcaf3fe97a9a8462
  - server/.jest-cache/jest-transform-cache-c28e27eaf2cda0320583202d2edf90c5-79ef2876fae7ca75eedb2aa53dc48338/86/aiActivityGenerator_86c422208472190dfcaf3fe97a9a8462.map
  - server/.jest-cache/jest-transform-cache-c28e27eaf2cda0320583202d2edf90c5-79ef2876fae7ca75eedb2aa53dc48338/86/batchProcessingService_86b2d9d003a79e8c28c33d55fa6be4d1
  - server/.jest-cache/jest-transform-cache-c28e27eaf2cda0320583202d2edf90c5-79ef2876fae7ca75eedb2aa53dc48338/86/batchProcessingService_86b2d9d003a79e8c28c33d55fa6be4d1.map
  - server/.jest-cache/jest-transform-cache-c28e27eaf2cda0320583202d2edf90c5-79ef2876fae7ca75eedb2aa53dc48338/86/newsletterroutestest_8691fdaa2d53eee430de72f42d990dfc
  - server/.jest-cache/jest-transform-cache-c28e27eaf2cda0320583202d2edf90c5-79ef2876fae7ca75eedb2aa53dc48338/86/newsletterroutestest_8691fdaa2d53eee430de72f42d990dfc.map
  - server/.jest-cache/jest-transform-cache-c28e27eaf2cda0320583202d2edf90c5-79ef2876fae7ca75eedb2aa53dc48338/86/scenarioTemplateExtractorunittest_864262057a6568e202aa7de0b48f2e94
  - server/.jest-cache/jest-transform-cache-c28e27eaf2cda0320583202d2edf90c5-79ef2876fae7ca75eedb2aa53dc48338/86/scenarioTemplateExtractorunittest_864262057a6568e202aa7de0b48f2e94.map
  - server/.jest-cache/jest-transform-cache-c28e27eaf2cda0320583202d2edf90c5-79ef2876fae7ca75eedb2aa53dc48338/86/subPlanGenerator_8617894ec0a252b0beaee70080fae574
  - server/.jest-cache/jest-transform-cache-c28e27eaf2cda0320583202d2edf90c5-79ef2876fae7ca75eedb2aa53dc48338/86/subPlanGenerator_8617894ec0a252b0beaee70080fae574.map
  - server/.jest-cache/jest-transform-cache-c28e27eaf2cda0320583202d2edf90c5-79ef2876fae7ca75eedb2aa53dc48338/86/teams_864010bcb5be5036a834e7eaa9682969
  - server/.jest-cache/jest-transform-cache-c28e27eaf2cda0320583202d2edf90c5-79ef2876fae7ca75eedb2aa53dc48338/86/teams_864010bcb5be5036a834e7eaa9682969.map
  - server/.jest-cache/jest-transform-cache-c28e27eaf2cda0320583202d2edf90c5-79ef2876fae7ca75eedb2aa53dc48338/86/teams_865640545d3556f1485ca3b838982a3b
  - server/.jest-cache/jest-transform-cache-c28e27eaf2cda0320583202d2edf90c5-79ef2876fae7ca75eedb2aa53dc48338/86/teams_865640545d3556f1485ca3b838982a3b.map
  - server/.jest-cache/jest-transform-cache-c28e27eaf2cda0320583202d2edf90c5-79ef2876fae7ca75eedb2aa53dc48338/87/recentplans_87db1532959aa2ffa6b7e5aaa85ee62f
  - server/.jest-cache/jest-transform-cache-c28e27eaf2cda0320583202d2edf90c5-79ef2876fae7ca75eedb2aa53dc48338/87/recentplans_87db1532959aa2ffa6b7e5aaa85ee62f.map
  - server/.jest-cache/jest-transform-cache-c28e27eaf2cda0320583202d2edf90c5-79ef2876fae7ca75eedb2aa53dc48338/88/anthropicServicetest_88bd1e7be7797436191c4b9c5adf4026
  - server/.jest-cache/jest-transform-cache-c28e27eaf2cda0320583202d2edf90c5-79ef2876fae7ca75eedb2aa53dc48338/88/anthropicServicetest_88bd1e7be7797436191c4b9c5adf4026.map
  - server/.jest-cache/jest-transform-cache-c28e27eaf2cda0320583202d2edf90c5-79ef2876fae7ca75eedb2aa53dc48338/88/emailService_888fc48422d2edd07a877fcdaff35780
  - server/.jest-cache/jest-transform-cache-c28e27eaf2cda0320583202d2edf90c5-79ef2876fae7ca75eedb2aa53dc48338/88/emailService_888fc48422d2edd07a877fcdaff35780.map
  - server/.jest-cache/jest-transform-cache-c28e27eaf2cda0320583202d2edf90c5-79ef2876fae7ca75eedb2aa53dc48338/88/openai_889bddbe5fa0be2ec6dfd3b933d8f60f
  - server/.jest-cache/jest-transform-cache-c28e27eaf2cda0320583202d2edf90c5-79ef2876fae7ca75eedb2aa53dc48338/88/validation_88a86d766e1956b612ff8b30554eb3ac
  - server/.jest-cache/jest-transform-cache-c28e27eaf2cda0320583202d2edf90c5-79ef2876fae7ca75eedb2aa53dc48338/88/validation_88a86d766e1956b612ff8b30554eb3ac.map
  - server/.jest-cache/jest-transform-cache-c28e27eaf2cda0320583202d2edf90c5-79ef2876fae7ca75eedb2aa53dc48338/89/activitycollections_89ed19b7a81e3674564fad1fc655cc31
  - server/.jest-cache/jest-transform-cache-c28e27eaf2cda0320583202d2edf90c5-79ef2876fae7ca75eedb2aa53dc48338/89/activitycollections_89ed19b7a81e3674564fad1fc655cc31.map
  - server/.jest-cache/jest-transform-cache-c28e27eaf2cda0320583202d2edf90c5-79ef2876fae7ca75eedb2aa53dc48338/89/aiActivityGeneratortest_8920249958847a8bdd801a0da58aea93
  - server/.jest-cache/jest-transform-cache-c28e27eaf2cda0320583202d2edf90c5-79ef2876fae7ca75eedb2aa53dc48338/89/aiActivityGeneratortest_8920249958847a8bdd801a0da58aea93.map
  - server/.jest-cache/jest-transform-cache-c28e27eaf2cda0320583202d2edf90c5-79ef2876fae7ca75eedb2aa53dc48338/89/baseServiceunittest_89a3d0399e8f6f4d3a1e5db7754e1670
  - server/.jest-cache/jest-transform-cache-c28e27eaf2cda0320583202d2edf90c5-79ef2876fae7ca75eedb2aa53dc48338/89/baseServiceunittest_89a3d0399e8f6f4d3a1e5db7754e1670.map
  - server/.jest-cache/jest-transform-cache-c28e27eaf2cda0320583202d2edf90c5-79ef2876fae7ca75eedb2aa53dc48338/89/contactExtractor_8957a65bb80563ee0f775a5d108a28ca
  - server/.jest-cache/jest-transform-cache-c28e27eaf2cda0320583202d2edf90c5-79ef2876fae7ca75eedb2aa53dc48338/89/contactExtractor_8957a65bb80563ee0f775a5d108a28ca.map
  - server/.jest-cache/jest-transform-cache-c28e27eaf2cda0320583202d2edf90c5-79ef2876fae7ca75eedb2aa53dc48338/89/curriculumdiscovery_89673c02772aa0fe10ad9bb3d5cc4c90
  - server/.jest-cache/jest-transform-cache-c28e27eaf2cda0320583202d2edf90c5-79ef2876fae7ca75eedb2aa53dc48338/89/curriculumdiscovery_89673c02772aa0fe10ad9bb3d5cc4c90.map
  - server/.jest-cache/jest-transform-cache-c28e27eaf2cda0320583202d2edf90c5-79ef2876fae7ca75eedb2aa53dc48338/89/emailService_892c68e27d143ae5cb3f8e1d8ed4a9fb
  - server/.jest-cache/jest-transform-cache-c28e27eaf2cda0320583202d2edf90c5-79ef2876fae7ca75eedb2aa53dc48338/89/emailService_892c68e27d143ae5cb3f8e1d8ed4a9fb.map
  - server/.jest-cache/jest-transform-cache-c28e27eaf2cda0320583202d2edf90c5-79ef2876fae7ca75eedb2aa53dc48338/89/phase3basictest_890483fc8f2e2c726e24acb8935315b9
  - server/.jest-cache/jest-transform-cache-c28e27eaf2cda0320583202d2edf90c5-79ef2876fae7ca75eedb2aa53dc48338/89/phase3basictest_890483fc8f2e2c726e24acb8935315b9.map
  - server/.jest-cache/jest-transform-cache-c28e27eaf2cda0320583202d2edf90c5-79ef2876fae7ca75eedb2aa53dc48338/89/planningEngine_89f199331a7b00d532096777ebe4995a
  - server/.jest-cache/jest-transform-cache-c28e27eaf2cda0320583202d2edf90c5-79ef2876fae7ca75eedb2aa53dc48338/89/planningEngine_89f199331a7b00d532096777ebe4995a.map
  - server/.jest-cache/jest-transform-cache-c28e27eaf2cda0320583202d2edf90c5-79ef2876fae7ca75eedb2aa53dc48338/89/simpletest_89c2ffa0eb7eb2f57b813f71becd5dfa
  - server/.jest-cache/jest-transform-cache-c28e27eaf2cda0320583202d2edf90c5-79ef2876fae7ca75eedb2aa53dc48338/89/simpletest_89c2ffa0eb7eb2f57b813f71becd5dfa.map
  - server/.jest-cache/jest-transform-cache-c28e27eaf2cda0320583202d2edf90c5-79ef2876fae7ca75eedb2aa53dc48338/8a/ServiceRegistry_8ab03048d49f78c15cf78d8c6f5af8dc
  - server/.jest-cache/jest-transform-cache-c28e27eaf2cda0320583202d2edf90c5-79ef2876fae7ca75eedb2aa53dc48338/8a/ServiceRegistry_8ab03048d49f78c15cf78d8c6f5af8dc.map
  - server/.jest-cache/jest-transform-cache-c28e27eaf2cda0320583202d2edf90c5-79ef2876fae7ca75eedb2aa53dc48338/8a/activitycollections_8adf71fee8e374a9aa5ae3bf3d01b19c
  - server/.jest-cache/jest-transform-cache-c28e27eaf2cda0320583202d2edf90c5-79ef2876fae7ca75eedb2aa53dc48338/8a/activitycollections_8adf71fee8e374a9aa5ae3bf3d01b19c.map
  - server/.jest-cache/jest-transform-cache-c28e27eaf2cda0320583202d2edf90c5-79ef2876fae7ca75eedb2aa53dc48338/8a/llmService_8a71cb8c8e10f7b8f4c9a8fd7cee0474
  - server/.jest-cache/jest-transform-cache-c28e27eaf2cda0320583202d2edf90c5-79ef2876fae7ca75eedb2aa53dc48338/8a/llmService_8a71cb8c8e10f7b8f4c9a8fd7cee0474.map
  - server/.jest-cache/jest-transform-cache-c28e27eaf2cda0320583202d2edf90c5-79ef2876fae7ca75eedb2aa53dc48338/8b/etfolessonplans_8b132d1c780a93767d02a0c638e71810
  - server/.jest-cache/jest-transform-cache-c28e27eaf2cda0320583202d2edf90c5-79ef2876fae7ca75eedb2aa53dc48338/8b/etfolessonplans_8b132d1c780a93767d02a0c638e71810.map
  - server/.jest-cache/jest-transform-cache-c28e27eaf2cda0320583202d2edf90c5-79ef2876fae7ca75eedb2aa53dc48338/8b/parentSummary_8bd97ae7ef428ce4a9018a0998eebe3b
  - server/.jest-cache/jest-transform-cache-c28e27eaf2cda0320583202d2edf90c5-79ef2876fae7ca75eedb2aa53dc48338/8b/parentSummary_8bd97ae7ef428ce4a9018a0998eebe3b.map
  - server/.jest-cache/jest-transform-cache-c28e27eaf2cda0320583202d2edf90c5-79ef2876fae7ca75eedb2aa53dc48338/8b/unitplans_8bd5d6f0b2314821d82ec9f9b42127c1
  - server/.jest-cache/jest-transform-cache-c28e27eaf2cda0320583202d2edf90c5-79ef2876fae7ca75eedb2aa53dc48338/8b/unitplans_8bd5d6f0b2314821d82ec9f9b42127c1.map
  - server/.jest-cache/jest-transform-cache-c28e27eaf2cda0320583202d2edf90c5-79ef2876fae7ca75eedb2aa53dc48338/8b/validation_8b4a113a9d12975b822a4ba48d843cd9
  - server/.jest-cache/jest-transform-cache-c28e27eaf2cda0320583202d2edf90c5-79ef2876fae7ca75eedb2aa53dc48338/8b/validation_8b4a113a9d12975b822a4ba48d843cd9.map
  - server/.jest-cache/jest-transform-cache-c28e27eaf2cda0320583202d2edf90c5-79ef2876fae7ca75eedb2aa53dc48338/8c/activitydiscovery_8cb7e2264d92657d7142b2ca2cd01ec4
  - server/.jest-cache/jest-transform-cache-c28e27eaf2cda0320583202d2edf90c5-79ef2876fae7ca75eedb2aa53dc48338/8c/activitydiscovery_8cb7e2264d92657d7142b2ca2cd01ec4.map
  - server/.jest-cache/jest-transform-cache-c28e27eaf2cda0320583202d2edf90c5-79ef2876fae7ca75eedb2aa53dc48338/8c/backupRoutestest_8c6c8d2d449f7f8364c8262ffec25cb8
  - server/.jest-cache/jest-transform-cache-c28e27eaf2cda0320583202d2edf90c5-79ef2876fae7ca75eedb2aa53dc48338/8c/backupRoutestest_8c6c8d2d449f7f8364c8262ffec25cb8.map
  - server/.jest-cache/jest-transform-cache-c28e27eaf2cda0320583202d2edf90c5-79ef2876fae7ca75eedb2aa53dc48338/8c/calendarevents_8c72ce3c715a6017ca60f705d0a3dd89
  - server/.jest-cache/jest-transform-cache-c28e27eaf2cda0320583202d2edf90c5-79ef2876fae7ca75eedb2aa53dc48338/8c/calendarevents_8c72ce3c715a6017ca60f705d0a3dd89.map
  - server/.jest-cache/jest-transform-cache-c28e27eaf2cda0320583202d2edf90c5-79ef2876fae7ca75eedb2aa53dc48338/8c/contactValidationCorrectedtest_8cf7b3a373f3528586fd05d75d8ba042
  - server/.jest-cache/jest-transform-cache-c28e27eaf2cda0320583202d2edf90c5-79ef2876fae7ca75eedb2aa53dc48338/8c/contactValidationCorrectedtest_8cf7b3a373f3528586fd05d75d8ba042.map
  - server/.jest-cache/jest-transform-cache-c28e27eaf2cda0320583202d2edf90c5-79ef2876fae7ca75eedb2aa53dc48338/8c/curriculumImport_8c65edb10cbe50b6e84ec8fda21aa9f5
  - server/.jest-cache/jest-transform-cache-c28e27eaf2cda0320583202d2edf90c5-79ef2876fae7ca75eedb2aa53dc48338/8c/curriculumImport_8c65edb10cbe50b6e84ec8fda21aa9f5.map
  - server/.jest-cache/jest-transform-cache-c28e27eaf2cda0320583202d2edf90c5-79ef2876fae7ca75eedb2aa53dc48338/8c/emailServicetest_8cb84c03e704555fe707b304653325e1
  - server/.jest-cache/jest-transform-cache-c28e27eaf2cda0320583202d2edf90c5-79ef2876fae7ca75eedb2aa53dc48338/8c/emailServicetest_8cb84c03e704555fe707b304653325e1.map
  - server/.jest-cache/jest-transform-cache-c28e27eaf2cda0320583202d2edf90c5-79ef2876fae7ca75eedb2aa53dc48338/8c/globalteardown_8cb8c7e59734e18070f5c0810cf03e2f
  - server/.jest-cache/jest-transform-cache-c28e27eaf2cda0320583202d2edf90c5-79ef2876fae7ca75eedb2aa53dc48338/8c/globalteardown_8cb8c7e59734e18070f5c0810cf03e2f.map
  - server/.jest-cache/jest-transform-cache-c28e27eaf2cda0320583202d2edf90c5-79ef2876fae7ca75eedb2aa53dc48338/8c/prisma_8c9cbc837c0399020990f1c627762ad2
  - server/.jest-cache/jest-transform-cache-c28e27eaf2cda0320583202d2edf90c5-79ef2876fae7ca75eedb2aa53dc48338/8c/prisma_8c9cbc837c0399020990f1c627762ad2.map
  - server/.jest-cache/jest-transform-cache-c28e27eaf2cda0320583202d2edf90c5-79ef2876fae7ca75eedb2aa53dc48338/8c/progressCheck_8c6f05e309cf00be2fc9d72cca904d20
  - server/.jest-cache/jest-transform-cache-c28e27eaf2cda0320583202d2edf90c5-79ef2876fae7ca75eedb2aa53dc48338/8c/progressCheck_8c6f05e309cf00be2fc9d72cca904d20.map
  - server/.jest-cache/jest-transform-cache-c28e27eaf2cda0320583202d2edf90c5-79ef2876fae7ca75eedb2aa53dc48338/8c/simpleTest_8c2fae5e22d7eeae1ffd3f2f7be3df5d
  - server/.jest-cache/jest-transform-cache-c28e27eaf2cda0320583202d2edf90c5-79ef2876fae7ca75eedb2aa53dc48338/8c/simpleTest_8c2fae5e22d7eeae1ffd3f2f7be3df5d.map
  - server/.jest-cache/jest-transform-cache-c28e27eaf2cda0320583202d2edf90c5-79ef2876fae7ca75eedb2aa53dc48338/8c/testdbhelpers_8c77d73b8b392276f555e0d68214364d
  - server/.jest-cache/jest-transform-cache-c28e27eaf2cda0320583202d2edf90c5-79ef2876fae7ca75eedb2aa53dc48338/8c/testdbhelpers_8c77d73b8b392276f555e0d68214364d.map
  - server/.jest-cache/jest-transform-cache-c28e27eaf2cda0320583202d2edf90c5-79ef2876fae7ca75eedb2aa53dc48338/8c/user_8c48fb6630bbab8430f87dc280fc12c2
  - server/.jest-cache/jest-transform-cache-c28e27eaf2cda0320583202d2edf90c5-79ef2876fae7ca75eedb2aa53dc48338/8c/user_8c48fb6630bbab8430f87dc280fc12c2.map
  - server/.jest-cache/jest-transform-cache-c28e27eaf2cda0320583202d2edf90c5-79ef2876fae7ca75eedb2aa53dc48338/8d/ServiceRegistry_8d361bfcb4e2407be75ae2901ea26c8e
  - server/.jest-cache/jest-transform-cache-c28e27eaf2cda0320583202d2edf90c5-79ef2876fae7ca75eedb2aa53dc48338/8d/ServiceRegistry_8d361bfcb4e2407be75ae2901ea26c8e.map
  - server/.jest-cache/jest-transform-cache-c28e27eaf2cda0320583202d2edf90c5-79ef2876fae7ca75eedb2aa53dc48338/8d/aiActivityGeneratorService_8df0b16623e4e1e1972354fccff996c8
  - server/.jest-cache/jest-transform-cache-c28e27eaf2cda0320583202d2edf90c5-79ef2876fae7ca75eedb2aa53dc48338/8d/aiActivityGeneratorService_8df0b16623e4e1e1972354fccff996c8.map
  - server/.jest-cache/jest-transform-cache-c28e27eaf2cda0320583202d2edf90c5-79ef2876fae7ca75eedb2aa53dc48338/8d/anthropicService_8d0e6f0f68ede69b0cdf5e479026edf5
  - server/.jest-cache/jest-transform-cache-c28e27eaf2cda0320583202d2edf90c5-79ef2876fae7ca75eedb2aa53dc48338/8d/anthropicService_8d0e6f0f68ede69b0cdf5e479026edf5.map
  - server/.jest-cache/jest-transform-cache-c28e27eaf2cda0320583202d2edf90c5-79ef2876fae7ca75eedb2aa53dc48338/8d/initializeServices_8d14eea977e5a04aaccab877a9d8ceae
  - server/.jest-cache/jest-transform-cache-c28e27eaf2cda0320583202d2edf90c5-79ef2876fae7ca75eedb2aa53dc48338/8d/initializeServices_8d14eea977e5a04aaccab877a9d8ceae.map
  - server/.jest-cache/jest-transform-cache-c28e27eaf2cda0320583202d2edf90c5-79ef2876fae7ca75eedb2aa53dc48338/8d/planningEngine_8d48ae443bdaf67297d4b01dd7d579e6
  - server/.jest-cache/jest-transform-cache-c28e27eaf2cda0320583202d2edf90c5-79ef2876fae7ca75eedb2aa53dc48338/8d/planningEngine_8d48ae443bdaf67297d4b01dd7d579e6.map
  - server/.jest-cache/jest-transform-cache-c28e27eaf2cda0320583202d2edf90c5-79ef2876fae7ca75eedb2aa53dc48338/8d/recentplans_8df31373fe9ca7997be43c7aca73e5b0
  - server/.jest-cache/jest-transform-cache-c28e27eaf2cda0320583202d2edf90c5-79ef2876fae7ca75eedb2aa53dc48338/8d/recentplans_8df31373fe9ca7997be43c7aca73e5b0.map
  - server/.jest-cache/jest-transform-cache-c28e27eaf2cda0320583202d2edf90c5-79ef2876fae7ca75eedb2aa53dc48338/8d/routeFactory_8d372aefb3480967436a2501db8b5c78
  - server/.jest-cache/jest-transform-cache-c28e27eaf2cda0320583202d2edf90c5-79ef2876fae7ca75eedb2aa53dc48338/8d/routeFactory_8d372aefb3480967436a2501db8b5c78.map
  - server/.jest-cache/jest-transform-cache-c28e27eaf2cda0320583202d2edf90c5-79ef2876fae7ca75eedb2aa53dc48338/8d/weeklyPlanDiagnosticstest_8dc732e76c3a40edf2ae8eb38866dce6
  - server/.jest-cache/jest-transform-cache-c28e27eaf2cda0320583202d2edf90c5-79ef2876fae7ca75eedb2aa53dc48338/8d/weeklyPlanDiagnosticstest_8dc732e76c3a40edf2ae8eb38866dce6.map
  - server/.jest-cache/jest-transform-cache-c28e27eaf2cda0320583202d2edf90c5-79ef2876fae7ca75eedb2aa53dc48338/8e/activityDiscoveryService_8ec22010ee53e07e428cc40b33d64c62
  - server/.jest-cache/jest-transform-cache-c28e27eaf2cda0320583202d2edf90c5-79ef2876fae7ca75eedb2aa53dc48338/8e/activityDiscoveryService_8ec22010ee53e07e428cc40b33d64c62.map
  - server/.jest-cache/jest-transform-cache-c28e27eaf2cda0320583202d2edf90c5-79ef2876fae7ca75eedb2aa53dc48338/8e/auth_8efa3934cab56e3057490ea1e9aa9ea2
  - server/.jest-cache/jest-transform-cache-c28e27eaf2cda0320583202d2edf90c5-79ef2876fae7ca75eedb2aa53dc48338/8e/auth_8efa3934cab56e3057490ea1e9aa9ea2.map
  - server/.jest-cache/jest-transform-cache-c28e27eaf2cda0320583202d2edf90c5-79ef2876fae7ca75eedb2aa53dc48338/8e/authenticate_8e2a063140303205b07bdfed6028c8ae
  - server/.jest-cache/jest-transform-cache-c28e27eaf2cda0320583202d2edf90c5-79ef2876fae7ca75eedb2aa53dc48338/8e/authenticate_8e2a063140303205b07bdfed6028c8ae.map
  - server/.jest-cache/jest-transform-cache-c28e27eaf2cda0320583202d2edf90c5-79ef2876fae7ca75eedb2aa53dc48338/8e/batch_8ee5b831381bf8798dbc3914408c9e31
  - server/.jest-cache/jest-transform-cache-c28e27eaf2cda0320583202d2edf90c5-79ef2876fae7ca75eedb2aa53dc48338/8e/batch_8ee5b831381bf8798dbc3914408c9e31.map
  - server/.jest-cache/jest-transform-cache-c28e27eaf2cda0320583202d2edf90c5-79ef2876fae7ca75eedb2aa53dc48338/8e/batchprocessing_8effbbf6831e6acfe3ff359c9ad38ad4
  - server/.jest-cache/jest-transform-cache-c28e27eaf2cda0320583202d2edf90c5-79ef2876fae7ca75eedb2aa53dc48338/8e/batchprocessing_8effbbf6831e6acfe3ff359c9ad38ad4.map
  - server/.jest-cache/jest-transform-cache-c28e27eaf2cda0320583202d2edf90c5-79ef2876fae7ca75eedb2aa53dc48338/8e/databasemock_8efe99f370299c0cfb03bf7786e7b3dc
  - server/.jest-cache/jest-transform-cache-c28e27eaf2cda0320583202d2edf90c5-79ef2876fae7ca75eedb2aa53dc48338/8e/databasemock_8efe99f370299c0cfb03bf7786e7b3dc.map
  - server/.jest-cache/jest-transform-cache-c28e27eaf2cda0320583202d2edf90c5-79ef2876fae7ca75eedb2aa53dc48338/8e/newsletterTriggertest_8ead205d0f4632f9e585ada9bea2b140
  - server/.jest-cache/jest-transform-cache-c28e27eaf2cda0320583202d2edf90c5-79ef2876fae7ca75eedb2aa53dc48338/8e/newsletterTriggertest_8ead205d0f4632f9e585ada9bea2b140.map
  - server/.jest-cache/jest-transform-cache-c28e27eaf2cda0320583202d2edf90c5-79ef2876fae7ca75eedb2aa53dc48338/8e/simpleTest_8ef3f07fd0dc20e19c05afae41ff7d6d
  - server/.jest-cache/jest-transform-cache-c28e27eaf2cda0320583202d2edf90c5-79ef2876fae7ca75eedb2aa53dc48338/8e/simpleTest_8ef3f07fd0dc20e19c05afae41ff7d6d.map
  - server/.jest-cache/jest-transform-cache-c28e27eaf2cda0320583202d2edf90c5-79ef2876fae7ca75eedb2aa53dc48338/8f/curriculumWebConnector_8f7f5534c065380fce1e9ab1028a22a9
  - server/.jest-cache/jest-transform-cache-c28e27eaf2cda0320583202d2edf90c5-79ef2876fae7ca75eedb2aa53dc48338/8f/curriculumWebConnector_8f7f5534c065380fce1e9ab1028a22a9.map
  - server/.jest-cache/jest-transform-cache-c28e27eaf2cda0320583202d2edf90c5-79ef2876fae7ca75eedb2aa53dc48338/8f/curriculumexpectations_8f18246f3a71b11883724c19fda0d999
  - server/.jest-cache/jest-transform-cache-c28e27eaf2cda0320583202d2edf90c5-79ef2876fae7ca75eedb2aa53dc48338/8f/curriculumexpectations_8f18246f3a71b11883724c19fda0d999.map
  - server/.jest-cache/jest-transform-cache-c28e27eaf2cda0320583202d2edf90c5-79ef2876fae7ca75eedb2aa53dc48338/8f/emailService_8f571986c4a1684e3959e9d0174c98e0
  - server/.jest-cache/jest-transform-cache-c28e27eaf2cda0320583202d2edf90c5-79ef2876fae7ca75eedb2aa53dc48338/8f/emailService_8f571986c4a1684e3959e9d0174c98e0.map
  - server/.jest-cache/jest-transform-cache-c28e27eaf2cda0320583202d2edf90c5-79ef2876fae7ca75eedb2aa53dc48338/8f/scenarioTemplateExtractor_8ff2fdcac17c45f39b3cd72ea11591ec
  - server/.jest-cache/jest-transform-cache-c28e27eaf2cda0320583202d2edf90c5-79ef2876fae7ca75eedb2aa53dc48338/8f/scenarioTemplateExtractor_8ff2fdcac17c45f39b3cd72ea11591ec.map
  - server/.jest-cache/jest-transform-cache-c28e27eaf2cda0320583202d2edf90c5-79ef2876fae7ca75eedb2aa53dc48338/90/baseConnector_90df2fbfd43cda60e080d7de9ef12fec
  - server/.jest-cache/jest-transform-cache-c28e27eaf2cda0320583202d2edf90c5-79ef2876fae7ca75eedb2aa53dc48338/90/baseConnector_90df2fbfd43cda60e080d7de9ef12fec.map
  - server/.jest-cache/jest-transform-cache-c28e27eaf2cda0320583202d2edf90c5-79ef2876fae7ca75eedb2aa53dc48338/90/inputSanitization_90866db66f697031e5bb8704ad8e331e
  - server/.jest-cache/jest-transform-cache-c28e27eaf2cda0320583202d2edf90c5-79ef2876fae7ca75eedb2aa53dc48338/90/inputSanitization_90866db66f697031e5bb8704ad8e331e.map
  - server/.jest-cache/jest-transform-cache-c28e27eaf2cda0320583202d2edf90c5-79ef2876fae7ca75eedb2aa53dc48338/90/longrangeplans_908006ed039895b5610ccbf7ad8ad6d1
  - server/.jest-cache/jest-transform-cache-c28e27eaf2cda0320583202d2edf90c5-79ef2876fae7ca75eedb2aa53dc48338/90/longrangeplans_908006ed039895b5610ccbf7ad8ad6d1.map
  - server/.jest-cache/jest-transform-cache-c28e27eaf2cda0320583202d2edf90c5-79ef2876fae7ca75eedb2aa53dc48338/91/aiActivityGeneratortest_916449b3d14e5e6031be7234595fdd17
  - server/.jest-cache/jest-transform-cache-c28e27eaf2cda0320583202d2edf90c5-79ef2876fae7ca75eedb2aa53dc48338/91/aiActivityGeneratortest_916449b3d14e5e6031be7234595fdd17.map
  - server/.jest-cache/jest-transform-cache-c28e27eaf2cda0320583202d2edf90c5-79ef2876fae7ca75eedb2aa53dc48338/91/baseConnectortest_918357f4333ba9d9e0ae51c40c18968c
  - server/.jest-cache/jest-transform-cache-c28e27eaf2cda0320583202d2edf90c5-79ef2876fae7ca75eedb2aa53dc48338/91/baseConnectortest_918357f4333ba9d9e0ae51c40c18968c.map
  - server/.jest-cache/jest-transform-cache-c28e27eaf2cda0320583202d2edf90c5-79ef2876fae7ca75eedb2aa53dc48338/91/curriculumexpectations_9130b35c4b0442d13df1cd18a420a884
  - server/.jest-cache/jest-transform-cache-c28e27eaf2cda0320583202d2edf90c5-79ef2876fae7ca75eedb2aa53dc48338/91/curriculumexpectations_9130b35c4b0442d13df1cd18a420a884.map
  - server/.jest-cache/jest-transform-cache-c28e27eaf2cda0320583202d2edf90c5-79ef2876fae7ca75eedb2aa53dc48338/91/daybookentries_91fa111b3b785c7eafab2f08d0dfdabe
  - server/.jest-cache/jest-transform-cache-c28e27eaf2cda0320583202d2edf90c5-79ef2876fae7ca75eedb2aa53dc48338/91/daybookentries_91fa111b3b785c7eafab2f08d0dfdabe.map
  - server/.jest-cache/jest-transform-cache-c28e27eaf2cda0320583202d2edf90c5-79ef2876fae7ca75eedb2aa53dc48338/91/educationWebConnector_91a0b8e79f7ee7740283c050b352495f
  - server/.jest-cache/jest-transform-cache-c28e27eaf2cda0320583202d2edf90c5-79ef2876fae7ca75eedb2aa53dc48338/91/educationWebConnector_91a0b8e79f7ee7740283c050b352495f.map
  - server/.jest-cache/jest-transform-cache-c28e27eaf2cda0320583202d2edf90c5-79ef2876fae7ca75eedb2aa53dc48338/91/embeddingService_9175e2f599d465ae6b0e3da3355068ba
  - server/.jest-cache/jest-transform-cache-c28e27eaf2cda0320583202d2edf90c5-79ef2876fae7ca75eedb2aa53dc48338/91/embeddingService_9175e2f599d465ae6b0e3da3355068ba.map
  - server/.jest-cache/jest-transform-cache-c28e27eaf2cda0320583202d2edf90c5-79ef2876fae7ca75eedb2aa53dc48338/91/embeddingServicefasttest_917baa46ba3f38441fe3723b845afeb4
  - server/.jest-cache/jest-transform-cache-c28e27eaf2cda0320583202d2edf90c5-79ef2876fae7ca75eedb2aa53dc48338/91/embeddingServicefasttest_917baa46ba3f38441fe3723b845afeb4.map
  - server/.jest-cache/jest-transform-cache-c28e27eaf2cda0320583202d2edf90c5-79ef2876fae7ca75eedb2aa53dc48338/91/newsletterTrigger_918e3c329943ed66a54e9c45ba0298ac
  - server/.jest-cache/jest-transform-cache-c28e27eaf2cda0320583202d2edf90c5-79ef2876fae7ca75eedb2aa53dc48338/91/newsletterTrigger_918e3c329943ed66a54e9c45ba0298ac.map
  - server/.jest-cache/jest-transform-cache-c28e27eaf2cda0320583202d2edf90c5-79ef2876fae7ca75eedb2aa53dc48338/91/reportDeadlinetest_9107623407f5797b5adb530feff8f63c
  - server/.jest-cache/jest-transform-cache-c28e27eaf2cda0320583202d2edf90c5-79ef2876fae7ca75eedb2aa53dc48338/91/reportDeadlinetest_9107623407f5797b5adb530feff8f63c.map
  - server/.jest-cache/jest-transform-cache-c28e27eaf2cda0320583202d2edf90c5-79ef2876fae7ca75eedb2aa53dc48338/91/setupallmocks_91abbdcfa6ed6908607d0488004aeff5
  - server/.jest-cache/jest-transform-cache-c28e27eaf2cda0320583202d2edf90c5-79ef2876fae7ca75eedb2aa53dc48338/91/setupallmocks_91abbdcfa6ed6908607d0488004aeff5.map
  - server/.jest-cache/jest-transform-cache-c28e27eaf2cda0320583202d2edf90c5-79ef2876fae7ca75eedb2aa53dc48338/91/weeklyPlanDiagnosticstest_91d91e0ebddc32d23223557fbdc80eca
  - server/.jest-cache/jest-transform-cache-c28e27eaf2cda0320583202d2edf90c5-79ef2876fae7ca75eedb2aa53dc48338/91/weeklyPlanDiagnosticstest_91d91e0ebddc32d23223557fbdc80eca.map
  - server/.jest-cache/jest-transform-cache-c28e27eaf2cda0320583202d2edf90c5-79ef2876fae7ca75eedb2aa53dc48338/92/curriculumDiscoveryService_92b16e46957c9e549e9ca91b56581b46
  - server/.jest-cache/jest-transform-cache-c28e27eaf2cda0320583202d2edf90c5-79ef2876fae7ca75eedb2aa53dc48338/92/curriculumDiscoveryService_92b16e46957c9e549e9ca91b56581b46.map
  - server/.jest-cache/jest-transform-cache-c28e27eaf2cda0320583202d2edf90c5-79ef2876fae7ca75eedb2aa53dc48338/92/llmService_9254168d50361ec9d5585c31aa23d740
  - server/.jest-cache/jest-transform-cache-c28e27eaf2cda0320583202d2edf90c5-79ef2876fae7ca75eedb2aa53dc48338/92/llmService_9254168d50361ec9d5585c31aa23d740.map
  - server/.jest-cache/jest-transform-cache-c28e27eaf2cda0320583202d2edf90c5-79ef2876fae7ca75eedb2aa53dc48338/92/scenarioTemplateExtractor_92f582378d8516ad35c3e10e3a6e310c
  - server/.jest-cache/jest-transform-cache-c28e27eaf2cda0320583202d2edf90c5-79ef2876fae7ca75eedb2aa53dc48338/92/scenarioTemplateExtractor_92f582378d8516ad35c3e10e3a6e310c.map
  - server/.jest-cache/jest-transform-cache-c28e27eaf2cda0320583202d2edf90c5-79ef2876fae7ca75eedb2aa53dc48338/92/user_92f236716c6b6432ff94944eb5df0e48
  - server/.jest-cache/jest-transform-cache-c28e27eaf2cda0320583202d2edf90c5-79ef2876fae7ca75eedb2aa53dc48338/92/user_92f236716c6b6432ff94944eb5df0e48.map
  - server/.jest-cache/jest-transform-cache-c28e27eaf2cda0320583202d2edf90c5-79ef2876fae7ca75eedb2aa53dc48338/92/workflowStateService_927806b2f463a9a28743c179aa69aba2
  - server/.jest-cache/jest-transform-cache-c28e27eaf2cda0320583202d2edf90c5-79ef2876fae7ca75eedb2aa53dc48338/92/workflowStateService_927806b2f463a9a28743c179aa69aba2.map
  - server/.jest-cache/jest-transform-cache-c28e27eaf2cda0320583202d2edf90c5-79ef2876fae7ca75eedb2aa53dc48338/93/activitydiscovery_93c7174537386dae4d707a378fe02b3c
  - server/.jest-cache/jest-transform-cache-c28e27eaf2cda0320583202d2edf90c5-79ef2876fae7ca75eedb2aa53dc48338/93/activitydiscovery_93c7174537386dae4d707a378fe02b3c.map
  - server/.jest-cache/jest-transform-cache-c28e27eaf2cda0320583202d2edf90c5-79ef2876fae7ca75eedb2aa53dc48338/93/aiactivitygeneration_934c8744056d280fc20a32d72e9af1cf
  - server/.jest-cache/jest-transform-cache-c28e27eaf2cda0320583202d2edf90c5-79ef2876fae7ca75eedb2aa53dc48338/93/aiactivitygeneration_934c8744056d280fc20a32d72e9af1cf.map
  - server/.jest-cache/jest-transform-cache-c28e27eaf2cda0320583202d2edf90c5-79ef2876fae7ca75eedb2aa53dc48338/93/curriculumWebConnector_9321009e8967cde95fe1f029f86deaf7
  - server/.jest-cache/jest-transform-cache-c28e27eaf2cda0320583202d2edf90c5-79ef2876fae7ca75eedb2aa53dc48338/93/curriculumWebConnector_9321009e8967cde95fe1f029f86deaf7.map
  - server/.jest-cache/jest-transform-cache-c28e27eaf2cda0320583202d2edf90c5-79ef2876fae7ca75eedb2aa53dc48338/93/inputSanitization_9369d116a8afcf29520f4a5e365721a6
  - server/.jest-cache/jest-transform-cache-c28e27eaf2cda0320583202d2edf90c5-79ef2876fae7ca75eedb2aa53dc48338/93/inputSanitization_9369d116a8afcf29520f4a5e365721a6.map
  - server/.jest-cache/jest-transform-cache-c28e27eaf2cda0320583202d2edf90c5-79ef2876fae7ca75eedb2aa53dc48338/93/oerConnector_9383b3982ff0fc3acad4af7fa510ab19
  - server/.jest-cache/jest-transform-cache-c28e27eaf2cda0320583202d2edf90c5-79ef2876fae7ca75eedb2aa53dc48338/93/oerConnector_9383b3982ff0fc3acad4af7fa510ab19.map
  - server/.jest-cache/jest-transform-cache-c28e27eaf2cda0320583202d2edf90c5-79ef2876fae7ca75eedb2aa53dc48338/93/parentSummaryLLM_9303f1cf6611baca38914ac84c2440df
  - server/.jest-cache/jest-transform-cache-c28e27eaf2cda0320583202d2edf90c5-79ef2876fae7ca75eedb2aa53dc48338/93/parentSummaryLLM_9303f1cf6611baca38914ac84c2440df.map
  - server/.jest-cache/jest-transform-cache-c28e27eaf2cda0320583202d2edf90c5-79ef2876fae7ca75eedb2aa53dc48338/93/reportGeneratorServicetest_93cc1a250afc91d856440c7be4190e50
  - server/.jest-cache/jest-transform-cache-c28e27eaf2cda0320583202d2edf90c5-79ef2876fae7ca75eedb2aa53dc48338/93/reportGeneratorServicetest_93cc1a250afc91d856440c7be4190e50.map
  - server/.jest-cache/jest-transform-cache-c28e27eaf2cda0320583202d2edf90c5-79ef2876fae7ca75eedb2aa53dc48338/93/student_93117cffa6b812156999640ed4f9011b
  - server/.jest-cache/jest-transform-cache-c28e27eaf2cda0320583202d2edf90c5-79ef2876fae7ca75eedb2aa53dc48338/93/student_93117cffa6b812156999640ed4f9011b.map
  - server/.jest-cache/jest-transform-cache-c28e27eaf2cda0320583202d2edf90c5-79ef2876fae7ca75eedb2aa53dc48338/94/calendarevents_94d627eae23372f96b9c9badbb29734b
  - server/.jest-cache/jest-transform-cache-c28e27eaf2cda0320583202d2edf90c5-79ef2876fae7ca75eedb2aa53dc48338/94/calendarevents_94d627eae23372f96b9c9badbb29734b.map
  - server/.jest-cache/jest-transform-cache-c28e27eaf2cda0320583202d2edf90c5-79ef2876fae7ca75eedb2aa53dc48338/94/contactValidation_9411f56fcc2903140e41ead1e007456d
  - server/.jest-cache/jest-transform-cache-c28e27eaf2cda0320583202d2edf90c5-79ef2876fae7ca75eedb2aa53dc48338/94/contactValidation_9411f56fcc2903140e41ead1e007456d.map
  - server/.jest-cache/jest-transform-cache-c28e27eaf2cda0320583202d2edf90c5-79ef2876fae7ca75eedb2aa53dc48338/94/etfoprogress_94f2a2f27f372e007def077e77e2023b
  - server/.jest-cache/jest-transform-cache-c28e27eaf2cda0320583202d2edf90c5-79ef2876fae7ca75eedb2aa53dc48338/94/etfoprogress_94f2a2f27f372e007def077e77e2023b.map
  - server/.jest-cache/jest-transform-cache-c28e27eaf2cda0320583202d2edf90c5-79ef2876fae7ca75eedb2aa53dc48338/94/integrationtestsetup_94db722d84a09e9db9da04d619c8fea6
  - server/.jest-cache/jest-transform-cache-c28e27eaf2cda0320583202d2edf90c5-79ef2876fae7ca75eedb2aa53dc48338/94/integrationtestsetup_94db722d84a09e9db9da04d619c8fea6.map
  - server/.jest-cache/jest-transform-cache-c28e27eaf2cda0320583202d2edf90c5-79ef2876fae7ca75eedb2aa53dc48338/94/newsletterTriggertest_9412013e425295abd850a948f785378e
  - server/.jest-cache/jest-transform-cache-c28e27eaf2cda0320583202d2edf90c5-79ef2876fae7ca75eedb2aa53dc48338/94/newsletterTriggertest_9412013e425295abd850a948f785378e.map
  - server/.jest-cache/jest-transform-cache-c28e27eaf2cda0320583202d2edf90c5-79ef2876fae7ca75eedb2aa53dc48338/94/parentSummary_9477a9b787f5c16b005fa1b19717e7c2
  - server/.jest-cache/jest-transform-cache-c28e27eaf2cda0320583202d2edf90c5-79ef2876fae7ca75eedb2aa53dc48338/94/parentSummary_9477a9b787f5c16b005fa1b19717e7c2.map
  - server/.jest-cache/jest-transform-cache-c28e27eaf2cda0320583202d2edf90c5-79ef2876fae7ca75eedb2aa53dc48338/94/templates_9463b90806e087886074a30e7aa4215a
  - server/.jest-cache/jest-transform-cache-c28e27eaf2cda0320583202d2edf90c5-79ef2876fae7ca75eedb2aa53dc48338/94/templates_9463b90806e087886074a30e7aa4215a.map
  - server/.jest-cache/jest-transform-cache-c28e27eaf2cda0320583202d2edf90c5-79ef2876fae7ca75eedb2aa53dc48338/94/validation_94493c2f49392316b0eca3e3a87bed96
  - server/.jest-cache/jest-transform-cache-c28e27eaf2cda0320583202d2edf90c5-79ef2876fae7ca75eedb2aa53dc48338/94/validation_94493c2f49392316b0eca3e3a87bed96.map
  - server/.jest-cache/jest-transform-cache-c28e27eaf2cda0320583202d2edf90c5-79ef2876fae7ca75eedb2aa53dc48338/95/cacheServicetest_95f2e0a90c7f50395f1a61d01712e112
  - server/.jest-cache/jest-transform-cache-c28e27eaf2cda0320583202d2edf90c5-79ef2876fae7ca75eedb2aa53dc48338/95/cacheServicetest_95f2e0a90c7f50395f1a61d01712e112.map
  - server/.jest-cache/jest-transform-cache-c28e27eaf2cda0320583202d2edf90c5-79ef2876fae7ca75eedb2aa53dc48338/95/errorHandler_95fe5dc7703a91717d57597fbf2f6cb7
  - server/.jest-cache/jest-transform-cache-c28e27eaf2cda0320583202d2edf90c5-79ef2876fae7ca75eedb2aa53dc48338/95/errorHandler_95fe5dc7703a91717d57597fbf2f6cb7.map
  - server/.jest-cache/jest-transform-cache-c28e27eaf2cda0320583202d2edf90c5-79ef2876fae7ca75eedb2aa53dc48338/95/inputSanitization_95ea2fe626691eb281d453736954a562
  - server/.jest-cache/jest-transform-cache-c28e27eaf2cda0320583202d2edf90c5-79ef2876fae7ca75eedb2aa53dc48338/95/inputSanitization_95ea2fe626691eb281d453736954a562.map
  - server/.jest-cache/jest-transform-cache-c28e27eaf2cda0320583202d2edf90c5-79ef2876fae7ca75eedb2aa53dc48338/95/openai_9509ab2be876386dde3c85bdfda96cf2
  - server/.jest-cache/jest-transform-cache-c28e27eaf2cda0320583202d2edf90c5-79ef2876fae7ca75eedb2aa53dc48338/95/parentSummary_95d5171df9da01b70814b6d943d3a394
  - server/.jest-cache/jest-transform-cache-c28e27eaf2cda0320583202d2edf90c5-79ef2876fae7ca75eedb2aa53dc48338/95/parentSummary_95d5171df9da01b70814b6d943d3a394.map
  - server/.jest-cache/jest-transform-cache-c28e27eaf2cda0320583202d2edf90c5-79ef2876fae7ca75eedb2aa53dc48338/95/rateLimiter_9513c2006dba61abfb0258db0fa52017
  - server/.jest-cache/jest-transform-cache-c28e27eaf2cda0320583202d2edf90c5-79ef2876fae7ca75eedb2aa53dc48338/95/rateLimiter_9513c2006dba61abfb0258db0fa52017.map
  - server/.jest-cache/jest-transform-cache-c28e27eaf2cda0320583202d2edf90c5-79ef2876fae7ca75eedb2aa53dc48338/95/storage_955ed146c1c1c83b2ff35de0378b84a8
  - server/.jest-cache/jest-transform-cache-c28e27eaf2cda0320583202d2edf90c5-79ef2876fae7ca75eedb2aa53dc48338/95/storage_955ed146c1c1c83b2ff35de0378b84a8.map
  - server/.jest-cache/jest-transform-cache-c28e27eaf2cda0320583202d2edf90c5-79ef2876fae7ca75eedb2aa53dc48338/96/auditLog_962e3d41e5d01dad3d13ad1cd5953688
  - server/.jest-cache/jest-transform-cache-c28e27eaf2cda0320583202d2edf90c5-79ef2876fae7ca75eedb2aa53dc48338/96/auditLog_962e3d41e5d01dad3d13ad1cd5953688.map
  - server/.jest-cache/jest-transform-cache-c28e27eaf2cda0320583202d2edf90c5-79ef2876fae7ca75eedb2aa53dc48338/96/curriculumexpectations_96db1a41508d6e6d5687fce6cb09c497
  - server/.jest-cache/jest-transform-cache-c28e27eaf2cda0320583202d2edf90c5-79ef2876fae7ca75eedb2aa53dc48338/96/curriculumexpectations_96db1a41508d6e6d5687fce6cb09c497.map
  - server/.jest-cache/jest-transform-cache-c28e27eaf2cda0320583202d2edf90c5-79ef2876fae7ca75eedb2aa53dc48338/96/notifications_96adad41979a6f1d4dd6794ea9ec3915
  - server/.jest-cache/jest-transform-cache-c28e27eaf2cda0320583202d2edf90c5-79ef2876fae7ca75eedb2aa53dc48338/96/notifications_96adad41979a6f1d4dd6794ea9ec3915.map
  - server/.jest-cache/jest-transform-cache-c28e27eaf2cda0320583202d2edf90c5-79ef2876fae7ca75eedb2aa53dc48338/96/oerConnector_96b294a814e729ff1b1db605a06d505e
  - server/.jest-cache/jest-transform-cache-c28e27eaf2cda0320583202d2edf90c5-79ef2876fae7ca75eedb2aa53dc48338/96/oerConnector_96b294a814e729ff1b1db605a06d505e.map
  - server/.jest-cache/jest-transform-cache-c28e27eaf2cda0320583202d2edf90c5-79ef2876fae7ca75eedb2aa53dc48338/96/reflectionClassifierService_966f482936a1c6b448edce22961b553e
  - server/.jest-cache/jest-transform-cache-c28e27eaf2cda0320583202d2edf90c5-79ef2876fae7ca75eedb2aa53dc48338/96/reflectionClassifierService_966f482936a1c6b448edce22961b553e.map
  - server/.jest-cache/jest-transform-cache-c28e27eaf2cda0320583202d2edf90c5-79ef2876fae7ca75eedb2aa53dc48338/96/weeklyPlanExtractor_96a7de59e045f09ca1efe2936bac9395
  - server/.jest-cache/jest-transform-cache-c28e27eaf2cda0320583202d2edf90c5-79ef2876fae7ca75eedb2aa53dc48338/96/weeklyPlanExtractor_96a7de59e045f09ca1efe2936bac9395.map
  - server/.jest-cache/jest-transform-cache-c28e27eaf2cda0320583202d2edf90c5-79ef2876fae7ca75eedb2aa53dc48338/97/aiPlanningAssistant_97e5cac5ac6971181d41bb3d3cd01aea
  - server/.jest-cache/jest-transform-cache-c28e27eaf2cda0320583202d2edf90c5-79ef2876fae7ca75eedb2aa53dc48338/97/aiPlanningAssistant_97e5cac5ac6971181d41bb3d3cd01aea.map
  - server/.jest-cache/jest-transform-cache-c28e27eaf2cda0320583202d2edf90c5-79ef2876fae7ca75eedb2aa53dc48338/97/contactExtractorunittest_977a969163331354bd8e118586e61e9b
  - server/.jest-cache/jest-transform-cache-c28e27eaf2cda0320583202d2edf90c5-79ef2876fae7ca75eedb2aa53dc48338/97/contactExtractorunittest_977a969163331354bd8e118586e61e9b.map
  - server/.jest-cache/jest-transform-cache-c28e27eaf2cda0320583202d2edf90c5-79ef2876fae7ca75eedb2aa53dc48338/97/errorHandler_978947e893202969d2e6821a8355bc12
  - server/.jest-cache/jest-transform-cache-c28e27eaf2cda0320583202d2edf90c5-79ef2876fae7ca75eedb2aa53dc48338/97/errorHandler_978947e893202969d2e6821a8355bc12.map
  - server/.jest-cache/jest-transform-cache-c28e27eaf2cda0320583202d2edf90c5-79ef2876fae7ca75eedb2aa53dc48338/97/globalsetup_975674474e96aff92974c873f2dda436
  - server/.jest-cache/jest-transform-cache-c28e27eaf2cda0320583202d2edf90c5-79ef2876fae7ca75eedb2aa53dc48338/97/globalsetup_975674474e96aff92974c873f2dda436.map
  - server/.jest-cache/jest-transform-cache-c28e27eaf2cda0320583202d2edf90c5-79ef2876fae7ca75eedb2aa53dc48338/97/parentSummary_976720b91bd818fc8cd437fed6098ded
  - server/.jest-cache/jest-transform-cache-c28e27eaf2cda0320583202d2edf90c5-79ef2876fae7ca75eedb2aa53dc48338/97/parentSummary_976720b91bd818fc8cd437fed6098ded.map
  - server/.jest-cache/jest-transform-cache-c28e27eaf2cda0320583202d2edf90c5-79ef2876fae7ca75eedb2aa53dc48338/97/pdfkitmock_975ce89c45fe0d56cb1e692a95ff8668
  - server/.jest-cache/jest-transform-cache-c28e27eaf2cda0320583202d2edf90c5-79ef2876fae7ca75eedb2aa53dc48338/97/pdfkitmock_975ce89c45fe0d56cb1e692a95ff8668.map
  - server/.jest-cache/jest-transform-cache-c28e27eaf2cda0320583202d2edf90c5-79ef2876fae7ca75eedb2aa53dc48338/97/sharing_97ecee1a6060f32020e6fdf4b1deff40
  - server/.jest-cache/jest-transform-cache-c28e27eaf2cda0320583202d2edf90c5-79ef2876fae7ca75eedb2aa53dc48338/97/sharing_97ecee1a6060f32020e6fdf4b1deff40.map
  - server/.jest-cache/jest-transform-cache-c28e27eaf2cda0320583202d2edf90c5-79ef2876fae7ca75eedb2aa53dc48338/97/workflowStateService_97d98e2472c7dd11ee42b6beb87017f3
  - server/.jest-cache/jest-transform-cache-c28e27eaf2cda0320583202d2edf90c5-79ef2876fae7ca75eedb2aa53dc48338/97/workflowStateService_97d98e2472c7dd11ee42b6beb87017f3.map
  - server/.jest-cache/jest-transform-cache-c28e27eaf2cda0320583202d2edf90c5-79ef2876fae7ca75eedb2aa53dc48338/98/aiActivityGeneratorService_98441ff7813e1cc31d1c0f0728d0de48
  - server/.jest-cache/jest-transform-cache-c28e27eaf2cda0320583202d2edf90c5-79ef2876fae7ca75eedb2aa53dc48338/98/aiActivityGeneratorService_98441ff7813e1cc31d1c0f0728d0de48.map
  - server/.jest-cache/jest-transform-cache-c28e27eaf2cda0320583202d2edf90c5-79ef2876fae7ca75eedb2aa53dc48338/98/aiactivitygeneration_9813183cb689d2491b78e552c6326945
  - server/.jest-cache/jest-transform-cache-c28e27eaf2cda0320583202d2edf90c5-79ef2876fae7ca75eedb2aa53dc48338/98/aiactivitygeneration_9813183cb689d2491b78e552c6326945.map
  - server/.jest-cache/jest-transform-cache-c28e27eaf2cda0320583202d2edf90c5-79ef2876fae7ca75eedb2aa53dc48338/98/anthropicServicetest_98433f769f39e8a8dab34be684725018
  - server/.jest-cache/jest-transform-cache-c28e27eaf2cda0320583202d2edf90c5-79ef2876fae7ca75eedb2aa53dc48338/98/anthropicServicetest_98433f769f39e8a8dab34be684725018.map
  - server/.jest-cache/jest-transform-cache-c28e27eaf2cda0320583202d2edf90c5-79ef2876fae7ca75eedb2aa53dc48338/98/jestsetup_9819b5606c388caab8fe580e78d9ca57
  - server/.jest-cache/jest-transform-cache-c28e27eaf2cda0320583202d2edf90c5-79ef2876fae7ca75eedb2aa53dc48338/98/jestsetup_9819b5606c388caab8fe580e78d9ca57.map
  - server/.jest-cache/jest-transform-cache-c28e27eaf2cda0320583202d2edf90c5-79ef2876fae7ca75eedb2aa53dc48338/98/newsletters_982106d1691ac9f5a24a258d54dfa069
  - server/.jest-cache/jest-transform-cache-c28e27eaf2cda0320583202d2edf90c5-79ef2876fae7ca75eedb2aa53dc48338/98/newsletters_982106d1691ac9f5a24a258d54dfa069.map
  - server/.jest-cache/jest-transform-cache-c28e27eaf2cda0320583202d2edf90c5-79ef2876fae7ca75eedb2aa53dc48338/98/plannerstate_98e25428aadd7fd6e31524dea8e95451
  - server/.jest-cache/jest-transform-cache-c28e27eaf2cda0320583202d2edf90c5-79ef2876fae7ca75eedb2aa53dc48338/98/plannerstate_98e25428aadd7fd6e31524dea8e95451.map
  - server/.jest-cache/jest-transform-cache-c28e27eaf2cda0320583202d2edf90c5-79ef2876fae7ca75eedb2aa53dc48338/98/prisma_98ef409a3b18e5c267723cfe02a7ede6
  - server/.jest-cache/jest-transform-cache-c28e27eaf2cda0320583202d2edf90c5-79ef2876fae7ca75eedb2aa53dc48338/98/prisma_98ef409a3b18e5c267723cfe02a7ede6.map
  - server/.jest-cache/jest-transform-cache-c28e27eaf2cda0320583202d2edf90c5-79ef2876fae7ca75eedb2aa53dc48338/98/sharing_985c06a746a1db593c10b93ddc92e56c
  - server/.jest-cache/jest-transform-cache-c28e27eaf2cda0320583202d2edf90c5-79ef2876fae7ca75eedb2aa53dc48338/98/sharing_985c06a746a1db593c10b93ddc92e56c.map
  - server/.jest-cache/jest-transform-cache-c28e27eaf2cda0320583202d2edf90c5-79ef2876fae7ca75eedb2aa53dc48338/99/curriculumImportService_99e92e9387e15e05ff2f29797bf9d084
  - server/.jest-cache/jest-transform-cache-c28e27eaf2cda0320583202d2edf90c5-79ef2876fae7ca75eedb2aa53dc48338/99/curriculumImportService_99e92e9387e15e05ff2f29797bf9d084.map
  - server/.jest-cache/jest-transform-cache-c28e27eaf2cda0320583202d2edf90c5-79ef2876fae7ca75eedb2aa53dc48338/99/globalteardown_993b560b1b229873b45ba5720b3f01f1
  - server/.jest-cache/jest-transform-cache-c28e27eaf2cda0320583202d2edf90c5-79ef2876fae7ca75eedb2aa53dc48338/99/globalteardown_993b560b1b229873b45ba5720b3f01f1.map
  - server/.jest-cache/jest-transform-cache-c28e27eaf2cda0320583202d2edf90c5-79ef2876fae7ca75eedb2aa53dc48338/99/recentplans_99cc497ba157280d492ff0edbd120fe4
  - server/.jest-cache/jest-transform-cache-c28e27eaf2cda0320583202d2edf90c5-79ef2876fae7ca75eedb2aa53dc48338/99/recentplans_99cc497ba157280d492ff0edbd120fe4.map
  - server/.jest-cache/jest-transform-cache-c28e27eaf2cda0320583202d2edf90c5-79ef2876fae7ca75eedb2aa53dc48338/99/validation_990504407901f3b371255fa122d95f75
  - server/.jest-cache/jest-transform-cache-c28e27eaf2cda0320583202d2edf90c5-79ef2876fae7ca75eedb2aa53dc48338/99/validation_990504407901f3b371255fa122d95f75.map
  - server/.jest-cache/jest-transform-cache-c28e27eaf2cda0320583202d2edf90c5-79ef2876fae7ca75eedb2aa53dc48338/9a/CacheService_9ae88fb7ecca5fbf5d790a4b8243fb9e
  - server/.jest-cache/jest-transform-cache-c28e27eaf2cda0320583202d2edf90c5-79ef2876fae7ca75eedb2aa53dc48338/9a/CacheService_9ae88fb7ecca5fbf5d790a4b8243fb9e.map
  - server/.jest-cache/jest-transform-cache-c28e27eaf2cda0320583202d2edf90c5-79ef2876fae7ca75eedb2aa53dc48338/9a/aiDraftService_9abbf5605c89d8deb9a3362d4df6b2e9
  - server/.jest-cache/jest-transform-cache-c28e27eaf2cda0320583202d2edf90c5-79ef2876fae7ca75eedb2aa53dc48338/9a/aiDraftService_9abbf5605c89d8deb9a3362d4df6b2e9.map
  - server/.jest-cache/jest-transform-cache-c28e27eaf2cda0320583202d2edf90c5-79ef2876fae7ca75eedb2aa53dc48338/9a/anthropicServicetest_9add63de2423d00ef9ffb4c5569d1009
  - server/.jest-cache/jest-transform-cache-c28e27eaf2cda0320583202d2edf90c5-79ef2876fae7ca75eedb2aa53dc48338/9a/anthropicServicetest_9add63de2423d00ef9ffb4c5569d1009.map
  - server/.jest-cache/jest-transform-cache-c28e27eaf2cda0320583202d2edf90c5-79ef2876fae7ca75eedb2aa53dc48338/9a/authroutestest_9a66130a6ff5b0e8a8e5d5d16434eb82
  - server/.jest-cache/jest-transform-cache-c28e27eaf2cda0320583202d2edf90c5-79ef2876fae7ca75eedb2aa53dc48338/9a/authroutestest_9a66130a6ff5b0e8a8e5d5d16434eb82.map
  - server/.jest-cache/jest-transform-cache-c28e27eaf2cda0320583202d2edf90c5-79ef2876fae7ca75eedb2aa53dc48338/9a/contactExtractorunittest_9a6ec605bb5efe0f975b1fd1708751dc
  - server/.jest-cache/jest-transform-cache-c28e27eaf2cda0320583202d2edf90c5-79ef2876fae7ca75eedb2aa53dc48338/9a/contactExtractorunittest_9a6ec605bb5efe0f975b1fd1708751dc.map
  - server/.jest-cache/jest-transform-cache-c28e27eaf2cda0320583202d2edf90c5-79ef2876fae7ca75eedb2aa53dc48338/9a/curriculumImportServicecoveragetest_9a08d7b02ef59420d3606c5bcc0545fb
  - server/.jest-cache/jest-transform-cache-c28e27eaf2cda0320583202d2edf90c5-79ef2876fae7ca75eedb2aa53dc48338/9a/curriculumImportServicecoveragetest_9a08d7b02ef59420d3606c5bcc0545fb.map
  - server/.jest-cache/jest-transform-cache-c28e27eaf2cda0320583202d2edf90c5-79ef2876fae7ca75eedb2aa53dc48338/9a/discoveryServicestest_9ad60a0218adb5b92fb80ea6cc551e00
  - server/.jest-cache/jest-transform-cache-c28e27eaf2cda0320583202d2edf90c5-79ef2876fae7ca75eedb2aa53dc48338/9a/discoveryServicestest_9ad60a0218adb5b92fb80ea6cc551e00.map
  - server/.jest-cache/jest-transform-cache-c28e27eaf2cda0320583202d2edf90c5-79ef2876fae7ca75eedb2aa53dc48338/9a/embeddingService_9ab34e7c26af94ca23b136d073046e11
  - server/.jest-cache/jest-transform-cache-c28e27eaf2cda0320583202d2edf90c5-79ef2876fae7ca75eedb2aa53dc48338/9a/embeddingService_9ab34e7c26af94ca23b136d073046e11.map
  - server/.jest-cache/jest-transform-cache-c28e27eaf2cda0320583202d2edf90c5-79ef2876fae7ca75eedb2aa53dc48338/9a/etfoprogress_9a158239883a916ecfbb66da96b4c572
  - server/.jest-cache/jest-transform-cache-c28e27eaf2cda0320583202d2edf90c5-79ef2876fae7ca75eedb2aa53dc48338/9a/etfoprogress_9a158239883a916ecfbb66da96b4c572.map
  - server/.jest-cache/jest-transform-cache-c28e27eaf2cda0320583202d2edf90c5-79ef2876fae7ca75eedb2aa53dc48338/9a/globalteardown_9a115aca1b84e5d859f10350f43b9bdf
  - server/.jest-cache/jest-transform-cache-c28e27eaf2cda0320583202d2edf90c5-79ef2876fae7ca75eedb2aa53dc48338/9a/globalteardown_9a115aca1b84e5d859f10350f43b9bdf.map
  - server/.jest-cache/jest-transform-cache-c28e27eaf2cda0320583202d2edf90c5-79ef2876fae7ca75eedb2aa53dc48338/9a/schemaFactory_9a8ee776c98921d8d0b4267d33a721f4
  - server/.jest-cache/jest-transform-cache-c28e27eaf2cda0320583202d2edf90c5-79ef2876fae7ca75eedb2aa53dc48338/9a/schemaFactory_9a8ee776c98921d8d0b4267d33a721f4.map
  - server/.jest-cache/jest-transform-cache-c28e27eaf2cda0320583202d2edf90c5-79ef2876fae7ca75eedb2aa53dc48338/9a/webFetch_9a57316ca358b5e0c2abe2e94455e857
  - server/.jest-cache/jest-transform-cache-c28e27eaf2cda0320583202d2edf90c5-79ef2876fae7ca75eedb2aa53dc48338/9a/webFetch_9a57316ca358b5e0c2abe2e94455e857.map
  - server/.jest-cache/jest-transform-cache-c28e27eaf2cda0320583202d2edf90c5-79ef2876fae7ca75eedb2aa53dc48338/9b/authroutestest_9b57fef6b658f5c748f943afb480e0f0
  - server/.jest-cache/jest-transform-cache-c28e27eaf2cda0320583202d2edf90c5-79ef2876fae7ca75eedb2aa53dc48338/9b/authroutestest_9b57fef6b658f5c748f943afb480e0f0.map
  - server/.jest-cache/jest-transform-cache-c28e27eaf2cda0320583202d2edf90c5-79ef2876fae7ca75eedb2aa53dc48338/9b/authunittest_9bf313a8c2abc46cd049b6159b8a6754
  - server/.jest-cache/jest-transform-cache-c28e27eaf2cda0320583202d2edf90c5-79ef2876fae7ca75eedb2aa53dc48338/9b/authunittest_9bf313a8c2abc46cd049b6159b8a6754.map
  - server/.jest-cache/jest-transform-cache-c28e27eaf2cda0320583202d2edf90c5-79ef2876fae7ca75eedb2aa53dc48338/9b/curriculumImportService_9b86d706b146231c2d3754515b1a7a34
  - server/.jest-cache/jest-transform-cache-c28e27eaf2cda0320583202d2edf90c5-79ef2876fae7ca75eedb2aa53dc48338/9b/curriculumImportService_9b86d706b146231c2d3754515b1a7a34.map
  - server/.jest-cache/jest-transform-cache-c28e27eaf2cda0320583202d2edf90c5-79ef2876fae7ca75eedb2aa53dc48338/9b/curriculumImportService_9b8e01f5746b1bfaa557839f9e896ea6
  - server/.jest-cache/jest-transform-cache-c28e27eaf2cda0320583202d2edf90c5-79ef2876fae7ca75eedb2aa53dc48338/9b/curriculumImportService_9b8e01f5746b1bfaa557839f9e896ea6.map
  - server/.jest-cache/jest-transform-cache-c28e27eaf2cda0320583202d2edf90c5-79ef2876fae7ca75eedb2aa53dc48338/9b/curriculumImportService_9bd3927eb36cfb1a1049e7a3eb1ad0c4
  - server/.jest-cache/jest-transform-cache-c28e27eaf2cda0320583202d2edf90c5-79ef2876fae7ca75eedb2aa53dc48338/9b/curriculumImportService_9bd3927eb36cfb1a1049e7a3eb1ad0c4.map
  - server/.jest-cache/jest-transform-cache-c28e27eaf2cda0320583202d2edf90c5-79ef2876fae7ca75eedb2aa53dc48338/9b/discoveryscheduler_9bdfc8400bbb55b292c7b5dad4d59541
  - server/.jest-cache/jest-transform-cache-c28e27eaf2cda0320583202d2edf90c5-79ef2876fae7ca75eedb2aa53dc48338/9b/discoveryscheduler_9bdfc8400bbb55b292c7b5dad4d59541.map
  - server/.jest-cache/jest-transform-cache-c28e27eaf2cda0320583202d2edf90c5-79ef2876fae7ca75eedb2aa53dc48338/9b/user_9b9cad902d86218d49a78832ac989f6a
  - server/.jest-cache/jest-transform-cache-c28e27eaf2cda0320583202d2edf90c5-79ef2876fae7ca75eedb2aa53dc48338/9b/user_9b9cad902d86218d49a78832ac989f6a.map
  - server/.jest-cache/jest-transform-cache-c28e27eaf2cda0320583202d2edf90c5-79ef2876fae7ca75eedb2aa53dc48338/9c/recentplans_9c3fdfc692c97246ae1be51b2940da8f
  - server/.jest-cache/jest-transform-cache-c28e27eaf2cda0320583202d2edf90c5-79ef2876fae7ca75eedb2aa53dc48338/9c/recentplans_9c3fdfc692c97246ae1be51b2940da8f.map
  - server/.jest-cache/jest-transform-cache-c28e27eaf2cda0320583202d2edf90c5-79ef2876fae7ca75eedb2aa53dc48338/9c/testdatabasemanager_9c69bb6f2b3061f02b431c80bc3ed50f
  - server/.jest-cache/jest-transform-cache-c28e27eaf2cda0320583202d2edf90c5-79ef2876fae7ca75eedb2aa53dc48338/9c/testdatabasemanager_9c69bb6f2b3061f02b431c80bc3ed50f.map
  - server/.jest-cache/jest-transform-cache-c28e27eaf2cda0320583202d2edf90c5-79ef2876fae7ca75eedb2aa53dc48338/9c/userroutestest_9c807deb4cddea4e3bdd97c1ecd4bfe8
  - server/.jest-cache/jest-transform-cache-c28e27eaf2cda0320583202d2edf90c5-79ef2876fae7ca75eedb2aa53dc48338/9c/userroutestest_9c807deb4cddea4e3bdd97c1ecd4bfe8.map
  - server/.jest-cache/jest-transform-cache-c28e27eaf2cda0320583202d2edf90c5-79ef2876fae7ca75eedb2aa53dc48338/9c/workflowStatetest_9c7e3bd8381553d09e6b4f46dc333b1f
  - server/.jest-cache/jest-transform-cache-c28e27eaf2cda0320583202d2edf90c5-79ef2876fae7ca75eedb2aa53dc48338/9c/workflowStatetest_9c7e3bd8381553d09e6b4f46dc333b1f.map
  - server/.jest-cache/jest-transform-cache-c28e27eaf2cda0320583202d2edf90c5-79ef2876fae7ca75eedb2aa53dc48338/9d/authenticate_9d453fad5f77035c768cc36ec249b50c
  - server/.jest-cache/jest-transform-cache-c28e27eaf2cda0320583202d2edf90c5-79ef2876fae7ca75eedb2aa53dc48338/9d/authenticate_9d453fad5f77035c768cc36ec249b50c.map
  - server/.jest-cache/jest-transform-cache-c28e27eaf2cda0320583202d2edf90c5-79ef2876fae7ca75eedb2aa53dc48338/9d/batchProcessingService_9dab7f59485395af29e8e73b3d66d5eb
  - server/.jest-cache/jest-transform-cache-c28e27eaf2cda0320583202d2edf90c5-79ef2876fae7ca75eedb2aa53dc48338/9d/batchProcessingService_9dab7f59485395af29e8e73b3d66d5eb.map
  - server/.jest-cache/jest-transform-cache-c28e27eaf2cda0320583202d2edf90c5-79ef2876fae7ca75eedb2aa53dc48338/9d/databasemock_9d4b7e4874962b229839343712bd5fd6
  - server/.jest-cache/jest-transform-cache-c28e27eaf2cda0320583202d2edf90c5-79ef2876fae7ca75eedb2aa53dc48338/9d/databasemock_9d4b7e4874962b229839343712bd5fd6.map
  - server/.jest-cache/jest-transform-cache-c28e27eaf2cda0320583202d2edf90c5-79ef2876fae7ca75eedb2aa53dc48338/9d/planningtest_9d285585f00d7e2798f9a95ca6b427ef
  - server/.jest-cache/jest-transform-cache-c28e27eaf2cda0320583202d2edf90c5-79ef2876fae7ca75eedb2aa53dc48338/9d/planningtest_9d285585f00d7e2798f9a95ca6b427ef.map
  - server/.jest-cache/jest-transform-cache-c28e27eaf2cda0320583202d2edf90c5-79ef2876fae7ca75eedb2aa53dc48338/9d/storage_9d2a1378d8a0a5501a6a1ae403bc90c0
  - server/.jest-cache/jest-transform-cache-c28e27eaf2cda0320583202d2edf90c5-79ef2876fae7ca75eedb2aa53dc48338/9d/storage_9d2a1378d8a0a5501a6a1ae403bc90c0.map
  - server/.jest-cache/jest-transform-cache-c28e27eaf2cda0320583202d2edf90c5-79ef2876fae7ca75eedb2aa53dc48338/9d/subPlanService_9db048ab8125246d964866afa5ebaab9
  - server/.jest-cache/jest-transform-cache-c28e27eaf2cda0320583202d2edf90c5-79ef2876fae7ca75eedb2aa53dc48338/9d/subPlanService_9db048ab8125246d964866afa5ebaab9.map
  - server/.jest-cache/jest-transform-cache-c28e27eaf2cda0320583202d2edf90c5-79ef2876fae7ca75eedb2aa53dc48338/9e/aiPlanningAssistant_9eeb9eab546923f49730d01fdb1201f2
  - server/.jest-cache/jest-transform-cache-c28e27eaf2cda0320583202d2edf90c5-79ef2876fae7ca75eedb2aa53dc48338/9e/aiPlanningAssistant_9eeb9eab546923f49730d01fdb1201f2.map
  - server/.jest-cache/jest-transform-cache-c28e27eaf2cda0320583202d2edf90c5-79ef2876fae7ca75eedb2aa53dc48338/9e/auth_9ed310cd5993cde1f6d863b380b1c443
  - server/.jest-cache/jest-transform-cache-c28e27eaf2cda0320583202d2edf90c5-79ef2876fae7ca75eedb2aa53dc48338/9e/auth_9ed310cd5993cde1f6d863b380b1c443.map
  - server/.jest-cache/jest-transform-cache-c28e27eaf2cda0320583202d2edf90c5-79ef2876fae7ca75eedb2aa53dc48338/9e/bookingReminder_9e5fa59c1a550bed7d5c68ea17181387
  - server/.jest-cache/jest-transform-cache-c28e27eaf2cda0320583202d2edf90c5-79ef2876fae7ca75eedb2aa53dc48338/9e/bookingReminder_9e5fa59c1a550bed7d5c68ea17181387.map
  - server/.jest-cache/jest-transform-cache-c28e27eaf2cda0320583202d2edf90c5-79ef2876fae7ca75eedb2aa53dc48338/9e/curriculumImport_9e5f1267ad013d52ecda0677cac4d5d6
  - server/.jest-cache/jest-transform-cache-c28e27eaf2cda0320583202d2edf90c5-79ef2876fae7ca75eedb2aa53dc48338/9e/curriculumImport_9e5f1267ad013d52ecda0677cac4d5d6.map
  - server/.jest-cache/jest-transform-cache-c28e27eaf2cda0320583202d2edf90c5-79ef2876fae7ca75eedb2aa53dc48338/9e/curriculumexpectations_9e9b9b2bae8fe391441570fff0e0d599
  - server/.jest-cache/jest-transform-cache-c28e27eaf2cda0320583202d2edf90c5-79ef2876fae7ca75eedb2aa53dc48338/9e/curriculumexpectations_9e9b9b2bae8fe391441570fff0e0d599.map
  - server/.jest-cache/jest-transform-cache-c28e27eaf2cda0320583202d2edf90c5-79ef2876fae7ca75eedb2aa53dc48338/9e/integrationtestsetup_9ea304f4640269c58978e49d15ceb539
  - server/.jest-cache/jest-transform-cache-c28e27eaf2cda0320583202d2edf90c5-79ef2876fae7ca75eedb2aa53dc48338/9e/integrationtestsetup_9ea304f4640269c58978e49d15ceb539.map
  - server/.jest-cache/jest-transform-cache-c28e27eaf2cda0320583202d2edf90c5-79ef2876fae7ca75eedb2aa53dc48338/9f/CacheService_9fe08f37c3fa10fed2e99e503a7a8a9a
  - server/.jest-cache/jest-transform-cache-c28e27eaf2cda0320583202d2edf90c5-79ef2876fae7ca75eedb2aa53dc48338/9f/CacheService_9fe08f37c3fa10fed2e99e503a7a8a9a.map
  - server/.jest-cache/jest-transform-cache-c28e27eaf2cda0320583202d2edf90c5-79ef2876fae7ca75eedb2aa53dc48338/9f/curriculumWebConnector_9f76d25d875271d199e1e1addb7b04c9
  - server/.jest-cache/jest-transform-cache-c28e27eaf2cda0320583202d2edf90c5-79ef2876fae7ca75eedb2aa53dc48338/9f/curriculumWebConnector_9f76d25d875271d199e1e1addb7b04c9.map
  - server/.jest-cache/jest-transform-cache-c28e27eaf2cda0320583202d2edf90c5-79ef2876fae7ca75eedb2aa53dc48338/9f/educationWebConnector_9f2534c6b0bcaca4fd110795d6a7ec00
  - server/.jest-cache/jest-transform-cache-c28e27eaf2cda0320583202d2edf90c5-79ef2876fae7ca75eedb2aa53dc48338/9f/educationWebConnector_9f2534c6b0bcaca4fd110795d6a7ec00.map
  - server/.jest-cache/jest-transform-cache-c28e27eaf2cda0320583202d2edf90c5-79ef2876fae7ca75eedb2aa53dc48338/9f/etfoprogress_9fc7b17ad67155163097f471cd46f052
  - server/.jest-cache/jest-transform-cache-c28e27eaf2cda0320583202d2edf90c5-79ef2876fae7ca75eedb2aa53dc48338/9f/etfoprogress_9fc7b17ad67155163097f471cd46f052.map
  - server/.jest-cache/jest-transform-cache-c28e27eaf2cda0320583202d2edf90c5-79ef2876fae7ca75eedb2aa53dc48338/9f/prisma_9fa2e2586cb0c3bdc02ac4aa74ac2dae
  - server/.jest-cache/jest-transform-cache-c28e27eaf2cda0320583202d2edf90c5-79ef2876fae7ca75eedb2aa53dc48338/9f/prisma_9fa2e2586cb0c3bdc02ac4aa74ac2dae.map
  - server/.jest-cache/jest-transform-cache-c28e27eaf2cda0320583202d2edf90c5-79ef2876fae7ca75eedb2aa53dc48338/a0/performanceMonitoring_a03a72360fbf577f176066c4a5d078bd
  - server/.jest-cache/jest-transform-cache-c28e27eaf2cda0320583202d2edf90c5-79ef2876fae7ca75eedb2aa53dc48338/a0/performanceMonitoring_a03a72360fbf577f176066c4a5d078bd.map
  - server/.jest-cache/jest-transform-cache-c28e27eaf2cda0320583202d2edf90c5-79ef2876fae7ca75eedb2aa53dc48338/a0/prisma_a0c76cc9b3763094d082284e5d337718
  - server/.jest-cache/jest-transform-cache-c28e27eaf2cda0320583202d2edf90c5-79ef2876fae7ca75eedb2aa53dc48338/a0/prisma_a0c76cc9b3763094d082284e5d337718.map
  - server/.jest-cache/jest-transform-cache-c28e27eaf2cda0320583202d2edf90c5-79ef2876fae7ca75eedb2aa53dc48338/a0/prisma_a0e6f621035f9eee157a3de50b7d2738
  - server/.jest-cache/jest-transform-cache-c28e27eaf2cda0320583202d2edf90c5-79ef2876fae7ca75eedb2aa53dc48338/a0/prisma_a0e6f621035f9eee157a3de50b7d2738.map
  - server/.jest-cache/jest-transform-cache-c28e27eaf2cda0320583202d2edf90c5-79ef2876fae7ca75eedb2aa53dc48338/a0/urlValidator_a09ce8560271bd53052dca151289b20c
  - server/.jest-cache/jest-transform-cache-c28e27eaf2cda0320583202d2edf90c5-79ef2876fae7ca75eedb2aa53dc48338/a0/urlValidator_a09ce8560271bd53052dca151289b20c.map
  - server/.jest-cache/jest-transform-cache-c28e27eaf2cda0320583202d2edf90c5-79ef2876fae7ca75eedb2aa53dc48338/a1/BaseService_a1faaf302d3703c6e9b825eba7c40eae
  - server/.jest-cache/jest-transform-cache-c28e27eaf2cda0320583202d2edf90c5-79ef2876fae7ca75eedb2aa53dc48338/a1/BaseService_a1faaf302d3703c6e9b825eba7c40eae.map
  - server/.jest-cache/jest-transform-cache-c28e27eaf2cda0320583202d2edf90c5-79ef2876fae7ca75eedb2aa53dc48338/a1/activitydiscovery_a1180b2c29795b6b8bee596194b72db6
  - server/.jest-cache/jest-transform-cache-c28e27eaf2cda0320583202d2edf90c5-79ef2876fae7ca75eedb2aa53dc48338/a1/activitydiscovery_a1180b2c29795b6b8bee596194b72db6.map
  - server/.jest-cache/jest-transform-cache-c28e27eaf2cda0320583202d2edf90c5-79ef2876fae7ca75eedb2aa53dc48338/a1/aiDraftService_a105b03c48ce0d18bc975aff82deb4d0
  - server/.jest-cache/jest-transform-cache-c28e27eaf2cda0320583202d2edf90c5-79ef2876fae7ca75eedb2aa53dc48338/a1/aiDraftService_a105b03c48ce0d18bc975aff82deb4d0.map
  - server/.jest-cache/jest-transform-cache-c28e27eaf2cda0320583202d2edf90c5-79ef2876fae7ca75eedb2aa53dc48338/a1/aiPromptTemplateService_a1a99d07405bf82461060b88a71e502e
  - server/.jest-cache/jest-transform-cache-c28e27eaf2cda0320583202d2edf90c5-79ef2876fae7ca75eedb2aa53dc48338/a1/aiPromptTemplateService_a1a99d07405bf82461060b88a71e502e.map
  - server/.jest-cache/jest-transform-cache-c28e27eaf2cda0320583202d2edf90c5-79ef2876fae7ca75eedb2aa53dc48338/a1/cacheServicetest_a15cc91b50855459f31794bb4332bf65
  - server/.jest-cache/jest-transform-cache-c28e27eaf2cda0320583202d2edf90c5-79ef2876fae7ca75eedb2aa53dc48338/a1/cacheServicetest_a15cc91b50855459f31794bb4332bf65.map
  - server/.jest-cache/jest-transform-cache-c28e27eaf2cda0320583202d2edf90c5-79ef2876fae7ca75eedb2aa53dc48338/a1/discoverySchedulerService_a15453e11048e67702c4381d9c0d0fcb
  - server/.jest-cache/jest-transform-cache-c28e27eaf2cda0320583202d2edf90c5-79ef2876fae7ca75eedb2aa53dc48338/a1/discoverySchedulerService_a15453e11048e67702c4381d9c0d0fcb.map
  - server/.jest-cache/jest-transform-cache-c28e27eaf2cda0320583202d2edf90c5-79ef2876fae7ca75eedb2aa53dc48338/a1/jestsetup_a1d7d14417917c947ad578fd24f41986
  - server/.jest-cache/jest-transform-cache-c28e27eaf2cda0320583202d2edf90c5-79ef2876fae7ca75eedb2aa53dc48338/a1/performanceMonitoring_a108a5ab9b1f3d6c3f9e15276c7f8207
  - server/.jest-cache/jest-transform-cache-c28e27eaf2cda0320583202d2edf90c5-79ef2876fae7ca75eedb2aa53dc48338/a1/performanceMonitoring_a108a5ab9b1f3d6c3f9e15276c7f8207.map
  - server/.jest-cache/jest-transform-cache-c28e27eaf2cda0320583202d2edf90c5-79ef2876fae7ca75eedb2aa53dc48338/a1/progressAnalytics_a1657106cac4965d7ff4fa4f81c55894
  - server/.jest-cache/jest-transform-cache-c28e27eaf2cda0320583202d2edf90c5-79ef2876fae7ca75eedb2aa53dc48338/a1/progressAnalytics_a1657106cac4965d7ff4fa4f81c55894.map
  - server/.jest-cache/jest-transform-cache-c28e27eaf2cda0320583202d2edf90c5-79ef2876fae7ca75eedb2aa53dc48338/a1/progressCheck_a16820872b554b1f2c281d507ff94ecd
  - server/.jest-cache/jest-transform-cache-c28e27eaf2cda0320583202d2edf90c5-79ef2876fae7ca75eedb2aa53dc48338/a1/progressCheck_a16820872b554b1f2c281d507ff94ecd.map
  - server/.jest-cache/jest-transform-cache-c28e27eaf2cda0320583202d2edf90c5-79ef2876fae7ca75eedb2aa53dc48338/a1/recentplans_a19c65038c6e3980d853ff45a55f0040
  - server/.jest-cache/jest-transform-cache-c28e27eaf2cda0320583202d2edf90c5-79ef2876fae7ca75eedb2aa53dc48338/a1/recentplans_a19c65038c6e3980d853ff45a55f0040.map
  - server/.jest-cache/jest-transform-cache-c28e27eaf2cda0320583202d2edf90c5-79ef2876fae7ca75eedb2aa53dc48338/a1/urlValidator_a130ebc8e097a4eacc5422c05672a237
  - server/.jest-cache/jest-transform-cache-c28e27eaf2cda0320583202d2edf90c5-79ef2876fae7ca75eedb2aa53dc48338/a1/urlValidator_a130ebc8e097a4eacc5422c05672a237.map
  - server/.jest-cache/jest-transform-cache-c28e27eaf2cda0320583202d2edf90c5-79ef2876fae7ca75eedb2aa53dc48338/a2/ServiceRegistry_a21f692a993b3e41eaf5a8e4540b5ed0
  - server/.jest-cache/jest-transform-cache-c28e27eaf2cda0320583202d2edf90c5-79ef2876fae7ca75eedb2aa53dc48338/a2/ServiceRegistry_a21f692a993b3e41eaf5a8e4540b5ed0.map
  - server/.jest-cache/jest-transform-cache-c28e27eaf2cda0320583202d2edf90c5-79ef2876fae7ca75eedb2aa53dc48338/a2/auth_a28fa2c49d8b06451313ffbfc14e5c99
  - server/.jest-cache/jest-transform-cache-c28e27eaf2cda0320583202d2edf90c5-79ef2876fae7ca75eedb2aa53dc48338/a2/auth_a28fa2c49d8b06451313ffbfc14e5c99.map
  - server/.jest-cache/jest-transform-cache-c28e27eaf2cda0320583202d2edf90c5-79ef2876fae7ca75eedb2aa53dc48338/a2/curriculumWebConnector_a268f53e2d63a7a376217cd478a7230c
  - server/.jest-cache/jest-transform-cache-c28e27eaf2cda0320583202d2edf90c5-79ef2876fae7ca75eedb2aa53dc48338/a2/curriculumWebConnector_a268f53e2d63a7a376217cd478a7230c.map
  - server/.jest-cache/jest-transform-cache-c28e27eaf2cda0320583202d2edf90c5-79ef2876fae7ca75eedb2aa53dc48338/a2/emailservicetest_a2b0fad148f0793da34fab4feab18af0
  - server/.jest-cache/jest-transform-cache-c28e27eaf2cda0320583202d2edf90c5-79ef2876fae7ca75eedb2aa53dc48338/a2/emailservicetest_a2b0fad148f0793da34fab4feab18af0.map
  - server/.jest-cache/jest-transform-cache-c28e27eaf2cda0320583202d2edf90c5-79ef2876fae7ca75eedb2aa53dc48338/a2/templateService_a2f69c7c89430a65972408ed0bbfc784
  - server/.jest-cache/jest-transform-cache-c28e27eaf2cda0320583202d2edf90c5-79ef2876fae7ca75eedb2aa53dc48338/a2/templateService_a2f69c7c89430a65972408ed0bbfc784.map
  - server/.jest-cache/jest-transform-cache-c28e27eaf2cda0320583202d2edf90c5-79ef2876fae7ca75eedb2aa53dc48338/a3/auth_a361beed3929105e6f811fb4c3503893
  - server/.jest-cache/jest-transform-cache-c28e27eaf2cda0320583202d2edf90c5-79ef2876fae7ca75eedb2aa53dc48338/a3/auth_a361beed3929105e6f811fb4c3503893.map
  - server/.jest-cache/jest-transform-cache-c28e27eaf2cda0320583202d2edf90c5-79ef2876fae7ca75eedb2aa53dc48338/a3/calendarevents_a385278bd606c6e75dd8dc51cdbe0b01
  - server/.jest-cache/jest-transform-cache-c28e27eaf2cda0320583202d2edf90c5-79ef2876fae7ca75eedb2aa53dc48338/a3/calendarevents_a385278bd606c6e75dd8dc51cdbe0b01.map
  - server/.jest-cache/jest-transform-cache-c28e27eaf2cda0320583202d2edf90c5-79ef2876fae7ca75eedb2aa53dc48338/a3/newsletterService_a31afe0aa00ef98fe818150526da8467
  - server/.jest-cache/jest-transform-cache-c28e27eaf2cda0320583202d2edf90c5-79ef2876fae7ca75eedb2aa53dc48338/a3/newsletterService_a31afe0aa00ef98fe818150526da8467.map
  - server/.jest-cache/jest-transform-cache-c28e27eaf2cda0320583202d2edf90c5-79ef2876fae7ca75eedb2aa53dc48338/a3/planningEngine_a3910370d9842c729397484794cfd0cf
  - server/.jest-cache/jest-transform-cache-c28e27eaf2cda0320583202d2edf90c5-79ef2876fae7ca75eedb2aa53dc48338/a3/planningEngine_a3910370d9842c729397484794cfd0cf.map
  - server/.jest-cache/jest-transform-cache-c28e27eaf2cda0320583202d2edf90c5-79ef2876fae7ca75eedb2aa53dc48338/a3/planningEngine_a3ee5f6b08f1489c3e140f9947f5fd4a
  - server/.jest-cache/jest-transform-cache-c28e27eaf2cda0320583202d2edf90c5-79ef2876fae7ca75eedb2aa53dc48338/a3/planningEngine_a3ee5f6b08f1489c3e140f9947f5fd4a.map
  - server/.jest-cache/jest-transform-cache-c28e27eaf2cda0320583202d2edf90c5-79ef2876fae7ca75eedb2aa53dc48338/a3/weeklyPlanDiagnosticstest_a37c3c8026c9781146a0e77c221ae725
  - server/.jest-cache/jest-transform-cache-c28e27eaf2cda0320583202d2edf90c5-79ef2876fae7ca75eedb2aa53dc48338/a3/weeklyPlanDiagnosticstest_a37c3c8026c9781146a0e77c221ae725.map
  - server/.jest-cache/jest-transform-cache-c28e27eaf2cda0320583202d2edf90c5-79ef2876fae7ca75eedb2aa53dc48338/a4/backupService_a4e70c15008bda71c6698df7e1d64727
  - server/.jest-cache/jest-transform-cache-c28e27eaf2cda0320583202d2edf90c5-79ef2876fae7ca75eedb2aa53dc48338/a4/backupService_a4e70c15008bda71c6698df7e1d64727.map
  - server/.jest-cache/jest-transform-cache-c28e27eaf2cda0320583202d2edf90c5-79ef2876fae7ca75eedb2aa53dc48338/a4/batchprocessing_a46dd47e11df6e3c25127992f229f90a
  - server/.jest-cache/jest-transform-cache-c28e27eaf2cda0320583202d2edf90c5-79ef2876fae7ca75eedb2aa53dc48338/a4/batchprocessing_a46dd47e11df6e3c25127992f229f90a.map
  - server/.jest-cache/jest-transform-cache-c28e27eaf2cda0320583202d2edf90c5-79ef2876fae7ca75eedb2aa53dc48338/a4/materialGeneratorunittest_a4488ec41dcce6a4b5a744748d9fca64
  - server/.jest-cache/jest-transform-cache-c28e27eaf2cda0320583202d2edf90c5-79ef2876fae7ca75eedb2aa53dc48338/a4/materialGeneratorunittest_a4488ec41dcce6a4b5a744748d9fca64.map
  - server/.jest-cache/jest-transform-cache-c28e27eaf2cda0320583202d2edf90c5-79ef2876fae7ca75eedb2aa53dc48338/a4/prismaTest_a4af62f33a55b1a754ce7366f9608d0f
  - server/.jest-cache/jest-transform-cache-c28e27eaf2cda0320583202d2edf90c5-79ef2876fae7ca75eedb2aa53dc48338/a4/prismaTest_a4af62f33a55b1a754ce7366f9608d0f.map
  - server/.jest-cache/jest-transform-cache-c28e27eaf2cda0320583202d2edf90c5-79ef2876fae7ca75eedb2aa53dc48338/a5/backupRoutestest_a5948607b80076d0d1f07c1c2a103f64
  - server/.jest-cache/jest-transform-cache-c28e27eaf2cda0320583202d2edf90c5-79ef2876fae7ca75eedb2aa53dc48338/a5/backupRoutestest_a5948607b80076d0d1f07c1c2a103f64.map
  - server/.jest-cache/jest-transform-cache-c28e27eaf2cda0320583202d2edf90c5-79ef2876fae7ca75eedb2aa53dc48338/a5/curriculumdiscovery_a5b832b72c21866d13b069afd53a23dc
  - server/.jest-cache/jest-transform-cache-c28e27eaf2cda0320583202d2edf90c5-79ef2876fae7ca75eedb2aa53dc48338/a5/curriculumdiscovery_a5b832b72c21866d13b069afd53a23dc.map
  - server/.jest-cache/jest-transform-cache-c28e27eaf2cda0320583202d2edf90c5-79ef2876fae7ca75eedb2aa53dc48338/a5/llmService_a541b441ab45340034223971fac4dc41
  - server/.jest-cache/jest-transform-cache-c28e27eaf2cda0320583202d2edf90c5-79ef2876fae7ca75eedb2aa53dc48338/a5/llmService_a541b441ab45340034223971fac4dc41.map
  - server/.jest-cache/jest-transform-cache-c28e27eaf2cda0320583202d2edf90c5-79ef2876fae7ca75eedb2aa53dc48338/a5/reflectionClassifierService_a5c655e72c58210b52a5248a6c82fb62
  - server/.jest-cache/jest-transform-cache-c28e27eaf2cda0320583202d2edf90c5-79ef2876fae7ca75eedb2aa53dc48338/a5/reflectionClassifierService_a5c655e72c58210b52a5248a6c82fb62.map
  - server/.jest-cache/jest-transform-cache-c28e27eaf2cda0320583202d2edf90c5-79ef2876fae7ca75eedb2aa53dc48338/a6/auth_a63120bec0d5c10861572be52ba22bb5
  - server/.jest-cache/jest-transform-cache-c28e27eaf2cda0320583202d2edf90c5-79ef2876fae7ca75eedb2aa53dc48338/a6/auth_a63120bec0d5c10861572be52ba22bb5.map
  - server/.jest-cache/jest-transform-cache-c28e27eaf2cda0320583202d2edf90c5-79ef2876fae7ca75eedb2aa53dc48338/a6/curriculumexpectations_a624686c4d8fd4f7d76080544c386749
  - server/.jest-cache/jest-transform-cache-c28e27eaf2cda0320583202d2edf90c5-79ef2876fae7ca75eedb2aa53dc48338/a6/curriculumexpectations_a624686c4d8fd4f7d76080544c386749.map
  - server/.jest-cache/jest-transform-cache-c28e27eaf2cda0320583202d2edf90c5-79ef2876fae7ca75eedb2aa53dc48338/a6/curriculumexpectations_a6593af23e515299c5427b733e59bd6e
  - server/.jest-cache/jest-transform-cache-c28e27eaf2cda0320583202d2edf90c5-79ef2876fae7ca75eedb2aa53dc48338/a6/curriculumexpectations_a6593af23e515299c5427b733e59bd6e.map
  - server/.jest-cache/jest-transform-cache-c28e27eaf2cda0320583202d2edf90c5-79ef2876fae7ca75eedb2aa53dc48338/a6/educationWebConnector_a6b29f5e80a4f32e721567dbafb7ce16
  - server/.jest-cache/jest-transform-cache-c28e27eaf2cda0320583202d2edf90c5-79ef2876fae7ca75eedb2aa53dc48338/a6/educationWebConnector_a6b29f5e80a4f32e721567dbafb7ce16.map
  - server/.jest-cache/jest-transform-cache-c28e27eaf2cda0320583202d2edf90c5-79ef2876fae7ca75eedb2aa53dc48338/a6/embeddingService_a6a82d2dea17818612b0442b61eca63d
  - server/.jest-cache/jest-transform-cache-c28e27eaf2cda0320583202d2edf90c5-79ef2876fae7ca75eedb2aa53dc48338/a6/embeddingService_a6a82d2dea17818612b0442b61eca63d.map
  - server/.jest-cache/jest-transform-cache-c28e27eaf2cda0320583202d2edf90c5-79ef2876fae7ca75eedb2aa53dc48338/a6/jestsetup_a6a0cded79cd6c6b06450511a1055906
  - server/.jest-cache/jest-transform-cache-c28e27eaf2cda0320583202d2edf90c5-79ef2876fae7ca75eedb2aa53dc48338/a6/notifications_a63fdd05476c807360451229017b7ab4
  - server/.jest-cache/jest-transform-cache-c28e27eaf2cda0320583202d2edf90c5-79ef2876fae7ca75eedb2aa53dc48338/a6/notifications_a63fdd05476c807360451229017b7ab4.map
  - server/.jest-cache/jest-transform-cache-c28e27eaf2cda0320583202d2edf90c5-79ef2876fae7ca75eedb2aa53dc48338/a6/notifications_a6b38b5677900a72b78600515ca9df77
  - server/.jest-cache/jest-transform-cache-c28e27eaf2cda0320583202d2edf90c5-79ef2876fae7ca75eedb2aa53dc48338/a6/notifications_a6b38b5677900a72b78600515ca9df77.map
  - server/.jest-cache/jest-transform-cache-c28e27eaf2cda0320583202d2edf90c5-79ef2876fae7ca75eedb2aa53dc48338/a7/BaseService_a79e7ae860d61011bca2c127294d83bd
  - server/.jest-cache/jest-transform-cache-c28e27eaf2cda0320583202d2edf90c5-79ef2876fae7ca75eedb2aa53dc48338/a7/BaseService_a79e7ae860d61011bca2c127294d83bd.map
  - server/.jest-cache/jest-transform-cache-c28e27eaf2cda0320583202d2edf90c5-79ef2876fae7ca75eedb2aa53dc48338/a7/auth_a74de5ae5bffaf0b34735ec2ef8e1129
  - server/.jest-cache/jest-transform-cache-c28e27eaf2cda0320583202d2edf90c5-79ef2876fae7ca75eedb2aa53dc48338/a7/auth_a74de5ae5bffaf0b34735ec2ef8e1129.map
  - server/.jest-cache/jest-transform-cache-c28e27eaf2cda0320583202d2edf90c5-79ef2876fae7ca75eedb2aa53dc48338/a7/authenticate_a73133ed3f00609574d7221ccce01f94
  - server/.jest-cache/jest-transform-cache-c28e27eaf2cda0320583202d2edf90c5-79ef2876fae7ca75eedb2aa53dc48338/a7/authenticate_a73133ed3f00609574d7221ccce01f94.map
  - server/.jest-cache/jest-transform-cache-c28e27eaf2cda0320583202d2edf90c5-79ef2876fae7ca75eedb2aa53dc48338/a7/authrefactoredtest_a7fe816662c16a038c273aa005bde61b
  - server/.jest-cache/jest-transform-cache-c28e27eaf2cda0320583202d2edf90c5-79ef2876fae7ca75eedb2aa53dc48338/a7/authrefactoredtest_a7fe816662c16a038c273aa005bde61b.map
  - server/.jest-cache/jest-transform-cache-c28e27eaf2cda0320583202d2edf90c5-79ef2876fae7ca75eedb2aa53dc48338/a7/contactExtractorunittest_a7e8a8a63af28db87f6cb6450f346e62
  - server/.jest-cache/jest-transform-cache-c28e27eaf2cda0320583202d2edf90c5-79ef2876fae7ca75eedb2aa53dc48338/a7/contactExtractorunittest_a7e8a8a63af28db87f6cb6450f346e62.map
  - server/.jest-cache/jest-transform-cache-c28e27eaf2cda0320583202d2edf90c5-79ef2876fae7ca75eedb2aa53dc48338/a7/curriculumroutestest_a7f785b3e39ff15cd8a5c579b4d7798d
  - server/.jest-cache/jest-transform-cache-c28e27eaf2cda0320583202d2edf90c5-79ef2876fae7ca75eedb2aa53dc48338/a7/curriculumroutestest_a7f785b3e39ff15cd8a5c579b4d7798d.map
  - server/.jest-cache/jest-transform-cache-c28e27eaf2cda0320583202d2edf90c5-79ef2876fae7ca75eedb2aa53dc48338/a7/prisma_a712df05ef40e171830fbfc5561d577e
  - server/.jest-cache/jest-transform-cache-c28e27eaf2cda0320583202d2edf90c5-79ef2876fae7ca75eedb2aa53dc48338/a7/prisma_a712df05ef40e171830fbfc5561d577e.map
  - server/.jest-cache/jest-transform-cache-c28e27eaf2cda0320583202d2edf90c5-79ef2876fae7ca75eedb2aa53dc48338/a7/testEmailService_a78bbd5c1f8495e589b95783cd51782f
  - server/.jest-cache/jest-transform-cache-c28e27eaf2cda0320583202d2edf90c5-79ef2876fae7ca75eedb2aa53dc48338/a7/testEmailService_a78bbd5c1f8495e589b95783cd51782f.map
  - server/.jest-cache/jest-transform-cache-c28e27eaf2cda0320583202d2edf90c5-79ef2876fae7ca75eedb2aa53dc48338/a8/aiPromptTemplateService_a8b17b5bdd0e80366280a101297fb76a
  - server/.jest-cache/jest-transform-cache-c28e27eaf2cda0320583202d2edf90c5-79ef2876fae7ca75eedb2aa53dc48338/a8/aiPromptTemplateService_a8b17b5bdd0e80366280a101297fb76a.map
  - server/.jest-cache/jest-transform-cache-c28e27eaf2cda0320583202d2edf90c5-79ef2876fae7ca75eedb2aa53dc48338/a8/authrefactoredtest_a87281c4bfc9474a6c948e67879f317e
  - server/.jest-cache/jest-transform-cache-c28e27eaf2cda0320583202d2edf90c5-79ef2876fae7ca75eedb2aa53dc48338/a8/authrefactoredtest_a87281c4bfc9474a6c948e67879f317e.map
  - server/.jest-cache/jest-transform-cache-c28e27eaf2cda0320583202d2edf90c5-79ef2876fae7ca75eedb2aa53dc48338/a8/curriculumDiscoveryService_a8d025ae4dfdfd298e3ee481d78d16b5
  - server/.jest-cache/jest-transform-cache-c28e27eaf2cda0320583202d2edf90c5-79ef2876fae7ca75eedb2aa53dc48338/a8/curriculumDiscoveryService_a8d025ae4dfdfd298e3ee481d78d16b5.map
  - server/.jest-cache/jest-transform-cache-c28e27eaf2cda0320583202d2edf90c5-79ef2876fae7ca75eedb2aa53dc48338/a8/newsletterService_a8fde428363e0733ca5d516bdb07d8b9
  - server/.jest-cache/jest-transform-cache-c28e27eaf2cda0320583202d2edf90c5-79ef2876fae7ca75eedb2aa53dc48338/a8/newsletterService_a8fde428363e0733ca5d516bdb07d8b9.map
  - server/.jest-cache/jest-transform-cache-c28e27eaf2cda0320583202d2edf90c5-79ef2876fae7ca75eedb2aa53dc48338/a8/parentSummary_a8fb722ea2a6ffcc9c164d1cee41f34b
  - server/.jest-cache/jest-transform-cache-c28e27eaf2cda0320583202d2edf90c5-79ef2876fae7ca75eedb2aa53dc48338/a8/parentSummary_a8fb722ea2a6ffcc9c164d1cee41f34b.map
  - server/.jest-cache/jest-transform-cache-c28e27eaf2cda0320583202d2edf90c5-79ef2876fae7ca75eedb2aa53dc48338/a8/planningEngineunittest_a850a55cb45653aa5357b21e32293e6f
  - server/.jest-cache/jest-transform-cache-c28e27eaf2cda0320583202d2edf90c5-79ef2876fae7ca75eedb2aa53dc48338/a8/planningEngineunittest_a850a55cb45653aa5357b21e32293e6f.map
  - server/.jest-cache/jest-transform-cache-c28e27eaf2cda0320583202d2edf90c5-79ef2876fae7ca75eedb2aa53dc48338/a8/subplan_a88989dbab767b01418264114dc4ef70
  - server/.jest-cache/jest-transform-cache-c28e27eaf2cda0320583202d2edf90c5-79ef2876fae7ca75eedb2aa53dc48338/a8/subplan_a88989dbab767b01418264114dc4ef70.map
  - server/.jest-cache/jest-transform-cache-c28e27eaf2cda0320583202d2edf90c5-79ef2876fae7ca75eedb2aa53dc48338/a9/emailService_a9ac23c5c02bc5bc2471ed399c792713
  - server/.jest-cache/jest-transform-cache-c28e27eaf2cda0320583202d2edf90c5-79ef2876fae7ca75eedb2aa53dc48338/a9/emailService_a9ac23c5c02bc5bc2471ed399c792713.map
  - server/.jest-cache/jest-transform-cache-c28e27eaf2cda0320583202d2edf90c5-79ef2876fae7ca75eedb2aa53dc48338/a9/embeddingService_a9c11f4e58bc519c07675d03da915365
  - server/.jest-cache/jest-transform-cache-c28e27eaf2cda0320583202d2edf90c5-79ef2876fae7ca75eedb2aa53dc48338/a9/embeddingService_a9c11f4e58bc519c07675d03da915365.map
  - server/.jest-cache/jest-transform-cache-c28e27eaf2cda0320583202d2edf90c5-79ef2876fae7ca75eedb2aa53dc48338/a9/initializeServices_a9975a7e59af96350c854e383753baf5
  - server/.jest-cache/jest-transform-cache-c28e27eaf2cda0320583202d2edf90c5-79ef2876fae7ca75eedb2aa53dc48338/a9/initializeServices_a9975a7e59af96350c854e383753baf5.map
  - server/.jest-cache/jest-transform-cache-c28e27eaf2cda0320583202d2edf90c5-79ef2876fae7ca75eedb2aa53dc48338/a9/materialGenerator_a90a4cfb11b80fc7a7355145ad7e4be5
  - server/.jest-cache/jest-transform-cache-c28e27eaf2cda0320583202d2edf90c5-79ef2876fae7ca75eedb2aa53dc48338/a9/materialGenerator_a90a4cfb11b80fc7a7355145ad7e4be5.map
  - server/.jest-cache/jest-transform-cache-c28e27eaf2cda0320583202d2edf90c5-79ef2876fae7ca75eedb2aa53dc48338/a9/oerConnector_a97845764540b62d31b57a5c079829e8
  - server/.jest-cache/jest-transform-cache-c28e27eaf2cda0320583202d2edf90c5-79ef2876fae7ca75eedb2aa53dc48338/a9/oerConnector_a97845764540b62d31b57a5c079829e8.map
  - server/.jest-cache/jest-transform-cache-c28e27eaf2cda0320583202d2edf90c5-79ef2876fae7ca75eedb2aa53dc48338/a9/tptWebConnector_a9e7e9a6044492e57ca80a4634901be5
  - server/.jest-cache/jest-transform-cache-c28e27eaf2cda0320583202d2edf90c5-79ef2876fae7ca75eedb2aa53dc48338/a9/tptWebConnector_a9e7e9a6044492e57ca80a4634901be5.map
  - server/.jest-cache/jest-transform-cache-c28e27eaf2cda0320583202d2edf90c5-79ef2876fae7ca75eedb2aa53dc48338/aa/authrefactoredtest_aa8ce3d3fb58d56adc82d046fc7602c3
  - server/.jest-cache/jest-transform-cache-c28e27eaf2cda0320583202d2edf90c5-79ef2876fae7ca75eedb2aa53dc48338/aa/authrefactoredtest_aa8ce3d3fb58d56adc82d046fc7602c3.map
  - server/.jest-cache/jest-transform-cache-c28e27eaf2cda0320583202d2edf90c5-79ef2876fae7ca75eedb2aa53dc48338/aa/curriculumImportintegrationtest_aaf444096659fcaf5d871f930e061d7a
  - server/.jest-cache/jest-transform-cache-c28e27eaf2cda0320583202d2edf90c5-79ef2876fae7ca75eedb2aa53dc48338/aa/curriculumImportintegrationtest_aaf444096659fcaf5d871f930e061d7a.map
  - server/.jest-cache/jest-transform-cache-c28e27eaf2cda0320583202d2edf90c5-79ef2876fae7ca75eedb2aa53dc48338/aa/embeddingstest_aa096cde92f8cd5d9a3ae5a3fd82a647
  - server/.jest-cache/jest-transform-cache-c28e27eaf2cda0320583202d2edf90c5-79ef2876fae7ca75eedb2aa53dc48338/aa/embeddingstest_aa096cde92f8cd5d9a3ae5a3fd82a647.map
  - server/.jest-cache/jest-transform-cache-c28e27eaf2cda0320583202d2edf90c5-79ef2876fae7ca75eedb2aa53dc48338/aa/newsletterTrigger_aa4dda473f963c5f2407f6bd564de13d
  - server/.jest-cache/jest-transform-cache-c28e27eaf2cda0320583202d2edf90c5-79ef2876fae7ca75eedb2aa53dc48338/aa/newsletterTrigger_aa4dda473f963c5f2407f6bd564de13d.map
  - server/.jest-cache/jest-transform-cache-c28e27eaf2cda0320583202d2edf90c5-79ef2876fae7ca75eedb2aa53dc48338/aa/setupallmocks_aa08075e5a7e53dbda9b91305b5ff991
  - server/.jest-cache/jest-transform-cache-c28e27eaf2cda0320583202d2edf90c5-79ef2876fae7ca75eedb2aa53dc48338/aa/setupallmocks_aa08075e5a7e53dbda9b91305b5ff991.map
  - server/.jest-cache/jest-transform-cache-c28e27eaf2cda0320583202d2edf90c5-79ef2876fae7ca75eedb2aa53dc48338/ab/equipmentBookingtest_abe583d732d9e9fa628f559afdb98c85
  - server/.jest-cache/jest-transform-cache-c28e27eaf2cda0320583202d2edf90c5-79ef2876fae7ca75eedb2aa53dc48338/ab/equipmentBookingtest_abe583d732d9e9fa628f559afdb98c85.map
  - server/.jest-cache/jest-transform-cache-c28e27eaf2cda0320583202d2edf90c5-79ef2876fae7ca75eedb2aa53dc48338/ab/subplan_abbf9139d9d2869e4d6c3b499e446326
  - server/.jest-cache/jest-transform-cache-c28e27eaf2cda0320583202d2edf90c5-79ef2876fae7ca75eedb2aa53dc48338/ab/subplan_abbf9139d9d2869e4d6c3b499e446326.map
  - server/.jest-cache/jest-transform-cache-c28e27eaf2cda0320583202d2edf90c5-79ef2876fae7ca75eedb2aa53dc48338/ac/batch_ac55ae54781bc24639a421428ce9110e
  - server/.jest-cache/jest-transform-cache-c28e27eaf2cda0320583202d2edf90c5-79ef2876fae7ca75eedb2aa53dc48338/ac/batch_ac55ae54781bc24639a421428ce9110e.map
  - server/.jest-cache/jest-transform-cache-c28e27eaf2cda0320583202d2edf90c5-79ef2876fae7ca75eedb2aa53dc48338/ac/clusteringService_acdfc1adf563bba0c8fce817859394e1
  - server/.jest-cache/jest-transform-cache-c28e27eaf2cda0320583202d2edf90c5-79ef2876fae7ca75eedb2aa53dc48338/ac/clusteringService_acdfc1adf563bba0c8fce817859394e1.map
  - server/.jest-cache/jest-transform-cache-c28e27eaf2cda0320583202d2edf90c5-79ef2876fae7ca75eedb2aa53dc48338/ac/databasemock_ac6e8f902fffc0c096e87893c3b37959
  - server/.jest-cache/jest-transform-cache-c28e27eaf2cda0320583202d2edf90c5-79ef2876fae7ca75eedb2aa53dc48338/ac/databasemock_ac6e8f902fffc0c096e87893c3b37959.map
  - server/.jest-cache/jest-transform-cache-c28e27eaf2cda0320583202d2edf90c5-79ef2876fae7ca75eedb2aa53dc48338/ac/emailServicetest_ac58aae4b4ccd7a6271f130cc2aa767a
  - server/.jest-cache/jest-transform-cache-c28e27eaf2cda0320583202d2edf90c5-79ef2876fae7ca75eedb2aa53dc48338/ac/emailServicetest_ac58aae4b4ccd7a6271f130cc2aa767a.map
  - server/.jest-cache/jest-transform-cache-c28e27eaf2cda0320583202d2edf90c5-79ef2876fae7ca75eedb2aa53dc48338/ac/performanceMonitoring_ac73ba0e76075fd3f7a180dac27967a0
  - server/.jest-cache/jest-transform-cache-c28e27eaf2cda0320583202d2edf90c5-79ef2876fae7ca75eedb2aa53dc48338/ac/performanceMonitoring_ac73ba0e76075fd3f7a180dac27967a0.map
  - server/.jest-cache/jest-transform-cache-c28e27eaf2cda0320583202d2edf90c5-79ef2876fae7ca75eedb2aa53dc48338/ac/urlValidator_accb736d82993e2be5bdb4ffa6c0316d
  - server/.jest-cache/jest-transform-cache-c28e27eaf2cda0320583202d2edf90c5-79ef2876fae7ca75eedb2aa53dc48338/ac/urlValidator_accb736d82993e2be5bdb4ffa6c0316d.map
  - server/.jest-cache/jest-transform-cache-c28e27eaf2cda0320583202d2edf90c5-79ef2876fae7ca75eedb2aa53dc48338/ad/curriculumDiscoveryService_ad765df2174c5d96073303daf2517b82
  - server/.jest-cache/jest-transform-cache-c28e27eaf2cda0320583202d2edf90c5-79ef2876fae7ca75eedb2aa53dc48338/ad/curriculumDiscoveryService_ad765df2174c5d96073303daf2517b82.map
  - server/.jest-cache/jest-transform-cache-c28e27eaf2cda0320583202d2edf90c5-79ef2876fae7ca75eedb2aa53dc48338/ad/materialGenerator_ad4c2a629ce6a0cc08525173a2562997
  - server/.jest-cache/jest-transform-cache-c28e27eaf2cda0320583202d2edf90c5-79ef2876fae7ca75eedb2aa53dc48338/ad/materialGenerator_ad4c2a629ce6a0cc08525173a2562997.map
  - server/.jest-cache/jest-transform-cache-c28e27eaf2cda0320583202d2edf90c5-79ef2876fae7ca75eedb2aa53dc48338/ad/openai_ad7c34b4a3cc7aa294821d0deed2eb5b
  - server/.jest-cache/jest-transform-cache-c28e27eaf2cda0320583202d2edf90c5-79ef2876fae7ca75eedb2aa53dc48338/ae/testFramework_aefbd56e37307b1abf7b3e0d623be960
  - server/.jest-cache/jest-transform-cache-c28e27eaf2cda0320583202d2edf90c5-79ef2876fae7ca75eedb2aa53dc48338/ae/testFramework_aefbd56e37307b1abf7b3e0d623be960.map
  - server/.jest-cache/jest-transform-cache-c28e27eaf2cda0320583202d2edf90c5-79ef2876fae7ca75eedb2aa53dc48338/ae/validateRequest_ae69e594604076770e96d1c8411ad823
  - server/.jest-cache/jest-transform-cache-c28e27eaf2cda0320583202d2edf90c5-79ef2876fae7ca75eedb2aa53dc48338/ae/validateRequest_ae69e594604076770e96d1c8411ad823.map
  - server/.jest-cache/jest-transform-cache-c28e27eaf2cda0320583202d2edf90c5-79ef2876fae7ca75eedb2aa53dc48338/af/activityDiscoveryService_afdafb9b6fdf0bbeff545f6e8e8b0b65
  - server/.jest-cache/jest-transform-cache-c28e27eaf2cda0320583202d2edf90c5-79ef2876fae7ca75eedb2aa53dc48338/af/activityDiscoveryService_afdafb9b6fdf0bbeff545f6e8e8b0b65.map
  - server/.jest-cache/jest-transform-cache-c28e27eaf2cda0320583202d2edf90c5-79ef2876fae7ca75eedb2aa53dc48338/af/aiPlanningAssistant_afbed61f5a7cfd74cdd45f4344315926
  - server/.jest-cache/jest-transform-cache-c28e27eaf2cda0320583202d2edf90c5-79ef2876fae7ca75eedb2aa53dc48338/af/aiPlanningAssistant_afbed61f5a7cfd74cdd45f4344315926.map
  - server/.jest-cache/jest-transform-cache-c28e27eaf2cda0320583202d2edf90c5-79ef2876fae7ca75eedb2aa53dc48338/af/oerConnector_afb25b3254a014055c05840837dad03f
  - server/.jest-cache/jest-transform-cache-c28e27eaf2cda0320583202d2edf90c5-79ef2876fae7ca75eedb2aa53dc48338/af/oerConnector_afb25b3254a014055c05840837dad03f.map
  - server/.jest-cache/jest-transform-cache-c28e27eaf2cda0320583202d2edf90c5-79ef2876fae7ca75eedb2aa53dc48338/af/progressChecktest_af6a0b44cd60651e8b29dda5e1bc101d
  - server/.jest-cache/jest-transform-cache-c28e27eaf2cda0320583202d2edf90c5-79ef2876fae7ca75eedb2aa53dc48338/af/progressChecktest_af6a0b44cd60651e8b29dda5e1bc101d.map
  - server/.jest-cache/jest-transform-cache-c28e27eaf2cda0320583202d2edf90c5-79ef2876fae7ca75eedb2aa53dc48338/af/scenarioTemplateExtractor_af119759c446b7b939173dda2f33305f
  - server/.jest-cache/jest-transform-cache-c28e27eaf2cda0320583202d2edf90c5-79ef2876fae7ca75eedb2aa53dc48338/af/scenarioTemplateExtractor_af119759c446b7b939173dda2f33305f.map
  - server/.jest-cache/jest-transform-cache-c28e27eaf2cda0320583202d2edf90c5-79ef2876fae7ca75eedb2aa53dc48338/af/templateServicetest_af1a25179e6a4c18d00e4008e99d1174
  - server/.jest-cache/jest-transform-cache-c28e27eaf2cda0320583202d2edf90c5-79ef2876fae7ca75eedb2aa53dc48338/af/templateServicetest_af1a25179e6a4c18d00e4008e99d1174.map
  - server/.jest-cache/jest-transform-cache-c28e27eaf2cda0320583202d2edf90c5-79ef2876fae7ca75eedb2aa53dc48338/af/unitplans_afc280c3011ab6f83015b1f068a5b487
  - server/.jest-cache/jest-transform-cache-c28e27eaf2cda0320583202d2edf90c5-79ef2876fae7ca75eedb2aa53dc48338/af/unitplans_afc280c3011ab6f83015b1f068a5b487.map
  - server/.jest-cache/jest-transform-cache-c28e27eaf2cda0320583202d2edf90c5-79ef2876fae7ca75eedb2aa53dc48338/b0/aiParentSummaryService_b0410b71d3098a44a21c3079e4dc67cc
  - server/.jest-cache/jest-transform-cache-c28e27eaf2cda0320583202d2edf90c5-79ef2876fae7ca75eedb2aa53dc48338/b0/aiParentSummaryService_b0410b71d3098a44a21c3079e4dc67cc.map
  - server/.jest-cache/jest-transform-cache-c28e27eaf2cda0320583202d2edf90c5-79ef2876fae7ca75eedb2aa53dc48338/b0/contactExtractor_b0972038923b38bb1f570e08a675fff2
  - server/.jest-cache/jest-transform-cache-c28e27eaf2cda0320583202d2edf90c5-79ef2876fae7ca75eedb2aa53dc48338/b0/contactExtractor_b0972038923b38bb1f570e08a675fff2.map
  - server/.jest-cache/jest-transform-cache-c28e27eaf2cda0320583202d2edf90c5-79ef2876fae7ca75eedb2aa53dc48338/b0/etfolessonplans_b0b979964781177f6e9ce66c4d3ac9ea
  - server/.jest-cache/jest-transform-cache-c28e27eaf2cda0320583202d2edf90c5-79ef2876fae7ca75eedb2aa53dc48338/b0/etfolessonplans_b0b979964781177f6e9ce66c4d3ac9ea.map
  - server/.jest-cache/jest-transform-cache-c28e27eaf2cda0320583202d2edf90c5-79ef2876fae7ca75eedb2aa53dc48338/b0/etfolessonplans_b0e3430e0b068764a583a3d980d329bc
  - server/.jest-cache/jest-transform-cache-c28e27eaf2cda0320583202d2edf90c5-79ef2876fae7ca75eedb2aa53dc48338/b0/etfolessonplans_b0e3430e0b068764a583a3d980d329bc.map
  - server/.jest-cache/jest-transform-cache-c28e27eaf2cda0320583202d2edf90c5-79ef2876fae7ca75eedb2aa53dc48338/b0/gptPlanningAgenttest_b01607d8001b7fa96bb6c42b8a95e10d
  - server/.jest-cache/jest-transform-cache-c28e27eaf2cda0320583202d2edf90c5-79ef2876fae7ca75eedb2aa53dc48338/b0/gptPlanningAgenttest_b01607d8001b7fa96bb6c42b8a95e10d.map
  - server/.jest-cache/jest-transform-cache-c28e27eaf2cda0320583202d2edf90c5-79ef2876fae7ca75eedb2aa53dc48338/b0/index_b0ba489c399618f5c131272dd0ffae64
  - server/.jest-cache/jest-transform-cache-c28e27eaf2cda0320583202d2edf90c5-79ef2876fae7ca75eedb2aa53dc48338/b0/index_b0ba489c399618f5c131272dd0ffae64.map
  - server/.jest-cache/jest-transform-cache-c28e27eaf2cda0320583202d2edf90c5-79ef2876fae7ca75eedb2aa53dc48338/b0/substituteInfotest_b046d11bd8b916871d98db97fd37ff76
  - server/.jest-cache/jest-transform-cache-c28e27eaf2cda0320583202d2edf90c5-79ef2876fae7ca75eedb2aa53dc48338/b0/substituteInfotest_b046d11bd8b916871d98db97fd37ff76.map
  - server/.jest-cache/jest-transform-cache-c28e27eaf2cda0320583202d2edf90c5-79ef2876fae7ca75eedb2aa53dc48338/b1/ServiceRegistry_b1a2af1a615bc3223fa28ff5553a7307
  - server/.jest-cache/jest-transform-cache-c28e27eaf2cda0320583202d2edf90c5-79ef2876fae7ca75eedb2aa53dc48338/b1/ServiceRegistry_b1a2af1a615bc3223fa28ff5553a7307.map
  - server/.jest-cache/jest-transform-cache-c28e27eaf2cda0320583202d2edf90c5-79ef2876fae7ca75eedb2aa53dc48338/b1/backupService_b1ae5bc601758fea9fd89dba8c7dbd06
  - server/.jest-cache/jest-transform-cache-c28e27eaf2cda0320583202d2edf90c5-79ef2876fae7ca75eedb2aa53dc48338/b1/backupService_b1ae5bc601758fea9fd89dba8c7dbd06.map
  - server/.jest-cache/jest-transform-cache-c28e27eaf2cda0320583202d2edf90c5-79ef2876fae7ca75eedb2aa53dc48338/b1/llmService_b1438582c9ff20a7130ad6bf1a5b3866
  - server/.jest-cache/jest-transform-cache-c28e27eaf2cda0320583202d2edf90c5-79ef2876fae7ca75eedb2aa53dc48338/b1/llmService_b1438582c9ff20a7130ad6bf1a5b3866.map
  - server/.jest-cache/jest-transform-cache-c28e27eaf2cda0320583202d2edf90c5-79ef2876fae7ca75eedb2aa53dc48338/b1/planningEngineunittest_b1b1a06e43f379f7376f846722bcf592
  - server/.jest-cache/jest-transform-cache-c28e27eaf2cda0320583202d2edf90c5-79ef2876fae7ca75eedb2aa53dc48338/b1/planningEngineunittest_b1b1a06e43f379f7376f846722bcf592.map
  - server/.jest-cache/jest-transform-cache-c28e27eaf2cda0320583202d2edf90c5-79ef2876fae7ca75eedb2aa53dc48338/b1/teams_b16ffc23a78232fa9808d53185a5dd8e
  - server/.jest-cache/jest-transform-cache-c28e27eaf2cda0320583202d2edf90c5-79ef2876fae7ca75eedb2aa53dc48338/b1/teams_b16ffc23a78232fa9808d53185a5dd8e.map
  - server/.jest-cache/jest-transform-cache-c28e27eaf2cda0320583202d2edf90c5-79ef2876fae7ca75eedb2aa53dc48338/b1/testdbhelpers_b14da7d70c85763526988c34fea3aec5
  - server/.jest-cache/jest-transform-cache-c28e27eaf2cda0320583202d2edf90c5-79ef2876fae7ca75eedb2aa53dc48338/b1/testdbhelpers_b14da7d70c85763526988c34fea3aec5.map
  - server/.jest-cache/jest-transform-cache-c28e27eaf2cda0320583202d2edf90c5-79ef2876fae7ca75eedb2aa53dc48338/b2/aiParentSummaryService_b2c0a4f25a3cd9daac78546cf85ba765
  - server/.jest-cache/jest-transform-cache-c28e27eaf2cda0320583202d2edf90c5-79ef2876fae7ca75eedb2aa53dc48338/b2/aiParentSummaryService_b2c0a4f25a3cd9daac78546cf85ba765.map
  - server/.jest-cache/jest-transform-cache-c28e27eaf2cda0320583202d2edf90c5-79ef2876fae7ca75eedb2aa53dc48338/b2/baseServiceunittest_b2f66ed78da69aacf0451cf1871ec0a6
  - server/.jest-cache/jest-transform-cache-c28e27eaf2cda0320583202d2edf90c5-79ef2876fae7ca75eedb2aa53dc48338/b2/baseServiceunittest_b2f66ed78da69aacf0451cf1871ec0a6.map
  - server/.jest-cache/jest-transform-cache-c28e27eaf2cda0320583202d2edf90c5-79ef2876fae7ca75eedb2aa53dc48338/b2/llmService_b2c3f9e0f5eeb07f1398f8fcdef82961
  - server/.jest-cache/jest-transform-cache-c28e27eaf2cda0320583202d2edf90c5-79ef2876fae7ca75eedb2aa53dc48338/b2/llmService_b2c3f9e0f5eeb07f1398f8fcdef82961.map
  - server/.jest-cache/jest-transform-cache-c28e27eaf2cda0320583202d2edf90c5-79ef2876fae7ca75eedb2aa53dc48338/b2/longrangeplans_b2793dc4681d9c17155bba55d05bbc98
  - server/.jest-cache/jest-transform-cache-c28e27eaf2cda0320583202d2edf90c5-79ef2876fae7ca75eedb2aa53dc48338/b2/longrangeplans_b2793dc4681d9c17155bba55d05bbc98.map
  - server/.jest-cache/jest-transform-cache-c28e27eaf2cda0320583202d2edf90c5-79ef2876fae7ca75eedb2aa53dc48338/b2/pdfkitmock_b250c5ba43bfce0d6b182adc11bc81b6
  - server/.jest-cache/jest-transform-cache-c28e27eaf2cda0320583202d2edf90c5-79ef2876fae7ca75eedb2aa53dc48338/b2/pdfkitmock_b250c5ba43bfce0d6b182adc11bc81b6.map
  - server/.jest-cache/jest-transform-cache-c28e27eaf2cda0320583202d2edf90c5-79ef2876fae7ca75eedb2aa53dc48338/b2/subPlanService_b24c0068ea2a7e10b8bd0997c1e7d323
  - server/.jest-cache/jest-transform-cache-c28e27eaf2cda0320583202d2edf90c5-79ef2876fae7ca75eedb2aa53dc48338/b2/subPlanService_b24c0068ea2a7e10b8bd0997c1e7d323.map
  - server/.jest-cache/jest-transform-cache-c28e27eaf2cda0320583202d2edf90c5-79ef2876fae7ca75eedb2aa53dc48338/b2/templates_b2ea41752a192cce7577d7b8e5d78a97
  - server/.jest-cache/jest-transform-cache-c28e27eaf2cda0320583202d2edf90c5-79ef2876fae7ca75eedb2aa53dc48338/b2/templates_b2ea41752a192cce7577d7b8e5d78a97.map
  - server/.jest-cache/jest-transform-cache-c28e27eaf2cda0320583202d2edf90c5-79ef2876fae7ca75eedb2aa53dc48338/b2/testauthhelper_b28851adb756ea124fc6968da676d1e5
  - server/.jest-cache/jest-transform-cache-c28e27eaf2cda0320583202d2edf90c5-79ef2876fae7ca75eedb2aa53dc48338/b2/testauthhelper_b28851adb756ea124fc6968da676d1e5.map
  - server/.jest-cache/jest-transform-cache-c28e27eaf2cda0320583202d2edf90c5-79ef2876fae7ca75eedb2aa53dc48338/b2/userroutestest_b2d676eb7143cca317ef3fe65ff4c44f
  - server/.jest-cache/jest-transform-cache-c28e27eaf2cda0320583202d2edf90c5-79ef2876fae7ca75eedb2aa53dc48338/b2/userroutestest_b2d676eb7143cca317ef3fe65ff4c44f.map
  - server/.jest-cache/jest-transform-cache-c28e27eaf2cda0320583202d2edf90c5-79ef2876fae7ca75eedb2aa53dc48338/b3/reportroutestest_b3b144e8da2c763e74c7b65b1e3eb822
  - server/.jest-cache/jest-transform-cache-c28e27eaf2cda0320583202d2edf90c5-79ef2876fae7ca75eedb2aa53dc48338/b3/reportroutestest_b3b144e8da2c763e74c7b65b1e3eb822.map
  - server/.jest-cache/jest-transform-cache-c28e27eaf2cda0320583202d2edf90c5-79ef2876fae7ca75eedb2aa53dc48338/b4/CacheService_b482a7f15dbbb79e2b975d2532737d2e
  - server/.jest-cache/jest-transform-cache-c28e27eaf2cda0320583202d2edf90c5-79ef2876fae7ca75eedb2aa53dc48338/b4/CacheService_b482a7f15dbbb79e2b975d2532737d2e.map
  - server/.jest-cache/jest-transform-cache-c28e27eaf2cda0320583202d2edf90c5-79ef2876fae7ca75eedb2aa53dc48338/b4/app_b42803ecd895b424ea92df2978976d79
  - server/.jest-cache/jest-transform-cache-c28e27eaf2cda0320583202d2edf90c5-79ef2876fae7ca75eedb2aa53dc48338/b4/app_b42803ecd895b424ea92df2978976d79.map
  - server/.jest-cache/jest-transform-cache-c28e27eaf2cda0320583202d2edf90c5-79ef2876fae7ca75eedb2aa53dc48338/b4/batchProcessingService_b43c61cc29414f87acc6b64c6ac1c63b
  - server/.jest-cache/jest-transform-cache-c28e27eaf2cda0320583202d2edf90c5-79ef2876fae7ca75eedb2aa53dc48338/b4/batchProcessingService_b43c61cc29414f87acc6b64c6ac1c63b.map
  - server/.jest-cache/jest-transform-cache-c28e27eaf2cda0320583202d2edf90c5-79ef2876fae7ca75eedb2aa53dc48338/b4/index_b41a0a4ccddf89661aef28874b8736a8
  - server/.jest-cache/jest-transform-cache-c28e27eaf2cda0320583202d2edf90c5-79ef2876fae7ca75eedb2aa53dc48338/b4/index_b41a0a4ccddf89661aef28874b8736a8.map
  - server/.jest-cache/jest-transform-cache-c28e27eaf2cda0320583202d2edf90c5-79ef2876fae7ca75eedb2aa53dc48338/b4/jestsetup_b43483d05304d0316e74d932aa86d018
  - server/.jest-cache/jest-transform-cache-c28e27eaf2cda0320583202d2edf90c5-79ef2876fae7ca75eedb2aa53dc48338/b4/jestsetup_b43483d05304d0316e74d932aa86d018.map
  - server/.jest-cache/jest-transform-cache-c28e27eaf2cda0320583202d2edf90c5-79ef2876fae7ca75eedb2aa53dc48338/b4/mockConnector_b4dd2a902b64c51da74fe84347f4b911
  - server/.jest-cache/jest-transform-cache-c28e27eaf2cda0320583202d2edf90c5-79ef2876fae7ca75eedb2aa53dc48338/b4/mockConnector_b4dd2a902b64c51da74fe84347f4b911.map
  - server/.jest-cache/jest-transform-cache-c28e27eaf2cda0320583202d2edf90c5-79ef2876fae7ca75eedb2aa53dc48338/b4/newsletterService_b421f8f09cc73d52df2f7780c78279f9
  - server/.jest-cache/jest-transform-cache-c28e27eaf2cda0320583202d2edf90c5-79ef2876fae7ca75eedb2aa53dc48338/b4/newsletterService_b421f8f09cc73d52df2f7780c78279f9.map
  - server/.jest-cache/jest-transform-cache-c28e27eaf2cda0320583202d2edf90c5-79ef2876fae7ca75eedb2aa53dc48338/b4/scenarioTemplateExtractorsimpletest_b4b7e3043f318301b37027a105a7fd1c
  - server/.jest-cache/jest-transform-cache-c28e27eaf2cda0320583202d2edf90c5-79ef2876fae7ca75eedb2aa53dc48338/b4/scenarioTemplateExtractorsimpletest_b4b7e3043f318301b37027a105a7fd1c.map
  - server/.jest-cache/jest-transform-cache-c28e27eaf2cda0320583202d2edf90c5-79ef2876fae7ca75eedb2aa53dc48338/b4/testdbhelpers_b43fe450dcd63fb616abdb388fac72e9
  - server/.jest-cache/jest-transform-cache-c28e27eaf2cda0320583202d2edf90c5-79ef2876fae7ca75eedb2aa53dc48338/b4/testdbhelpers_b43fe450dcd63fb616abdb388fac72e9.map
  - server/.jest-cache/jest-transform-cache-c28e27eaf2cda0320583202d2edf90c5-79ef2876fae7ca75eedb2aa53dc48338/b4/tptWebConnector_b4f1c4a568178eab3dec50ae5bc68aae
  - server/.jest-cache/jest-transform-cache-c28e27eaf2cda0320583202d2edf90c5-79ef2876fae7ca75eedb2aa53dc48338/b4/tptWebConnector_b4f1c4a568178eab3dec50ae5bc68aae.map
  - server/.jest-cache/jest-transform-cache-c28e27eaf2cda0320583202d2edf90c5-79ef2876fae7ca75eedb2aa53dc48338/b5/contactExtractor_b5e70dc30991935808abc8ca71b7b8b9
  - server/.jest-cache/jest-transform-cache-c28e27eaf2cda0320583202d2edf90c5-79ef2876fae7ca75eedb2aa53dc48338/b5/contactExtractor_b5e70dc30991935808abc8ca71b7b8b9.map
  - server/.jest-cache/jest-transform-cache-c28e27eaf2cda0320583202d2edf90c5-79ef2876fae7ca75eedb2aa53dc48338/b5/curriculumImportService_b5d6d9a1de54c9eee03afd7af6c092ba
  - server/.jest-cache/jest-transform-cache-c28e27eaf2cda0320583202d2edf90c5-79ef2876fae7ca75eedb2aa53dc48338/b5/curriculumImportService_b5d6d9a1de54c9eee03afd7af6c092ba.map
  - server/.jest-cache/jest-transform-cache-c28e27eaf2cda0320583202d2edf90c5-79ef2876fae7ca75eedb2aa53dc48338/b5/recentplans_b5be9ab0f4c669714a0802e40e30b814
  - server/.jest-cache/jest-transform-cache-c28e27eaf2cda0320583202d2edf90c5-79ef2876fae7ca75eedb2aa53dc48338/b5/recentplans_b5be9ab0f4c669714a0802e40e30b814.map
  - server/.jest-cache/jest-transform-cache-c28e27eaf2cda0320583202d2edf90c5-79ef2876fae7ca75eedb2aa53dc48338/b5/reportGeneratorService_b51561f70e8271285b45a971e7565dad
  - server/.jest-cache/jest-transform-cache-c28e27eaf2cda0320583202d2edf90c5-79ef2876fae7ca75eedb2aa53dc48338/b5/reportGeneratorService_b51561f70e8271285b45a971e7565dad.map
  - server/.jest-cache/jest-transform-cache-c28e27eaf2cda0320583202d2edf90c5-79ef2876fae7ca75eedb2aa53dc48338/b5/scenarioTemplateExtractorunittest_b51620f83c030e1aeea60796ace47342
  - server/.jest-cache/jest-transform-cache-c28e27eaf2cda0320583202d2edf90c5-79ef2876fae7ca75eedb2aa53dc48338/b5/scenarioTemplateExtractorunittest_b51620f83c030e1aeea60796ace47342.map
  - server/.jest-cache/jest-transform-cache-c28e27eaf2cda0320583202d2edf90c5-79ef2876fae7ca75eedb2aa53dc48338/b6/contactExtractor_b68c0dcbb693a0c511b9ac08a01984b2
  - server/.jest-cache/jest-transform-cache-c28e27eaf2cda0320583202d2edf90c5-79ef2876fae7ca75eedb2aa53dc48338/b6/contactExtractor_b68c0dcbb693a0c511b9ac08a01984b2.map
  - server/.jest-cache/jest-transform-cache-c28e27eaf2cda0320583202d2edf90c5-79ef2876fae7ca75eedb2aa53dc48338/b6/contactValidation_b6995c6ff0582ff99dc2bc20af6787ac
  - server/.jest-cache/jest-transform-cache-c28e27eaf2cda0320583202d2edf90c5-79ef2876fae7ca75eedb2aa53dc48338/b6/contactValidation_b6995c6ff0582ff99dc2bc20af6787ac.map
  - server/.jest-cache/jest-transform-cache-c28e27eaf2cda0320583202d2edf90c5-79ef2876fae7ca75eedb2aa53dc48338/b6/inputSanitization_b6e57de3f75f921e5289c1d4c28db874
  - server/.jest-cache/jest-transform-cache-c28e27eaf2cda0320583202d2edf90c5-79ef2876fae7ca75eedb2aa53dc48338/b6/inputSanitization_b6e57de3f75f921e5289c1d4c28db874.map
  - server/.jest-cache/jest-transform-cache-c28e27eaf2cda0320583202d2edf90c5-79ef2876fae7ca75eedb2aa53dc48338/b6/integrationtestsetup_b6ce75cf14b84fedbd5af9b5bba41f72
  - server/.jest-cache/jest-transform-cache-c28e27eaf2cda0320583202d2edf90c5-79ef2876fae7ca75eedb2aa53dc48338/b6/integrationtestsetup_b6ce75cf14b84fedbd5af9b5bba41f72.map
  - server/.jest-cache/jest-transform-cache-c28e27eaf2cda0320583202d2edf90c5-79ef2876fae7ca75eedb2aa53dc48338/b6/llmServicetest_b631c1a9581d86a3bb8d7e8b3940eca6
  - server/.jest-cache/jest-transform-cache-c28e27eaf2cda0320583202d2edf90c5-79ef2876fae7ca75eedb2aa53dc48338/b6/llmServicetest_b631c1a9581d86a3bb8d7e8b3940eca6.map
  - server/.jest-cache/jest-transform-cache-c28e27eaf2cda0320583202d2edf90c5-79ef2876fae7ca75eedb2aa53dc48338/b6/planningEngineunittest_b63466e990f0790f78b2e1ff10744307
  - server/.jest-cache/jest-transform-cache-c28e27eaf2cda0320583202d2edf90c5-79ef2876fae7ca75eedb2aa53dc48338/b6/planningEngineunittest_b63466e990f0790f78b2e1ff10744307.map
  - server/.jest-cache/jest-transform-cache-c28e27eaf2cda0320583202d2edf90c5-79ef2876fae7ca75eedb2aa53dc48338/b6/setupallmocks_b66c64286307b1b75c09d52abffb8cf3
  - server/.jest-cache/jest-transform-cache-c28e27eaf2cda0320583202d2edf90c5-79ef2876fae7ca75eedb2aa53dc48338/b6/setupallmocks_b66c64286307b1b75c09d52abffb8cf3.map
  - server/.jest-cache/jest-transform-cache-c28e27eaf2cda0320583202d2edf90c5-79ef2876fae7ca75eedb2aa53dc48338/b6/templateService_b6f9b7e1101db0f7e9758a752ebec41b
  - server/.jest-cache/jest-transform-cache-c28e27eaf2cda0320583202d2edf90c5-79ef2876fae7ca75eedb2aa53dc48338/b6/templateService_b6f9b7e1101db0f7e9758a752ebec41b.map
  - server/.jest-cache/jest-transform-cache-c28e27eaf2cda0320583202d2edf90c5-79ef2876fae7ca75eedb2aa53dc48338/b7/activitycollections_b7f5c5a6bba536bc08e0b2b172995c63
  - server/.jest-cache/jest-transform-cache-c28e27eaf2cda0320583202d2edf90c5-79ef2876fae7ca75eedb2aa53dc48338/b7/activitycollections_b7f5c5a6bba536bc08e0b2b172995c63.map
  - server/.jest-cache/jest-transform-cache-c28e27eaf2cda0320583202d2edf90c5-79ef2876fae7ca75eedb2aa53dc48338/b7/auth_b7e7194d9a7457c295f9b310546f907a
  - server/.jest-cache/jest-transform-cache-c28e27eaf2cda0320583202d2edf90c5-79ef2876fae7ca75eedb2aa53dc48338/b7/auth_b7e7194d9a7457c295f9b310546f907a.map
  - server/.jest-cache/jest-transform-cache-c28e27eaf2cda0320583202d2edf90c5-79ef2876fae7ca75eedb2aa53dc48338/b7/curriculumDiscoveryService_b704fb1eafe7985b61252c2eb6ac2e7d
  - server/.jest-cache/jest-transform-cache-c28e27eaf2cda0320583202d2edf90c5-79ef2876fae7ca75eedb2aa53dc48338/b7/curriculumDiscoveryService_b704fb1eafe7985b61252c2eb6ac2e7d.map
  - server/.jest-cache/jest-transform-cache-c28e27eaf2cda0320583202d2edf90c5-79ef2876fae7ca75eedb2aa53dc48338/b7/curriculumImportService_b7d8834a4a0ff2d55226d4fe2fc12d77
  - server/.jest-cache/jest-transform-cache-c28e27eaf2cda0320583202d2edf90c5-79ef2876fae7ca75eedb2aa53dc48338/b7/curriculumImportService_b7d8834a4a0ff2d55226d4fe2fc12d77.map
  - server/.jest-cache/jest-transform-cache-c28e27eaf2cda0320583202d2edf90c5-79ef2876fae7ca75eedb2aa53dc48338/b7/parentSummaryLLM_b75857248690b2022e9f4173ccbf1b62
  - server/.jest-cache/jest-transform-cache-c28e27eaf2cda0320583202d2edf90c5-79ef2876fae7ca75eedb2aa53dc48338/b7/parentSummaryLLM_b75857248690b2022e9f4173ccbf1b62.map
  - server/.jest-cache/jest-transform-cache-c28e27eaf2cda0320583202d2edf90c5-79ef2876fae7ca75eedb2aa53dc48338/b7/subPlanService_b7659564eb78ee9873556d7e5d9cfc6f
  - server/.jest-cache/jest-transform-cache-c28e27eaf2cda0320583202d2edf90c5-79ef2876fae7ca75eedb2aa53dc48338/b7/subPlanService_b7659564eb78ee9873556d7e5d9cfc6f.map
  - server/.jest-cache/jest-transform-cache-c28e27eaf2cda0320583202d2edf90c5-79ef2876fae7ca75eedb2aa53dc48338/b7/urlValidator_b75d69b7d64e2675dacc8cf85654c642
  - server/.jest-cache/jest-transform-cache-c28e27eaf2cda0320583202d2edf90c5-79ef2876fae7ca75eedb2aa53dc48338/b7/urlValidator_b75d69b7d64e2675dacc8cf85654c642.map
  - server/.jest-cache/jest-transform-cache-c28e27eaf2cda0320583202d2edf90c5-79ef2876fae7ca75eedb2aa53dc48338/b8/CacheService_b8dc5f161645fc652d7cd11a1dc36b10
  - server/.jest-cache/jest-transform-cache-c28e27eaf2cda0320583202d2edf90c5-79ef2876fae7ca75eedb2aa53dc48338/b8/CacheService_b8dc5f161645fc652d7cd11a1dc36b10.map
  - server/.jest-cache/jest-transform-cache-c28e27eaf2cda0320583202d2edf90c5-79ef2876fae7ca75eedb2aa53dc48338/b8/activitydiscovery_b86d8b6fa80c0f8dd496a81953356908
  - server/.jest-cache/jest-transform-cache-c28e27eaf2cda0320583202d2edf90c5-79ef2876fae7ca75eedb2aa53dc48338/b8/activitydiscovery_b86d8b6fa80c0f8dd496a81953356908.map
  - server/.jest-cache/jest-transform-cache-c28e27eaf2cda0320583202d2edf90c5-79ef2876fae7ca75eedb2aa53dc48338/b8/aiActivityGeneratortest_b8ff8c6255140d1d4afd42bd4a6c5dd7
  - server/.jest-cache/jest-transform-cache-c28e27eaf2cda0320583202d2edf90c5-79ef2876fae7ca75eedb2aa53dc48338/b8/aiActivityGeneratortest_b8ff8c6255140d1d4afd42bd4a6c5dd7.map
  - server/.jest-cache/jest-transform-cache-c28e27eaf2cda0320583202d2edf90c5-79ef2876fae7ca75eedb2aa53dc48338/b8/authunittest_b81b325038c348bd5959a6ae8380c9b5
  - server/.jest-cache/jest-transform-cache-c28e27eaf2cda0320583202d2edf90c5-79ef2876fae7ca75eedb2aa53dc48338/b8/authunittest_b81b325038c348bd5959a6ae8380c9b5.map
  - server/.jest-cache/jest-transform-cache-c28e27eaf2cda0320583202d2edf90c5-79ef2876fae7ca75eedb2aa53dc48338/b8/bookingReminder_b87c1297769480596c5fd90a46fbe804
  - server/.jest-cache/jest-transform-cache-c28e27eaf2cda0320583202d2edf90c5-79ef2876fae7ca75eedb2aa53dc48338/b8/bookingReminder_b87c1297769480596c5fd90a46fbe804.map
  - server/.jest-cache/jest-transform-cache-c28e27eaf2cda0320583202d2edf90c5-79ef2876fae7ca75eedb2aa53dc48338/b8/curriculumWebConnector_b8745b6d095d3e84e5c92b4a98eb7222
  - server/.jest-cache/jest-transform-cache-c28e27eaf2cda0320583202d2edf90c5-79ef2876fae7ca75eedb2aa53dc48338/b8/curriculumWebConnector_b8745b6d095d3e84e5c92b4a98eb7222.map
  - server/.jest-cache/jest-transform-cache-c28e27eaf2cda0320583202d2edf90c5-79ef2876fae7ca75eedb2aa53dc48338/b8/curriculumWebConnector_b8dc151a952be9c97efdfc73945584a3
  - server/.jest-cache/jest-transform-cache-c28e27eaf2cda0320583202d2edf90c5-79ef2876fae7ca75eedb2aa53dc48338/b8/curriculumWebConnector_b8dc151a952be9c97efdfc73945584a3.map
  - server/.jest-cache/jest-transform-cache-c28e27eaf2cda0320583202d2edf90c5-79ef2876fae7ca75eedb2aa53dc48338/b8/index_b814e4da58ced8c907b8be4479df4962
  - server/.jest-cache/jest-transform-cache-c28e27eaf2cda0320583202d2edf90c5-79ef2876fae7ca75eedb2aa53dc48338/b8/index_b814e4da58ced8c907b8be4479df4962.map
  - server/.jest-cache/jest-transform-cache-c28e27eaf2cda0320583202d2edf90c5-79ef2876fae7ca75eedb2aa53dc48338/b8/llmService_b8016aa6ea84c2de9a19a1844b72165e
  - server/.jest-cache/jest-transform-cache-c28e27eaf2cda0320583202d2edf90c5-79ef2876fae7ca75eedb2aa53dc48338/b8/llmService_b8016aa6ea84c2de9a19a1844b72165e.map
  - server/.jest-cache/jest-transform-cache-c28e27eaf2cda0320583202d2edf90c5-79ef2876fae7ca75eedb2aa53dc48338/b8/progressAnalytics_b88c11d1643e189c417db25e70583bc9
  - server/.jest-cache/jest-transform-cache-c28e27eaf2cda0320583202d2edf90c5-79ef2876fae7ca75eedb2aa53dc48338/b8/progressAnalytics_b88c11d1643e189c417db25e70583bc9.map
  - server/.jest-cache/jest-transform-cache-c28e27eaf2cda0320583202d2edf90c5-79ef2876fae7ca75eedb2aa53dc48338/b9/activityDiscoveryService_b95c379dd26779146e322263925f0046
  - server/.jest-cache/jest-transform-cache-c28e27eaf2cda0320583202d2edf90c5-79ef2876fae7ca75eedb2aa53dc48338/b9/activityDiscoveryService_b95c379dd26779146e322263925f0046.map
  - server/.jest-cache/jest-transform-cache-c28e27eaf2cda0320583202d2edf90c5-79ef2876fae7ca75eedb2aa53dc48338/b9/aiPromptTemplateService_b913d018d000b9c0637bc01125ab9fc2
  - server/.jest-cache/jest-transform-cache-c28e27eaf2cda0320583202d2edf90c5-79ef2876fae7ca75eedb2aa53dc48338/b9/aiPromptTemplateService_b913d018d000b9c0637bc01125ab9fc2.map
  - server/.jest-cache/jest-transform-cache-c28e27eaf2cda0320583202d2edf90c5-79ef2876fae7ca75eedb2aa53dc48338/b9/calendarevents_b95a1116621e42cf01bae2551c288ec3
  - server/.jest-cache/jest-transform-cache-c28e27eaf2cda0320583202d2edf90c5-79ef2876fae7ca75eedb2aa53dc48338/b9/calendarevents_b95a1116621e42cf01bae2551c288ec3.map
  - server/.jest-cache/jest-transform-cache-c28e27eaf2cda0320583202d2edf90c5-79ef2876fae7ca75eedb2aa53dc48338/b9/emailService_b917d46fff2bff3c9bb62e974733f00f
  - server/.jest-cache/jest-transform-cache-c28e27eaf2cda0320583202d2edf90c5-79ef2876fae7ca75eedb2aa53dc48338/b9/emailService_b917d46fff2bff3c9bb62e974733f00f.map
  - server/.jest-cache/jest-transform-cache-c28e27eaf2cda0320583202d2edf90c5-79ef2876fae7ca75eedb2aa53dc48338/b9/jestsetup_b960c0d05f017bf603ebbd14f9b4ee96
  - server/.jest-cache/jest-transform-cache-c28e27eaf2cda0320583202d2edf90c5-79ef2876fae7ca75eedb2aa53dc48338/b9/jestsetup_b960c0d05f017bf603ebbd14f9b4ee96.map
  - server/.jest-cache/jest-transform-cache-c28e27eaf2cda0320583202d2edf90c5-79ef2876fae7ca75eedb2aa53dc48338/b9/templateService_b9878b60cced337399fce68531557879
  - server/.jest-cache/jest-transform-cache-c28e27eaf2cda0320583202d2edf90c5-79ef2876fae7ca75eedb2aa53dc48338/b9/templateService_b9878b60cced337399fce68531557879.map
  - server/.jest-cache/jest-transform-cache-c28e27eaf2cda0320583202d2edf90c5-79ef2876fae7ca75eedb2aa53dc48338/b9/validationSchemasCompletetest_b9fbdf7e997796d85e86eeeea0e4db63
  - server/.jest-cache/jest-transform-cache-c28e27eaf2cda0320583202d2edf90c5-79ef2876fae7ca75eedb2aa53dc48338/b9/validationSchemasCompletetest_b9fbdf7e997796d85e86eeeea0e4db63.map
  - server/.jest-cache/jest-transform-cache-c28e27eaf2cda0320583202d2edf90c5-79ef2876fae7ca75eedb2aa53dc48338/b9/workflowStateService_b9636feef94ea476c0d7ce59895fd275
  - server/.jest-cache/jest-transform-cache-c28e27eaf2cda0320583202d2edf90c5-79ef2876fae7ca75eedb2aa53dc48338/b9/workflowStateService_b9636feef94ea476c0d7ce59895fd275.map
  - server/.jest-cache/jest-transform-cache-c28e27eaf2cda0320583202d2edf90c5-79ef2876fae7ca75eedb2aa53dc48338/ba/aiplanning_baabd64d835b2d005a2ad32eac86cac6
  - server/.jest-cache/jest-transform-cache-c28e27eaf2cda0320583202d2edf90c5-79ef2876fae7ca75eedb2aa53dc48338/ba/aiplanning_baabd64d835b2d005a2ad32eac86cac6.map
  - server/.jest-cache/jest-transform-cache-c28e27eaf2cda0320583202d2edf90c5-79ef2876fae7ca75eedb2aa53dc48338/ba/authenticate_ba7c52cedf3d654e286bde0dd6dcf5f0
  - server/.jest-cache/jest-transform-cache-c28e27eaf2cda0320583202d2edf90c5-79ef2876fae7ca75eedb2aa53dc48338/ba/authenticate_ba7c52cedf3d654e286bde0dd6dcf5f0.map
  - server/.jest-cache/jest-transform-cache-c28e27eaf2cda0320583202d2edf90c5-79ef2876fae7ca75eedb2aa53dc48338/ba/emailService_baad982a19aabf480b300f0994c73b10
  - server/.jest-cache/jest-transform-cache-c28e27eaf2cda0320583202d2edf90c5-79ef2876fae7ca75eedb2aa53dc48338/ba/emailService_baad982a19aabf480b300f0994c73b10.map
  - server/.jest-cache/jest-transform-cache-c28e27eaf2cda0320583202d2edf90c5-79ef2876fae7ca75eedb2aa53dc48338/ba/teams_bafe7a9036e5b39de4cc171f9bdd774e
  - server/.jest-cache/jest-transform-cache-c28e27eaf2cda0320583202d2edf90c5-79ef2876fae7ca75eedb2aa53dc48338/ba/teams_bafe7a9036e5b39de4cc171f9bdd774e.map
  - server/.jest-cache/jest-transform-cache-c28e27eaf2cda0320583202d2edf90c5-79ef2876fae7ca75eedb2aa53dc48338/ba/tptWebConnector_ba38da6fc7339bf42ce52e89c28d8908
  - server/.jest-cache/jest-transform-cache-c28e27eaf2cda0320583202d2edf90c5-79ef2876fae7ca75eedb2aa53dc48338/ba/tptWebConnector_ba38da6fc7339bf42ce52e89c28d8908.map
  - server/.jest-cache/jest-transform-cache-c28e27eaf2cda0320583202d2edf90c5-79ef2876fae7ca75eedb2aa53dc48338/bb/activitycollections_bbcd7f00052547c3da44228f057882dc
  - server/.jest-cache/jest-transform-cache-c28e27eaf2cda0320583202d2edf90c5-79ef2876fae7ca75eedb2aa53dc48338/bb/activitycollections_bbcd7f00052547c3da44228f057882dc.map
  - server/.jest-cache/jest-transform-cache-c28e27eaf2cda0320583202d2edf90c5-79ef2876fae7ca75eedb2aa53dc48338/bb/d3SubPlanExtractorsimpletest_bb6b0312ade24ae8ec78ffe477fc9cd4
  - server/.jest-cache/jest-transform-cache-c28e27eaf2cda0320583202d2edf90c5-79ef2876fae7ca75eedb2aa53dc48338/bb/d3SubPlanExtractorsimpletest_bb6b0312ade24ae8ec78ffe477fc9cd4.map
  - server/.jest-cache/jest-transform-cache-c28e27eaf2cda0320583202d2edf90c5-79ef2876fae7ca75eedb2aa53dc48338/bb/emailTestHelper_bb29a8c9c391d13297be328e9507ea55
  - server/.jest-cache/jest-transform-cache-c28e27eaf2cda0320583202d2edf90c5-79ef2876fae7ca75eedb2aa53dc48338/bb/emailTestHelper_bb29a8c9c391d13297be328e9507ea55.map
  - server/.jest-cache/jest-transform-cache-c28e27eaf2cda0320583202d2edf90c5-79ef2876fae7ca75eedb2aa53dc48338/bb/embeddingstest_bba2a6a6b1940a0b634b1a7512bc3a9d
  - server/.jest-cache/jest-transform-cache-c28e27eaf2cda0320583202d2edf90c5-79ef2876fae7ca75eedb2aa53dc48338/bb/embeddingstest_bba2a6a6b1940a0b634b1a7512bc3a9d.map
  - server/.jest-cache/jest-transform-cache-c28e27eaf2cda0320583202d2edf90c5-79ef2876fae7ca75eedb2aa53dc48338/bb/progressChecktest_bb18c6a8f89fc6b1731a2af7c4cc1c6f
  - server/.jest-cache/jest-transform-cache-c28e27eaf2cda0320583202d2edf90c5-79ef2876fae7ca75eedb2aa53dc48338/bb/progressChecktest_bb18c6a8f89fc6b1731a2af7c4cc1c6f.map
  - server/.jest-cache/jest-transform-cache-c28e27eaf2cda0320583202d2edf90c5-79ef2876fae7ca75eedb2aa53dc48338/bb/progressChecktest_bbaef05160cf4e848e34fe068dc69889
  - server/.jest-cache/jest-transform-cache-c28e27eaf2cda0320583202d2edf90c5-79ef2876fae7ca75eedb2aa53dc48338/bb/progressChecktest_bbaef05160cf4e848e34fe068dc69889.map
  - server/.jest-cache/jest-transform-cache-c28e27eaf2cda0320583202d2edf90c5-79ef2876fae7ca75eedb2aa53dc48338/bb/reflectionClassifierService_bb2ce50bfcc1dca3f029a0b1a2ade667
  - server/.jest-cache/jest-transform-cache-c28e27eaf2cda0320583202d2edf90c5-79ef2876fae7ca75eedb2aa53dc48338/bb/reflectionClassifierService_bb2ce50bfcc1dca3f029a0b1a2ade667.map
  - server/.jest-cache/jest-transform-cache-c28e27eaf2cda0320583202d2edf90c5-79ef2876fae7ca75eedb2aa53dc48338/bb/testdbhelpers_bb8a5107ba0eb45b3ad4fc207dc4b46e
  - server/.jest-cache/jest-transform-cache-c28e27eaf2cda0320583202d2edf90c5-79ef2876fae7ca75eedb2aa53dc48338/bb/testdbhelpers_bb8a5107ba0eb45b3ad4fc207dc4b46e.map
  - server/.jest-cache/jest-transform-cache-c28e27eaf2cda0320583202d2edf90c5-79ef2876fae7ca75eedb2aa53dc48338/bb/tptWebConnector_bb2f012e92a292e240e12127aabd0563
  - server/.jest-cache/jest-transform-cache-c28e27eaf2cda0320583202d2edf90c5-79ef2876fae7ca75eedb2aa53dc48338/bb/tptWebConnector_bb2f012e92a292e240e12127aabd0563.map
  - server/.jest-cache/jest-transform-cache-c28e27eaf2cda0320583202d2edf90c5-79ef2876fae7ca75eedb2aa53dc48338/bc/activitycollections_bc19fd2ef47e9832a7e3a7ec3c7f1381
  - server/.jest-cache/jest-transform-cache-c28e27eaf2cda0320583202d2edf90c5-79ef2876fae7ca75eedb2aa53dc48338/bc/activitycollections_bc19fd2ef47e9832a7e3a7ec3c7f1381.map
  - server/.jest-cache/jest-transform-cache-c28e27eaf2cda0320583202d2edf90c5-79ef2876fae7ca75eedb2aa53dc48338/bc/etfoprogress_bcc6b6a2c01a3588a64b1f8d241651a8
  - server/.jest-cache/jest-transform-cache-c28e27eaf2cda0320583202d2edf90c5-79ef2876fae7ca75eedb2aa53dc48338/bc/etfoprogress_bcc6b6a2c01a3588a64b1f8d241651a8.map
  - server/.jest-cache/jest-transform-cache-c28e27eaf2cda0320583202d2edf90c5-79ef2876fae7ca75eedb2aa53dc48338/bc/index_bcbf6c8b6c7c8fceaca365906f993565
  - server/.jest-cache/jest-transform-cache-c28e27eaf2cda0320583202d2edf90c5-79ef2876fae7ca75eedb2aa53dc48338/bc/index_bcbf6c8b6c7c8fceaca365906f993565.map
  - server/.jest-cache/jest-transform-cache-c28e27eaf2cda0320583202d2edf90c5-79ef2876fae7ca75eedb2aa53dc48338/bc/progressCheck_bc6cc48af3aacb3a5b4cdca67408cf06
  - server/.jest-cache/jest-transform-cache-c28e27eaf2cda0320583202d2edf90c5-79ef2876fae7ca75eedb2aa53dc48338/bc/progressCheck_bc6cc48af3aacb3a5b4cdca67408cf06.map
  - server/.jest-cache/jest-transform-cache-c28e27eaf2cda0320583202d2edf90c5-79ef2876fae7ca75eedb2aa53dc48338/bc/student_bcdae5dffa1f9139387bd67c3309b30b
  - server/.jest-cache/jest-transform-cache-c28e27eaf2cda0320583202d2edf90c5-79ef2876fae7ca75eedb2aa53dc48338/bc/student_bcdae5dffa1f9139387bd67c3309b30b.map
  - server/.jest-cache/jest-transform-cache-c28e27eaf2cda0320583202d2edf90c5-79ef2876fae7ca75eedb2aa53dc48338/bc/teams_bc0daf442cdbcac6067d48f0abfa5cef
  - server/.jest-cache/jest-transform-cache-c28e27eaf2cda0320583202d2edf90c5-79ef2876fae7ca75eedb2aa53dc48338/bc/teams_bc0daf442cdbcac6067d48f0abfa5cef.map
  - server/.jest-cache/jest-transform-cache-c28e27eaf2cda0320583202d2edf90c5-79ef2876fae7ca75eedb2aa53dc48338/bd/aiActivityGeneratorService_bd9b4d96939034b9f2c080a0d1970d14
  - server/.jest-cache/jest-transform-cache-c28e27eaf2cda0320583202d2edf90c5-79ef2876fae7ca75eedb2aa53dc48338/bd/aiActivityGeneratorService_bd9b4d96939034b9f2c080a0d1970d14.map
  - server/.jest-cache/jest-transform-cache-c28e27eaf2cda0320583202d2edf90c5-79ef2876fae7ca75eedb2aa53dc48338/bd/aiDraftService_bd7fffe1fe5a7f972848b708e2f64f69
  - server/.jest-cache/jest-transform-cache-c28e27eaf2cda0320583202d2edf90c5-79ef2876fae7ca75eedb2aa53dc48338/bd/aiDraftService_bd7fffe1fe5a7f972848b708e2f64f69.map
  - server/.jest-cache/jest-transform-cache-c28e27eaf2cda0320583202d2edf90c5-79ef2876fae7ca75eedb2aa53dc48338/bd/bilingualLessonTemplates_bdc220e4c8f4eebce5cb1b9f8b72b0dc
  - server/.jest-cache/jest-transform-cache-c28e27eaf2cda0320583202d2edf90c5-79ef2876fae7ca75eedb2aa53dc48338/bd/bilingualLessonTemplates_bdc220e4c8f4eebce5cb1b9f8b72b0dc.map
  - server/.jest-cache/jest-transform-cache-c28e27eaf2cda0320583202d2edf90c5-79ef2876fae7ca75eedb2aa53dc48338/bd/curriculumDiscoveryService_bd1bebb5c72cad777aed58c0673ac0b9
  - server/.jest-cache/jest-transform-cache-c28e27eaf2cda0320583202d2edf90c5-79ef2876fae7ca75eedb2aa53dc48338/bd/curriculumDiscoveryService_bd1bebb5c72cad777aed58c0673ac0b9.map
  - server/.jest-cache/jest-transform-cache-c28e27eaf2cda0320583202d2edf90c5-79ef2876fae7ca75eedb2aa53dc48338/bd/etfoprogress_bd10bad4668c037dfe6c8bc046ac8828
  - server/.jest-cache/jest-transform-cache-c28e27eaf2cda0320583202d2edf90c5-79ef2876fae7ca75eedb2aa53dc48338/bd/etfoprogress_bd10bad4668c037dfe6c8bc046ac8828.map
  - server/.jest-cache/jest-transform-cache-c28e27eaf2cda0320583202d2edf90c5-79ef2876fae7ca75eedb2aa53dc48338/bd/scenarioTemplateExtractorsimpletest_bd0ce57ec3f89d00aee033a43b6c3fd0
  - server/.jest-cache/jest-transform-cache-c28e27eaf2cda0320583202d2edf90c5-79ef2876fae7ca75eedb2aa53dc48338/bd/scenarioTemplateExtractorsimpletest_bd0ce57ec3f89d00aee033a43b6c3fd0.map
  - server/.jest-cache/jest-transform-cache-c28e27eaf2cda0320583202d2edf90c5-79ef2876fae7ca75eedb2aa53dc48338/bd/validationunittest_bd01cb4d09a1122ccfc8156e4492a240
  - server/.jest-cache/jest-transform-cache-c28e27eaf2cda0320583202d2edf90c5-79ef2876fae7ca75eedb2aa53dc48338/bd/validationunittest_bd01cb4d09a1122ccfc8156e4492a240.map
  - server/.jest-cache/jest-transform-cache-c28e27eaf2cda0320583202d2edf90c5-79ef2876fae7ca75eedb2aa53dc48338/be/aiPlanningAssistant_be5cdd07699e767b910b06d593c90814
  - server/.jest-cache/jest-transform-cache-c28e27eaf2cda0320583202d2edf90c5-79ef2876fae7ca75eedb2aa53dc48338/be/aiPlanningAssistant_be5cdd07699e767b910b06d593c90814.map
  - server/.jest-cache/jest-transform-cache-c28e27eaf2cda0320583202d2edf90c5-79ef2876fae7ca75eedb2aa53dc48338/be/anthropicService_be512f25270c351599eb3eb4a922d4ae
  - server/.jest-cache/jest-transform-cache-c28e27eaf2cda0320583202d2edf90c5-79ef2876fae7ca75eedb2aa53dc48338/be/anthropicService_be512f25270c351599eb3eb4a922d4ae.map
  - server/.jest-cache/jest-transform-cache-c28e27eaf2cda0320583202d2edf90c5-79ef2876fae7ca75eedb2aa53dc48338/be/jestsetup_be2e12a3f021b1f02f09a56d1a730a82
  - server/.jest-cache/jest-transform-cache-c28e27eaf2cda0320583202d2edf90c5-79ef2876fae7ca75eedb2aa53dc48338/be/newsletterService_be5a2b0a4ab8565b17679060d2f3c86c
  - server/.jest-cache/jest-transform-cache-c28e27eaf2cda0320583202d2edf90c5-79ef2876fae7ca75eedb2aa53dc48338/be/newsletterService_be5a2b0a4ab8565b17679060d2f3c86c.map
  - server/.jest-cache/jest-transform-cache-c28e27eaf2cda0320583202d2edf90c5-79ef2876fae7ca75eedb2aa53dc48338/be/recentplans_bec21d10522093bb005c6dd3d8abf2ae
  - server/.jest-cache/jest-transform-cache-c28e27eaf2cda0320583202d2edf90c5-79ef2876fae7ca75eedb2aa53dc48338/be/recentplans_bec21d10522093bb005c6dd3d8abf2ae.map
  - server/.jest-cache/jest-transform-cache-c28e27eaf2cda0320583202d2edf90c5-79ef2876fae7ca75eedb2aa53dc48338/be/setupallmocks_beba6dfda7dac533827b9cbb659b6737
  - server/.jest-cache/jest-transform-cache-c28e27eaf2cda0320583202d2edf90c5-79ef2876fae7ca75eedb2aa53dc48338/be/setupallmocks_beba6dfda7dac533827b9cbb659b6737.map
  - server/.jest-cache/jest-transform-cache-c28e27eaf2cda0320583202d2edf90c5-79ef2876fae7ca75eedb2aa53dc48338/bf/BaseService_bf0fc7c7047098ca073d407aeba9b0f9
  - server/.jest-cache/jest-transform-cache-c28e27eaf2cda0320583202d2edf90c5-79ef2876fae7ca75eedb2aa53dc48338/bf/BaseService_bf0fc7c7047098ca073d407aeba9b0f9.map
  - server/.jest-cache/jest-transform-cache-c28e27eaf2cda0320583202d2edf90c5-79ef2876fae7ca75eedb2aa53dc48338/bf/activitycollections_bf7b681a673e33d97aa2a0d513af5b99
  - server/.jest-cache/jest-transform-cache-c28e27eaf2cda0320583202d2edf90c5-79ef2876fae7ca75eedb2aa53dc48338/bf/activitycollections_bf7b681a673e33d97aa2a0d513af5b99.map
  - server/.jest-cache/jest-transform-cache-c28e27eaf2cda0320583202d2edf90c5-79ef2876fae7ca75eedb2aa53dc48338/bf/aiplanning_bf755f79bf1e2d26cb673b3a926b464f
  - server/.jest-cache/jest-transform-cache-c28e27eaf2cda0320583202d2edf90c5-79ef2876fae7ca75eedb2aa53dc48338/bf/aiplanning_bf755f79bf1e2d26cb673b3a926b464f.map
  - server/.jest-cache/jest-transform-cache-c28e27eaf2cda0320583202d2edf90c5-79ef2876fae7ca75eedb2aa53dc48338/bf/contactExtractor_bf0188194d1288bdc6b429bab30c905c
  - server/.jest-cache/jest-transform-cache-c28e27eaf2cda0320583202d2edf90c5-79ef2876fae7ca75eedb2aa53dc48338/bf/contactExtractor_bf0188194d1288bdc6b429bab30c905c.map
  - server/.jest-cache/jest-transform-cache-c28e27eaf2cda0320583202d2edf90c5-79ef2876fae7ca75eedb2aa53dc48338/bf/discoverySchedulerService_bf662aef3f77650c143c3404f88080da
  - server/.jest-cache/jest-transform-cache-c28e27eaf2cda0320583202d2edf90c5-79ef2876fae7ca75eedb2aa53dc48338/bf/discoverySchedulerService_bf662aef3f77650c143c3404f88080da.map
  - server/.jest-cache/jest-transform-cache-c28e27eaf2cda0320583202d2edf90c5-79ef2876fae7ca75eedb2aa53dc48338/bf/etfohelpers_bfd8d193d7e4681f0653d692cefe0584
  - server/.jest-cache/jest-transform-cache-c28e27eaf2cda0320583202d2edf90c5-79ef2876fae7ca75eedb2aa53dc48338/bf/etfohelpers_bfd8d193d7e4681f0653d692cefe0584.map
  - server/.jest-cache/jest-transform-cache-c28e27eaf2cda0320583202d2edf90c5-79ef2876fae7ca75eedb2aa53dc48338/bf/templateServicetest_bf4490351dfe99e688b40133a009d2c9
  - server/.jest-cache/jest-transform-cache-c28e27eaf2cda0320583202d2edf90c5-79ef2876fae7ca75eedb2aa53dc48338/bf/templateServicetest_bf4490351dfe99e688b40133a009d2c9.map
  - server/.jest-cache/jest-transform-cache-c28e27eaf2cda0320583202d2edf90c5-79ef2876fae7ca75eedb2aa53dc48338/bf/unitplans_bff7ab68a10544578254d3a90e0df0b3
  - server/.jest-cache/jest-transform-cache-c28e27eaf2cda0320583202d2edf90c5-79ef2876fae7ca75eedb2aa53dc48338/bf/unitplans_bff7ab68a10544578254d3a90e0df0b3.map
  - server/.jest-cache/jest-transform-cache-c28e27eaf2cda0320583202d2edf90c5-79ef2876fae7ca75eedb2aa53dc48338/c0/BaseService_c06f254f4e08aefcb95c4d3a0e2ad1c6
  - server/.jest-cache/jest-transform-cache-c28e27eaf2cda0320583202d2edf90c5-79ef2876fae7ca75eedb2aa53dc48338/c0/BaseService_c06f254f4e08aefcb95c4d3a0e2ad1c6.map
  - server/.jest-cache/jest-transform-cache-c28e27eaf2cda0320583202d2edf90c5-79ef2876fae7ca75eedb2aa53dc48338/c0/BaseService_c076b9fd2dd2aed2f3735e844f2bccc2
  - server/.jest-cache/jest-transform-cache-c28e27eaf2cda0320583202d2edf90c5-79ef2876fae7ca75eedb2aa53dc48338/c0/BaseService_c076b9fd2dd2aed2f3735e844f2bccc2.map
  - server/.jest-cache/jest-transform-cache-c28e27eaf2cda0320583202d2edf90c5-79ef2876fae7ca75eedb2aa53dc48338/c0/batch_c0e4fe2e4ecf0ad641e63aecd12661b7
  - server/.jest-cache/jest-transform-cache-c28e27eaf2cda0320583202d2edf90c5-79ef2876fae7ca75eedb2aa53dc48338/c0/batch_c0e4fe2e4ecf0ad641e63aecd12661b7.map
  - server/.jest-cache/jest-transform-cache-c28e27eaf2cda0320583202d2edf90c5-79ef2876fae7ca75eedb2aa53dc48338/c0/contactExtractorunittest_c0fff4eb48747bd95c9208240b83f682
  - server/.jest-cache/jest-transform-cache-c28e27eaf2cda0320583202d2edf90c5-79ef2876fae7ca75eedb2aa53dc48338/c0/contactExtractorunittest_c0fff4eb48747bd95c9208240b83f682.map
  - server/.jest-cache/jest-transform-cache-c28e27eaf2cda0320583202d2edf90c5-79ef2876fae7ca75eedb2aa53dc48338/c0/equipmentBookingtest_c0ef4bd5b8fe9414821ed9174d29db4e
  - server/.jest-cache/jest-transform-cache-c28e27eaf2cda0320583202d2edf90c5-79ef2876fae7ca75eedb2aa53dc48338/c0/equipmentBookingtest_c0ef4bd5b8fe9414821ed9174d29db4e.map
  - server/.jest-cache/jest-transform-cache-c28e27eaf2cda0320583202d2edf90c5-79ef2876fae7ca75eedb2aa53dc48338/c0/newsletterService_c01cfb26ebfb0a8fdfc99fad6da30505
  - server/.jest-cache/jest-transform-cache-c28e27eaf2cda0320583202d2edf90c5-79ef2876fae7ca75eedb2aa53dc48338/c0/newsletterService_c01cfb26ebfb0a8fdfc99fad6da30505.map
  - server/.jest-cache/jest-transform-cache-c28e27eaf2cda0320583202d2edf90c5-79ef2876fae7ca75eedb2aa53dc48338/c0/notificationServicetest_c0a44505f094bd791e0278f2daf2593f
  - server/.jest-cache/jest-transform-cache-c28e27eaf2cda0320583202d2edf90c5-79ef2876fae7ca75eedb2aa53dc48338/c0/notificationServicetest_c0a44505f094bd791e0278f2daf2593f.map
  - server/.jest-cache/jest-transform-cache-c28e27eaf2cda0320583202d2edf90c5-79ef2876fae7ca75eedb2aa53dc48338/c1/activitydiscovery_c1beeabc065723e3e38a2763c7cbeaa7
  - server/.jest-cache/jest-transform-cache-c28e27eaf2cda0320583202d2edf90c5-79ef2876fae7ca75eedb2aa53dc48338/c1/activitydiscovery_c1beeabc065723e3e38a2763c7cbeaa7.map
  - server/.jest-cache/jest-transform-cache-c28e27eaf2cda0320583202d2edf90c5-79ef2876fae7ca75eedb2aa53dc48338/c1/aiActivityGeneratorService_c1c77684c5a27c9658d6bedafb6e95de
  - server/.jest-cache/jest-transform-cache-c28e27eaf2cda0320583202d2edf90c5-79ef2876fae7ca75eedb2aa53dc48338/c1/aiActivityGeneratorService_c1c77684c5a27c9658d6bedafb6e95de.map
  - server/.jest-cache/jest-transform-cache-c28e27eaf2cda0320583202d2edf90c5-79ef2876fae7ca75eedb2aa53dc48338/c1/auth_c198e5b8d72158da5c383ac384d72bde
  - server/.jest-cache/jest-transform-cache-c28e27eaf2cda0320583202d2edf90c5-79ef2876fae7ca75eedb2aa53dc48338/c1/auth_c198e5b8d72158da5c383ac384d72bde.map
  - server/.jest-cache/jest-transform-cache-c28e27eaf2cda0320583202d2edf90c5-79ef2876fae7ca75eedb2aa53dc48338/c1/databasemock_c12f2a92d309eca17fc1a67695abe298
  - server/.jest-cache/jest-transform-cache-c28e27eaf2cda0320583202d2edf90c5-79ef2876fae7ca75eedb2aa53dc48338/c1/databasemock_c12f2a92d309eca17fc1a67695abe298.map
  - server/.jest-cache/jest-transform-cache-c28e27eaf2cda0320583202d2edf90c5-79ef2876fae7ca75eedb2aa53dc48338/c1/inputSanitization_c115ea047a464ff21fb03bc0c2969791
  - server/.jest-cache/jest-transform-cache-c28e27eaf2cda0320583202d2edf90c5-79ef2876fae7ca75eedb2aa53dc48338/c1/inputSanitization_c115ea047a464ff21fb03bc0c2969791.map
  - server/.jest-cache/jest-transform-cache-c28e27eaf2cda0320583202d2edf90c5-79ef2876fae7ca75eedb2aa53dc48338/c1/lessonroutestest_c1b04938bb9351322415ebfb0e9f6df9
  - server/.jest-cache/jest-transform-cache-c28e27eaf2cda0320583202d2edf90c5-79ef2876fae7ca75eedb2aa53dc48338/c1/lessonroutestest_c1b04938bb9351322415ebfb0e9f6df9.map
  - server/.jest-cache/jest-transform-cache-c28e27eaf2cda0320583202d2edf90c5-79ef2876fae7ca75eedb2aa53dc48338/c1/llmService_c1a3ecf41eaeaaead07fc176493673fe
  - server/.jest-cache/jest-transform-cache-c28e27eaf2cda0320583202d2edf90c5-79ef2876fae7ca75eedb2aa53dc48338/c1/llmService_c1a3ecf41eaeaaead07fc176493673fe.map
  - server/.jest-cache/jest-transform-cache-c28e27eaf2cda0320583202d2edf90c5-79ef2876fae7ca75eedb2aa53dc48338/c1/longrangeplans_c18782e61ada6df587b5f81c1370b9c5
  - server/.jest-cache/jest-transform-cache-c28e27eaf2cda0320583202d2edf90c5-79ef2876fae7ca75eedb2aa53dc48338/c1/longrangeplans_c18782e61ada6df587b5f81c1370b9c5.map
  - server/.jest-cache/jest-transform-cache-c28e27eaf2cda0320583202d2edf90c5-79ef2876fae7ca75eedb2aa53dc48338/c1/plannerstate_c1da30a868313dba5578adaa0282ffa9
  - server/.jest-cache/jest-transform-cache-c28e27eaf2cda0320583202d2edf90c5-79ef2876fae7ca75eedb2aa53dc48338/c1/plannerstate_c1da30a868313dba5578adaa0282ffa9.map
  - server/.jest-cache/jest-transform-cache-c28e27eaf2cda0320583202d2edf90c5-79ef2876fae7ca75eedb2aa53dc48338/c1/simpleservertest_c1f16de7f10cabd111d56cf091a3dd71
  - server/.jest-cache/jest-transform-cache-c28e27eaf2cda0320583202d2edf90c5-79ef2876fae7ca75eedb2aa53dc48338/c1/simpleservertest_c1f16de7f10cabd111d56cf091a3dd71.map
  - server/.jest-cache/jest-transform-cache-c28e27eaf2cda0320583202d2edf90c5-79ef2876fae7ca75eedb2aa53dc48338/c2/baseConnector_c2dd4dc6ee4f5645019ece8a66c7fdd5
  - server/.jest-cache/jest-transform-cache-c28e27eaf2cda0320583202d2edf90c5-79ef2876fae7ca75eedb2aa53dc48338/c2/baseConnector_c2dd4dc6ee4f5645019ece8a66c7fdd5.map
  - server/.jest-cache/jest-transform-cache-c28e27eaf2cda0320583202d2edf90c5-79ef2876fae7ca75eedb2aa53dc48338/c2/contactExtractor_c2af0034b6b3700a66aeb41b2ccfe0fe
  - server/.jest-cache/jest-transform-cache-c28e27eaf2cda0320583202d2edf90c5-79ef2876fae7ca75eedb2aa53dc48338/c2/contactExtractor_c2af0034b6b3700a66aeb41b2ccfe0fe.map
  - server/.jest-cache/jest-transform-cache-c28e27eaf2cda0320583202d2edf90c5-79ef2876fae7ca75eedb2aa53dc48338/c2/prisma_c2a6f5f3b01ab1993a2670378c290f4c
  - server/.jest-cache/jest-transform-cache-c28e27eaf2cda0320583202d2edf90c5-79ef2876fae7ca75eedb2aa53dc48338/c2/prisma_c2a6f5f3b01ab1993a2670378c290f4c.map
  - server/.jest-cache/jest-transform-cache-c28e27eaf2cda0320583202d2edf90c5-79ef2876fae7ca75eedb2aa53dc48338/c2/validation_c24d5dac2bccda52dd70c266ac0579d6
  - server/.jest-cache/jest-transform-cache-c28e27eaf2cda0320583202d2edf90c5-79ef2876fae7ca75eedb2aa53dc48338/c2/validation_c24d5dac2bccda52dd70c266ac0579d6.map
  - server/.jest-cache/jest-transform-cache-c28e27eaf2cda0320583202d2edf90c5-79ef2876fae7ca75eedb2aa53dc48338/c3/activityDiscoveryService_c3aaa619b9384d46f7d4a73245ecc508
  - server/.jest-cache/jest-transform-cache-c28e27eaf2cda0320583202d2edf90c5-79ef2876fae7ca75eedb2aa53dc48338/c3/activityDiscoveryService_c3aaa619b9384d46f7d4a73245ecc508.map
  - server/.jest-cache/jest-transform-cache-c28e27eaf2cda0320583202d2edf90c5-79ef2876fae7ca75eedb2aa53dc48338/c3/curriculumImportServicetest_c34a317756ab01657805c6a38f738c3f
  - server/.jest-cache/jest-transform-cache-c28e27eaf2cda0320583202d2edf90c5-79ef2876fae7ca75eedb2aa53dc48338/c3/curriculumImportServicetest_c34a317756ab01657805c6a38f738c3f.map
  - server/.jest-cache/jest-transform-cache-c28e27eaf2cda0320583202d2edf90c5-79ef2876fae7ca75eedb2aa53dc48338/c3/globalsetup_c31f335fd282b4e489269ea28a1e1742
  - server/.jest-cache/jest-transform-cache-c28e27eaf2cda0320583202d2edf90c5-79ef2876fae7ca75eedb2aa53dc48338/c3/globalsetup_c31f335fd282b4e489269ea28a1e1742.map
  - server/.jest-cache/jest-transform-cache-c28e27eaf2cda0320583202d2edf90c5-79ef2876fae7ca75eedb2aa53dc48338/c3/initializeServices_c30963067deec43b7276ca22d024bff3
  - server/.jest-cache/jest-transform-cache-c28e27eaf2cda0320583202d2edf90c5-79ef2876fae7ca75eedb2aa53dc48338/c3/initializeServices_c30963067deec43b7276ca22d024bff3.map
  - server/.jest-cache/jest-transform-cache-c28e27eaf2cda0320583202d2edf90c5-79ef2876fae7ca75eedb2aa53dc48338/c3/planningtest_c3daab86c8775e8a280f063884e0c266
  - server/.jest-cache/jest-transform-cache-c28e27eaf2cda0320583202d2edf90c5-79ef2876fae7ca75eedb2aa53dc48338/c3/planningtest_c3daab86c8775e8a280f063884e0c266.map
  - server/.jest-cache/jest-transform-cache-c28e27eaf2cda0320583202d2edf90c5-79ef2876fae7ca75eedb2aa53dc48338/c3/subPlanService_c34b24375d5fc1c3e1bbf7ebef1bfb0e
  - server/.jest-cache/jest-transform-cache-c28e27eaf2cda0320583202d2edf90c5-79ef2876fae7ca75eedb2aa53dc48338/c3/subPlanService_c34b24375d5fc1c3e1bbf7ebef1bfb0e.map
  - server/.jest-cache/jest-transform-cache-c28e27eaf2cda0320583202d2edf90c5-79ef2876fae7ca75eedb2aa53dc48338/c3/templateService_c38eaa85e65493d0b73fee1d88018935
  - server/.jest-cache/jest-transform-cache-c28e27eaf2cda0320583202d2edf90c5-79ef2876fae7ca75eedb2aa53dc48338/c3/templateService_c38eaa85e65493d0b73fee1d88018935.map
  - server/.jest-cache/jest-transform-cache-c28e27eaf2cda0320583202d2edf90c5-79ef2876fae7ca75eedb2aa53dc48338/c4/CacheService_c4fe791252c18b3ad8fd2e978723b596
  - server/.jest-cache/jest-transform-cache-c28e27eaf2cda0320583202d2edf90c5-79ef2876fae7ca75eedb2aa53dc48338/c4/CacheService_c4fe791252c18b3ad8fd2e978723b596.map
  - server/.jest-cache/jest-transform-cache-c28e27eaf2cda0320583202d2edf90c5-79ef2876fae7ca75eedb2aa53dc48338/c4/activityDiscoveryService_c4d8c01ecba0f66167843613aa8863a4
  - server/.jest-cache/jest-transform-cache-c28e27eaf2cda0320583202d2edf90c5-79ef2876fae7ca75eedb2aa53dc48338/c4/activityDiscoveryService_c4d8c01ecba0f66167843613aa8863a4.map
  - server/.jest-cache/jest-transform-cache-c28e27eaf2cda0320583202d2edf90c5-79ef2876fae7ca75eedb2aa53dc48338/c4/aiactivitygeneration_c4375b9aa48fdf8b0c8b26ae7eca3791
  - server/.jest-cache/jest-transform-cache-c28e27eaf2cda0320583202d2edf90c5-79ef2876fae7ca75eedb2aa53dc48338/c4/aiactivitygeneration_c4375b9aa48fdf8b0c8b26ae7eca3791.map
  - server/.jest-cache/jest-transform-cache-c28e27eaf2cda0320583202d2edf90c5-79ef2876fae7ca75eedb2aa53dc48338/c4/initializeServices_c459a70db5f3ba87a81e0390c946e47e
  - server/.jest-cache/jest-transform-cache-c28e27eaf2cda0320583202d2edf90c5-79ef2876fae7ca75eedb2aa53dc48338/c4/initializeServices_c459a70db5f3ba87a81e0390c946e47e.map
  - server/.jest-cache/jest-transform-cache-c28e27eaf2cda0320583202d2edf90c5-79ef2876fae7ca75eedb2aa53dc48338/c4/plannerstate_c4ccd48c99995a4c795a1afc587a8754
  - server/.jest-cache/jest-transform-cache-c28e27eaf2cda0320583202d2edf90c5-79ef2876fae7ca75eedb2aa53dc48338/c4/plannerstate_c4ccd48c99995a4c795a1afc587a8754.map
  - server/.jest-cache/jest-transform-cache-c28e27eaf2cda0320583202d2edf90c5-79ef2876fae7ca75eedb2aa53dc48338/c4/subplan_c4375b225fe519f18165fbd8fe594bac
  - server/.jest-cache/jest-transform-cache-c28e27eaf2cda0320583202d2edf90c5-79ef2876fae7ca75eedb2aa53dc48338/c4/subplan_c4375b225fe519f18165fbd8fe594bac.map
  - server/.jest-cache/jest-transform-cache-c28e27eaf2cda0320583202d2edf90c5-79ef2876fae7ca75eedb2aa53dc48338/c4/workflowStatetest_c4b763bf406be6ecacb59a9a292efe19
  - server/.jest-cache/jest-transform-cache-c28e27eaf2cda0320583202d2edf90c5-79ef2876fae7ca75eedb2aa53dc48338/c4/workflowStatetest_c4b763bf406be6ecacb59a9a292efe19.map
  - server/.jest-cache/jest-transform-cache-c28e27eaf2cda0320583202d2edf90c5-79ef2876fae7ca75eedb2aa53dc48338/c5/contactExtractor_c574d4e9a4e6bb34202324e9a20669dd
  - server/.jest-cache/jest-transform-cache-c28e27eaf2cda0320583202d2edf90c5-79ef2876fae7ca75eedb2aa53dc48338/c5/contactExtractor_c574d4e9a4e6bb34202324e9a20669dd.map
  - server/.jest-cache/jest-transform-cache-c28e27eaf2cda0320583202d2edf90c5-79ef2876fae7ca75eedb2aa53dc48338/c5/contactExtractorunittest_c5a0bd8564daf5a66828a725f5efcf68
  - server/.jest-cache/jest-transform-cache-c28e27eaf2cda0320583202d2edf90c5-79ef2876fae7ca75eedb2aa53dc48338/c5/contactExtractorunittest_c5a0bd8564daf5a66828a725f5efcf68.map
  - server/.jest-cache/jest-transform-cache-c28e27eaf2cda0320583202d2edf90c5-79ef2876fae7ca75eedb2aa53dc48338/c5/educationWebConnectortest_c5637fc71b70ce31a8b7b03b6f3e8fc7
  - server/.jest-cache/jest-transform-cache-c28e27eaf2cda0320583202d2edf90c5-79ef2876fae7ca75eedb2aa53dc48338/c5/educationWebConnectortest_c5637fc71b70ce31a8b7b03b6f3e8fc7.map
  - server/.jest-cache/jest-transform-cache-c28e27eaf2cda0320583202d2edf90c5-79ef2876fae7ca75eedb2aa53dc48338/c5/testserver_c52ef860ddb525eccc339402bde7f666
  - server/.jest-cache/jest-transform-cache-c28e27eaf2cda0320583202d2edf90c5-79ef2876fae7ca75eedb2aa53dc48338/c5/testserver_c52ef860ddb525eccc339402bde7f666.map
  - server/.jest-cache/jest-transform-cache-c28e27eaf2cda0320583202d2edf90c5-79ef2876fae7ca75eedb2aa53dc48338/c6/calendarevents_c6e74301a5292cd815618d4ecba0286f
  - server/.jest-cache/jest-transform-cache-c28e27eaf2cda0320583202d2edf90c5-79ef2876fae7ca75eedb2aa53dc48338/c6/calendarevents_c6e74301a5292cd815618d4ecba0286f.map
  - server/.jest-cache/jest-transform-cache-c28e27eaf2cda0320583202d2edf90c5-79ef2876fae7ca75eedb2aa53dc48338/c6/curriculumImportServiceupdatedtest_c6d1463392d150062741007966771de2
  - server/.jest-cache/jest-transform-cache-c28e27eaf2cda0320583202d2edf90c5-79ef2876fae7ca75eedb2aa53dc48338/c6/curriculumImportServiceupdatedtest_c6d1463392d150062741007966771de2.map
  - server/.jest-cache/jest-transform-cache-c28e27eaf2cda0320583202d2edf90c5-79ef2876fae7ca75eedb2aa53dc48338/c6/lessonroutestest_c6ff6222440e61650e3862c442a35e56
  - server/.jest-cache/jest-transform-cache-c28e27eaf2cda0320583202d2edf90c5-79ef2876fae7ca75eedb2aa53dc48338/c6/lessonroutestest_c6ff6222440e61650e3862c442a35e56.map
  - server/.jest-cache/jest-transform-cache-c28e27eaf2cda0320583202d2edf90c5-79ef2876fae7ca75eedb2aa53dc48338/c6/phase3basictest_c6f212cc8ae3b7f02769e3cf36167fc7
  - server/.jest-cache/jest-transform-cache-c28e27eaf2cda0320583202d2edf90c5-79ef2876fae7ca75eedb2aa53dc48338/c6/phase3basictest_c6f212cc8ae3b7f02769e3cf36167fc7.map
  - server/.jest-cache/jest-transform-cache-c28e27eaf2cda0320583202d2edf90c5-79ef2876fae7ca75eedb2aa53dc48338/c7/comments_c7090b24656b31d819caac538472f8f9
  - server/.jest-cache/jest-transform-cache-c28e27eaf2cda0320583202d2edf90c5-79ef2876fae7ca75eedb2aa53dc48338/c7/comments_c7090b24656b31d819caac538472f8f9.map
  - server/.jest-cache/jest-transform-cache-c28e27eaf2cda0320583202d2edf90c5-79ef2876fae7ca75eedb2aa53dc48338/c7/educationWebConnector_c7787766fe139f441c76e80089fa5d8f
  - server/.jest-cache/jest-transform-cache-c28e27eaf2cda0320583202d2edf90c5-79ef2876fae7ca75eedb2aa53dc48338/c7/educationWebConnector_c7787766fe139f441c76e80089fa5d8f.map
  - server/.jest-cache/jest-transform-cache-c28e27eaf2cda0320583202d2edf90c5-79ef2876fae7ca75eedb2aa53dc48338/c7/rateLimiter_c75a15fafd41adf8d7f2f032086be4c3
  - server/.jest-cache/jest-transform-cache-c28e27eaf2cda0320583202d2edf90c5-79ef2876fae7ca75eedb2aa53dc48338/c7/rateLimiter_c75a15fafd41adf8d7f2f032086be4c3.map
  - server/.jest-cache/jest-transform-cache-c28e27eaf2cda0320583202d2edf90c5-79ef2876fae7ca75eedb2aa53dc48338/c7/sharing_c73e15119b1f2875814fb45fb1740631
  - server/.jest-cache/jest-transform-cache-c28e27eaf2cda0320583202d2edf90c5-79ef2876fae7ca75eedb2aa53dc48338/c7/sharing_c73e15119b1f2875814fb45fb1740631.map
  - server/.jest-cache/jest-transform-cache-c28e27eaf2cda0320583202d2edf90c5-79ef2876fae7ca75eedb2aa53dc48338/c7/weeklyPlanExtractor_c7e5b5f4fdef19a55439801c905d5d30
  - server/.jest-cache/jest-transform-cache-c28e27eaf2cda0320583202d2edf90c5-79ef2876fae7ca75eedb2aa53dc48338/c7/weeklyPlanExtractor_c7e5b5f4fdef19a55439801c905d5d30.map
  - server/.jest-cache/jest-transform-cache-c28e27eaf2cda0320583202d2edf90c5-79ef2876fae7ca75eedb2aa53dc48338/c7/workflowStateService_c7624b3317341704d116a87b7a69ce32
  - server/.jest-cache/jest-transform-cache-c28e27eaf2cda0320583202d2edf90c5-79ef2876fae7ca75eedb2aa53dc48338/c7/workflowStateService_c7624b3317341704d116a87b7a69ce32.map
  - server/.jest-cache/jest-transform-cache-c28e27eaf2cda0320583202d2edf90c5-79ef2876fae7ca75eedb2aa53dc48338/c8/aiPlanningAssistant_c85e7c26df230ef5309822242a67eb63
  - server/.jest-cache/jest-transform-cache-c28e27eaf2cda0320583202d2edf90c5-79ef2876fae7ca75eedb2aa53dc48338/c8/aiPlanningAssistant_c85e7c26df230ef5309822242a67eb63.map
  - server/.jest-cache/jest-transform-cache-c28e27eaf2cda0320583202d2edf90c5-79ef2876fae7ca75eedb2aa53dc48338/c8/contactValidationtest_c83cf5c78ca87745b0b6173f9c0c97f8
  - server/.jest-cache/jest-transform-cache-c28e27eaf2cda0320583202d2edf90c5-79ef2876fae7ca75eedb2aa53dc48338/c8/contactValidationtest_c83cf5c78ca87745b0b6173f9c0c97f8.map
  - server/.jest-cache/jest-transform-cache-c28e27eaf2cda0320583202d2edf90c5-79ef2876fae7ca75eedb2aa53dc48338/c8/curriculumImportService_c8dbcf9c1178d337b75265159e4b3db3
  - server/.jest-cache/jest-transform-cache-c28e27eaf2cda0320583202d2edf90c5-79ef2876fae7ca75eedb2aa53dc48338/c8/curriculumImportService_c8dbcf9c1178d337b75265159e4b3db3.map
  - server/.jest-cache/jest-transform-cache-c28e27eaf2cda0320583202d2edf90c5-79ef2876fae7ca75eedb2aa53dc48338/c8/curriculumImportServicecomprehensivetest_c88f2104a381aaed0d94e5848e13d57a
  - server/.jest-cache/jest-transform-cache-c28e27eaf2cda0320583202d2edf90c5-79ef2876fae7ca75eedb2aa53dc48338/c8/curriculumImportServicecomprehensivetest_c88f2104a381aaed0d94e5848e13d57a.map
  - server/.jest-cache/jest-transform-cache-c28e27eaf2cda0320583202d2edf90c5-79ef2876fae7ca75eedb2aa53dc48338/c8/discoveryscheduler_c8e342d6d6c5481f737f5024d2005447
  - server/.jest-cache/jest-transform-cache-c28e27eaf2cda0320583202d2edf90c5-79ef2876fae7ca75eedb2aa53dc48338/c8/discoveryscheduler_c8e342d6d6c5481f737f5024d2005447.map
  - server/.jest-cache/jest-transform-cache-c28e27eaf2cda0320583202d2edf90c5-79ef2876fae7ca75eedb2aa53dc48338/c8/materialGeneratorunittest_c8b76b2f9145b6314198a7e53f8e586c
  - server/.jest-cache/jest-transform-cache-c28e27eaf2cda0320583202d2edf90c5-79ef2876fae7ca75eedb2aa53dc48338/c8/materialGeneratorunittest_c8b76b2f9145b6314198a7e53f8e586c.map
  - server/.jest-cache/jest-transform-cache-c28e27eaf2cda0320583202d2edf90c5-79ef2876fae7ca75eedb2aa53dc48338/c8/newsletterTrigger_c8c80133e1ba67f915bf0749e78b4c3d
  - server/.jest-cache/jest-transform-cache-c28e27eaf2cda0320583202d2edf90c5-79ef2876fae7ca75eedb2aa53dc48338/c8/newsletterTrigger_c8c80133e1ba67f915bf0749e78b4c3d.map
  - server/.jest-cache/jest-transform-cache-c28e27eaf2cda0320583202d2edf90c5-79ef2876fae7ca75eedb2aa53dc48338/c8/subplan_c8c84865b2db0da93c6faf26c746ff25
  - server/.jest-cache/jest-transform-cache-c28e27eaf2cda0320583202d2edf90c5-79ef2876fae7ca75eedb2aa53dc48338/c8/subplan_c8c84865b2db0da93c6faf26c746ff25.map
  - server/.jest-cache/jest-transform-cache-c28e27eaf2cda0320583202d2edf90c5-79ef2876fae7ca75eedb2aa53dc48338/c9/aiDraftService_c9e540267b9d79524e59e0b287c32020
  - server/.jest-cache/jest-transform-cache-c28e27eaf2cda0320583202d2edf90c5-79ef2876fae7ca75eedb2aa53dc48338/c9/aiDraftService_c9e540267b9d79524e59e0b287c32020.map
  - server/.jest-cache/jest-transform-cache-c28e27eaf2cda0320583202d2edf90c5-79ef2876fae7ca75eedb2aa53dc48338/c9/batchprocessing_c9141da9ebf8af85c13f192d1b92955b
  - server/.jest-cache/jest-transform-cache-c28e27eaf2cda0320583202d2edf90c5-79ef2876fae7ca75eedb2aa53dc48338/c9/batchprocessing_c9141da9ebf8af85c13f192d1b92955b.map
  - server/.jest-cache/jest-transform-cache-c28e27eaf2cda0320583202d2edf90c5-79ef2876fae7ca75eedb2aa53dc48338/c9/curriculumroutestest_c90079c684841962ab274c34cf93807c
  - server/.jest-cache/jest-transform-cache-c28e27eaf2cda0320583202d2edf90c5-79ef2876fae7ca75eedb2aa53dc48338/c9/curriculumroutestest_c90079c684841962ab274c34cf93807c.map
  - server/.jest-cache/jest-transform-cache-c28e27eaf2cda0320583202d2edf90c5-79ef2876fae7ca75eedb2aa53dc48338/c9/enhancedSubPlantest_c9bcfa349aa66695007ee3e98e18a371
  - server/.jest-cache/jest-transform-cache-c28e27eaf2cda0320583202d2edf90c5-79ef2876fae7ca75eedb2aa53dc48338/c9/enhancedSubPlantest_c9bcfa349aa66695007ee3e98e18a371.map
  - server/.jest-cache/jest-transform-cache-c28e27eaf2cda0320583202d2edf90c5-79ef2876fae7ca75eedb2aa53dc48338/c9/enhancedSubPlantest_c9eb7b5fb164e779eb7ccbcb7ef40730
  - server/.jest-cache/jest-transform-cache-c28e27eaf2cda0320583202d2edf90c5-79ef2876fae7ca75eedb2aa53dc48338/c9/enhancedSubPlantest_c9eb7b5fb164e779eb7ccbcb7ef40730.map
  - server/.jest-cache/jest-transform-cache-c28e27eaf2cda0320583202d2edf90c5-79ef2876fae7ca75eedb2aa53dc48338/c9/webFetch_c95ebfba99aabee10386eed93347c8d5
  - server/.jest-cache/jest-transform-cache-c28e27eaf2cda0320583202d2edf90c5-79ef2876fae7ca75eedb2aa53dc48338/c9/webFetch_c95ebfba99aabee10386eed93347c8d5.map
  - server/.jest-cache/jest-transform-cache-c28e27eaf2cda0320583202d2edf90c5-79ef2876fae7ca75eedb2aa53dc48338/ca/CacheService_ca5bcc6c2360a9a7726e030236dda305
  - server/.jest-cache/jest-transform-cache-c28e27eaf2cda0320583202d2edf90c5-79ef2876fae7ca75eedb2aa53dc48338/ca/CacheService_ca5bcc6c2360a9a7726e030236dda305.map
  - server/.jest-cache/jest-transform-cache-c28e27eaf2cda0320583202d2edf90c5-79ef2876fae7ca75eedb2aa53dc48338/ca/aiplanning_caeb5228a3fc6111bd9733ff961c73ff
  - server/.jest-cache/jest-transform-cache-c28e27eaf2cda0320583202d2edf90c5-79ef2876fae7ca75eedb2aa53dc48338/ca/aiplanning_caeb5228a3fc6111bd9733ff961c73ff.map
  - server/.jest-cache/jest-transform-cache-c28e27eaf2cda0320583202d2edf90c5-79ef2876fae7ca75eedb2aa53dc48338/ca/batchprocessing_ca6adaec2c71ff4a63fa5b8feb20f3ff
  - server/.jest-cache/jest-transform-cache-c28e27eaf2cda0320583202d2edf90c5-79ef2876fae7ca75eedb2aa53dc48338/ca/batchprocessing_ca6adaec2c71ff4a63fa5b8feb20f3ff.map
  - server/.jest-cache/jest-transform-cache-c28e27eaf2cda0320583202d2edf90c5-79ef2876fae7ca75eedb2aa53dc48338/ca/daybookentries_ca8182e19067866a4d26436b717624b2
  - server/.jest-cache/jest-transform-cache-c28e27eaf2cda0320583202d2edf90c5-79ef2876fae7ca75eedb2aa53dc48338/ca/daybookentries_ca8182e19067866a4d26436b717624b2.map
  - server/.jest-cache/jest-transform-cache-c28e27eaf2cda0320583202d2edf90c5-79ef2876fae7ca75eedb2aa53dc48338/ca/educationWebConnectortest_ca27b7009202ed7227d9c864ad8acff8
  - server/.jest-cache/jest-transform-cache-c28e27eaf2cda0320583202d2edf90c5-79ef2876fae7ca75eedb2aa53dc48338/ca/educationWebConnectortest_ca27b7009202ed7227d9c864ad8acff8.map
  - server/.jest-cache/jest-transform-cache-c28e27eaf2cda0320583202d2edf90c5-79ef2876fae7ca75eedb2aa53dc48338/ca/holidaytest_ca9c19a788a43462ea6ce7d73a835a47
  - server/.jest-cache/jest-transform-cache-c28e27eaf2cda0320583202d2edf90c5-79ef2876fae7ca75eedb2aa53dc48338/ca/holidaytest_ca9c19a788a43462ea6ce7d73a835a47.map
  - server/.jest-cache/jest-transform-cache-c28e27eaf2cda0320583202d2edf90c5-79ef2876fae7ca75eedb2aa53dc48338/ca/initializeServices_ca6d91b13096cf27343a63f4b40d1b51
  - server/.jest-cache/jest-transform-cache-c28e27eaf2cda0320583202d2edf90c5-79ef2876fae7ca75eedb2aa53dc48338/ca/initializeServices_ca6d91b13096cf27343a63f4b40d1b51.map
  - server/.jest-cache/jest-transform-cache-c28e27eaf2cda0320583202d2edf90c5-79ef2876fae7ca75eedb2aa53dc48338/ca/oerConnector_ca1ff5a962b1467aebc33a78cb76c147
  - server/.jest-cache/jest-transform-cache-c28e27eaf2cda0320583202d2edf90c5-79ef2876fae7ca75eedb2aa53dc48338/ca/oerConnector_ca1ff5a962b1467aebc33a78cb76c147.map
  - server/.jest-cache/jest-transform-cache-c28e27eaf2cda0320583202d2edf90c5-79ef2876fae7ca75eedb2aa53dc48338/ca/setupallmocks_cac487a699997713bc106ff04a853b61
  - server/.jest-cache/jest-transform-cache-c28e27eaf2cda0320583202d2edf90c5-79ef2876fae7ca75eedb2aa53dc48338/ca/setupallmocks_cac487a699997713bc106ff04a853b61.map
  - server/.jest-cache/jest-transform-cache-c28e27eaf2cda0320583202d2edf90c5-79ef2876fae7ca75eedb2aa53dc48338/ca/subPlanGenerator_ca51674e51d6a9f7bc01457237cf2829
  - server/.jest-cache/jest-transform-cache-c28e27eaf2cda0320583202d2edf90c5-79ef2876fae7ca75eedb2aa53dc48338/ca/subPlanGenerator_ca51674e51d6a9f7bc01457237cf2829.map
  - server/.jest-cache/jest-transform-cache-c28e27eaf2cda0320583202d2edf90c5-79ef2876fae7ca75eedb2aa53dc48338/cb/holidaytest_cb5009761eb5a43802eb4f3584412054
  - server/.jest-cache/jest-transform-cache-c28e27eaf2cda0320583202d2edf90c5-79ef2876fae7ca75eedb2aa53dc48338/cb/holidaytest_cb5009761eb5a43802eb4f3584412054.map
  - server/.jest-cache/jest-transform-cache-c28e27eaf2cda0320583202d2edf90c5-79ef2876fae7ca75eedb2aa53dc48338/cc/activityDiscoveryService_cc2eaaa872721dabe74018217ec6e413
  - server/.jest-cache/jest-transform-cache-c28e27eaf2cda0320583202d2edf90c5-79ef2876fae7ca75eedb2aa53dc48338/cc/activityDiscoveryService_cc2eaaa872721dabe74018217ec6e413.map
  - server/.jest-cache/jest-transform-cache-c28e27eaf2cda0320583202d2edf90c5-79ef2876fae7ca75eedb2aa53dc48338/cc/aiActivityGeneratorService_cc4782705c20ffd21574f8c9c02c74ab
  - server/.jest-cache/jest-transform-cache-c28e27eaf2cda0320583202d2edf90c5-79ef2876fae7ca75eedb2aa53dc48338/cc/aiActivityGeneratorService_cc4782705c20ffd21574f8c9c02c74ab.map
  - server/.jest-cache/jest-transform-cache-c28e27eaf2cda0320583202d2edf90c5-79ef2876fae7ca75eedb2aa53dc48338/cc/comments_cccc381845a0a99b8e7cef4753c763aa
  - server/.jest-cache/jest-transform-cache-c28e27eaf2cda0320583202d2edf90c5-79ef2876fae7ca75eedb2aa53dc48338/cc/comments_cccc381845a0a99b8e7cef4753c763aa.map
  - server/.jest-cache/jest-transform-cache-c28e27eaf2cda0320583202d2edf90c5-79ef2876fae7ca75eedb2aa53dc48338/cc/contactExtractorunittest_cc92b6af23190d6a58cd1743fd0cc10b
  - server/.jest-cache/jest-transform-cache-c28e27eaf2cda0320583202d2edf90c5-79ef2876fae7ca75eedb2aa53dc48338/cc/contactExtractorunittest_cc92b6af23190d6a58cd1743fd0cc10b.map
  - server/.jest-cache/jest-transform-cache-c28e27eaf2cda0320583202d2edf90c5-79ef2876fae7ca75eedb2aa53dc48338/cc/curriculumImportServiceextendedtest_cc932e189f6b86a39ef58f6ecdf222a7
  - server/.jest-cache/jest-transform-cache-c28e27eaf2cda0320583202d2edf90c5-79ef2876fae7ca75eedb2aa53dc48338/cc/curriculumImportServiceextendedtest_cc932e189f6b86a39ef58f6ecdf222a7.map
  - server/.jest-cache/jest-transform-cache-c28e27eaf2cda0320583202d2edf90c5-79ef2876fae7ca75eedb2aa53dc48338/cc/index_cc57f67ff16a693977e7de0ae937564e
  - server/.jest-cache/jest-transform-cache-c28e27eaf2cda0320583202d2edf90c5-79ef2876fae7ca75eedb2aa53dc48338/cc/index_cc57f67ff16a693977e7de0ae937564e.map
  - server/.jest-cache/jest-transform-cache-c28e27eaf2cda0320583202d2edf90c5-79ef2876fae7ca75eedb2aa53dc48338/cc/notificationService_cc453c3c6fdab9e671469727b3569226
  - server/.jest-cache/jest-transform-cache-c28e27eaf2cda0320583202d2edf90c5-79ef2876fae7ca75eedb2aa53dc48338/cc/notificationService_cc453c3c6fdab9e671469727b3569226.map
  - server/.jest-cache/jest-transform-cache-c28e27eaf2cda0320583202d2edf90c5-79ef2876fae7ca75eedb2aa53dc48338/cc/notificationService_cc4ebbf2e0b021adc54027c2e1725679
  - server/.jest-cache/jest-transform-cache-c28e27eaf2cda0320583202d2edf90c5-79ef2876fae7ca75eedb2aa53dc48338/cc/notificationService_cc4ebbf2e0b021adc54027c2e1725679.map
  - server/.jest-cache/jest-transform-cache-c28e27eaf2cda0320583202d2edf90c5-79ef2876fae7ca75eedb2aa53dc48338/cc/parentSummaryLLM_cc18141950f1fbd0a03bcd7baf7497b3
  - server/.jest-cache/jest-transform-cache-c28e27eaf2cda0320583202d2edf90c5-79ef2876fae7ca75eedb2aa53dc48338/cc/parentSummaryLLM_cc18141950f1fbd0a03bcd7baf7497b3.map
  - server/.jest-cache/jest-transform-cache-c28e27eaf2cda0320583202d2edf90c5-79ef2876fae7ca75eedb2aa53dc48338/cc/serverhealthtest_cc4f110331885482ff84df316e73d8b7
  - server/.jest-cache/jest-transform-cache-c28e27eaf2cda0320583202d2edf90c5-79ef2876fae7ca75eedb2aa53dc48338/cc/serverhealthtest_cc4f110331885482ff84df316e73d8b7.map
  - server/.jest-cache/jest-transform-cache-c28e27eaf2cda0320583202d2edf90c5-79ef2876fae7ca75eedb2aa53dc48338/cd/activityDiscoveryService_cdf1789c7748dbb47ef20b609b153356
  - server/.jest-cache/jest-transform-cache-c28e27eaf2cda0320583202d2edf90c5-79ef2876fae7ca75eedb2aa53dc48338/cd/activityDiscoveryService_cdf1789c7748dbb47ef20b609b153356.map
  - server/.jest-cache/jest-transform-cache-c28e27eaf2cda0320583202d2edf90c5-79ef2876fae7ca75eedb2aa53dc48338/cd/backupService_cdc6958056fed0d2ec92d1b1a648244b
  - server/.jest-cache/jest-transform-cache-c28e27eaf2cda0320583202d2edf90c5-79ef2876fae7ca75eedb2aa53dc48338/cd/backupService_cdc6958056fed0d2ec92d1b1a648244b.map
  - server/.jest-cache/jest-transform-cache-c28e27eaf2cda0320583202d2edf90c5-79ef2876fae7ca75eedb2aa53dc48338/cd/batchprocessing_cd1dd69542f23f2ceef2c77ec41901f7
  - server/.jest-cache/jest-transform-cache-c28e27eaf2cda0320583202d2edf90c5-79ef2876fae7ca75eedb2aa53dc48338/cd/batchprocessing_cd1dd69542f23f2ceef2c77ec41901f7.map
  - server/.jest-cache/jest-transform-cache-c28e27eaf2cda0320583202d2edf90c5-79ef2876fae7ca75eedb2aa53dc48338/cd/curriculumImportServiceupdatedtest_cd1a400464fc6823cdcb2d317617ae92
  - server/.jest-cache/jest-transform-cache-c28e27eaf2cda0320583202d2edf90c5-79ef2876fae7ca75eedb2aa53dc48338/cd/curriculumImportServiceupdatedtest_cd1a400464fc6823cdcb2d317617ae92.map
  - server/.jest-cache/jest-transform-cache-c28e27eaf2cda0320583202d2edf90c5-79ef2876fae7ca75eedb2aa53dc48338/cd/curriculumWebConnector_cde614e9b81f3614bf8753fcb205ecea
  - server/.jest-cache/jest-transform-cache-c28e27eaf2cda0320583202d2edf90c5-79ef2876fae7ca75eedb2aa53dc48338/cd/curriculumWebConnector_cde614e9b81f3614bf8753fcb205ecea.map
  - server/.jest-cache/jest-transform-cache-c28e27eaf2cda0320583202d2edf90c5-79ef2876fae7ca75eedb2aa53dc48338/cd/llmService_cd579fe27de2eb13ff2d0758482ef61d
  - server/.jest-cache/jest-transform-cache-c28e27eaf2cda0320583202d2edf90c5-79ef2876fae7ca75eedb2aa53dc48338/cd/llmService_cd579fe27de2eb13ff2d0758482ef61d.map
  - server/.jest-cache/jest-transform-cache-c28e27eaf2cda0320583202d2edf90c5-79ef2876fae7ca75eedb2aa53dc48338/cd/notifications_cd01a9c14eb1bb5d549b210668a04d03
  - server/.jest-cache/jest-transform-cache-c28e27eaf2cda0320583202d2edf90c5-79ef2876fae7ca75eedb2aa53dc48338/cd/notifications_cd01a9c14eb1bb5d549b210668a04d03.map
  - server/.jest-cache/jest-transform-cache-c28e27eaf2cda0320583202d2edf90c5-79ef2876fae7ca75eedb2aa53dc48338/cd/oerConnector_cdfb40147342465ecf6275696e0af91b
  - server/.jest-cache/jest-transform-cache-c28e27eaf2cda0320583202d2edf90c5-79ef2876fae7ca75eedb2aa53dc48338/cd/oerConnector_cdfb40147342465ecf6275696e0af91b.map
  - server/.jest-cache/jest-transform-cache-c28e27eaf2cda0320583202d2edf90c5-79ef2876fae7ca75eedb2aa53dc48338/ce/d3SubPlanExtractorsimpletest_cea3cada45b2c514310000d7b8c70690
  - server/.jest-cache/jest-transform-cache-c28e27eaf2cda0320583202d2edf90c5-79ef2876fae7ca75eedb2aa53dc48338/ce/d3SubPlanExtractorsimpletest_cea3cada45b2c514310000d7b8c70690.map
  - server/.jest-cache/jest-transform-cache-c28e27eaf2cda0320583202d2edf90c5-79ef2876fae7ca75eedb2aa53dc48338/ce/logger_ce4cc2609f12fb72da8b5304e16623c4
  - server/.jest-cache/jest-transform-cache-c28e27eaf2cda0320583202d2edf90c5-79ef2876fae7ca75eedb2aa53dc48338/ce/logger_ce4cc2609f12fb72da8b5304e16623c4.map
  - server/.jest-cache/jest-transform-cache-c28e27eaf2cda0320583202d2edf90c5-79ef2876fae7ca75eedb2aa53dc48338/cf/calendarEventstest_cf25d2da004e19356e6931103e1bfea8
  - server/.jest-cache/jest-transform-cache-c28e27eaf2cda0320583202d2edf90c5-79ef2876fae7ca75eedb2aa53dc48338/cf/calendarEventstest_cf25d2da004e19356e6931103e1bfea8.map
  - server/.jest-cache/jest-transform-cache-c28e27eaf2cda0320583202d2edf90c5-79ef2876fae7ca75eedb2aa53dc48338/cf/curriculumDiscoveryService_cf56f17ad7335732d8fd47513a3f04ae
  - server/.jest-cache/jest-transform-cache-c28e27eaf2cda0320583202d2edf90c5-79ef2876fae7ca75eedb2aa53dc48338/cf/curriculumDiscoveryService_cf56f17ad7335732d8fd47513a3f04ae.map
  - server/.jest-cache/jest-transform-cache-c28e27eaf2cda0320583202d2edf90c5-79ef2876fae7ca75eedb2aa53dc48338/cf/inputSanitization_cf97e4cc5977e22785144b8571dbb6a1
  - server/.jest-cache/jest-transform-cache-c28e27eaf2cda0320583202d2edf90c5-79ef2876fae7ca75eedb2aa53dc48338/cf/inputSanitization_cf97e4cc5977e22785144b8571dbb6a1.map
  - server/.jest-cache/jest-transform-cache-c28e27eaf2cda0320583202d2edf90c5-79ef2876fae7ca75eedb2aa53dc48338/cf/subplan_cfe61b6418f3fe63875dbff3e4b3cfdb
  - server/.jest-cache/jest-transform-cache-c28e27eaf2cda0320583202d2edf90c5-79ef2876fae7ca75eedb2aa53dc48338/cf/subplan_cfe61b6418f3fe63875dbff3e4b3cfdb.map
  - server/.jest-cache/jest-transform-cache-c28e27eaf2cda0320583202d2edf90c5-79ef2876fae7ca75eedb2aa53dc48338/cf/templateroutestest_cf8609b8ec00ae975866b978a6e37f76
  - server/.jest-cache/jest-transform-cache-c28e27eaf2cda0320583202d2edf90c5-79ef2876fae7ca75eedb2aa53dc48338/cf/templateroutestest_cf8609b8ec00ae975866b978a6e37f76.map
  - server/.jest-cache/jest-transform-cache-c28e27eaf2cda0320583202d2edf90c5-79ef2876fae7ca75eedb2aa53dc48338/cf/unreadNotificationstest_cfbf10cbec0063d27d2740ce90fb9310
  - server/.jest-cache/jest-transform-cache-c28e27eaf2cda0320583202d2edf90c5-79ef2876fae7ca75eedb2aa53dc48338/cf/unreadNotificationstest_cfbf10cbec0063d27d2740ce90fb9310.map
  - server/.jest-cache/jest-transform-cache-c28e27eaf2cda0320583202d2edf90c5-79ef2876fae7ca75eedb2aa53dc48338/d1/contactValidationFocusedtest_d16a3a470c87eb412000a5aedb2505f9
  - server/.jest-cache/jest-transform-cache-c28e27eaf2cda0320583202d2edf90c5-79ef2876fae7ca75eedb2aa53dc48338/d1/contactValidationFocusedtest_d16a3a470c87eb412000a5aedb2505f9.map
  - server/.jest-cache/jest-transform-cache-c28e27eaf2cda0320583202d2edf90c5-79ef2876fae7ca75eedb2aa53dc48338/d1/databasemock_d11d7fb379510ebc53e6b732ff8e58b9
  - server/.jest-cache/jest-transform-cache-c28e27eaf2cda0320583202d2edf90c5-79ef2876fae7ca75eedb2aa53dc48338/d1/databasemock_d11d7fb379510ebc53e6b732ff8e58b9.map
  - server/.jest-cache/jest-transform-cache-c28e27eaf2cda0320583202d2edf90c5-79ef2876fae7ca75eedb2aa53dc48338/d1/gptPlanningAgent_d1d9a025952773b5001f4ecab382b5d5
  - server/.jest-cache/jest-transform-cache-c28e27eaf2cda0320583202d2edf90c5-79ef2876fae7ca75eedb2aa53dc48338/d1/gptPlanningAgent_d1d9a025952773b5001f4ecab382b5d5.map
  - server/.jest-cache/jest-transform-cache-c28e27eaf2cda0320583202d2edf90c5-79ef2876fae7ca75eedb2aa53dc48338/d1/parentSummary_d128eaf4408ee3bed576c1eb9c21b3ef
  - server/.jest-cache/jest-transform-cache-c28e27eaf2cda0320583202d2edf90c5-79ef2876fae7ca75eedb2aa53dc48338/d1/parentSummary_d128eaf4408ee3bed576c1eb9c21b3ef.map
  - server/.jest-cache/jest-transform-cache-c28e27eaf2cda0320583202d2edf90c5-79ef2876fae7ca75eedb2aa53dc48338/d1/plannerstate_d1f47bb3020d9e3e8c34498b7efa8b7d
  - server/.jest-cache/jest-transform-cache-c28e27eaf2cda0320583202d2edf90c5-79ef2876fae7ca75eedb2aa53dc48338/d1/plannerstate_d1f47bb3020d9e3e8c34498b7efa8b7d.map
  - server/.jest-cache/jest-transform-cache-c28e27eaf2cda0320583202d2edf90c5-79ef2876fae7ca75eedb2aa53dc48338/d2/aiPlanningAssistanttest_d2061a94ca5a9f74b910592bfd697259
  - server/.jest-cache/jest-transform-cache-c28e27eaf2cda0320583202d2edf90c5-79ef2876fae7ca75eedb2aa53dc48338/d2/aiPlanningAssistanttest_d2061a94ca5a9f74b910592bfd697259.map
  - server/.jest-cache/jest-transform-cache-c28e27eaf2cda0320583202d2edf90c5-79ef2876fae7ca75eedb2aa53dc48338/d2/etfoplanningtest_d2790a3dd3c2019a5b642bf703e853a5
  - server/.jest-cache/jest-transform-cache-c28e27eaf2cda0320583202d2edf90c5-79ef2876fae7ca75eedb2aa53dc48338/d2/etfoplanningtest_d2790a3dd3c2019a5b642bf703e853a5.map
  - server/.jest-cache/jest-transform-cache-c28e27eaf2cda0320583202d2edf90c5-79ef2876fae7ca75eedb2aa53dc48338/d2/newsletterTrigger_d2263ec99a942eb44d1e58adaaf424d2
  - server/.jest-cache/jest-transform-cache-c28e27eaf2cda0320583202d2edf90c5-79ef2876fae7ca75eedb2aa53dc48338/d2/newsletterTrigger_d2263ec99a942eb44d1e58adaaf424d2.map
  - server/.jest-cache/jest-transform-cache-c28e27eaf2cda0320583202d2edf90c5-79ef2876fae7ca75eedb2aa53dc48338/d2/progressCheck_d257a2751481f35630a6be112fc0b151
  - server/.jest-cache/jest-transform-cache-c28e27eaf2cda0320583202d2edf90c5-79ef2876fae7ca75eedb2aa53dc48338/d2/progressCheck_d257a2751481f35630a6be112fc0b151.map
  - server/.jest-cache/jest-transform-cache-c28e27eaf2cda0320583202d2edf90c5-79ef2876fae7ca75eedb2aa53dc48338/d2/templateroutestest_d2ac053780f2796be4f60e0a4cc06896
  - server/.jest-cache/jest-transform-cache-c28e27eaf2cda0320583202d2edf90c5-79ef2876fae7ca75eedb2aa53dc48338/d2/templateroutestest_d2ac053780f2796be4f60e0a4cc06896.map
  - server/.jest-cache/jest-transform-cache-c28e27eaf2cda0320583202d2edf90c5-79ef2876fae7ca75eedb2aa53dc48338/d2/workflowstate_d208b168527b0b172c3ef758229a5e1e
  - server/.jest-cache/jest-transform-cache-c28e27eaf2cda0320583202d2edf90c5-79ef2876fae7ca75eedb2aa53dc48338/d2/workflowstate_d208b168527b0b172c3ef758229a5e1e.map
  - server/.jest-cache/jest-transform-cache-c28e27eaf2cda0320583202d2edf90c5-79ef2876fae7ca75eedb2aa53dc48338/d3/d3SubPlanExtractorsimpletest_d3a903eca327be0cf030762cd2791dce
  - server/.jest-cache/jest-transform-cache-c28e27eaf2cda0320583202d2edf90c5-79ef2876fae7ca75eedb2aa53dc48338/d3/d3SubPlanExtractorsimpletest_d3a903eca327be0cf030762cd2791dce.map
  - server/.jest-cache/jest-transform-cache-c28e27eaf2cda0320583202d2edf90c5-79ef2876fae7ca75eedb2aa53dc48338/d3/integrationtestsetup_d32592555710183c3fe9adf86bfe0e25
  - server/.jest-cache/jest-transform-cache-c28e27eaf2cda0320583202d2edf90c5-79ef2876fae7ca75eedb2aa53dc48338/d3/integrationtestsetup_d32592555710183c3fe9adf86bfe0e25.map
  - server/.jest-cache/jest-transform-cache-c28e27eaf2cda0320583202d2edf90c5-79ef2876fae7ca75eedb2aa53dc48338/d3/llmServicetest_d3a1939498f9bc8b1ed117c628686031
  - server/.jest-cache/jest-transform-cache-c28e27eaf2cda0320583202d2edf90c5-79ef2876fae7ca75eedb2aa53dc48338/d3/llmServicetest_d3a1939498f9bc8b1ed117c628686031.map
  - server/.jest-cache/jest-transform-cache-c28e27eaf2cda0320583202d2edf90c5-79ef2876fae7ca75eedb2aa53dc48338/d3/longrangeplans_d3d856bc961c57824a183da8c588fc8d
  - server/.jest-cache/jest-transform-cache-c28e27eaf2cda0320583202d2edf90c5-79ef2876fae7ca75eedb2aa53dc48338/d3/longrangeplans_d3d856bc961c57824a183da8c588fc8d.map
  - server/.jest-cache/jest-transform-cache-c28e27eaf2cda0320583202d2edf90c5-79ef2876fae7ca75eedb2aa53dc48338/d3/user_d32ca69cfc0d3a1c4aa8ec6d5f964c20
  - server/.jest-cache/jest-transform-cache-c28e27eaf2cda0320583202d2edf90c5-79ef2876fae7ca75eedb2aa53dc48338/d3/user_d32ca69cfc0d3a1c4aa8ec6d5f964c20.map
  - server/.jest-cache/jest-transform-cache-c28e27eaf2cda0320583202d2edf90c5-79ef2876fae7ca75eedb2aa53dc48338/d4/authService_d431fd673689b3d8ad0a940417dee739
  - server/.jest-cache/jest-transform-cache-c28e27eaf2cda0320583202d2edf90c5-79ef2876fae7ca75eedb2aa53dc48338/d4/authService_d431fd673689b3d8ad0a940417dee739.map
  - server/.jest-cache/jest-transform-cache-c28e27eaf2cda0320583202d2edf90c5-79ef2876fae7ca75eedb2aa53dc48338/d4/authroutestest_d4d926df11636d576d6b153cc771ef90
  - server/.jest-cache/jest-transform-cache-c28e27eaf2cda0320583202d2edf90c5-79ef2876fae7ca75eedb2aa53dc48338/d4/authroutestest_d4d926df11636d576d6b153cc771ef90.map
  - server/.jest-cache/jest-transform-cache-c28e27eaf2cda0320583202d2edf90c5-79ef2876fae7ca75eedb2aa53dc48338/d4/scenarioTemplateExtractor_d47ceac2f3ce75805e676137899ec5cc
  - server/.jest-cache/jest-transform-cache-c28e27eaf2cda0320583202d2edf90c5-79ef2876fae7ca75eedb2aa53dc48338/d4/scenarioTemplateExtractor_d47ceac2f3ce75805e676137899ec5cc.map
  - server/.jest-cache/jest-transform-cache-c28e27eaf2cda0320583202d2edf90c5-79ef2876fae7ca75eedb2aa53dc48338/d4/schemaFactory_d407078c2de672db13212c9b5965afe7
  - server/.jest-cache/jest-transform-cache-c28e27eaf2cda0320583202d2edf90c5-79ef2876fae7ca75eedb2aa53dc48338/d4/schemaFactory_d407078c2de672db13212c9b5965afe7.map
  - server/.jest-cache/jest-transform-cache-c28e27eaf2cda0320583202d2edf90c5-79ef2876fae7ca75eedb2aa53dc48338/d4/serverintegrationtest_d44d86b080f26e81d352de7e18e43d42
  - server/.jest-cache/jest-transform-cache-c28e27eaf2cda0320583202d2edf90c5-79ef2876fae7ca75eedb2aa53dc48338/d4/serverintegrationtest_d44d86b080f26e81d352de7e18e43d42.map
  - server/.jest-cache/jest-transform-cache-c28e27eaf2cda0320583202d2edf90c5-79ef2876fae7ca75eedb2aa53dc48338/d4/testFramework_d471a74bd18107f6c5b332f3b39fbc2c
  - server/.jest-cache/jest-transform-cache-c28e27eaf2cda0320583202d2edf90c5-79ef2876fae7ca75eedb2aa53dc48338/d4/testFramework_d471a74bd18107f6c5b332f3b39fbc2c.map
  - server/.jest-cache/jest-transform-cache-c28e27eaf2cda0320583202d2edf90c5-79ef2876fae7ca75eedb2aa53dc48338/d5/templates_d56b2a1bc738e37dc5a361e2a8f29c8e
  - server/.jest-cache/jest-transform-cache-c28e27eaf2cda0320583202d2edf90c5-79ef2876fae7ca75eedb2aa53dc48338/d5/templates_d56b2a1bc738e37dc5a361e2a8f29c8e.map
  - server/.jest-cache/jest-transform-cache-c28e27eaf2cda0320583202d2edf90c5-79ef2876fae7ca75eedb2aa53dc48338/d6/activitydiscovery_d69b14ee8ae3dcfc62ce26cd28776cd0
  - server/.jest-cache/jest-transform-cache-c28e27eaf2cda0320583202d2edf90c5-79ef2876fae7ca75eedb2aa53dc48338/d6/activitydiscovery_d69b14ee8ae3dcfc62ce26cd28776cd0.map
  - server/.jest-cache/jest-transform-cache-c28e27eaf2cda0320583202d2edf90c5-79ef2876fae7ca75eedb2aa53dc48338/d6/aiactivitygeneration_d62a97195fcde61c8ada086bcef10cdd
  - server/.jest-cache/jest-transform-cache-c28e27eaf2cda0320583202d2edf90c5-79ef2876fae7ca75eedb2aa53dc48338/d6/aiactivitygeneration_d62a97195fcde61c8ada086bcef10cdd.map
  - server/.jest-cache/jest-transform-cache-c28e27eaf2cda0320583202d2edf90c5-79ef2876fae7ca75eedb2aa53dc48338/d6/logger_d62bf41d93fa76eb6733a6480e454f81
  - server/.jest-cache/jest-transform-cache-c28e27eaf2cda0320583202d2edf90c5-79ef2876fae7ca75eedb2aa53dc48338/d6/logger_d62bf41d93fa76eb6733a6480e454f81.map
  - server/.jest-cache/jest-transform-cache-c28e27eaf2cda0320583202d2edf90c5-79ef2876fae7ca75eedb2aa53dc48338/d6/parentSummaryLLM_d6bf5fab51f621803218c7cb7a3a6628
  - server/.jest-cache/jest-transform-cache-c28e27eaf2cda0320583202d2edf90c5-79ef2876fae7ca75eedb2aa53dc48338/d6/parentSummaryLLM_d6bf5fab51f621803218c7cb7a3a6628.map
  - server/.jest-cache/jest-transform-cache-c28e27eaf2cda0320583202d2edf90c5-79ef2876fae7ca75eedb2aa53dc48338/d6/parentSummaryLLM_d6fc4b1c70339d067dfe2cb2fd887176
  - server/.jest-cache/jest-transform-cache-c28e27eaf2cda0320583202d2edf90c5-79ef2876fae7ca75eedb2aa53dc48338/d6/parentSummaryLLM_d6fc4b1c70339d067dfe2cb2fd887176.map
  - server/.jest-cache/jest-transform-cache-c28e27eaf2cda0320583202d2edf90c5-79ef2876fae7ca75eedb2aa53dc48338/d6/plannerstate_d66b0283460372cb259b02a9712af1a8
  - server/.jest-cache/jest-transform-cache-c28e27eaf2cda0320583202d2edf90c5-79ef2876fae7ca75eedb2aa53dc48338/d6/plannerstate_d66b0283460372cb259b02a9712af1a8.map
  - server/.jest-cache/jest-transform-cache-c28e27eaf2cda0320583202d2edf90c5-79ef2876fae7ca75eedb2aa53dc48338/d6/testFramework_d652aef519261e4924dea816a38ad0ec
  - server/.jest-cache/jest-transform-cache-c28e27eaf2cda0320583202d2edf90c5-79ef2876fae7ca75eedb2aa53dc48338/d6/testFramework_d652aef519261e4924dea816a38ad0ec.map
  - server/.jest-cache/jest-transform-cache-c28e27eaf2cda0320583202d2edf90c5-79ef2876fae7ca75eedb2aa53dc48338/d7/aiDraftService_d7d885d91635af6d4400230adc86719a
  - server/.jest-cache/jest-transform-cache-c28e27eaf2cda0320583202d2edf90c5-79ef2876fae7ca75eedb2aa53dc48338/d7/aiDraftService_d7d885d91635af6d4400230adc86719a.map
  - server/.jest-cache/jest-transform-cache-c28e27eaf2cda0320583202d2edf90c5-79ef2876fae7ca75eedb2aa53dc48338/d7/anthropicService_d7f839ead13116f1987eaf53cef56e4c
  - server/.jest-cache/jest-transform-cache-c28e27eaf2cda0320583202d2edf90c5-79ef2876fae7ca75eedb2aa53dc48338/d7/anthropicService_d7f839ead13116f1987eaf53cef56e4c.map
  - server/.jest-cache/jest-transform-cache-c28e27eaf2cda0320583202d2edf90c5-79ef2876fae7ca75eedb2aa53dc48338/d7/auditLog_d70aecc42c97e43ae2d0d5e62d48cf68
  - server/.jest-cache/jest-transform-cache-c28e27eaf2cda0320583202d2edf90c5-79ef2876fae7ca75eedb2aa53dc48338/d7/auditLog_d70aecc42c97e43ae2d0d5e62d48cf68.map
  - server/.jest-cache/jest-transform-cache-c28e27eaf2cda0320583202d2edf90c5-79ef2876fae7ca75eedb2aa53dc48338/d7/clusteringService_d7b3bc9dc943a9f232faabf1b3fee7b7
  - server/.jest-cache/jest-transform-cache-c28e27eaf2cda0320583202d2edf90c5-79ef2876fae7ca75eedb2aa53dc48338/d7/clusteringService_d7b3bc9dc943a9f232faabf1b3fee7b7.map
  - server/.jest-cache/jest-transform-cache-c28e27eaf2cda0320583202d2edf90c5-79ef2876fae7ca75eedb2aa53dc48338/d7/contactExtractorEnhancedtest_d7e761f4719ef3cafe821a03a7b8aa45
  - server/.jest-cache/jest-transform-cache-c28e27eaf2cda0320583202d2edf90c5-79ef2876fae7ca75eedb2aa53dc48338/d7/contactExtractorEnhancedtest_d7e761f4719ef3cafe821a03a7b8aa45.map
  - server/.jest-cache/jest-transform-cache-c28e27eaf2cda0320583202d2edf90c5-79ef2876fae7ca75eedb2aa53dc48338/d7/contactValidation_d78a9d563f5d354b46af5369e518226a
  - server/.jest-cache/jest-transform-cache-c28e27eaf2cda0320583202d2edf90c5-79ef2876fae7ca75eedb2aa53dc48338/d7/contactValidation_d78a9d563f5d354b46af5369e518226a.map
  - server/.jest-cache/jest-transform-cache-c28e27eaf2cda0320583202d2edf90c5-79ef2876fae7ca75eedb2aa53dc48338/d7/parentSummaryLLM_d7ebd248855125cd022fd22109e47c1d
  - server/.jest-cache/jest-transform-cache-c28e27eaf2cda0320583202d2edf90c5-79ef2876fae7ca75eedb2aa53dc48338/d7/parentSummaryLLM_d7ebd248855125cd022fd22109e47c1d.map
  - server/.jest-cache/jest-transform-cache-c28e27eaf2cda0320583202d2edf90c5-79ef2876fae7ca75eedb2aa53dc48338/d7/rateLimiter_d79580a9f655985e32529adaee0bb362
  - server/.jest-cache/jest-transform-cache-c28e27eaf2cda0320583202d2edf90c5-79ef2876fae7ca75eedb2aa53dc48338/d7/rateLimiter_d79580a9f655985e32529adaee0bb362.map
  - server/.jest-cache/jest-transform-cache-c28e27eaf2cda0320583202d2edf90c5-79ef2876fae7ca75eedb2aa53dc48338/d7/subplan_d7e6b2c60047e1c4e5619166b8463935
  - server/.jest-cache/jest-transform-cache-c28e27eaf2cda0320583202d2edf90c5-79ef2876fae7ca75eedb2aa53dc48338/d7/subplan_d7e6b2c60047e1c4e5619166b8463935.map
  - server/.jest-cache/jest-transform-cache-c28e27eaf2cda0320583202d2edf90c5-79ef2876fae7ca75eedb2aa53dc48338/d8/aiPlanningAssistant_d88b1ba17886204a1396d356c0a7a5ac
  - server/.jest-cache/jest-transform-cache-c28e27eaf2cda0320583202d2edf90c5-79ef2876fae7ca75eedb2aa53dc48338/d8/aiPlanningAssistant_d88b1ba17886204a1396d356c0a7a5ac.map
  - server/.jest-cache/jest-transform-cache-c28e27eaf2cda0320583202d2edf90c5-79ef2876fae7ca75eedb2aa53dc48338/d8/anthropicService_d82dadd12884a602618b8b98874d0919
  - server/.jest-cache/jest-transform-cache-c28e27eaf2cda0320583202d2edf90c5-79ef2876fae7ca75eedb2aa53dc48338/d8/anthropicService_d82dadd12884a602618b8b98874d0919.map
  - server/.jest-cache/jest-transform-cache-c28e27eaf2cda0320583202d2edf90c5-79ef2876fae7ca75eedb2aa53dc48338/d8/connectorstest_d84df58f55501133196e7df582ae4aa0
  - server/.jest-cache/jest-transform-cache-c28e27eaf2cda0320583202d2edf90c5-79ef2876fae7ca75eedb2aa53dc48338/d8/connectorstest_d84df58f55501133196e7df582ae4aa0.map
  - server/.jest-cache/jest-transform-cache-c28e27eaf2cda0320583202d2edf90c5-79ef2876fae7ca75eedb2aa53dc48338/d8/gptPlanningAgent_d82b5af5a9d358ffae7bc1c78b59de11
  - server/.jest-cache/jest-transform-cache-c28e27eaf2cda0320583202d2edf90c5-79ef2876fae7ca75eedb2aa53dc48338/d8/gptPlanningAgent_d82b5af5a9d358ffae7bc1c78b59de11.map
  - server/.jest-cache/jest-transform-cache-c28e27eaf2cda0320583202d2edf90c5-79ef2876fae7ca75eedb2aa53dc48338/d8/newsletters_d856c41663ad0359bd1262a3e486f37e
  - server/.jest-cache/jest-transform-cache-c28e27eaf2cda0320583202d2edf90c5-79ef2876fae7ca75eedb2aa53dc48338/d8/newsletters_d856c41663ad0359bd1262a3e486f37e.map
  - server/.jest-cache/jest-transform-cache-c28e27eaf2cda0320583202d2edf90c5-79ef2876fae7ca75eedb2aa53dc48338/d8/notificationService_d89238cd51a40b0252e69ce4680f1a3a
  - server/.jest-cache/jest-transform-cache-c28e27eaf2cda0320583202d2edf90c5-79ef2876fae7ca75eedb2aa53dc48338/d8/notificationService_d89238cd51a40b0252e69ce4680f1a3a.map
  - server/.jest-cache/jest-transform-cache-c28e27eaf2cda0320583202d2edf90c5-79ef2876fae7ca75eedb2aa53dc48338/d9/aiPlanningAssistanttest_d9647f5ed0030007ab4236c49de929a9
  - server/.jest-cache/jest-transform-cache-c28e27eaf2cda0320583202d2edf90c5-79ef2876fae7ca75eedb2aa53dc48338/d9/aiPlanningAssistanttest_d9647f5ed0030007ab4236c49de929a9.map
  - server/.jest-cache/jest-transform-cache-c28e27eaf2cda0320583202d2edf90c5-79ef2876fae7ca75eedb2aa53dc48338/d9/authService_d937762d28bad9d65358d86cce75882e
  - server/.jest-cache/jest-transform-cache-c28e27eaf2cda0320583202d2edf90c5-79ef2876fae7ca75eedb2aa53dc48338/d9/authService_d937762d28bad9d65358d86cce75882e.map
  - server/.jest-cache/jest-transform-cache-c28e27eaf2cda0320583202d2edf90c5-79ef2876fae7ca75eedb2aa53dc48338/d9/curriculumexpectations_d96d766e7989f5722c9786391e1af9c1
  - server/.jest-cache/jest-transform-cache-c28e27eaf2cda0320583202d2edf90c5-79ef2876fae7ca75eedb2aa53dc48338/d9/curriculumexpectations_d96d766e7989f5722c9786391e1af9c1.map
  - server/.jest-cache/jest-transform-cache-c28e27eaf2cda0320583202d2edf90c5-79ef2876fae7ca75eedb2aa53dc48338/d9/longrangeplans_d96076d846a2401e654c3675f902d9bb
  - server/.jest-cache/jest-transform-cache-c28e27eaf2cda0320583202d2edf90c5-79ef2876fae7ca75eedb2aa53dc48338/d9/longrangeplans_d96076d846a2401e654c3675f902d9bb.map
  - server/.jest-cache/jest-transform-cache-c28e27eaf2cda0320583202d2edf90c5-79ef2876fae7ca75eedb2aa53dc48338/d9/newsletterService_d9515d96cb1e070ead009273c2caf58d
  - server/.jest-cache/jest-transform-cache-c28e27eaf2cda0320583202d2edf90c5-79ef2876fae7ca75eedb2aa53dc48338/d9/newsletterService_d9515d96cb1e070ead009273c2caf58d.map
  - server/.jest-cache/jest-transform-cache-c28e27eaf2cda0320583202d2edf90c5-79ef2876fae7ca75eedb2aa53dc48338/d9/newsletters_d966dfbedadb905df21298d874b4490f
  - server/.jest-cache/jest-transform-cache-c28e27eaf2cda0320583202d2edf90c5-79ef2876fae7ca75eedb2aa53dc48338/d9/newsletters_d966dfbedadb905df21298d874b4490f.map
  - server/.jest-cache/jest-transform-cache-c28e27eaf2cda0320583202d2edf90c5-79ef2876fae7ca75eedb2aa53dc48338/d9/pdfkitmock_d964e5626689b8a0177d4731211e609f
  - server/.jest-cache/jest-transform-cache-c28e27eaf2cda0320583202d2edf90c5-79ef2876fae7ca75eedb2aa53dc48338/d9/pdfkitmock_d964e5626689b8a0177d4731211e609f.map
  - server/.jest-cache/jest-transform-cache-c28e27eaf2cda0320583202d2edf90c5-79ef2876fae7ca75eedb2aa53dc48338/d9/scenarioTemplateExtractorunittest_d9ecbaebe2d8a4e2e9cedd1c12280788
  - server/.jest-cache/jest-transform-cache-c28e27eaf2cda0320583202d2edf90c5-79ef2876fae7ca75eedb2aa53dc48338/d9/scenarioTemplateExtractorunittest_d9ecbaebe2d8a4e2e9cedd1c12280788.map
  - server/.jest-cache/jest-transform-cache-c28e27eaf2cda0320583202d2edf90c5-79ef2876fae7ca75eedb2aa53dc48338/d9/serverintegrationtest_d947ab9d984f6f851da2cb8b9a9b2cec
  - server/.jest-cache/jest-transform-cache-c28e27eaf2cda0320583202d2edf90c5-79ef2876fae7ca75eedb2aa53dc48338/d9/serverintegrationtest_d947ab9d984f6f851da2cb8b9a9b2cec.map
  - server/.jest-cache/jest-transform-cache-c28e27eaf2cda0320583202d2edf90c5-79ef2876fae7ca75eedb2aa53dc48338/d9/testserver_d9cb4b883c65968c8bbd4c5d95342d24
  - server/.jest-cache/jest-transform-cache-c28e27eaf2cda0320583202d2edf90c5-79ef2876fae7ca75eedb2aa53dc48338/d9/testserver_d9cb4b883c65968c8bbd4c5d95342d24.map
  - server/.jest-cache/jest-transform-cache-c28e27eaf2cda0320583202d2edf90c5-79ef2876fae7ca75eedb2aa53dc48338/d9/workflowstate_d92dd038c7ff5614b554f73e4c268346
  - server/.jest-cache/jest-transform-cache-c28e27eaf2cda0320583202d2edf90c5-79ef2876fae7ca75eedb2aa53dc48338/d9/workflowstate_d92dd038c7ff5614b554f73e4c268346.map
  - server/.jest-cache/jest-transform-cache-c28e27eaf2cda0320583202d2edf90c5-79ef2876fae7ca75eedb2aa53dc48338/da/authroutestest_da6d00cdb6f8ee3e227ecc484a8eae1d
  - server/.jest-cache/jest-transform-cache-c28e27eaf2cda0320583202d2edf90c5-79ef2876fae7ca75eedb2aa53dc48338/da/authroutestest_da6d00cdb6f8ee3e227ecc484a8eae1d.map
  - server/.jest-cache/jest-transform-cache-c28e27eaf2cda0320583202d2edf90c5-79ef2876fae7ca75eedb2aa53dc48338/da/curriculumImportService_da17aa2e12cef11c943cf5a27e82dcd0
  - server/.jest-cache/jest-transform-cache-c28e27eaf2cda0320583202d2edf90c5-79ef2876fae7ca75eedb2aa53dc48338/da/curriculumImportService_da17aa2e12cef11c943cf5a27e82dcd0.map
  - server/.jest-cache/jest-transform-cache-c28e27eaf2cda0320583202d2edf90c5-79ef2876fae7ca75eedb2aa53dc48338/da/curriculumImportServicetest_dae024012d5244912fe6f4d7f82d9cda
  - server/.jest-cache/jest-transform-cache-c28e27eaf2cda0320583202d2edf90c5-79ef2876fae7ca75eedb2aa53dc48338/da/curriculumImportServicetest_dae024012d5244912fe6f4d7f82d9cda.map
  - server/.jest-cache/jest-transform-cache-c28e27eaf2cda0320583202d2edf90c5-79ef2876fae7ca75eedb2aa53dc48338/da/longrangeplans_da8ad3b892f43f67e1d3291c591eea31
  - server/.jest-cache/jest-transform-cache-c28e27eaf2cda0320583202d2edf90c5-79ef2876fae7ca75eedb2aa53dc48338/da/longrangeplans_da8ad3b892f43f67e1d3291c591eea31.map
  - server/.jest-cache/jest-transform-cache-c28e27eaf2cda0320583202d2edf90c5-79ef2876fae7ca75eedb2aa53dc48338/da/scenarioTemplateExtractor_da04bd5d00b8064118f82219c999bfce
  - server/.jest-cache/jest-transform-cache-c28e27eaf2cda0320583202d2edf90c5-79ef2876fae7ca75eedb2aa53dc48338/da/scenarioTemplateExtractor_da04bd5d00b8064118f82219c999bfce.map
  - server/.jest-cache/jest-transform-cache-c28e27eaf2cda0320583202d2edf90c5-79ef2876fae7ca75eedb2aa53dc48338/da/validateRequest_da3de90d497a7d8d77500ee0cf9fbea5
  - server/.jest-cache/jest-transform-cache-c28e27eaf2cda0320583202d2edf90c5-79ef2876fae7ca75eedb2aa53dc48338/da/validateRequest_da3de90d497a7d8d77500ee0cf9fbea5.map
  - server/.jest-cache/jest-transform-cache-c28e27eaf2cda0320583202d2edf90c5-79ef2876fae7ca75eedb2aa53dc48338/db/baseConnector_dbb808fcbca5a2fae06ccc4941bc2ee3
  - server/.jest-cache/jest-transform-cache-c28e27eaf2cda0320583202d2edf90c5-79ef2876fae7ca75eedb2aa53dc48338/db/baseConnector_dbb808fcbca5a2fae06ccc4941bc2ee3.map
  - server/.jest-cache/jest-transform-cache-c28e27eaf2cda0320583202d2edf90c5-79ef2876fae7ca75eedb2aa53dc48338/db/daybookentries_db9deba2beb7669aa20cfde5e9a4f2ed
  - server/.jest-cache/jest-transform-cache-c28e27eaf2cda0320583202d2edf90c5-79ef2876fae7ca75eedb2aa53dc48338/db/daybookentries_db9deba2beb7669aa20cfde5e9a4f2ed.map
  - server/.jest-cache/jest-transform-cache-c28e27eaf2cda0320583202d2edf90c5-79ef2876fae7ca75eedb2aa53dc48338/db/workflowStateService_dbf2b44c3026ff1aa970908c38fb2f01
  - server/.jest-cache/jest-transform-cache-c28e27eaf2cda0320583202d2edf90c5-79ef2876fae7ca75eedb2aa53dc48338/db/workflowStateService_dbf2b44c3026ff1aa970908c38fb2f01.map
  - server/.jest-cache/jest-transform-cache-c28e27eaf2cda0320583202d2edf90c5-79ef2876fae7ca75eedb2aa53dc48338/dc/baseServiceunittest_dc70337c4110bc463c0ddd9183e4f582
  - server/.jest-cache/jest-transform-cache-c28e27eaf2cda0320583202d2edf90c5-79ef2876fae7ca75eedb2aa53dc48338/dc/baseServiceunittest_dc70337c4110bc463c0ddd9183e4f582.map
  - server/.jest-cache/jest-transform-cache-c28e27eaf2cda0320583202d2edf90c5-79ef2876fae7ca75eedb2aa53dc48338/dd/backupService_dd1def420c41d11639dc9c8870129c74
  - server/.jest-cache/jest-transform-cache-c28e27eaf2cda0320583202d2edf90c5-79ef2876fae7ca75eedb2aa53dc48338/dd/backupService_dd1def420c41d11639dc9c8870129c74.map
  - server/.jest-cache/jest-transform-cache-c28e27eaf2cda0320583202d2edf90c5-79ef2876fae7ca75eedb2aa53dc48338/dd/contactExtractorunittest_ddc21072e5db9ce7210d1dff2c4a22e5
  - server/.jest-cache/jest-transform-cache-c28e27eaf2cda0320583202d2edf90c5-79ef2876fae7ca75eedb2aa53dc48338/dd/contactExtractorunittest_ddc21072e5db9ce7210d1dff2c4a22e5.map
  - server/.jest-cache/jest-transform-cache-c28e27eaf2cda0320583202d2edf90c5-79ef2876fae7ca75eedb2aa53dc48338/dd/prisma_ddd67c4460c7bae2c7103e958e2bbe45
  - server/.jest-cache/jest-transform-cache-c28e27eaf2cda0320583202d2edf90c5-79ef2876fae7ca75eedb2aa53dc48338/dd/prisma_ddd67c4460c7bae2c7103e958e2bbe45.map
  - server/.jest-cache/jest-transform-cache-c28e27eaf2cda0320583202d2edf90c5-79ef2876fae7ca75eedb2aa53dc48338/dd/progressCheck_dddc6471c135acea7d108aa52ac3efac
  - server/.jest-cache/jest-transform-cache-c28e27eaf2cda0320583202d2edf90c5-79ef2876fae7ca75eedb2aa53dc48338/dd/progressCheck_dddc6471c135acea7d108aa52ac3efac.map
  - server/.jest-cache/jest-transform-cache-c28e27eaf2cda0320583202d2edf90c5-79ef2876fae7ca75eedb2aa53dc48338/dd/validationunittest_ddc150f7f7cc9aa2447325bee36010f0
  - server/.jest-cache/jest-transform-cache-c28e27eaf2cda0320583202d2edf90c5-79ef2876fae7ca75eedb2aa53dc48338/dd/validationunittest_ddc150f7f7cc9aa2447325bee36010f0.map
  - server/.jest-cache/jest-transform-cache-c28e27eaf2cda0320583202d2edf90c5-79ef2876fae7ca75eedb2aa53dc48338/de/curriculumImportServiceupdatedtest_de4a99f837c40160a23723ad1e8c33d8
  - server/.jest-cache/jest-transform-cache-c28e27eaf2cda0320583202d2edf90c5-79ef2876fae7ca75eedb2aa53dc48338/de/curriculumImportServiceupdatedtest_de4a99f837c40160a23723ad1e8c33d8.map
  - server/.jest-cache/jest-transform-cache-c28e27eaf2cda0320583202d2edf90c5-79ef2876fae7ca75eedb2aa53dc48338/de/jestsetup_decdcb4156247b1f825cfdf2a3f10d48
  - server/.jest-cache/jest-transform-cache-c28e27eaf2cda0320583202d2edf90c5-79ef2876fae7ca75eedb2aa53dc48338/de/llmService_debc2d89588157a6ea9fcf62b1374b20
  - server/.jest-cache/jest-transform-cache-c28e27eaf2cda0320583202d2edf90c5-79ef2876fae7ca75eedb2aa53dc48338/de/llmService_debc2d89588157a6ea9fcf62b1374b20.map
  - server/.jest-cache/jest-transform-cache-c28e27eaf2cda0320583202d2edf90c5-79ef2876fae7ca75eedb2aa53dc48338/de/plannerstate_de7f7f0c7a203d9d8a9354b079635d48
  - server/.jest-cache/jest-transform-cache-c28e27eaf2cda0320583202d2edf90c5-79ef2876fae7ca75eedb2aa53dc48338/de/plannerstate_de7f7f0c7a203d9d8a9354b079635d48.map
  - server/.jest-cache/jest-transform-cache-c28e27eaf2cda0320583202d2edf90c5-79ef2876fae7ca75eedb2aa53dc48338/de/unreadNotificationstest_decc3d7170ff6c376ad5c07b7c510062
  - server/.jest-cache/jest-transform-cache-c28e27eaf2cda0320583202d2edf90c5-79ef2876fae7ca75eedb2aa53dc48338/de/unreadNotificationstest_decc3d7170ff6c376ad5c07b7c510062.map
  - server/.jest-cache/jest-transform-cache-c28e27eaf2cda0320583202d2edf90c5-79ef2876fae7ca75eedb2aa53dc48338/de/workflowStateService_de816b12ece8d159c67d490aaec9d78f
  - server/.jest-cache/jest-transform-cache-c28e27eaf2cda0320583202d2edf90c5-79ef2876fae7ca75eedb2aa53dc48338/de/workflowStateService_de816b12ece8d159c67d490aaec9d78f.map
  - server/.jest-cache/jest-transform-cache-c28e27eaf2cda0320583202d2edf90c5-79ef2876fae7ca75eedb2aa53dc48338/df/activitycollections_dff7d7fcc4500deca22c598424948b83
  - server/.jest-cache/jest-transform-cache-c28e27eaf2cda0320583202d2edf90c5-79ef2876fae7ca75eedb2aa53dc48338/df/activitycollections_dff7d7fcc4500deca22c598424948b83.map
  - server/.jest-cache/jest-transform-cache-c28e27eaf2cda0320583202d2edf90c5-79ef2876fae7ca75eedb2aa53dc48338/df/aiDraftService_df6cd9924e11650dd59f5e0ffffc40d5
  - server/.jest-cache/jest-transform-cache-c28e27eaf2cda0320583202d2edf90c5-79ef2876fae7ca75eedb2aa53dc48338/df/aiDraftService_df6cd9924e11650dd59f5e0ffffc40d5.map
  - server/.jest-cache/jest-transform-cache-c28e27eaf2cda0320583202d2edf90c5-79ef2876fae7ca75eedb2aa53dc48338/df/aiPlanningAssistanttest_dfdfd80e7732d633e6cc9eaf72bb0135
  - server/.jest-cache/jest-transform-cache-c28e27eaf2cda0320583202d2edf90c5-79ef2876fae7ca75eedb2aa53dc48338/df/aiPlanningAssistanttest_dfdfd80e7732d633e6cc9eaf72bb0135.map
  - server/.jest-cache/jest-transform-cache-c28e27eaf2cda0320583202d2edf90c5-79ef2876fae7ca75eedb2aa53dc48338/df/anthropicService_dfd685fdb325e89a5d6af8bc6b53fff0
  - server/.jest-cache/jest-transform-cache-c28e27eaf2cda0320583202d2edf90c5-79ef2876fae7ca75eedb2aa53dc48338/df/anthropicService_dfd685fdb325e89a5d6af8bc6b53fff0.map
  - server/.jest-cache/jest-transform-cache-c28e27eaf2cda0320583202d2edf90c5-79ef2876fae7ca75eedb2aa53dc48338/df/baseConnector_df86ec35a1c015313c499eedceedee0f
  - server/.jest-cache/jest-transform-cache-c28e27eaf2cda0320583202d2edf90c5-79ef2876fae7ca75eedb2aa53dc48338/df/baseConnector_df86ec35a1c015313c499eedceedee0f.map
  - server/.jest-cache/jest-transform-cache-c28e27eaf2cda0320583202d2edf90c5-79ef2876fae7ca75eedb2aa53dc48338/df/curriculumImportServicetest_df1f97c21aa26bee1c04ca9adc357e2b
  - server/.jest-cache/jest-transform-cache-c28e27eaf2cda0320583202d2edf90c5-79ef2876fae7ca75eedb2aa53dc48338/df/curriculumImportServicetest_df1f97c21aa26bee1c04ca9adc357e2b.map
  - server/.jest-cache/jest-transform-cache-c28e27eaf2cda0320583202d2edf90c5-79ef2876fae7ca75eedb2aa53dc48338/df/curriculumImport_dfa2cdb7bd52556b409f665484c8b1cc
  - server/.jest-cache/jest-transform-cache-c28e27eaf2cda0320583202d2edf90c5-79ef2876fae7ca75eedb2aa53dc48338/df/curriculumImport_dfa2cdb7bd52556b409f665484c8b1cc.map
  - server/.jest-cache/jest-transform-cache-c28e27eaf2cda0320583202d2edf90c5-79ef2876fae7ca75eedb2aa53dc48338/df/educationWebConnector_dfcc0ffff9eb417c4c343149b58a940d
  - server/.jest-cache/jest-transform-cache-c28e27eaf2cda0320583202d2edf90c5-79ef2876fae7ca75eedb2aa53dc48338/df/educationWebConnector_dfcc0ffff9eb417c4c343149b58a940d.map
  - server/.jest-cache/jest-transform-cache-c28e27eaf2cda0320583202d2edf90c5-79ef2876fae7ca75eedb2aa53dc48338/df/educationWebConnectortest_df1c2dfe86c6cf8c3ee514622892a8a9
  - server/.jest-cache/jest-transform-cache-c28e27eaf2cda0320583202d2edf90c5-79ef2876fae7ca75eedb2aa53dc48338/df/educationWebConnectortest_df1c2dfe86c6cf8c3ee514622892a8a9.map
  - server/.jest-cache/jest-transform-cache-c28e27eaf2cda0320583202d2edf90c5-79ef2876fae7ca75eedb2aa53dc48338/df/etfoprogress_df6f7612b10b0440f8d1d0d69429b713
  - server/.jest-cache/jest-transform-cache-c28e27eaf2cda0320583202d2edf90c5-79ef2876fae7ca75eedb2aa53dc48338/df/etfoprogress_df6f7612b10b0440f8d1d0d69429b713.map
  - server/.jest-cache/jest-transform-cache-c28e27eaf2cda0320583202d2edf90c5-79ef2876fae7ca75eedb2aa53dc48338/df/simpleservertest_df5a00fce85cc20daceaaa514d2dd56b
  - server/.jest-cache/jest-transform-cache-c28e27eaf2cda0320583202d2edf90c5-79ef2876fae7ca75eedb2aa53dc48338/df/simpleservertest_df5a00fce85cc20daceaaa514d2dd56b.map
  - server/.jest-cache/jest-transform-cache-c28e27eaf2cda0320583202d2edf90c5-79ef2876fae7ca75eedb2aa53dc48338/e0/contactValidationFocusedtest_e00977217e61a8ba89d2ae636b2b4782
  - server/.jest-cache/jest-transform-cache-c28e27eaf2cda0320583202d2edf90c5-79ef2876fae7ca75eedb2aa53dc48338/e0/contactValidationFocusedtest_e00977217e61a8ba89d2ae636b2b4782.map
  - server/.jest-cache/jest-transform-cache-c28e27eaf2cda0320583202d2edf90c5-79ef2876fae7ca75eedb2aa53dc48338/e0/inputSanitization_e084447b9ed0b8a43241c6f5bf56e68d
  - server/.jest-cache/jest-transform-cache-c28e27eaf2cda0320583202d2edf90c5-79ef2876fae7ca75eedb2aa53dc48338/e0/inputSanitization_e084447b9ed0b8a43241c6f5bf56e68d.map
  - server/.jest-cache/jest-transform-cache-c28e27eaf2cda0320583202d2edf90c5-79ef2876fae7ca75eedb2aa53dc48338/e0/rateLimiter_e00b4ef5d8d54b29f62043240e391684
  - server/.jest-cache/jest-transform-cache-c28e27eaf2cda0320583202d2edf90c5-79ef2876fae7ca75eedb2aa53dc48338/e0/rateLimiter_e00b4ef5d8d54b29f62043240e391684.map
  - server/.jest-cache/jest-transform-cache-c28e27eaf2cda0320583202d2edf90c5-79ef2876fae7ca75eedb2aa53dc48338/e0/substituteInfotest_e04fd0662cd1de77c76a9c236f2a2bbe
  - server/.jest-cache/jest-transform-cache-c28e27eaf2cda0320583202d2edf90c5-79ef2876fae7ca75eedb2aa53dc48338/e0/substituteInfotest_e04fd0662cd1de77c76a9c236f2a2bbe.map
  - server/.jest-cache/jest-transform-cache-c28e27eaf2cda0320583202d2edf90c5-79ef2876fae7ca75eedb2aa53dc48338/e1/aiActivityGenerator_e168f96753c9cbf9281fe3e4907fccda
  - server/.jest-cache/jest-transform-cache-c28e27eaf2cda0320583202d2edf90c5-79ef2876fae7ca75eedb2aa53dc48338/e1/aiActivityGenerator_e168f96753c9cbf9281fe3e4907fccda.map
  - server/.jest-cache/jest-transform-cache-c28e27eaf2cda0320583202d2edf90c5-79ef2876fae7ca75eedb2aa53dc48338/e1/aiactivitygeneration_e14fdd98b00709e7788d4c5f6cadd3e9
  - server/.jest-cache/jest-transform-cache-c28e27eaf2cda0320583202d2edf90c5-79ef2876fae7ca75eedb2aa53dc48338/e1/aiactivitygeneration_e14fdd98b00709e7788d4c5f6cadd3e9.map
  - server/.jest-cache/jest-transform-cache-c28e27eaf2cda0320583202d2edf90c5-79ef2876fae7ca75eedb2aa53dc48338/e1/daybookentries_e15ac9f8e3ae6ae74d3ff3373e50d891
  - server/.jest-cache/jest-transform-cache-c28e27eaf2cda0320583202d2edf90c5-79ef2876fae7ca75eedb2aa53dc48338/e1/daybookentries_e15ac9f8e3ae6ae74d3ff3373e50d891.map
  - server/.jest-cache/jest-transform-cache-c28e27eaf2cda0320583202d2edf90c5-79ef2876fae7ca75eedb2aa53dc48338/e1/index_e199ae9c6542ea8629eaadaea410b1a1
  - server/.jest-cache/jest-transform-cache-c28e27eaf2cda0320583202d2edf90c5-79ef2876fae7ca75eedb2aa53dc48338/e1/index_e199ae9c6542ea8629eaadaea410b1a1.map
  - server/.jest-cache/jest-transform-cache-c28e27eaf2cda0320583202d2edf90c5-79ef2876fae7ca75eedb2aa53dc48338/e1/openai_e14bf81b42f0ccb13cb26af41a585cf4
  - server/.jest-cache/jest-transform-cache-c28e27eaf2cda0320583202d2edf90c5-79ef2876fae7ca75eedb2aa53dc48338/e1/performanceMonitoring_e108ad3d4c3c9d44d44bcc82b41f50e2
  - server/.jest-cache/jest-transform-cache-c28e27eaf2cda0320583202d2edf90c5-79ef2876fae7ca75eedb2aa53dc48338/e1/performanceMonitoring_e108ad3d4c3c9d44d44bcc82b41f50e2.map
  - server/.jest-cache/jest-transform-cache-c28e27eaf2cda0320583202d2edf90c5-79ef2876fae7ca75eedb2aa53dc48338/e2/authenticate_e2c7eeae6fed5c769896ba6de1fce045
  - server/.jest-cache/jest-transform-cache-c28e27eaf2cda0320583202d2edf90c5-79ef2876fae7ca75eedb2aa53dc48338/e2/authenticate_e2c7eeae6fed5c769896ba6de1fce045.map
  - server/.jest-cache/jest-transform-cache-c28e27eaf2cda0320583202d2edf90c5-79ef2876fae7ca75eedb2aa53dc48338/e2/curriculumDiscoveryService_e2bbf300147e3a97302d8df71d0dd66c
  - server/.jest-cache/jest-transform-cache-c28e27eaf2cda0320583202d2edf90c5-79ef2876fae7ca75eedb2aa53dc48338/e2/curriculumDiscoveryService_e2bbf300147e3a97302d8df71d0dd66c.map
  - server/.jest-cache/jest-transform-cache-c28e27eaf2cda0320583202d2edf90c5-79ef2876fae7ca75eedb2aa53dc48338/e2/daybookentries_e2437e58ab9eda5f583916deda578030
  - server/.jest-cache/jest-transform-cache-c28e27eaf2cda0320583202d2edf90c5-79ef2876fae7ca75eedb2aa53dc48338/e2/daybookentries_e2437e58ab9eda5f583916deda578030.map
  - server/.jest-cache/jest-transform-cache-c28e27eaf2cda0320583202d2edf90c5-79ef2876fae7ca75eedb2aa53dc48338/e2/user_e294ea0f84d2f1811d95293272b7eff6
  - server/.jest-cache/jest-transform-cache-c28e27eaf2cda0320583202d2edf90c5-79ef2876fae7ca75eedb2aa53dc48338/e2/user_e294ea0f84d2f1811d95293272b7eff6.map
  - server/.jest-cache/jest-transform-cache-c28e27eaf2cda0320583202d2edf90c5-79ef2876fae7ca75eedb2aa53dc48338/e3/ServiceRegistry_e36f13115daa39d24a72d4ea46c633ba
  - server/.jest-cache/jest-transform-cache-c28e27eaf2cda0320583202d2edf90c5-79ef2876fae7ca75eedb2aa53dc48338/e3/ServiceRegistry_e36f13115daa39d24a72d4ea46c633ba.map
  - server/.jest-cache/jest-transform-cache-c28e27eaf2cda0320583202d2edf90c5-79ef2876fae7ca75eedb2aa53dc48338/e3/backupService_e3356cb861bcc61e5e039d51869697d7
  - server/.jest-cache/jest-transform-cache-c28e27eaf2cda0320583202d2edf90c5-79ef2876fae7ca75eedb2aa53dc48338/e3/backupService_e3356cb861bcc61e5e039d51869697d7.map
  - server/.jest-cache/jest-transform-cache-c28e27eaf2cda0320583202d2edf90c5-79ef2876fae7ca75eedb2aa53dc48338/e3/baseConnectortest_e30bd0f69239a1c4555b002883ea54cf
  - server/.jest-cache/jest-transform-cache-c28e27eaf2cda0320583202d2edf90c5-79ef2876fae7ca75eedb2aa53dc48338/e3/baseConnectortest_e30bd0f69239a1c4555b002883ea54cf.map
  - server/.jest-cache/jest-transform-cache-c28e27eaf2cda0320583202d2edf90c5-79ef2876fae7ca75eedb2aa53dc48338/e3/cacheServicecomprehensivetest_e373bb43f6a39aafa10ba6db6bdccaa9
  - server/.jest-cache/jest-transform-cache-c28e27eaf2cda0320583202d2edf90c5-79ef2876fae7ca75eedb2aa53dc48338/e3/cacheServicecomprehensivetest_e373bb43f6a39aafa10ba6db6bdccaa9.map
  - server/.jest-cache/jest-transform-cache-c28e27eaf2cda0320583202d2edf90c5-79ef2876fae7ca75eedb2aa53dc48338/e3/contactExtractorunittest_e3d547847a9fe1601ce5e57e2b07a926
  - server/.jest-cache/jest-transform-cache-c28e27eaf2cda0320583202d2edf90c5-79ef2876fae7ca75eedb2aa53dc48338/e3/contactExtractorunittest_e3d547847a9fe1601ce5e57e2b07a926.map
  - server/.jest-cache/jest-transform-cache-c28e27eaf2cda0320583202d2edf90c5-79ef2876fae7ca75eedb2aa53dc48338/e3/etfolessonplans_e323f22ae2e1f37b751470a9cdf4f011
  - server/.jest-cache/jest-transform-cache-c28e27eaf2cda0320583202d2edf90c5-79ef2876fae7ca75eedb2aa53dc48338/e3/etfolessonplans_e323f22ae2e1f37b751470a9cdf4f011.map
  - server/.jest-cache/jest-transform-cache-c28e27eaf2cda0320583202d2edf90c5-79ef2876fae7ca75eedb2aa53dc48338/e3/etfolessonplans_e3a508b343f2e29d701ff3251b4d17d1
  - server/.jest-cache/jest-transform-cache-c28e27eaf2cda0320583202d2edf90c5-79ef2876fae7ca75eedb2aa53dc48338/e3/etfolessonplans_e3a508b343f2e29d701ff3251b4d17d1.map
  - server/.jest-cache/jest-transform-cache-c28e27eaf2cda0320583202d2edf90c5-79ef2876fae7ca75eedb2aa53dc48338/e3/parentSummaryLLM_e3a015d543a683a29f03a2331cdc24e2
  - server/.jest-cache/jest-transform-cache-c28e27eaf2cda0320583202d2edf90c5-79ef2876fae7ca75eedb2aa53dc48338/e3/parentSummaryLLM_e3a015d543a683a29f03a2331cdc24e2.map
  - server/.jest-cache/jest-transform-cache-c28e27eaf2cda0320583202d2edf90c5-79ef2876fae7ca75eedb2aa53dc48338/e3/performanceMonitoring_e371b492b9928d8f3d1f3c49d43fc44f
  - server/.jest-cache/jest-transform-cache-c28e27eaf2cda0320583202d2edf90c5-79ef2876fae7ca75eedb2aa53dc48338/e3/performanceMonitoring_e371b492b9928d8f3d1f3c49d43fc44f.map
  - server/.jest-cache/jest-transform-cache-c28e27eaf2cda0320583202d2edf90c5-79ef2876fae7ca75eedb2aa53dc48338/e3/progressCheck_e38aaa93a3448e284fb3e20ae3642529
  - server/.jest-cache/jest-transform-cache-c28e27eaf2cda0320583202d2edf90c5-79ef2876fae7ca75eedb2aa53dc48338/e3/progressCheck_e38aaa93a3448e284fb3e20ae3642529.map
  - server/.jest-cache/jest-transform-cache-c28e27eaf2cda0320583202d2edf90c5-79ef2876fae7ca75eedb2aa53dc48338/e3/uuidmock_e3fbe716d81c4d015030568343546f44
  - server/.jest-cache/jest-transform-cache-c28e27eaf2cda0320583202d2edf90c5-79ef2876fae7ca75eedb2aa53dc48338/e3/uuidmock_e3fbe716d81c4d015030568343546f44.map
  - server/.jest-cache/jest-transform-cache-c28e27eaf2cda0320583202d2edf90c5-79ef2876fae7ca75eedb2aa53dc48338/e4/cacheServicetest_e411743dcdfd4c3accd5bde63fdf6a54
  - server/.jest-cache/jest-transform-cache-c28e27eaf2cda0320583202d2edf90c5-79ef2876fae7ca75eedb2aa53dc48338/e4/cacheServicetest_e411743dcdfd4c3accd5bde63fdf6a54.map
  - server/.jest-cache/jest-transform-cache-c28e27eaf2cda0320583202d2edf90c5-79ef2876fae7ca75eedb2aa53dc48338/e4/integrationtestsetup_e4ac22cbcd935fe21bf0206f93d06b29
  - server/.jest-cache/jest-transform-cache-c28e27eaf2cda0320583202d2edf90c5-79ef2876fae7ca75eedb2aa53dc48338/e4/integrationtestsetup_e4ac22cbcd935fe21bf0206f93d06b29.map
  - server/.jest-cache/jest-transform-cache-c28e27eaf2cda0320583202d2edf90c5-79ef2876fae7ca75eedb2aa53dc48338/e4/validateRequest_e4ca994dd8876a9f8665f903d16f23c5
  - server/.jest-cache/jest-transform-cache-c28e27eaf2cda0320583202d2edf90c5-79ef2876fae7ca75eedb2aa53dc48338/e4/validateRequest_e4ca994dd8876a9f8665f903d16f23c5.map
  - server/.jest-cache/jest-transform-cache-c28e27eaf2cda0320583202d2edf90c5-79ef2876fae7ca75eedb2aa53dc48338/e5/backupRoutestest_e5072b2e3488c07910c8aea41c328aa9
  - server/.jest-cache/jest-transform-cache-c28e27eaf2cda0320583202d2edf90c5-79ef2876fae7ca75eedb2aa53dc48338/e5/backupRoutestest_e5072b2e3488c07910c8aea41c328aa9.map
  - server/.jest-cache/jest-transform-cache-c28e27eaf2cda0320583202d2edf90c5-79ef2876fae7ca75eedb2aa53dc48338/e5/index_e53ead1717ce09e1755ad1ce2344da12
  - server/.jest-cache/jest-transform-cache-c28e27eaf2cda0320583202d2edf90c5-79ef2876fae7ca75eedb2aa53dc48338/e5/index_e53ead1717ce09e1755ad1ce2344da12.map
  - server/.jest-cache/jest-transform-cache-c28e27eaf2cda0320583202d2edf90c5-79ef2876fae7ca75eedb2aa53dc48338/e5/plannerstate_e51ba14a5c5fe0146431649f77328c75
  - server/.jest-cache/jest-transform-cache-c28e27eaf2cda0320583202d2edf90c5-79ef2876fae7ca75eedb2aa53dc48338/e5/plannerstate_e51ba14a5c5fe0146431649f77328c75.map
  - server/.jest-cache/jest-transform-cache-c28e27eaf2cda0320583202d2edf90c5-79ef2876fae7ca75eedb2aa53dc48338/e6/authService_e6fd057cd53984d74bdde8d3c1b651c2
  - server/.jest-cache/jest-transform-cache-c28e27eaf2cda0320583202d2edf90c5-79ef2876fae7ca75eedb2aa53dc48338/e6/authService_e6fd057cd53984d74bdde8d3c1b651c2.map
  - server/.jest-cache/jest-transform-cache-c28e27eaf2cda0320583202d2edf90c5-79ef2876fae7ca75eedb2aa53dc48338/e6/validation_e68efee76f1e69d7fde63c03dabd09fc
  - server/.jest-cache/jest-transform-cache-c28e27eaf2cda0320583202d2edf90c5-79ef2876fae7ca75eedb2aa53dc48338/e6/validation_e68efee76f1e69d7fde63c03dabd09fc.map
  - server/.jest-cache/jest-transform-cache-c28e27eaf2cda0320583202d2edf90c5-79ef2876fae7ca75eedb2aa53dc48338/e6/workflowStateService_e686d1cf34f5d3c7eab7506d31fc2bfe
  - server/.jest-cache/jest-transform-cache-c28e27eaf2cda0320583202d2edf90c5-79ef2876fae7ca75eedb2aa53dc48338/e6/workflowStateService_e686d1cf34f5d3c7eab7506d31fc2bfe.map
  - server/.jest-cache/jest-transform-cache-c28e27eaf2cda0320583202d2edf90c5-79ef2876fae7ca75eedb2aa53dc48338/e7/authtest_e736fed53edbced216368eee02f74232
  - server/.jest-cache/jest-transform-cache-c28e27eaf2cda0320583202d2edf90c5-79ef2876fae7ca75eedb2aa53dc48338/e7/authtest_e736fed53edbced216368eee02f74232.map
  - server/.jest-cache/jest-transform-cache-c28e27eaf2cda0320583202d2edf90c5-79ef2876fae7ca75eedb2aa53dc48338/e7/templates_e7d54e1a9bcbac9e14b6d8a52c55bdec
  - server/.jest-cache/jest-transform-cache-c28e27eaf2cda0320583202d2edf90c5-79ef2876fae7ca75eedb2aa53dc48338/e7/templates_e7d54e1a9bcbac9e14b6d8a52c55bdec.map
  - server/.jest-cache/jest-transform-cache-c28e27eaf2cda0320583202d2edf90c5-79ef2876fae7ca75eedb2aa53dc48338/e7/testdatabasemanager_e7fe520d2486cda05d9c4b776f310faf
  - server/.jest-cache/jest-transform-cache-c28e27eaf2cda0320583202d2edf90c5-79ef2876fae7ca75eedb2aa53dc48338/e7/testdatabasemanager_e7fe520d2486cda05d9c4b776f310faf.map
  - server/.jest-cache/jest-transform-cache-c28e27eaf2cda0320583202d2edf90c5-79ef2876fae7ca75eedb2aa53dc48338/e8/curriculumImportServiceupdatedtest_e830b23d6f3e8f4bc76f159a7de359ed
  - server/.jest-cache/jest-transform-cache-c28e27eaf2cda0320583202d2edf90c5-79ef2876fae7ca75eedb2aa53dc48338/e8/curriculumImportServiceupdatedtest_e830b23d6f3e8f4bc76f159a7de359ed.map
  - server/.jest-cache/jest-transform-cache-c28e27eaf2cda0320583202d2edf90c5-79ef2876fae7ca75eedb2aa53dc48338/e8/etfohelpers_e87516728506d19f3a063209c69b0ee1
  - server/.jest-cache/jest-transform-cache-c28e27eaf2cda0320583202d2edf90c5-79ef2876fae7ca75eedb2aa53dc48338/e8/etfohelpers_e87516728506d19f3a063209c69b0ee1.map
  - server/.jest-cache/jest-transform-cache-c28e27eaf2cda0320583202d2edf90c5-79ef2876fae7ca75eedb2aa53dc48338/e8/llmService_e83ef37728ae714fe87d2052b4815967
  - server/.jest-cache/jest-transform-cache-c28e27eaf2cda0320583202d2edf90c5-79ef2876fae7ca75eedb2aa53dc48338/e8/llmService_e83ef37728ae714fe87d2052b4815967.map
  - server/.jest-cache/jest-transform-cache-c28e27eaf2cda0320583202d2edf90c5-79ef2876fae7ca75eedb2aa53dc48338/e8/phase3basictest_e83bb08e50f8e24b5a162c6ad19bd222
  - server/.jest-cache/jest-transform-cache-c28e27eaf2cda0320583202d2edf90c5-79ef2876fae7ca75eedb2aa53dc48338/e8/phase3basictest_e83bb08e50f8e24b5a162c6ad19bd222.map
  - server/.jest-cache/jest-transform-cache-c28e27eaf2cda0320583202d2edf90c5-79ef2876fae7ca75eedb2aa53dc48338/e8/reflectionClassifierService_e8f1e60401d6ee9679af546fa10b47bd
  - server/.jest-cache/jest-transform-cache-c28e27eaf2cda0320583202d2edf90c5-79ef2876fae7ca75eedb2aa53dc48338/e8/reflectionClassifierService_e8f1e60401d6ee9679af546fa10b47bd.map
  - server/.jest-cache/jest-transform-cache-c28e27eaf2cda0320583202d2edf90c5-79ef2876fae7ca75eedb2aa53dc48338/e9/emailServicetest_e9f81a2a8b86815e71f1893a6c0e406e
  - server/.jest-cache/jest-transform-cache-c28e27eaf2cda0320583202d2edf90c5-79ef2876fae7ca75eedb2aa53dc48338/e9/emailServicetest_e9f81a2a8b86815e71f1893a6c0e406e.map
  - server/.jest-cache/jest-transform-cache-c28e27eaf2cda0320583202d2edf90c5-79ef2876fae7ca75eedb2aa53dc48338/e9/notifications_e93118d43e0ed89d779bd06f7e65b958
  - server/.jest-cache/jest-transform-cache-c28e27eaf2cda0320583202d2edf90c5-79ef2876fae7ca75eedb2aa53dc48338/e9/notifications_e93118d43e0ed89d779bd06f7e65b958.map
  - server/.jest-cache/jest-transform-cache-c28e27eaf2cda0320583202d2edf90c5-79ef2876fae7ca75eedb2aa53dc48338/e9/webFetch_e93bbe943e90bdb7729cc63c23639264
  - server/.jest-cache/jest-transform-cache-c28e27eaf2cda0320583202d2edf90c5-79ef2876fae7ca75eedb2aa53dc48338/e9/webFetch_e93bbe943e90bdb7729cc63c23639264.map
  - server/.jest-cache/jest-transform-cache-c28e27eaf2cda0320583202d2edf90c5-79ef2876fae7ca75eedb2aa53dc48338/ea/aiActivityGeneratorService_eadcd87277a73e971bb63097fea801aa
  - server/.jest-cache/jest-transform-cache-c28e27eaf2cda0320583202d2edf90c5-79ef2876fae7ca75eedb2aa53dc48338/ea/aiActivityGeneratorService_eadcd87277a73e971bb63097fea801aa.map
  - server/.jest-cache/jest-transform-cache-c28e27eaf2cda0320583202d2edf90c5-79ef2876fae7ca75eedb2aa53dc48338/ea/curriculumImportService_ea9517f1ad60f1e0bd82ed81754c6705
  - server/.jest-cache/jest-transform-cache-c28e27eaf2cda0320583202d2edf90c5-79ef2876fae7ca75eedb2aa53dc48338/ea/curriculumImportService_ea9517f1ad60f1e0bd82ed81754c6705.map
  - server/.jest-cache/jest-transform-cache-c28e27eaf2cda0320583202d2edf90c5-79ef2876fae7ca75eedb2aa53dc48338/ea/index_eaa8506c73d5dfbe51a0a25cc8ce8374
  - server/.jest-cache/jest-transform-cache-c28e27eaf2cda0320583202d2edf90c5-79ef2876fae7ca75eedb2aa53dc48338/ea/index_eaa8506c73d5dfbe51a0a25cc8ce8374.map
  - server/.jest-cache/jest-transform-cache-c28e27eaf2cda0320583202d2edf90c5-79ef2876fae7ca75eedb2aa53dc48338/ea/notificationServicetest_ea2a247e2206a8883c4f64e009915bfb
  - server/.jest-cache/jest-transform-cache-c28e27eaf2cda0320583202d2edf90c5-79ef2876fae7ca75eedb2aa53dc48338/ea/notificationServicetest_ea2a247e2206a8883c4f64e009915bfb.map
  - server/.jest-cache/jest-transform-cache-c28e27eaf2cda0320583202d2edf90c5-79ef2876fae7ca75eedb2aa53dc48338/ea/prisma_ea0e66ee55ba59556cf4921788096081
  - server/.jest-cache/jest-transform-cache-c28e27eaf2cda0320583202d2edf90c5-79ef2876fae7ca75eedb2aa53dc48338/ea/prisma_ea0e66ee55ba59556cf4921788096081.map
  - server/.jest-cache/jest-transform-cache-c28e27eaf2cda0320583202d2edf90c5-79ef2876fae7ca75eedb2aa53dc48338/ea/reportDeadlineReminder_ea19f97fa401e7f4787d3eef1029cc49
  - server/.jest-cache/jest-transform-cache-c28e27eaf2cda0320583202d2edf90c5-79ef2876fae7ca75eedb2aa53dc48338/ea/reportDeadlineReminder_ea19f97fa401e7f4787d3eef1029cc49.map
  - server/.jest-cache/jest-transform-cache-c28e27eaf2cda0320583202d2edf90c5-79ef2876fae7ca75eedb2aa53dc48338/ea/setuptestdb_ea444aa4169506a8e0dbe9d30ef72594
  - server/.jest-cache/jest-transform-cache-c28e27eaf2cda0320583202d2edf90c5-79ef2876fae7ca75eedb2aa53dc48338/ea/setuptestdb_ea444aa4169506a8e0dbe9d30ef72594.map
  - server/.jest-cache/jest-transform-cache-c28e27eaf2cda0320583202d2edf90c5-79ef2876fae7ca75eedb2aa53dc48338/ea/student_ea775b3f613e666d1bd406e8bfa428e2
  - server/.jest-cache/jest-transform-cache-c28e27eaf2cda0320583202d2edf90c5-79ef2876fae7ca75eedb2aa53dc48338/ea/student_ea775b3f613e666d1bd406e8bfa428e2.map
  - server/.jest-cache/jest-transform-cache-c28e27eaf2cda0320583202d2edf90c5-79ef2876fae7ca75eedb2aa53dc48338/ea/student_eaf6f810f0f6347c2c299ee3b8a2ed81
  - server/.jest-cache/jest-transform-cache-c28e27eaf2cda0320583202d2edf90c5-79ef2876fae7ca75eedb2aa53dc48338/ea/student_eaf6f810f0f6347c2c299ee3b8a2ed81.map
  - server/.jest-cache/jest-transform-cache-c28e27eaf2cda0320583202d2edf90c5-79ef2876fae7ca75eedb2aa53dc48338/ea/workflowStateService_eaa067152497f5c1fcfa25c779bc5206
  - server/.jest-cache/jest-transform-cache-c28e27eaf2cda0320583202d2edf90c5-79ef2876fae7ca75eedb2aa53dc48338/ea/workflowStateService_eaa067152497f5c1fcfa25c779bc5206.map
  - server/.jest-cache/jest-transform-cache-c28e27eaf2cda0320583202d2edf90c5-79ef2876fae7ca75eedb2aa53dc48338/eb/app_ebdde64b9a22576752addee402ecd52c
  - server/.jest-cache/jest-transform-cache-c28e27eaf2cda0320583202d2edf90c5-79ef2876fae7ca75eedb2aa53dc48338/eb/app_ebdde64b9a22576752addee402ecd52c.map
  - server/.jest-cache/jest-transform-cache-c28e27eaf2cda0320583202d2edf90c5-79ef2876fae7ca75eedb2aa53dc48338/eb/contactParsingAdvancedtest_ebb3dca139f747ec041eb2cbd8e2ff79
  - server/.jest-cache/jest-transform-cache-c28e27eaf2cda0320583202d2edf90c5-79ef2876fae7ca75eedb2aa53dc48338/eb/contactParsingAdvancedtest_ebb3dca139f747ec041eb2cbd8e2ff79.map
  - server/.jest-cache/jest-transform-cache-c28e27eaf2cda0320583202d2edf90c5-79ef2876fae7ca75eedb2aa53dc48338/eb/embeddingServicefasttest_ebacda4381830385009895e2eec422f4
  - server/.jest-cache/jest-transform-cache-c28e27eaf2cda0320583202d2edf90c5-79ef2876fae7ca75eedb2aa53dc48338/eb/embeddingServicefasttest_ebacda4381830385009895e2eec422f4.map
  - server/.jest-cache/jest-transform-cache-c28e27eaf2cda0320583202d2edf90c5-79ef2876fae7ca75eedb2aa53dc48338/eb/logger_eb47785bca30093cb49ab9fa05be7348
  - server/.jest-cache/jest-transform-cache-c28e27eaf2cda0320583202d2edf90c5-79ef2876fae7ca75eedb2aa53dc48338/eb/logger_eb47785bca30093cb49ab9fa05be7348.map
  - server/.jest-cache/jest-transform-cache-c28e27eaf2cda0320583202d2edf90c5-79ef2876fae7ca75eedb2aa53dc48338/eb/subPlanService_eb637d4c91bfa6cec1ffc23f9c6d2f52
  - server/.jest-cache/jest-transform-cache-c28e27eaf2cda0320583202d2edf90c5-79ef2876fae7ca75eedb2aa53dc48338/eb/subPlanService_eb637d4c91bfa6cec1ffc23f9c6d2f52.map
  - server/.jest-cache/jest-transform-cache-c28e27eaf2cda0320583202d2edf90c5-79ef2876fae7ca75eedb2aa53dc48338/eb/validation_eb75f2349275556fa0c332a960c06a0c
  - server/.jest-cache/jest-transform-cache-c28e27eaf2cda0320583202d2edf90c5-79ef2876fae7ca75eedb2aa53dc48338/eb/validation_eb75f2349275556fa0c332a960c06a0c.map
  - server/.jest-cache/jest-transform-cache-c28e27eaf2cda0320583202d2edf90c5-79ef2876fae7ca75eedb2aa53dc48338/eb/webFetch_ebcb6203ddc344628bdf7f17d7cb28e0
  - server/.jest-cache/jest-transform-cache-c28e27eaf2cda0320583202d2edf90c5-79ef2876fae7ca75eedb2aa53dc48338/eb/webFetch_ebcb6203ddc344628bdf7f17d7cb28e0.map
  - server/.jest-cache/jest-transform-cache-c28e27eaf2cda0320583202d2edf90c5-79ef2876fae7ca75eedb2aa53dc48338/eb/workflowStatetest_eb3adcb47e825717119a906dcd53cdd2
  - server/.jest-cache/jest-transform-cache-c28e27eaf2cda0320583202d2edf90c5-79ef2876fae7ca75eedb2aa53dc48338/eb/workflowStatetest_eb3adcb47e825717119a906dcd53cdd2.map
  - server/.jest-cache/jest-transform-cache-c28e27eaf2cda0320583202d2edf90c5-79ef2876fae7ca75eedb2aa53dc48338/ec/aiPlanningAssistanttest_eca64d5fcf69e04b8cfa3f918198ab0f
  - server/.jest-cache/jest-transform-cache-c28e27eaf2cda0320583202d2edf90c5-79ef2876fae7ca75eedb2aa53dc48338/ec/aiPlanningAssistanttest_eca64d5fcf69e04b8cfa3f918198ab0f.map
  - server/.jest-cache/jest-transform-cache-c28e27eaf2cda0320583202d2edf90c5-79ef2876fae7ca75eedb2aa53dc48338/ec/authService_ec701ce552323b121a5bbac0bd0c83b8
  - server/.jest-cache/jest-transform-cache-c28e27eaf2cda0320583202d2edf90c5-79ef2876fae7ca75eedb2aa53dc48338/ec/authService_ec701ce552323b121a5bbac0bd0c83b8.map
  - server/.jest-cache/jest-transform-cache-c28e27eaf2cda0320583202d2edf90c5-79ef2876fae7ca75eedb2aa53dc48338/ec/auth_ec8f8404fe322c9c2dfa7a7763822e0d
  - server/.jest-cache/jest-transform-cache-c28e27eaf2cda0320583202d2edf90c5-79ef2876fae7ca75eedb2aa53dc48338/ec/auth_ec8f8404fe322c9c2dfa7a7763822e0d.map
  - server/.jest-cache/jest-transform-cache-c28e27eaf2cda0320583202d2edf90c5-79ef2876fae7ca75eedb2aa53dc48338/ec/planningtest_ec53dff92702b5a1c5088d3f4e5968f1
  - server/.jest-cache/jest-transform-cache-c28e27eaf2cda0320583202d2edf90c5-79ef2876fae7ca75eedb2aa53dc48338/ec/planningtest_ec53dff92702b5a1c5088d3f4e5968f1.map
  - server/.jest-cache/jest-transform-cache-c28e27eaf2cda0320583202d2edf90c5-79ef2876fae7ca75eedb2aa53dc48338/ec/scenarioTemplateExtractor_eca03f5a54a2f4467307e59502014b13
  - server/.jest-cache/jest-transform-cache-c28e27eaf2cda0320583202d2edf90c5-79ef2876fae7ca75eedb2aa53dc48338/ec/scenarioTemplateExtractor_eca03f5a54a2f4467307e59502014b13.map
  - server/.jest-cache/jest-transform-cache-c28e27eaf2cda0320583202d2edf90c5-79ef2876fae7ca75eedb2aa53dc48338/ec/subPlanGenerator_ecec773218f5147614ee70a0becc956d
  - server/.jest-cache/jest-transform-cache-c28e27eaf2cda0320583202d2edf90c5-79ef2876fae7ca75eedb2aa53dc48338/ec/subPlanGenerator_ecec773218f5147614ee70a0becc956d.map
  - server/.jest-cache/jest-transform-cache-c28e27eaf2cda0320583202d2edf90c5-79ef2876fae7ca75eedb2aa53dc48338/ed/embeddingServicetest_edf6813f09ddc93df45ff7a429f2b698
  - server/.jest-cache/jest-transform-cache-c28e27eaf2cda0320583202d2edf90c5-79ef2876fae7ca75eedb2aa53dc48338/ed/embeddingServicetest_edf6813f09ddc93df45ff7a429f2b698.map
  - server/.jest-cache/jest-transform-cache-c28e27eaf2cda0320583202d2edf90c5-79ef2876fae7ca75eedb2aa53dc48338/ed/etfohelpers_eda89fc0a91ebd59cb5a95eb835ac396
  - server/.jest-cache/jest-transform-cache-c28e27eaf2cda0320583202d2edf90c5-79ef2876fae7ca75eedb2aa53dc48338/ed/etfohelpers_eda89fc0a91ebd59cb5a95eb835ac396.map
  - server/.jest-cache/jest-transform-cache-c28e27eaf2cda0320583202d2edf90c5-79ef2876fae7ca75eedb2aa53dc48338/ed/reportDeadlineReminder_ed447cba1c5edb68c8c381a82bb95324
  - server/.jest-cache/jest-transform-cache-c28e27eaf2cda0320583202d2edf90c5-79ef2876fae7ca75eedb2aa53dc48338/ed/reportDeadlineReminder_ed447cba1c5edb68c8c381a82bb95324.map
  - server/.jest-cache/jest-transform-cache-c28e27eaf2cda0320583202d2edf90c5-79ef2876fae7ca75eedb2aa53dc48338/ed/reportDeadlinetest_eda2c2dc8a9e555eb5e444ffbea382d4
  - server/.jest-cache/jest-transform-cache-c28e27eaf2cda0320583202d2edf90c5-79ef2876fae7ca75eedb2aa53dc48338/ed/reportDeadlinetest_eda2c2dc8a9e555eb5e444ffbea382d4.map
  - server/.jest-cache/jest-transform-cache-c28e27eaf2cda0320583202d2edf90c5-79ef2876fae7ca75eedb2aa53dc48338/ed/scenarioTemplateExtractorunittest_ed0920f9e2559acea629ffabeca75381
  - server/.jest-cache/jest-transform-cache-c28e27eaf2cda0320583202d2edf90c5-79ef2876fae7ca75eedb2aa53dc48338/ed/scenarioTemplateExtractorunittest_ed0920f9e2559acea629ffabeca75381.map
  - server/.jest-cache/jest-transform-cache-c28e27eaf2cda0320583202d2edf90c5-79ef2876fae7ca75eedb2aa53dc48338/ed/setuptestdb_ed8f274ec28eba2f105e8f36291f8417
  - server/.jest-cache/jest-transform-cache-c28e27eaf2cda0320583202d2edf90c5-79ef2876fae7ca75eedb2aa53dc48338/ed/setuptestdb_ed8f274ec28eba2f105e8f36291f8417.map
  - server/.jest-cache/jest-transform-cache-c28e27eaf2cda0320583202d2edf90c5-79ef2876fae7ca75eedb2aa53dc48338/ed/validateRequest_ede2d2053498fbf4513363eb45967f67
  - server/.jest-cache/jest-transform-cache-c28e27eaf2cda0320583202d2edf90c5-79ef2876fae7ca75eedb2aa53dc48338/ed/validateRequest_ede2d2053498fbf4513363eb45967f67.map
  - server/.jest-cache/jest-transform-cache-c28e27eaf2cda0320583202d2edf90c5-79ef2876fae7ca75eedb2aa53dc48338/ed/workflowStateService_ed7c1b759bbc662b94e78909bd86e3cf
  - server/.jest-cache/jest-transform-cache-c28e27eaf2cda0320583202d2edf90c5-79ef2876fae7ca75eedb2aa53dc48338/ed/workflowStateService_ed7c1b759bbc662b94e78909bd86e3cf.map
  - server/.jest-cache/jest-transform-cache-c28e27eaf2cda0320583202d2edf90c5-79ef2876fae7ca75eedb2aa53dc48338/ee/comments_eebd3762a52a839c1053046339f4c6dc
  - server/.jest-cache/jest-transform-cache-c28e27eaf2cda0320583202d2edf90c5-79ef2876fae7ca75eedb2aa53dc48338/ee/comments_eebd3762a52a839c1053046339f4c6dc.map
  - server/.jest-cache/jest-transform-cache-c28e27eaf2cda0320583202d2edf90c5-79ef2876fae7ca75eedb2aa53dc48338/ee/jestsetup_ee8c056a17f3c5653ed96c9651d0a42c
  - server/.jest-cache/jest-transform-cache-c28e27eaf2cda0320583202d2edf90c5-79ef2876fae7ca75eedb2aa53dc48338/ee/newsletterService_eebd1f3fd65b35cec038afdaf0a3f26a
  - server/.jest-cache/jest-transform-cache-c28e27eaf2cda0320583202d2edf90c5-79ef2876fae7ca75eedb2aa53dc48338/ee/newsletterService_eebd1f3fd65b35cec038afdaf0a3f26a.map
  - server/.jest-cache/jest-transform-cache-c28e27eaf2cda0320583202d2edf90c5-79ef2876fae7ca75eedb2aa53dc48338/ee/newsletters_eebb33a9c024ad3fbe1a8ae1bcb17853
  - server/.jest-cache/jest-transform-cache-c28e27eaf2cda0320583202d2edf90c5-79ef2876fae7ca75eedb2aa53dc48338/ee/newsletters_eebb33a9c024ad3fbe1a8ae1bcb17853.map
  - server/.jest-cache/jest-transform-cache-c28e27eaf2cda0320583202d2edf90c5-79ef2876fae7ca75eedb2aa53dc48338/ee/oerConnectortest_ee97338f2a953d1a9895fff8114d8c8d
  - server/.jest-cache/jest-transform-cache-c28e27eaf2cda0320583202d2edf90c5-79ef2876fae7ca75eedb2aa53dc48338/ee/oerConnectortest_ee97338f2a953d1a9895fff8114d8c8d.map
  - server/.jest-cache/jest-transform-cache-c28e27eaf2cda0320583202d2edf90c5-79ef2876fae7ca75eedb2aa53dc48338/ee/templates_ee5966d2ad1d8920ade490198f499565
  - server/.jest-cache/jest-transform-cache-c28e27eaf2cda0320583202d2edf90c5-79ef2876fae7ca75eedb2aa53dc48338/ee/templates_ee5966d2ad1d8920ade490198f499565.map
  - server/.jest-cache/jest-transform-cache-c28e27eaf2cda0320583202d2edf90c5-79ef2876fae7ca75eedb2aa53dc48338/ef/anthropicService_ef03736684c748cf37020213932d13a7
  - server/.jest-cache/jest-transform-cache-c28e27eaf2cda0320583202d2edf90c5-79ef2876fae7ca75eedb2aa53dc48338/ef/anthropicService_ef03736684c748cf37020213932d13a7.map
  - server/.jest-cache/jest-transform-cache-c28e27eaf2cda0320583202d2edf90c5-79ef2876fae7ca75eedb2aa53dc48338/ef/baseConnector_ef6bfd7ee1748ec19aa0550b7acdbbe4
  - server/.jest-cache/jest-transform-cache-c28e27eaf2cda0320583202d2edf90c5-79ef2876fae7ca75eedb2aa53dc48338/ef/baseConnector_ef6bfd7ee1748ec19aa0550b7acdbbe4.map
  - server/.jest-cache/jest-transform-cache-c28e27eaf2cda0320583202d2edf90c5-79ef2876fae7ca75eedb2aa53dc48338/ef/enhancedSubPlantest_ef08e4de0d0cb060d34345cff207a298
  - server/.jest-cache/jest-transform-cache-c28e27eaf2cda0320583202d2edf90c5-79ef2876fae7ca75eedb2aa53dc48338/ef/enhancedSubPlantest_ef08e4de0d0cb060d34345cff207a298.map
  - server/.jest-cache/jest-transform-cache-c28e27eaf2cda0320583202d2edf90c5-79ef2876fae7ca75eedb2aa53dc48338/ef/gptPlanningAgent_efd8fefb4c7ce95c6b3e174c08d8ce97
  - server/.jest-cache/jest-transform-cache-c28e27eaf2cda0320583202d2edf90c5-79ef2876fae7ca75eedb2aa53dc48338/ef/gptPlanningAgent_efd8fefb4c7ce95c6b3e174c08d8ce97.map
  - server/.jest-cache/jest-transform-cache-c28e27eaf2cda0320583202d2edf90c5-79ef2876fae7ca75eedb2aa53dc48338/ef/notificationServicetest_eff48fa9d8f7bca46bb65c9d22e990a8
  - server/.jest-cache/jest-transform-cache-c28e27eaf2cda0320583202d2edf90c5-79ef2876fae7ca75eedb2aa53dc48338/ef/notificationServicetest_eff48fa9d8f7bca46bb65c9d22e990a8.map
  - server/.jest-cache/jest-transform-cache-c28e27eaf2cda0320583202d2edf90c5-79ef2876fae7ca75eedb2aa53dc48338/f0/CacheService_f09b3cca2efba22eccd3c2c4f6682f4c
  - server/.jest-cache/jest-transform-cache-c28e27eaf2cda0320583202d2edf90c5-79ef2876fae7ca75eedb2aa53dc48338/f0/CacheService_f09b3cca2efba22eccd3c2c4f6682f4c.map
  - server/.jest-cache/jest-transform-cache-c28e27eaf2cda0320583202d2edf90c5-79ef2876fae7ca75eedb2aa53dc48338/f0/discoverySchedulerService_f02e2af24d46371186ceb7f2c9e7f2a3
  - server/.jest-cache/jest-transform-cache-c28e27eaf2cda0320583202d2edf90c5-79ef2876fae7ca75eedb2aa53dc48338/f0/discoverySchedulerService_f02e2af24d46371186ceb7f2c9e7f2a3.map
  - server/.jest-cache/jest-transform-cache-c28e27eaf2cda0320583202d2edf90c5-79ef2876fae7ca75eedb2aa53dc48338/f0/discoveryscheduler_f049a37e393c4879b5f3b7ea3ef8475d
  - server/.jest-cache/jest-transform-cache-c28e27eaf2cda0320583202d2edf90c5-79ef2876fae7ca75eedb2aa53dc48338/f0/discoveryscheduler_f049a37e393c4879b5f3b7ea3ef8475d.map
  - server/.jest-cache/jest-transform-cache-c28e27eaf2cda0320583202d2edf90c5-79ef2876fae7ca75eedb2aa53dc48338/f0/parentSummary_f08abdb172fbdc5be10443ed85b67ebf
  - server/.jest-cache/jest-transform-cache-c28e27eaf2cda0320583202d2edf90c5-79ef2876fae7ca75eedb2aa53dc48338/f0/parentSummary_f08abdb172fbdc5be10443ed85b67ebf.map
  - server/.jest-cache/jest-transform-cache-c28e27eaf2cda0320583202d2edf90c5-79ef2876fae7ca75eedb2aa53dc48338/f0/user_f06d5ca0edcf5902dcf16d7710797c1b
  - server/.jest-cache/jest-transform-cache-c28e27eaf2cda0320583202d2edf90c5-79ef2876fae7ca75eedb2aa53dc48338/f0/user_f06d5ca0edcf5902dcf16d7710797c1b.map
  - server/.jest-cache/jest-transform-cache-c28e27eaf2cda0320583202d2edf90c5-79ef2876fae7ca75eedb2aa53dc48338/f1/aiPromptTemplateService_f1a5bd1f3bcf82fd852a26277b7849cd
  - server/.jest-cache/jest-transform-cache-c28e27eaf2cda0320583202d2edf90c5-79ef2876fae7ca75eedb2aa53dc48338/f1/aiPromptTemplateService_f1a5bd1f3bcf82fd852a26277b7849cd.map
  - server/.jest-cache/jest-transform-cache-c28e27eaf2cda0320583202d2edf90c5-79ef2876fae7ca75eedb2aa53dc48338/f1/batchprocessing_f133bf8ce74401c3e233cd4eae50b7a9
  - server/.jest-cache/jest-transform-cache-c28e27eaf2cda0320583202d2edf90c5-79ef2876fae7ca75eedb2aa53dc48338/f1/batchprocessing_f133bf8ce74401c3e233cd4eae50b7a9.map
  - server/.jest-cache/jest-transform-cache-c28e27eaf2cda0320583202d2edf90c5-79ef2876fae7ca75eedb2aa53dc48338/f1/contactExtractorunittest_f19e65e20e4b3f8184fb06501bd45700
  - server/.jest-cache/jest-transform-cache-c28e27eaf2cda0320583202d2edf90c5-79ef2876fae7ca75eedb2aa53dc48338/f1/contactExtractorunittest_f19e65e20e4b3f8184fb06501bd45700.map
  - server/.jest-cache/jest-transform-cache-c28e27eaf2cda0320583202d2edf90c5-79ef2876fae7ca75eedb2aa53dc48338/f1/index_f14c9db67bee7feb70aec2faec5d8178
  - server/.jest-cache/jest-transform-cache-c28e27eaf2cda0320583202d2edf90c5-79ef2876fae7ca75eedb2aa53dc48338/f1/index_f14c9db67bee7feb70aec2faec5d8178.map
  - server/.jest-cache/jest-transform-cache-c28e27eaf2cda0320583202d2edf90c5-79ef2876fae7ca75eedb2aa53dc48338/f2/llmServicetest_f2f0a2c8c6334a05708b156271b236e3
  - server/.jest-cache/jest-transform-cache-c28e27eaf2cda0320583202d2edf90c5-79ef2876fae7ca75eedb2aa53dc48338/f2/llmServicetest_f2f0a2c8c6334a05708b156271b236e3.map
  - server/.jest-cache/jest-transform-cache-c28e27eaf2cda0320583202d2edf90c5-79ef2876fae7ca75eedb2aa53dc48338/f2/progressAnalytics_f2c4a0d1dd2af77f03d35b31f08cc40c
  - server/.jest-cache/jest-transform-cache-c28e27eaf2cda0320583202d2edf90c5-79ef2876fae7ca75eedb2aa53dc48338/f2/progressAnalytics_f2c4a0d1dd2af77f03d35b31f08cc40c.map
  - server/.jest-cache/jest-transform-cache-c28e27eaf2cda0320583202d2edf90c5-79ef2876fae7ca75eedb2aa53dc48338/f2/schemaFactory_f210d50019ab4b92ff6f68889a52d079
  - server/.jest-cache/jest-transform-cache-c28e27eaf2cda0320583202d2edf90c5-79ef2876fae7ca75eedb2aa53dc48338/f2/schemaFactory_f210d50019ab4b92ff6f68889a52d079.map
  - server/.jest-cache/jest-transform-cache-c28e27eaf2cda0320583202d2edf90c5-79ef2876fae7ca75eedb2aa53dc48338/f3/curriculumImportService_f3cf5cad6824dc0f2aada6091dd3fbe2
  - server/.jest-cache/jest-transform-cache-c28e27eaf2cda0320583202d2edf90c5-79ef2876fae7ca75eedb2aa53dc48338/f3/curriculumImportService_f3cf5cad6824dc0f2aada6091dd3fbe2.map
  - server/.jest-cache/jest-transform-cache-c28e27eaf2cda0320583202d2edf90c5-79ef2876fae7ca75eedb2aa53dc48338/f3/plannerstate_f34254655ccdbedcbbebcdf8d6396279
  - server/.jest-cache/jest-transform-cache-c28e27eaf2cda0320583202d2edf90c5-79ef2876fae7ca75eedb2aa53dc48338/f3/plannerstate_f34254655ccdbedcbbebcdf8d6396279.map
  - server/.jest-cache/jest-transform-cache-c28e27eaf2cda0320583202d2edf90c5-79ef2876fae7ca75eedb2aa53dc48338/f3/setuptestdb_f36c9fdef959d6678e050be8bd71e69b
  - server/.jest-cache/jest-transform-cache-c28e27eaf2cda0320583202d2edf90c5-79ef2876fae7ca75eedb2aa53dc48338/f3/setuptestdb_f36c9fdef959d6678e050be8bd71e69b.map
  - server/.jest-cache/jest-transform-cache-c28e27eaf2cda0320583202d2edf90c5-79ef2876fae7ca75eedb2aa53dc48338/f3/substituteInfotest_f330f2de3f877db488b07bfd7803e3ef
  - server/.jest-cache/jest-transform-cache-c28e27eaf2cda0320583202d2edf90c5-79ef2876fae7ca75eedb2aa53dc48338/f3/substituteInfotest_f330f2de3f877db488b07bfd7803e3ef.map
  - server/.jest-cache/jest-transform-cache-c28e27eaf2cda0320583202d2edf90c5-79ef2876fae7ca75eedb2aa53dc48338/f4/ServiceRegistry_f472de661977afe07481487ddc98fd9e
  - server/.jest-cache/jest-transform-cache-c28e27eaf2cda0320583202d2edf90c5-79ef2876fae7ca75eedb2aa53dc48338/f4/ServiceRegistry_f472de661977afe07481487ddc98fd9e.map
  - server/.jest-cache/jest-transform-cache-c28e27eaf2cda0320583202d2edf90c5-79ef2876fae7ca75eedb2aa53dc48338/f4/aiActivityGenerator_f4b09f489d95820eae6ea734d92aee23
  - server/.jest-cache/jest-transform-cache-c28e27eaf2cda0320583202d2edf90c5-79ef2876fae7ca75eedb2aa53dc48338/f4/aiActivityGenerator_f4b09f489d95820eae6ea734d92aee23.map
  - server/.jest-cache/jest-transform-cache-c28e27eaf2cda0320583202d2edf90c5-79ef2876fae7ca75eedb2aa53dc48338/f4/authtest_f43f5729ec9f79f73ac5521e46fe5d66
  - server/.jest-cache/jest-transform-cache-c28e27eaf2cda0320583202d2edf90c5-79ef2876fae7ca75eedb2aa53dc48338/f4/authtest_f43f5729ec9f79f73ac5521e46fe5d66.map
  - server/.jest-cache/jest-transform-cache-c28e27eaf2cda0320583202d2edf90c5-79ef2876fae7ca75eedb2aa53dc48338/f4/curriculumroutestest_f4782be99730f013d716727c7d9f69b6
  - server/.jest-cache/jest-transform-cache-c28e27eaf2cda0320583202d2edf90c5-79ef2876fae7ca75eedb2aa53dc48338/f4/curriculumroutestest_f4782be99730f013d716727c7d9f69b6.map
  - server/.jest-cache/jest-transform-cache-c28e27eaf2cda0320583202d2edf90c5-79ef2876fae7ca75eedb2aa53dc48338/f4/unitplans_f419583144f0ba621c84864ac8995a37
  - server/.jest-cache/jest-transform-cache-c28e27eaf2cda0320583202d2edf90c5-79ef2876fae7ca75eedb2aa53dc48338/f4/unitplans_f419583144f0ba621c84864ac8995a37.map
  - server/.jest-cache/jest-transform-cache-c28e27eaf2cda0320583202d2edf90c5-79ef2876fae7ca75eedb2aa53dc48338/f5/aiactivitygeneration_f55bf7b6fc11e732120e6fe3617d5131
  - server/.jest-cache/jest-transform-cache-c28e27eaf2cda0320583202d2edf90c5-79ef2876fae7ca75eedb2aa53dc48338/f5/aiactivitygeneration_f55bf7b6fc11e732120e6fe3617d5131.map
  - server/.jest-cache/jest-transform-cache-c28e27eaf2cda0320583202d2edf90c5-79ef2876fae7ca75eedb2aa53dc48338/f5/baseServiceunittest_f527629d20ad14d635b0a111b0029c8e
  - server/.jest-cache/jest-transform-cache-c28e27eaf2cda0320583202d2edf90c5-79ef2876fae7ca75eedb2aa53dc48338/f5/baseServiceunittest_f527629d20ad14d635b0a111b0029c8e.map
  - server/.jest-cache/jest-transform-cache-c28e27eaf2cda0320583202d2edf90c5-79ef2876fae7ca75eedb2aa53dc48338/f5/etfoplanningtest_f52ddc8e6f7947b5a973c95924da8f0c
  - server/.jest-cache/jest-transform-cache-c28e27eaf2cda0320583202d2edf90c5-79ef2876fae7ca75eedb2aa53dc48338/f5/etfoplanningtest_f52ddc8e6f7947b5a973c95924da8f0c.map
  - server/.jest-cache/jest-transform-cache-c28e27eaf2cda0320583202d2edf90c5-79ef2876fae7ca75eedb2aa53dc48338/f5/globalsetup_f577f6a1cc0820ca139528719b47baa0
  - server/.jest-cache/jest-transform-cache-c28e27eaf2cda0320583202d2edf90c5-79ef2876fae7ca75eedb2aa53dc48338/f5/globalsetup_f577f6a1cc0820ca139528719b47baa0.map
  - server/.jest-cache/jest-transform-cache-c28e27eaf2cda0320583202d2edf90c5-79ef2876fae7ca75eedb2aa53dc48338/f6/authenticate_f62a9b69c7ac482181eac98907a02d8a
  - server/.jest-cache/jest-transform-cache-c28e27eaf2cda0320583202d2edf90c5-79ef2876fae7ca75eedb2aa53dc48338/f6/authenticate_f62a9b69c7ac482181eac98907a02d8a.map
  - server/.jest-cache/jest-transform-cache-c28e27eaf2cda0320583202d2edf90c5-79ef2876fae7ca75eedb2aa53dc48338/f6/backupService_f69a596e6b600b355bd60b4aa2e61432
  - server/.jest-cache/jest-transform-cache-c28e27eaf2cda0320583202d2edf90c5-79ef2876fae7ca75eedb2aa53dc48338/f6/backupService_f69a596e6b600b355bd60b4aa2e61432.map
  - server/.jest-cache/jest-transform-cache-c28e27eaf2cda0320583202d2edf90c5-79ef2876fae7ca75eedb2aa53dc48338/f6/newsletterTriggertest_f6b54bbbadc3a285a71f2e29cf9415ec
  - server/.jest-cache/jest-transform-cache-c28e27eaf2cda0320583202d2edf90c5-79ef2876fae7ca75eedb2aa53dc48338/f6/newsletterTriggertest_f6b54bbbadc3a285a71f2e29cf9415ec.map
  - server/.jest-cache/jest-transform-cache-c28e27eaf2cda0320583202d2edf90c5-79ef2876fae7ca75eedb2aa53dc48338/f6/parentSummary_f6e5153da21f9f9d83d5b90a14ac2d74
  - server/.jest-cache/jest-transform-cache-c28e27eaf2cda0320583202d2edf90c5-79ef2876fae7ca75eedb2aa53dc48338/f6/parentSummary_f6e5153da21f9f9d83d5b90a14ac2d74.map
  - server/.jest-cache/jest-transform-cache-c28e27eaf2cda0320583202d2edf90c5-79ef2876fae7ca75eedb2aa53dc48338/f7/auditLog_f71b6f83791061718d7e61e1af9f7ebe
  - server/.jest-cache/jest-transform-cache-c28e27eaf2cda0320583202d2edf90c5-79ef2876fae7ca75eedb2aa53dc48338/f7/auditLog_f71b6f83791061718d7e61e1af9f7ebe.map
  - server/.jest-cache/jest-transform-cache-c28e27eaf2cda0320583202d2edf90c5-79ef2876fae7ca75eedb2aa53dc48338/f7/batch_f788e0c400cedf7d4e71c5ac7583a463
  - server/.jest-cache/jest-transform-cache-c28e27eaf2cda0320583202d2edf90c5-79ef2876fae7ca75eedb2aa53dc48338/f7/batch_f788e0c400cedf7d4e71c5ac7583a463.map
  - server/.jest-cache/jest-transform-cache-c28e27eaf2cda0320583202d2edf90c5-79ef2876fae7ca75eedb2aa53dc48338/f7/educationWebConnector_f713bac8b5beb79315dd29ad953adb13
  - server/.jest-cache/jest-transform-cache-c28e27eaf2cda0320583202d2edf90c5-79ef2876fae7ca75eedb2aa53dc48338/f7/educationWebConnector_f713bac8b5beb79315dd29ad953adb13.map
  - server/.jest-cache/jest-transform-cache-c28e27eaf2cda0320583202d2edf90c5-79ef2876fae7ca75eedb2aa53dc48338/f7/emailservicetest_f78863a0437a68e1c152e94a1449fbf7
  - server/.jest-cache/jest-transform-cache-c28e27eaf2cda0320583202d2edf90c5-79ef2876fae7ca75eedb2aa53dc48338/f7/emailservicetest_f78863a0437a68e1c152e94a1449fbf7.map
  - server/.jest-cache/jest-transform-cache-c28e27eaf2cda0320583202d2edf90c5-79ef2876fae7ca75eedb2aa53dc48338/f7/llmServicetest_f77a5e4c22dc378ab48cb0a7971f8d20
  - server/.jest-cache/jest-transform-cache-c28e27eaf2cda0320583202d2edf90c5-79ef2876fae7ca75eedb2aa53dc48338/f7/llmServicetest_f77a5e4c22dc378ab48cb0a7971f8d20.map
  - server/.jest-cache/jest-transform-cache-c28e27eaf2cda0320583202d2edf90c5-79ef2876fae7ca75eedb2aa53dc48338/f7/newsletters_f7c7f945f14425fce147f3b983a3a3b5
  - server/.jest-cache/jest-transform-cache-c28e27eaf2cda0320583202d2edf90c5-79ef2876fae7ca75eedb2aa53dc48338/f7/newsletters_f7c7f945f14425fce147f3b983a3a3b5.map
  - server/.jest-cache/jest-transform-cache-c28e27eaf2cda0320583202d2edf90c5-79ef2876fae7ca75eedb2aa53dc48338/f7/notifications_f75bd46cbaf55296b5899ce8a471ca38
  - server/.jest-cache/jest-transform-cache-c28e27eaf2cda0320583202d2edf90c5-79ef2876fae7ca75eedb2aa53dc48338/f7/notifications_f75bd46cbaf55296b5899ce8a471ca38.map
  - server/.jest-cache/jest-transform-cache-c28e27eaf2cda0320583202d2edf90c5-79ef2876fae7ca75eedb2aa53dc48338/f7/smartMaterialExtractor_f7e3c2650fbf7b0c95754ad701b7ee25
  - server/.jest-cache/jest-transform-cache-c28e27eaf2cda0320583202d2edf90c5-79ef2876fae7ca75eedb2aa53dc48338/f7/smartMaterialExtractor_f7e3c2650fbf7b0c95754ad701b7ee25.map
  - server/.jest-cache/jest-transform-cache-c28e27eaf2cda0320583202d2edf90c5-79ef2876fae7ca75eedb2aa53dc48338/f7/subplan_f76df57e83108351d4537ac1b4f478f1
  - server/.jest-cache/jest-transform-cache-c28e27eaf2cda0320583202d2edf90c5-79ef2876fae7ca75eedb2aa53dc48338/f7/subplan_f76df57e83108351d4537ac1b4f478f1.map
  - server/.jest-cache/jest-transform-cache-c28e27eaf2cda0320583202d2edf90c5-79ef2876fae7ca75eedb2aa53dc48338/f8/logger_f8b3a25175af39d3f58e9c3cdbf6d6f5
  - server/.jest-cache/jest-transform-cache-c28e27eaf2cda0320583202d2edf90c5-79ef2876fae7ca75eedb2aa53dc48338/f8/logger_f8b3a25175af39d3f58e9c3cdbf6d6f5.map
  - server/.jest-cache/jest-transform-cache-c28e27eaf2cda0320583202d2edf90c5-79ef2876fae7ca75eedb2aa53dc48338/f9/authunittest_f9dd344e7897767c13908a706115c3b2
  - server/.jest-cache/jest-transform-cache-c28e27eaf2cda0320583202d2edf90c5-79ef2876fae7ca75eedb2aa53dc48338/f9/authunittest_f9dd344e7897767c13908a706115c3b2.map
  - server/.jest-cache/jest-transform-cache-c28e27eaf2cda0320583202d2edf90c5-79ef2876fae7ca75eedb2aa53dc48338/f9/embeddingService_f97362a037e103a0f0a137f48b24c01e
  - server/.jest-cache/jest-transform-cache-c28e27eaf2cda0320583202d2edf90c5-79ef2876fae7ca75eedb2aa53dc48338/f9/embeddingService_f97362a037e103a0f0a137f48b24c01e.map
  - server/.jest-cache/jest-transform-cache-c28e27eaf2cda0320583202d2edf90c5-79ef2876fae7ca75eedb2aa53dc48338/f9/logger_f9b114febba40c64b5fd2b70488dc6c5
  - server/.jest-cache/jest-transform-cache-c28e27eaf2cda0320583202d2edf90c5-79ef2876fae7ca75eedb2aa53dc48338/f9/logger_f9b114febba40c64b5fd2b70488dc6c5.map
  - server/.jest-cache/jest-transform-cache-c28e27eaf2cda0320583202d2edf90c5-79ef2876fae7ca75eedb2aa53dc48338/f9/workflowstate_f909819bdc95496d04697cfcbe2a131f
  - server/.jest-cache/jest-transform-cache-c28e27eaf2cda0320583202d2edf90c5-79ef2876fae7ca75eedb2aa53dc48338/f9/workflowstate_f909819bdc95496d04697cfcbe2a131f.map
  - server/.jest-cache/jest-transform-cache-c28e27eaf2cda0320583202d2edf90c5-79ef2876fae7ca75eedb2aa53dc48338/fa/aiParentSummaryService_fa12f32c31a9b057370e9c07d49f8fba
  - server/.jest-cache/jest-transform-cache-c28e27eaf2cda0320583202d2edf90c5-79ef2876fae7ca75eedb2aa53dc48338/fa/aiParentSummaryService_fa12f32c31a9b057370e9c07d49f8fba.map
  - server/.jest-cache/jest-transform-cache-c28e27eaf2cda0320583202d2edf90c5-79ef2876fae7ca75eedb2aa53dc48338/fa/authunittest_faf73021dd05d5b10dbc5954733743e6
  - server/.jest-cache/jest-transform-cache-c28e27eaf2cda0320583202d2edf90c5-79ef2876fae7ca75eedb2aa53dc48338/fa/authunittest_faf73021dd05d5b10dbc5954733743e6.map
  - server/.jest-cache/jest-transform-cache-c28e27eaf2cda0320583202d2edf90c5-79ef2876fae7ca75eedb2aa53dc48338/fa/gptPlanningAgenttest_fa0ca2288dd15e7773686a765d9ef858
  - server/.jest-cache/jest-transform-cache-c28e27eaf2cda0320583202d2edf90c5-79ef2876fae7ca75eedb2aa53dc48338/fa/gptPlanningAgenttest_fa0ca2288dd15e7773686a765d9ef858.map
  - server/.jest-cache/jest-transform-cache-c28e27eaf2cda0320583202d2edf90c5-79ef2876fae7ca75eedb2aa53dc48338/fa/notificationService_fa44d78980216c3d9c6d2c4a12a6dec3
  - server/.jest-cache/jest-transform-cache-c28e27eaf2cda0320583202d2edf90c5-79ef2876fae7ca75eedb2aa53dc48338/fa/notificationService_fa44d78980216c3d9c6d2c4a12a6dec3.map
  - server/.jest-cache/jest-transform-cache-c28e27eaf2cda0320583202d2edf90c5-79ef2876fae7ca75eedb2aa53dc48338/fa/planningEngine_faebea8178d900770dbdd6967e79480a
  - server/.jest-cache/jest-transform-cache-c28e27eaf2cda0320583202d2edf90c5-79ef2876fae7ca75eedb2aa53dc48338/fa/planningEngine_faebea8178d900770dbdd6967e79480a.map
  - server/.jest-cache/jest-transform-cache-c28e27eaf2cda0320583202d2edf90c5-79ef2876fae7ca75eedb2aa53dc48338/fa/reportGeneratorServicetest_fa44f59ded2bee89beef6bb9e7e4d569
  - server/.jest-cache/jest-transform-cache-c28e27eaf2cda0320583202d2edf90c5-79ef2876fae7ca75eedb2aa53dc48338/fa/reportGeneratorServicetest_fa44f59ded2bee89beef6bb9e7e4d569.map
  - server/.jest-cache/jest-transform-cache-c28e27eaf2cda0320583202d2edf90c5-79ef2876fae7ca75eedb2aa53dc48338/fa/validation_faca20cf01ab5d2f281292d7b29bc874
  - server/.jest-cache/jest-transform-cache-c28e27eaf2cda0320583202d2edf90c5-79ef2876fae7ca75eedb2aa53dc48338/fa/validation_faca20cf01ab5d2f281292d7b29bc874.map
  - server/.jest-cache/jest-transform-cache-c28e27eaf2cda0320583202d2edf90c5-79ef2876fae7ca75eedb2aa53dc48338/fb/CacheService_fb5bf84eb6753ad9a44b6d26087816bd
  - server/.jest-cache/jest-transform-cache-c28e27eaf2cda0320583202d2edf90c5-79ef2876fae7ca75eedb2aa53dc48338/fb/CacheService_fb5bf84eb6753ad9a44b6d26087816bd.map
  - server/.jest-cache/jest-transform-cache-c28e27eaf2cda0320583202d2edf90c5-79ef2876fae7ca75eedb2aa53dc48338/fb/educationWebConnector_fbdfcd9d89b5726bdd9578cb70376af0
  - server/.jest-cache/jest-transform-cache-c28e27eaf2cda0320583202d2edf90c5-79ef2876fae7ca75eedb2aa53dc48338/fb/educationWebConnector_fbdfcd9d89b5726bdd9578cb70376af0.map
  - server/.jest-cache/jest-transform-cache-c28e27eaf2cda0320583202d2edf90c5-79ef2876fae7ca75eedb2aa53dc48338/fb/embeddingServicefasttest_fb547834444ddf7a8e4c8cd31160f1ba
  - server/.jest-cache/jest-transform-cache-c28e27eaf2cda0320583202d2edf90c5-79ef2876fae7ca75eedb2aa53dc48338/fb/embeddingServicefasttest_fb547834444ddf7a8e4c8cd31160f1ba.map
  - server/.jest-cache/jest-transform-cache-c28e27eaf2cda0320583202d2edf90c5-79ef2876fae7ca75eedb2aa53dc48338/fb/openai_fbb31fcd3fcd0f9be1de2d1f573756ab
  - server/.jest-cache/jest-transform-cache-c28e27eaf2cda0320583202d2edf90c5-79ef2876fae7ca75eedb2aa53dc48338/fb/weeklyPlanExtractor_fbf6ef02b78ca1670790b68327bf92bd
  - server/.jest-cache/jest-transform-cache-c28e27eaf2cda0320583202d2edf90c5-79ef2876fae7ca75eedb2aa53dc48338/fb/weeklyPlanExtractor_fbf6ef02b78ca1670790b68327bf92bd.map
  - server/.jest-cache/jest-transform-cache-c28e27eaf2cda0320583202d2edf90c5-79ef2876fae7ca75eedb2aa53dc48338/fc/aiactivitygeneration_fcd3300b21556cd107dcf3139e60142a
  - server/.jest-cache/jest-transform-cache-c28e27eaf2cda0320583202d2edf90c5-79ef2876fae7ca75eedb2aa53dc48338/fc/aiactivitygeneration_fcd3300b21556cd107dcf3139e60142a.map
  - server/.jest-cache/jest-transform-cache-c28e27eaf2cda0320583202d2edf90c5-79ef2876fae7ca75eedb2aa53dc48338/fc/baseConnector_fcda1b334048bbc564c39bd94b8acc75
  - server/.jest-cache/jest-transform-cache-c28e27eaf2cda0320583202d2edf90c5-79ef2876fae7ca75eedb2aa53dc48338/fc/baseConnector_fcda1b334048bbc564c39bd94b8acc75.map
  - server/.jest-cache/jest-transform-cache-c28e27eaf2cda0320583202d2edf90c5-79ef2876fae7ca75eedb2aa53dc48338/fc/discoveryscheduler_fce56e970d51f8356da6d47b9bdc5313
  - server/.jest-cache/jest-transform-cache-c28e27eaf2cda0320583202d2edf90c5-79ef2876fae7ca75eedb2aa53dc48338/fc/discoveryscheduler_fce56e970d51f8356da6d47b9bdc5313.map
  - server/.jest-cache/jest-transform-cache-c28e27eaf2cda0320583202d2edf90c5-79ef2876fae7ca75eedb2aa53dc48338/fc/embeddingService_fcbd43b1acdfa4fc06a69f4db6693b00
  - server/.jest-cache/jest-transform-cache-c28e27eaf2cda0320583202d2edf90c5-79ef2876fae7ca75eedb2aa53dc48338/fc/embeddingService_fcbd43b1acdfa4fc06a69f4db6693b00.map
  - server/.jest-cache/jest-transform-cache-c28e27eaf2cda0320583202d2edf90c5-79ef2876fae7ca75eedb2aa53dc48338/fc/inputSanitization_fcbf752db84cfa7011435e7d3f104644
  - server/.jest-cache/jest-transform-cache-c28e27eaf2cda0320583202d2edf90c5-79ef2876fae7ca75eedb2aa53dc48338/fc/inputSanitization_fcbf752db84cfa7011435e7d3f104644.map
  - server/.jest-cache/jest-transform-cache-c28e27eaf2cda0320583202d2edf90c5-79ef2876fae7ca75eedb2aa53dc48338/fc/logger_fcfb39bd3bbd1a4c18ee7a0da7292511
  - server/.jest-cache/jest-transform-cache-c28e27eaf2cda0320583202d2edf90c5-79ef2876fae7ca75eedb2aa53dc48338/fc/logger_fcfb39bd3bbd1a4c18ee7a0da7292511.map
  - server/.jest-cache/jest-transform-cache-c28e27eaf2cda0320583202d2edf90c5-79ef2876fae7ca75eedb2aa53dc48338/fc/urlValidator_fcfc23c328898c29de1301fae2cf0acc
  - server/.jest-cache/jest-transform-cache-c28e27eaf2cda0320583202d2edf90c5-79ef2876fae7ca75eedb2aa53dc48338/fc/urlValidator_fcfc23c328898c29de1301fae2cf0acc.map
  - server/.jest-cache/jest-transform-cache-c28e27eaf2cda0320583202d2edf90c5-79ef2876fae7ca75eedb2aa53dc48338/fd/BaseService_fdf401d4845f381630dd37766df32d7f
  - server/.jest-cache/jest-transform-cache-c28e27eaf2cda0320583202d2edf90c5-79ef2876fae7ca75eedb2aa53dc48338/fd/BaseService_fdf401d4845f381630dd37766df32d7f.map
  - server/.jest-cache/jest-transform-cache-c28e27eaf2cda0320583202d2edf90c5-79ef2876fae7ca75eedb2aa53dc48338/fd/daybookentries_fde1c23312f65350843d8bfb310d7044
  - server/.jest-cache/jest-transform-cache-c28e27eaf2cda0320583202d2edf90c5-79ef2876fae7ca75eedb2aa53dc48338/fd/daybookentries_fde1c23312f65350843d8bfb310d7044.map
  - server/.jest-cache/jest-transform-cache-c28e27eaf2cda0320583202d2edf90c5-79ef2876fae7ca75eedb2aa53dc48338/fd/oerConnector_fd3a540c9a44218d44a4dd2fbc12a392
  - server/.jest-cache/jest-transform-cache-c28e27eaf2cda0320583202d2edf90c5-79ef2876fae7ca75eedb2aa53dc48338/fd/oerConnector_fd3a540c9a44218d44a4dd2fbc12a392.map
  - server/.jest-cache/jest-transform-cache-c28e27eaf2cda0320583202d2edf90c5-79ef2876fae7ca75eedb2aa53dc48338/fd/unitplans_fd79c8505bf7d952d2319d7c4113fa6c
  - server/.jest-cache/jest-transform-cache-c28e27eaf2cda0320583202d2edf90c5-79ef2876fae7ca75eedb2aa53dc48338/fd/unitplans_fd79c8505bf7d952d2319d7c4113fa6c.map
  - server/.jest-cache/jest-transform-cache-c28e27eaf2cda0320583202d2edf90c5-79ef2876fae7ca75eedb2aa53dc48338/fe/mockConnector_feddd58fe79de0ca5495d728bfb39404
  - server/.jest-cache/jest-transform-cache-c28e27eaf2cda0320583202d2edf90c5-79ef2876fae7ca75eedb2aa53dc48338/fe/mockConnector_feddd58fe79de0ca5495d728bfb39404.map
  - server/.jest-cache/jest-transform-cache-c28e27eaf2cda0320583202d2edf90c5-79ef2876fae7ca75eedb2aa53dc48338/fe/parentSummaryLLM_fec54025589e332b4a963b39bf03bf92
  - server/.jest-cache/jest-transform-cache-c28e27eaf2cda0320583202d2edf90c5-79ef2876fae7ca75eedb2aa53dc48338/fe/parentSummaryLLM_fec54025589e332b4a963b39bf03bf92.map
  - server/.jest-cache/jest-transform-cache-c28e27eaf2cda0320583202d2edf90c5-79ef2876fae7ca75eedb2aa53dc48338/fe/planningEngineunittest_fe32eabff8ce392be4df87dc45b5ee74
  - server/.jest-cache/jest-transform-cache-c28e27eaf2cda0320583202d2edf90c5-79ef2876fae7ca75eedb2aa53dc48338/fe/planningEngineunittest_fe32eabff8ce392be4df87dc45b5ee74.map
  - server/.jest-cache/jest-transform-cache-c28e27eaf2cda0320583202d2edf90c5-79ef2876fae7ca75eedb2aa53dc48338/ff/cacheServicecomprehensivetest_ff474942d709d635dc495d37d430056a
  - server/.jest-cache/jest-transform-cache-c28e27eaf2cda0320583202d2edf90c5-79ef2876fae7ca75eedb2aa53dc48338/ff/cacheServicecomprehensivetest_ff474942d709d635dc495d37d430056a.map
  - server/.jest-cache/jest-transform-cache-c28e27eaf2cda0320583202d2edf90c5-79ef2876fae7ca75eedb2aa53dc48338/ff/daybookentries_ffc914af8af0afb45aad45ffd5db39c6
  - server/.jest-cache/jest-transform-cache-c28e27eaf2cda0320583202d2edf90c5-79ef2876fae7ca75eedb2aa53dc48338/ff/daybookentries_ffc914af8af0afb45aad45ffd5db39c6.map
  - server/.jest-cache/jest-transform-cache-c28e27eaf2cda0320583202d2edf90c5-79ef2876fae7ca75eedb2aa53dc48338/ff/holidaytest_ffeac2297853bcebfc56b8b294cfd011
  - server/.jest-cache/jest-transform-cache-c28e27eaf2cda0320583202d2edf90c5-79ef2876fae7ca75eedb2aa53dc48338/ff/holidaytest_ffeac2297853bcebfc56b8b294cfd011.map
  - server/.jest-cache/jest-transform-cache-c28e27eaf2cda0320583202d2edf90c5-79ef2876fae7ca75eedb2aa53dc48338/ff/materialGenerator_ff155d7a85e2aff94d3ce76a30e6cefa
  - server/.jest-cache/jest-transform-cache-c28e27eaf2cda0320583202d2edf90c5-79ef2876fae7ca75eedb2aa53dc48338/ff/materialGenerator_ff155d7a85e2aff94d3ce76a30e6cefa.map
  - server/.jest-cache/jest-transform-cache-c28e27eaf2cda0320583202d2edf90c5-79ef2876fae7ca75eedb2aa53dc48338/ff/oerConnector_ff89efbf4588e293201ad24fb19d56fa
  - server/.jest-cache/jest-transform-cache-c28e27eaf2cda0320583202d2edf90c5-79ef2876fae7ca75eedb2aa53dc48338/ff/oerConnector_ff89efbf4588e293201ad24fb19d56fa.map
  - server/.jest-cache/jest-transform-cache-c28e27eaf2cda0320583202d2edf90c5-79ef2876fae7ca75eedb2aa53dc48338/ff/substituteInfotest_fff9ca874f0517a201d5da4e4889486e
  - server/.jest-cache/jest-transform-cache-c28e27eaf2cda0320583202d2edf90c5-79ef2876fae7ca75eedb2aa53dc48338/ff/substituteInfotest_fff9ca874f0517a201d5da4e4889486e.map
  - server/.jest-cache/jest-transform-cache-c28e27eaf2cda0320583202d2edf90c5-79ef2876fae7ca75eedb2aa53dc48338/ff/testauthhelper_ff6f161d4f4804aaffa26df74aa5d3b8
  - server/.jest-cache/jest-transform-cache-c28e27eaf2cda0320583202d2edf90c5-79ef2876fae7ca75eedb2aa53dc48338/ff/testauthhelper_ff6f161d4f4804aaffa26df74aa5d3b8.map
  - server/.jest-cache/jest-transform-cache-c28e27eaf2cda0320583202d2edf90c5-79ef2876fae7ca75eedb2aa53dc48338/ff/workflowStatetest_ffd01fd03f50ed792084d8fd7a14b26c
  - server/.jest-cache/jest-transform-cache-c28e27eaf2cda0320583202d2edf90c5-79ef2876fae7ca75eedb2aa53dc48338/ff/workflowStatetest_ffd01fd03f50ed792084d8fd7a14b26c.map
  - server/.jest-cache/jest-transform-cache-e3e015460141521639d5b62149065bce-79ef2876fae7ca75eedb2aa53dc48338/03/databasemock_03a83d462b9c8ef9b733974ee770fd18
  - server/.jest-cache/jest-transform-cache-e3e015460141521639d5b62149065bce-79ef2876fae7ca75eedb2aa53dc48338/03/databasemock_03a83d462b9c8ef9b733974ee770fd18.map
  - server/.jest-cache/jest-transform-cache-e3e015460141521639d5b62149065bce-79ef2876fae7ca75eedb2aa53dc48338/0e/curriculumWebConnector_0e1c8edca4a048a3abc2d904d04c24bf
  - server/.jest-cache/jest-transform-cache-e3e015460141521639d5b62149065bce-79ef2876fae7ca75eedb2aa53dc48338/0e/curriculumWebConnector_0e1c8edca4a048a3abc2d904d04c24bf.map
  - server/.jest-cache/jest-transform-cache-e3e015460141521639d5b62149065bce-79ef2876fae7ca75eedb2aa53dc48338/11/testFramework_114323705b6718da397d2cfadf4226fa
  - server/.jest-cache/jest-transform-cache-e3e015460141521639d5b62149065bce-79ef2876fae7ca75eedb2aa53dc48338/11/testFramework_114323705b6718da397d2cfadf4226fa.map
  - server/.jest-cache/jest-transform-cache-e3e015460141521639d5b62149065bce-79ef2876fae7ca75eedb2aa53dc48338/20/jestsetupperformance_209bf35c71489fedcef3bb2deefc888d
  - server/.jest-cache/jest-transform-cache-e3e015460141521639d5b62149065bce-79ef2876fae7ca75eedb2aa53dc48338/21/authrefactoredtest_217f6a2543e93eedb9dcec68293dcfd4
  - server/.jest-cache/jest-transform-cache-e3e015460141521639d5b62149065bce-79ef2876fae7ca75eedb2aa53dc48338/21/authrefactoredtest_217f6a2543e93eedb9dcec68293dcfd4.map
  - server/.jest-cache/jest-transform-cache-e3e015460141521639d5b62149065bce-79ef2876fae7ca75eedb2aa53dc48338/26/baseConnectortest_2678ed5b2aae59951ca0441dd4d308e6
  - server/.jest-cache/jest-transform-cache-e3e015460141521639d5b62149065bce-79ef2876fae7ca75eedb2aa53dc48338/26/baseConnectortest_2678ed5b2aae59951ca0441dd4d308e6.map
  - server/.jest-cache/jest-transform-cache-e3e015460141521639d5b62149065bce-79ef2876fae7ca75eedb2aa53dc48338/2a/oerConnector_2a4b85414c83b2bc5d0c5167c9303661
  - server/.jest-cache/jest-transform-cache-e3e015460141521639d5b62149065bce-79ef2876fae7ca75eedb2aa53dc48338/2a/oerConnector_2a4b85414c83b2bc5d0c5167c9303661.map
  - server/.jest-cache/jest-transform-cache-e3e015460141521639d5b62149065bce-79ef2876fae7ca75eedb2aa53dc48338/2f/cacheServicecomprehensivetest_2f023b9b223ad8997ca4d68f86194b87
  - server/.jest-cache/jest-transform-cache-e3e015460141521639d5b62149065bce-79ef2876fae7ca75eedb2aa53dc48338/2f/cacheServicecomprehensivetest_2f023b9b223ad8997ca4d68f86194b87.map
  - server/.jest-cache/jest-transform-cache-e3e015460141521639d5b62149065bce-79ef2876fae7ca75eedb2aa53dc48338/2f/planningEngine_2f5544f706809516cfdc1e87bf1aae35
  - server/.jest-cache/jest-transform-cache-e3e015460141521639d5b62149065bce-79ef2876fae7ca75eedb2aa53dc48338/2f/planningEngine_2f5544f706809516cfdc1e87bf1aae35.map
  - server/.jest-cache/jest-transform-cache-e3e015460141521639d5b62149065bce-79ef2876fae7ca75eedb2aa53dc48338/31/curriculumImportService_318d7591456af82788f41c3c0f386bc3
  - server/.jest-cache/jest-transform-cache-e3e015460141521639d5b62149065bce-79ef2876fae7ca75eedb2aa53dc48338/31/curriculumImportService_318d7591456af82788f41c3c0f386bc3.map
  - server/.jest-cache/jest-transform-cache-e3e015460141521639d5b62149065bce-79ef2876fae7ca75eedb2aa53dc48338/36/auth_36ec6f90c7e06db84f8d06c6b3c1b478
  - server/.jest-cache/jest-transform-cache-e3e015460141521639d5b62149065bce-79ef2876fae7ca75eedb2aa53dc48338/36/auth_36ec6f90c7e06db84f8d06c6b3c1b478.map
  - server/.jest-cache/jest-transform-cache-e3e015460141521639d5b62149065bce-79ef2876fae7ca75eedb2aa53dc48338/39/educationWebConnector_39f8d31e3c34324ff954ea85c057cb19
  - server/.jest-cache/jest-transform-cache-e3e015460141521639d5b62149065bce-79ef2876fae7ca75eedb2aa53dc48338/39/educationWebConnector_39f8d31e3c34324ff954ea85c057cb19.map
  - server/.jest-cache/jest-transform-cache-e3e015460141521639d5b62149065bce-79ef2876fae7ca75eedb2aa53dc48338/3b/oerConnectortest_3b2a724c9666e1e5e087ba503099afbc
  - server/.jest-cache/jest-transform-cache-e3e015460141521639d5b62149065bce-79ef2876fae7ca75eedb2aa53dc48338/3b/oerConnectortest_3b2a724c9666e1e5e087ba503099afbc.map
  - server/.jest-cache/jest-transform-cache-e3e015460141521639d5b62149065bce-79ef2876fae7ca75eedb2aa53dc48338/49/contactExtractorunittest_49287ef6b8803ae2099ad1f85b8cb180
  - server/.jest-cache/jest-transform-cache-e3e015460141521639d5b62149065bce-79ef2876fae7ca75eedb2aa53dc48338/49/contactExtractorunittest_49287ef6b8803ae2099ad1f85b8cb180.map
  - server/.jest-cache/jest-transform-cache-e3e015460141521639d5b62149065bce-79ef2876fae7ca75eedb2aa53dc48338/49/logger_4930ebc226dce4a9d84b20aeca7a7e83
  - server/.jest-cache/jest-transform-cache-e3e015460141521639d5b62149065bce-79ef2876fae7ca75eedb2aa53dc48338/49/logger_4930ebc226dce4a9d84b20aeca7a7e83.map
  - server/.jest-cache/jest-transform-cache-e3e015460141521639d5b62149065bce-79ef2876fae7ca75eedb2aa53dc48338/4e/workflowStateService_4e1636b3895b0a75d1448b28bb4263fb
  - server/.jest-cache/jest-transform-cache-e3e015460141521639d5b62149065bce-79ef2876fae7ca75eedb2aa53dc48338/4e/workflowStateService_4e1636b3895b0a75d1448b28bb4263fb.map
  - server/.jest-cache/jest-transform-cache-e3e015460141521639d5b62149065bce-79ef2876fae7ca75eedb2aa53dc48338/52/phase3basictest_5287272f42ce95b2336fa8619443ec62
  - server/.jest-cache/jest-transform-cache-e3e015460141521639d5b62149065bce-79ef2876fae7ca75eedb2aa53dc48338/52/phase3basictest_5287272f42ce95b2336fa8619443ec62.map
  - server/.jest-cache/jest-transform-cache-e3e015460141521639d5b62149065bce-79ef2876fae7ca75eedb2aa53dc48338/55/llmService_55010729c8f37884909db0270341c0a4
  - server/.jest-cache/jest-transform-cache-e3e015460141521639d5b62149065bce-79ef2876fae7ca75eedb2aa53dc48338/55/llmService_55010729c8f37884909db0270341c0a4.map
  - server/.jest-cache/jest-transform-cache-e3e015460141521639d5b62149065bce-79ef2876fae7ca75eedb2aa53dc48338/5d/CacheService_5d2dad9aed12523a97d83f356136acd2
  - server/.jest-cache/jest-transform-cache-e3e015460141521639d5b62149065bce-79ef2876fae7ca75eedb2aa53dc48338/5d/CacheService_5d2dad9aed12523a97d83f356136acd2.map
  - server/.jest-cache/jest-transform-cache-e3e015460141521639d5b62149065bce-79ef2876fae7ca75eedb2aa53dc48338/5f/jestsetupperformance_5fe7c5221458fffcc8e4d4ac67e3abdf
  - server/.jest-cache/jest-transform-cache-e3e015460141521639d5b62149065bce-79ef2876fae7ca75eedb2aa53dc48338/65/reflectionClassifierService_65e84cb23fc3fa47cb49f7c65ca7871a
  - server/.jest-cache/jest-transform-cache-e3e015460141521639d5b62149065bce-79ef2876fae7ca75eedb2aa53dc48338/65/reflectionClassifierService_65e84cb23fc3fa47cb49f7c65ca7871a.map
  - server/.jest-cache/jest-transform-cache-e3e015460141521639d5b62149065bce-79ef2876fae7ca75eedb2aa53dc48338/67/aiActivityGenerator_670dc09b958feb779790c05d12ed89dd
  - server/.jest-cache/jest-transform-cache-e3e015460141521639d5b62149065bce-79ef2876fae7ca75eedb2aa53dc48338/67/aiActivityGenerator_670dc09b958feb779790c05d12ed89dd.map
  - server/.jest-cache/jest-transform-cache-e3e015460141521639d5b62149065bce-79ef2876fae7ca75eedb2aa53dc48338/68/contactExtractor_68af78efabcba5a9712c0c0ebbaea8f0
  - server/.jest-cache/jest-transform-cache-e3e015460141521639d5b62149065bce-79ef2876fae7ca75eedb2aa53dc48338/68/contactExtractor_68af78efabcba5a9712c0c0ebbaea8f0.map
  - server/.jest-cache/jest-transform-cache-e3e015460141521639d5b62149065bce-79ef2876fae7ca75eedb2aa53dc48338/6c/reportGeneratorServicetest_6cc0e220791e7efc009356c6f07b9a50
  - server/.jest-cache/jest-transform-cache-e3e015460141521639d5b62149065bce-79ef2876fae7ca75eedb2aa53dc48338/6c/reportGeneratorServicetest_6cc0e220791e7efc009356c6f07b9a50.map
  - server/.jest-cache/jest-transform-cache-e3e015460141521639d5b62149065bce-79ef2876fae7ca75eedb2aa53dc48338/6d/validation_6de3256eaad2be7882ebc2b85d57bbc1
  - server/.jest-cache/jest-transform-cache-e3e015460141521639d5b62149065bce-79ef2876fae7ca75eedb2aa53dc48338/6d/validation_6de3256eaad2be7882ebc2b85d57bbc1.map
  - server/.jest-cache/jest-transform-cache-e3e015460141521639d5b62149065bce-79ef2876fae7ca75eedb2aa53dc48338/72/educationWebConnectortest_7297cdeae3a2fcd42bcc3a942fdf8e73
  - server/.jest-cache/jest-transform-cache-e3e015460141521639d5b62149065bce-79ef2876fae7ca75eedb2aa53dc48338/72/educationWebConnectortest_7297cdeae3a2fcd42bcc3a942fdf8e73.map
  - server/.jest-cache/jest-transform-cache-e3e015460141521639d5b62149065bce-79ef2876fae7ca75eedb2aa53dc48338/72/reportGeneratorService_72d4b61a1b3a90b452119e365df69bc5
  - server/.jest-cache/jest-transform-cache-e3e015460141521639d5b62149065bce-79ef2876fae7ca75eedb2aa53dc48338/72/reportGeneratorService_72d4b61a1b3a90b452119e365df69bc5.map
  - server/.jest-cache/jest-transform-cache-e3e015460141521639d5b62149065bce-79ef2876fae7ca75eedb2aa53dc48338/74/authunittest_742d9fb3f715f2cec8e98cbf139057e1
  - server/.jest-cache/jest-transform-cache-e3e015460141521639d5b62149065bce-79ef2876fae7ca75eedb2aa53dc48338/74/authunittest_742d9fb3f715f2cec8e98cbf139057e1.map
  - server/.jest-cache/jest-transform-cache-e3e015460141521639d5b62149065bce-79ef2876fae7ca75eedb2aa53dc48338/7e/progressCheck_7eb5ec1c34b7118964ce2cf4e27f904c
  - server/.jest-cache/jest-transform-cache-e3e015460141521639d5b62149065bce-79ef2876fae7ca75eedb2aa53dc48338/7e/progressCheck_7eb5ec1c34b7118964ce2cf4e27f904c.map
  - server/.jest-cache/jest-transform-cache-e3e015460141521639d5b62149065bce-79ef2876fae7ca75eedb2aa53dc48338/85/baseServiceunittest_852dfa084fd14b4681e3528d1bf43f52
  - server/.jest-cache/jest-transform-cache-e3e015460141521639d5b62149065bce-79ef2876fae7ca75eedb2aa53dc48338/85/baseServiceunittest_852dfa084fd14b4681e3528d1bf43f52.map
  - server/.jest-cache/jest-transform-cache-e3e015460141521639d5b62149065bce-79ef2876fae7ca75eedb2aa53dc48338/8e/prisma_8ef68a8f2054c5728996fbec8e548de2
  - server/.jest-cache/jest-transform-cache-e3e015460141521639d5b62149065bce-79ef2876fae7ca75eedb2aa53dc48338/8e/prisma_8ef68a8f2054c5728996fbec8e548de2.map
  - server/.jest-cache/jest-transform-cache-e3e015460141521639d5b62149065bce-79ef2876fae7ca75eedb2aa53dc48338/94/CacheService_9421311a801e5847dc04840ae522aba6
  - server/.jest-cache/jest-transform-cache-e3e015460141521639d5b62149065bce-79ef2876fae7ca75eedb2aa53dc48338/94/CacheService_9421311a801e5847dc04840ae522aba6.map
  - server/.jest-cache/jest-transform-cache-e3e015460141521639d5b62149065bce-79ef2876fae7ca75eedb2aa53dc48338/9b/anthropicServicetest_9beaaff5eace275a9f04b3822c5f1438
  - server/.jest-cache/jest-transform-cache-e3e015460141521639d5b62149065bce-79ef2876fae7ca75eedb2aa53dc48338/9b/anthropicServicetest_9beaaff5eace275a9f04b3822c5f1438.map
  - server/.jest-cache/jest-transform-cache-e3e015460141521639d5b62149065bce-79ef2876fae7ca75eedb2aa53dc48338/a0/curriculumImportServicetest_a0237219a0a73689f86c3ad8789dac46
  - server/.jest-cache/jest-transform-cache-e3e015460141521639d5b62149065bce-79ef2876fae7ca75eedb2aa53dc48338/a0/curriculumImportServicetest_a0237219a0a73689f86c3ad8789dac46.map
  - server/.jest-cache/jest-transform-cache-e3e015460141521639d5b62149065bce-79ef2876fae7ca75eedb2aa53dc48338/b8/cacheServicetest_b814377636fedb989d31da171bf39702
  - server/.jest-cache/jest-transform-cache-e3e015460141521639d5b62149065bce-79ef2876fae7ca75eedb2aa53dc48338/b8/cacheServicetest_b814377636fedb989d31da171bf39702.map
  - server/.jest-cache/jest-transform-cache-e3e015460141521639d5b62149065bce-79ef2876fae7ca75eedb2aa53dc48338/bd/embeddingServicefasttest_bd6276802f6448dbb0a66285e76288f7
  - server/.jest-cache/jest-transform-cache-e3e015460141521639d5b62149065bce-79ef2876fae7ca75eedb2aa53dc48338/bd/embeddingServicefasttest_bd6276802f6448dbb0a66285e76288f7.map
  - server/.jest-cache/jest-transform-cache-e3e015460141521639d5b62149065bce-79ef2876fae7ca75eedb2aa53dc48338/c0/openai_c0029d7c82ed34825b335ecc0c3e1092
  - server/.jest-cache/jest-transform-cache-e3e015460141521639d5b62149065bce-79ef2876fae7ca75eedb2aa53dc48338/c3/scenarioTemplateExtractor_c37564ce07d0e548776dafd1766dca21
  - server/.jest-cache/jest-transform-cache-e3e015460141521639d5b62149065bce-79ef2876fae7ca75eedb2aa53dc48338/c3/scenarioTemplateExtractor_c37564ce07d0e548776dafd1766dca21.map
  - server/.jest-cache/jest-transform-cache-e3e015460141521639d5b62149065bce-79ef2876fae7ca75eedb2aa53dc48338/c6/cacheServicetest_c66a2d7a52d2e666ded025ed1b93cfee
  - server/.jest-cache/jest-transform-cache-e3e015460141521639d5b62149065bce-79ef2876fae7ca75eedb2aa53dc48338/c6/cacheServicetest_c66a2d7a52d2e666ded025ed1b93cfee.map
  - server/.jest-cache/jest-transform-cache-e3e015460141521639d5b62149065bce-79ef2876fae7ca75eedb2aa53dc48338/cc/aiActivityGeneratortest_cc417546d2fb9c600e5c6792ae06152f
  - server/.jest-cache/jest-transform-cache-e3e015460141521639d5b62149065bce-79ef2876fae7ca75eedb2aa53dc48338/cc/aiActivityGeneratortest_cc417546d2fb9c600e5c6792ae06152f.map
  - server/.jest-cache/jest-transform-cache-e3e015460141521639d5b62149065bce-79ef2876fae7ca75eedb2aa53dc48338/ce/scenarioTemplateExtractorsimpletest_ce0fd4bff51b151f152c484b00e627b0
  - server/.jest-cache/jest-transform-cache-e3e015460141521639d5b62149065bce-79ef2876fae7ca75eedb2aa53dc48338/ce/scenarioTemplateExtractorsimpletest_ce0fd4bff51b151f152c484b00e627b0.map
  - server/.jest-cache/jest-transform-cache-e3e015460141521639d5b62149065bce-79ef2876fae7ca75eedb2aa53dc48338/d1/newsletterTriggertest_d17b5e6d44ef4c3eb3099aced90e0921
  - server/.jest-cache/jest-transform-cache-e3e015460141521639d5b62149065bce-79ef2876fae7ca75eedb2aa53dc48338/d1/newsletterTriggertest_d17b5e6d44ef4c3eb3099aced90e0921.map
  - server/.jest-cache/jest-transform-cache-e3e015460141521639d5b62149065bce-79ef2876fae7ca75eedb2aa53dc48338/d5/validationunittest_d5afe88dfa3f14e81e6c45321f206ec7
  - server/.jest-cache/jest-transform-cache-e3e015460141521639d5b62149065bce-79ef2876fae7ca75eedb2aa53dc48338/d5/validationunittest_d5afe88dfa3f14e81e6c45321f206ec7.map
  - server/.jest-cache/jest-transform-cache-e3e015460141521639d5b62149065bce-79ef2876fae7ca75eedb2aa53dc48338/d9/workflowStatetest_d909c322f6c49078578333ddb6b49a4b
  - server/.jest-cache/jest-transform-cache-e3e015460141521639d5b62149065bce-79ef2876fae7ca75eedb2aa53dc48338/d9/workflowStatetest_d909c322f6c49078578333ddb6b49a4b.map
  - server/.jest-cache/jest-transform-cache-e3e015460141521639d5b62149065bce-79ef2876fae7ca75eedb2aa53dc48338/df/newsletterTrigger_df2f27e6a7bcc45bf6ab3eedf9fa1b62
  - server/.jest-cache/jest-transform-cache-e3e015460141521639d5b62149065bce-79ef2876fae7ca75eedb2aa53dc48338/df/newsletterTrigger_df2f27e6a7bcc45bf6ab3eedf9fa1b62.map
  - server/.jest-cache/jest-transform-cache-e3e015460141521639d5b62149065bce-79ef2876fae7ca75eedb2aa53dc48338/e2/embeddingService_e224557ce1eab6caed13970be495a345
  - server/.jest-cache/jest-transform-cache-e3e015460141521639d5b62149065bce-79ef2876fae7ca75eedb2aa53dc48338/e2/embeddingService_e224557ce1eab6caed13970be495a345.map
  - server/.jest-cache/jest-transform-cache-e3e015460141521639d5b62149065bce-79ef2876fae7ca75eedb2aa53dc48338/e6/baseConnector_e64bc3ee1467e6ec1caf35b47bb1c522
  - server/.jest-cache/jest-transform-cache-e3e015460141521639d5b62149065bce-79ef2876fae7ca75eedb2aa53dc48338/e6/baseConnector_e64bc3ee1467e6ec1caf35b47bb1c522.map
  - server/.jest-cache/jest-transform-cache-e3e015460141521639d5b62149065bce-79ef2876fae7ca75eedb2aa53dc48338/e7/cacheServicecomprehensivetest_e73bff7821394d12bc654f78c1183d58
  - server/.jest-cache/jest-transform-cache-e3e015460141521639d5b62149065bce-79ef2876fae7ca75eedb2aa53dc48338/e7/cacheServicecomprehensivetest_e73bff7821394d12bc654f78c1183d58.map
  - server/.jest-cache/jest-transform-cache-e3e015460141521639d5b62149065bce-79ef2876fae7ca75eedb2aa53dc48338/e7/curriculumImportServiceupdatedtest_e72caa3c1c48557aa8987a4daf109b4c
  - server/.jest-cache/jest-transform-cache-e3e015460141521639d5b62149065bce-79ef2876fae7ca75eedb2aa53dc48338/e7/curriculumImportServiceupdatedtest_e72caa3c1c48557aa8987a4daf109b4c.map
  - server/.jest-cache/jest-transform-cache-e3e015460141521639d5b62149065bce-79ef2876fae7ca75eedb2aa53dc48338/e8/progressChecktest_e823dd92b7be4ec33267081beb5a747a
  - server/.jest-cache/jest-transform-cache-e3e015460141521639d5b62149065bce-79ef2876fae7ca75eedb2aa53dc48338/e8/progressChecktest_e823dd92b7be4ec33267081beb5a747a.map
  - server/.jest-cache/jest-transform-cache-e3e015460141521639d5b62149065bce-79ef2876fae7ca75eedb2aa53dc48338/e9/curriculumWebConnectortest_e9ecc493009424017971eef62b56bce4
  - server/.jest-cache/jest-transform-cache-e3e015460141521639d5b62149065bce-79ef2876fae7ca75eedb2aa53dc48338/e9/curriculumWebConnectortest_e9ecc493009424017971eef62b56bce4.map
  - server/.jest-cache/jest-transform-cache-e3e015460141521639d5b62149065bce-79ef2876fae7ca75eedb2aa53dc48338/ea/BaseService_ead7fbbb93086013d92546058b0d8be4
  - server/.jest-cache/jest-transform-cache-e3e015460141521639d5b62149065bce-79ef2876fae7ca75eedb2aa53dc48338/ea/BaseService_ead7fbbb93086013d92546058b0d8be4.map
  - server/.jest-cache/jest-transform-cache-e3e015460141521639d5b62149065bce-79ef2876fae7ca75eedb2aa53dc48338/f3/planningEngineunittest_f3baf6a1cff74c47355e705f7c19adba
  - server/.jest-cache/jest-transform-cache-e3e015460141521639d5b62149065bce-79ef2876fae7ca75eedb2aa53dc48338/f3/planningEngineunittest_f3baf6a1cff74c47355e705f7c19adba.map
  - server/.jest-cache/jest-transform-cache-e3e015460141521639d5b62149065bce-79ef2876fae7ca75eedb2aa53dc48338/f8/anthropicService_f888bbcfe0cd1c35effd35dcbb70b2a1
  - server/.jest-cache/jest-transform-cache-e3e015460141521639d5b62149065bce-79ef2876fae7ca75eedb2aa53dc48338/f8/anthropicService_f888bbcfe0cd1c35effd35dcbb70b2a1.map
  - server/.jest-cache/jest-transform-cache-e3e015460141521639d5b62149065bce-79ef2876fae7ca75eedb2aa53dc48338/fb/curriculumImportServicecoveragetest_fb230c93e7a471517f511bd553c818aa
  - server/.jest-cache/jest-transform-cache-e3e015460141521639d5b62149065bce-79ef2876fae7ca75eedb2aa53dc48338/fb/curriculumImportServicecoveragetest_fb230c93e7a471517f511bd553c818aa.map
  - server/.jest-cache/perf-cache-c28e27eaf2cda0320583202d2edf90c5-da39a3ee5e6b4b0d3255bfef95601890
  - server/.jest-cache/perf-cache-e3e015460141521639d5b62149065bce-da39a3ee5e6b4b0d3255bfef95601890
  - server/jest.config.js
  - server/src/__mocks__/openai.js
  - server/src/__mocks__/prisma.ts
  - server/src/app.ts
  - server/src/routes/auth.ts
  - server/src/routes/user.ts
  - server/src/services/__mocks__/llmService.ts
  - server/src/services/aiParentSummaryService.ts
  - server/src/services/contactExtractor.ts
  - server/src/services/contactExtractor.unit.test.ts
  - server/src/services/embeddingService.ts
  - server/src/services/llmService.ts
  - server/src/services/newsletterService.ts
  - server/src/services/workflowStateService.ts
  - server/src/utils/contactValidation.ts
  - server/tests/setup-all-mocks.ts
  - server/tests/unit/aiActivityGenerator.test.ts
  - server/tests/unit/aiParentSummaryService.test.ts
  - server/tests/unit/aiPlanningAssistant.test.ts
  - server/tests/unit/api/criticalEndpoints.test.ts.disabled
  - server/tests/unit/auth/authentication.test.ts.disabled
  - server/tests/unit/contactExtractorEnhanced.test.ts
  - server/tests/unit/contactParsingAdvanced.test.ts
  - server/tests/unit/contactValidation.simplified.test.ts
  - server/tests/unit/contactValidation.test.ts
  - server/tests/unit/contactValidationCorrected.test.ts
  - server/tests/unit/contactValidationFocused.test.ts
  - server/tests/unit/curriculumImportService.comprehensive.test.ts
  - server/tests/unit/embeddingService.fast.test.ts
  - server/tests/unit/embeddingService.test.ts.disabled
  - server/tests/unit/llmService.test.ts
  - server/tests/unit/newsletterService.test.ts
  - server/tests/unit/workflowState.test.ts

🎯 Running: integration, unit tests

🧪 Running unit tests...
Executing: pnpm --filter server test:unit

> server@0.0.0 test:unit /Users/michaelmcisaac/GitHub/teaching-engine2.0/server
> NODE_OPTIONS='--experimental-vm-modules --max-old-space-size=2048' TEST_TYPE=unit jest --passWithNoTests --runInBand=false --forceExit

(node:45945) ExperimentalWarning: VM Modules is an experimental feature and might change at any time
(Use `node --trace-warnings ...` to show where the warning was created)
(node:45949) ExperimentalWarning: VM Modules is an experimental feature and might change at any time
(Use `node --trace-warnings ...` to show where the warning was created)
[0m[7m[1m[32m PASS [39m[22m[27m[0m [0m[7m[37m Unit Tests [39m[27m[0m [2mtests/unit/[22m[1mcontactExtractorEnhanced.test.ts[22m
(node:45948) ExperimentalWarning: VM Modules is an experimental feature and might change at any time
(Use `node --trace-warnings ...` to show where the warning was created)
[0m[7m[1m[32m PASS [39m[22m[27m[0m [0m[7m[37m Unit Tests [39m[27m[0m [2mtests/unit/[22m[1mvalidationSchemasComplete.test.ts[22m
(node:45952) ExperimentalWarning: VM Modules is an experimental feature and might change at any time
(Use `node --trace-warnings ...` to show where the warning was created)
[0m[7m[1m[31m FAIL [39m[22m[27m[0m [0m[7m[37m Unit Tests [39m[27m[0m [2mtests/unit/[22m[1mnewsletterService.test.ts[22m
[1m[31m  [1m● [22m[1mNewsletterService › generateNewsletterContent › successful generation › should generate newsletter with all sections when all options enabled[39m[22m

    ReferenceError: require is not defined
[2m[22m
[2m    [0m [90m 86 |[39m [90m// Mock OpenAI module - must be hoisted[39m[22m
[2m     [90m 87 |[39m jest[33m.[39mmock([32m'openai'[39m[33m,[39m () [33m=>[39m {[22m
[2m    [31m[1m>[22m[2m[39m[90m 88 |[39m   [36mconst[39m { mockOpenAI } [33m=[39m require([32m'../mocks/openai.mock.js'[39m)[33m;[39m[22m
[2m     [90m    |[39m                          [31m[1m^[22m[2m[39m[22m
[2m     [90m 89 |[39m   [36mreturn[39m {[22m
[2m     [90m 90 |[39m     __esModule[33m:[39m [36mtrue[39m[33m,[39m[22m
[2m     [90m 91 |[39m     [36mdefault[39m[33m:[39m jest[33m.[39mfn()[33m.[39mmockImplementation(() [33m=>[39m mockOpenAI)[33m,[39m[0m[22m
[2m[22m
[2m      [2mat [22m[2mtests/setup/unified-mock-setup.ts[2m:88:26[22m[2m[22m
[2m      [2mat Object.<anonymous> ([22m[2m[0m[36mtests/unit/newsletterService.test.ts[39m[0m[2m:52:33)[22m[2m[22m

[1m[31m  [1m● [22m[1mNewsletterService › generateNewsletterContent › successful generation › should handle different tones appropriately[39m[22m

    ReferenceError: require is not defined
[2m[22m
[2m    [0m [90m 86 |[39m [90m// Mock OpenAI module - must be hoisted[39m[22m
[2m     [90m 87 |[39m jest[33m.[39mmock([32m'openai'[39m[33m,[39m () [33m=>[39m {[22m
[2m    [31m[1m>[22m[2m[39m[90m 88 |[39m   [36mconst[39m { mockOpenAI } [33m=[39m require([32m'../mocks/openai.mock.js'[39m)[33m;[39m[22m
[2m     [90m    |[39m                          [31m[1m^[22m[2m[39m[22m
[2m     [90m 89 |[39m   [36mreturn[39m {[22m
[2m     [90m 90 |[39m     __esModule[33m:[39m [36mtrue[39m[33m,[39m[22m
[2m     [90m 91 |[39m     [36mdefault[39m[33m:[39m jest[33m.[39mfn()[33m.[39mmockImplementation(() [33m=>[39m mockOpenAI)[33m,[39m[0m[22m
[2m[22m
[2m      [2mat [22m[2mtests/setup/unified-mock-setup.ts[2m:88:26[22m[2m[22m
[2m      [2mat Object.<anonymous> ([22m[2m[0m[36mtests/unit/newsletterService.test.ts[39m[0m[2m:171:33)[22m[2m[22m

[1m[31m  [1m● [22m[1mNewsletterService › generateNewsletterContent › successful generation › should include only requested sections based on options[39m[22m

    ReferenceError: require is not defined
[2m[22m
[2m    [0m [90m 86 |[39m [90m// Mock OpenAI module - must be hoisted[39m[22m
[2m     [90m 87 |[39m jest[33m.[39mmock([32m'openai'[39m[33m,[39m () [33m=>[39m {[22m
[2m    [31m[1m>[22m[2m[39m[90m 88 |[39m   [36mconst[39m { mockOpenAI } [33m=[39m require([32m'../mocks/openai.mock.js'[39m)[33m;[39m[22m
[2m     [90m    |[39m                          [31m[1m^[22m[2m[39m[22m
[2m     [90m 89 |[39m   [36mreturn[39m {[22m
[2m     [90m 90 |[39m     __esModule[33m:[39m [36mtrue[39m[33m,[39m[22m
[2m     [90m 91 |[39m     [36mdefault[39m[33m:[39m jest[33m.[39mfn()[33m.[39mmockImplementation(() [33m=>[39m mockOpenAI)[33m,[39m[0m[22m
[2m[22m
[2m      [2mat [22m[2mtests/setup/unified-mock-setup.ts[2m:88:26[22m[2m[22m
[2m      [2mat Object.<anonymous> ([22m[2m[0m[36mtests/unit/newsletterService.test.ts[39m[0m[2m:232:33)[22m[2m[22m

[1m[31m  [1m● [22m[1mNewsletterService › generateNewsletterContent › successful generation › should handle focus areas[39m[22m

    ReferenceError: require is not defined
[2m[22m
[2m    [0m [90m 86 |[39m [90m// Mock OpenAI module - must be hoisted[39m[22m
[2m     [90m 87 |[39m jest[33m.[39mmock([32m'openai'[39m[33m,[39m () [33m=>[39m {[22m
[2m    [31m[1m>[22m[2m[39m[90m 88 |[39m   [36mconst[39m { mockOpenAI } [33m=[39m require([32m'../mocks/openai.mock.js'[39m)[33m;[39m[22m
[2m     [90m    |[39m                          [31m[1m^[22m[2m[39m[22m
[2m     [90m 89 |[39m   [36mreturn[39m {[22m
[2m     [90m 90 |[39m     __esModule[33m:[39m [36mtrue[39m[33m,[39m[22m
[2m     [90m 91 |[39m     [36mdefault[39m[33m:[39m jest[33m.[39mfn()[33m.[39mmockImplementation(() [33m=>[39m mockOpenAI)[33m,[39m[0m[22m
[2m[22m
[2m      [2mat [22m[2mtests/setup/unified-mock-setup.ts[2m:88:26[22m[2m[22m
[2m      [2mat Object.<anonymous> ([22m[2m[0m[36mtests/unit/newsletterService.test.ts[39m[0m[2m:275:33)[22m[2m[22m

[1m[31m  [1m● [22m[1mNewsletterService › generateNewsletterContent › successful generation › should handle multiple students[39m[22m

    ReferenceError: require is not defined
[2m[22m
[2m    [0m [90m 86 |[39m [90m// Mock OpenAI module - must be hoisted[39m[22m
[2m     [90m 87 |[39m jest[33m.[39mmock([32m'openai'[39m[33m,[39m () [33m=>[39m {[22m
[2m    [31m[1m>[22m[2m[39m[90m 88 |[39m   [36mconst[39m { mockOpenAI } [33m=[39m require([32m'../mocks/openai.mock.js'[39m)[33m;[39m[22m
[2m     [90m    |[39m                          [31m[1m^[22m[2m[39m[22m
[2m     [90m 89 |[39m   [36mreturn[39m {[22m
[2m     [90m 90 |[39m     __esModule[33m:[39m [36mtrue[39m[33m,[39m[22m
[2m     [90m 91 |[39m     [36mdefault[39m[33m:[39m jest[33m.[39mfn()[33m.[39mmockImplementation(() [33m=>[39m mockOpenAI)[33m,[39m[0m[22m
[2m[22m
[2m      [2mat [22m[2mtests/setup/unified-mock-setup.ts[2m:88:26[22m[2m[22m
[2m      [2mat Object.<anonymous> ([22m[2m[0m[36mtests/unit/newsletterService.test.ts[39m[0m[2m:310:33)[22m[2m[22m

[1m[31m  [1m● [22m[1mNewsletterService › generateNewsletterContent › error handling › should fall back to template when OpenAI fails[39m[22m

    ReferenceError: require is not defined
[2m[22m
[2m    [0m [90m 86 |[39m [90m// Mock OpenAI module - must be hoisted[39m[22m
[2m     [90m 87 |[39m jest[33m.[39mmock([32m'openai'[39m[33m,[39m () [33m=>[39m {[22m
[2m    [31m[1m>[22m[2m[39m[90m 88 |[39m   [36mconst[39m { mockOpenAI } [33m=[39m require([32m'../mocks/openai.mock.js'[39m)[33m;[39m[22m
[2m     [90m    |[39m                          [31m[1m^[22m[2m[39m[22m
[2m     [90m 89 |[39m   [36mreturn[39m {[22m
[2m     [90m 90 |[39m     __esModule[33m:[39m [36mtrue[39m[33m,[39m[22m
[2m     [90m 91 |[39m     [36mdefault[39m[33m:[39m jest[33m.[39mfn()[33m.[39mmockImplementation(() [33m=>[39m mockOpenAI)[33m,[39m[0m[22m
[2m[22m
[2m      [2mat [22m[2mtests/setup/unified-mock-setup.ts[2m:88:26[22m[2m[22m
[2m      [2mat Object.<anonymous> ([22m[2m[0m[36mtests/unit/newsletterService.test.ts[39m[0m[2m:372:33)[22m[2m[22m

[1m[31m  [1m● [22m[1mNewsletterService › generateNewsletterContent › error handling › should handle empty response from OpenAI[39m[22m

    ReferenceError: require is not defined
[2m[22m
[2m    [0m [90m 86 |[39m [90m// Mock OpenAI module - must be hoisted[39m[22m
[2m     [90m 87 |[39m jest[33m.[39mmock([32m'openai'[39m[33m,[39m () [33m=>[39m {[22m
[2m    [31m[1m>[22m[2m[39m[90m 88 |[39m   [36mconst[39m { mockOpenAI } [33m=[39m require([32m'../mocks/openai.mock.js'[39m)[33m;[39m[22m
[2m     [90m    |[39m                          [31m[1m^[22m[2m[39m[22m
[2m     [90m 89 |[39m   [36mreturn[39m {[22m
[2m     [90m 90 |[39m     __esModule[33m:[39m [36mtrue[39m[33m,[39m[22m
[2m     [90m 91 |[39m     [36mdefault[39m[33m:[39m jest[33m.[39mfn()[33m.[39mmockImplementation(() [33m=>[39m mockOpenAI)[33m,[39m[0m[22m
[2m[22m
[2m      [2mat [22m[2mtests/setup/unified-mock-setup.ts[2m:88:26[22m[2m[22m
[2m      [2mat Object.<anonymous> ([22m[2m[0m[36mtests/unit/newsletterService.test.ts[39m[0m[2m:399:33)[22m[2m[22m

[1m[31m  [1m● [22m[1mNewsletterService › generateNewsletterContent › error handling › should handle invalid JSON response[39m[22m

    ReferenceError: require is not defined
[2m[22m
[2m    [0m [90m 86 |[39m [90m// Mock OpenAI module - must be hoisted[39m[22m
[2m     [90m 87 |[39m jest[33m.[39mmock([32m'openai'[39m[33m,[39m () [33m=>[39m {[22m
[2m    [31m[1m>[22m[2m[39m[90m 88 |[39m   [36mconst[39m { mockOpenAI } [33m=[39m require([32m'../mocks/openai.mock.js'[39m)[33m;[39m[22m
[2m     [90m    |[39m                          [31m[1m^[22m[2m[39m[22m
[2m     [90m 89 |[39m   [36mreturn[39m {[22m
[2m     [90m 90 |[39m     __esModule[33m:[39m [36mtrue[39m[33m,[39m[22m
[2m     [90m 91 |[39m     [36mdefault[39m[33m:[39m jest[33m.[39mfn()[33m.[39mmockImplementation(() [33m=>[39m mockOpenAI)[33m,[39m[0m[22m
[2m[22m
[2m      [2mat [22m[2mtests/setup/unified-mock-setup.ts[2m:88:26[22m[2m[22m
[2m      [2mat Object.<anonymous> ([22m[2m[0m[36mtests/unit/newsletterService.test.ts[39m[0m[2m:436:33)[22m[2m[22m

[1m[31m  [1m● [22m[1mNewsletterService › generateNewsletterContent › error handling › should handle missing sections in response[39m[22m

    ReferenceError: require is not defined
[2m[22m
[2m    [0m [90m 86 |[39m [90m// Mock OpenAI module - must be hoisted[39m[22m
[2m     [90m 87 |[39m jest[33m.[39mmock([32m'openai'[39m[33m,[39m () [33m=>[39m {[22m
[2m    [31m[1m>[22m[2m[39m[90m 88 |[39m   [36mconst[39m { mockOpenAI } [33m=[39m require([32m'../mocks/openai.mock.js'[39m)[33m;[39m[22m
[2m     [90m    |[39m                          [31m[1m^[22m[2m[39m[22m
[2m     [90m 89 |[39m   [36mreturn[39m {[22m
[2m     [90m 90 |[39m     __esModule[33m:[39m [36mtrue[39m[33m,[39m[22m
[2m     [90m 91 |[39m     [36mdefault[39m[33m:[39m jest[33m.[39mfn()[33m.[39mmockImplementation(() [33m=>[39m mockOpenAI)[33m,[39m[0m[22m
[2m[22m
[2m      [2mat [22m[2mtests/setup/unified-mock-setup.ts[2m:88:26[22m[2m[22m
[2m      [2mat Object.<anonymous> ([22m[2m[0m[36mtests/unit/newsletterService.test.ts[39m[0m[2m:468:33)[22m[2m[22m

[1m[31m  [1m● [22m[1mNewsletterService › generateNewsletterContent › error handling › should handle incomplete section data[39m[22m

    ReferenceError: require is not defined
[2m[22m
[2m    [0m [90m 86 |[39m [90m// Mock OpenAI module - must be hoisted[39m[22m
[2m     [90m 87 |[39m jest[33m.[39mmock([32m'openai'[39m[33m,[39m () [33m=>[39m {[22m
[2m    [31m[1m>[22m[2m[39m[90m 88 |[39m   [36mconst[39m { mockOpenAI } [33m=[39m require([32m'../mocks/openai.mock.js'[39m)[33m;[39m[22m
[2m     [90m    |[39m                          [31m[1m^[22m[2m[39m[22m
[2m     [90m 89 |[39m   [36mreturn[39m {[22m
[2m     [90m 90 |[39m     __esModule[33m:[39m [36mtrue[39m[33m,[39m[22m
[2m     [90m 91 |[39m     [36mdefault[39m[33m:[39m jest[33m.[39mfn()[33m.[39mmockImplementation(() [33m=>[39m mockOpenAI)[33m,[39m[0m[22m
[2m[22m
[2m      [2mat [22m[2mtests/setup/unified-mock-setup.ts[2m:88:26[22m[2m[22m
[2m      [2mat Object.<anonymous> ([22m[2m[0m[36mtests/unit/newsletterService.test.ts[39m[0m[2m:499:33)[22m[2m[22m

[1m[31m  [1m● [22m[1mNewsletterService › generateNewsletterContent › content generation with complex data › should handle rich daybook entries[39m[22m

    ReferenceError: require is not defined
[2m[22m
[2m    [0m [90m 86 |[39m [90m// Mock OpenAI module - must be hoisted[39m[22m
[2m     [90m 87 |[39m jest[33m.[39mmock([32m'openai'[39m[33m,[39m () [33m=>[39m {[22m
[2m    [31m[1m>[22m[2m[39m[90m 88 |[39m   [36mconst[39m { mockOpenAI } [33m=[39m require([32m'../mocks/openai.mock.js'[39m)[33m;[39m[22m
[2m     [90m    |[39m                          [31m[1m^[22m[2m[39m[22m
[2m     [90m 89 |[39m   [36mreturn[39m {[22m
[2m     [90m 90 |[39m     __esModule[33m:[39m [36mtrue[39m[33m,[39m[22m
[2m     [90m 91 |[39m     [36mdefault[39m[33m:[39m jest[33m.[39mfn()[33m.[39mmockImplementation(() [33m=>[39m mockOpenAI)[33m,[39m[0m[22m
[2m[22m
[2m      [2mat [22m[2mtests/setup/unified-mock-setup.ts[2m:88:26[22m[2m[22m
[2m      [2mat Object.<anonymous> ([22m[2m[0m[36mtests/unit/newsletterService.test.ts[39m[0m[2m:553:33)[22m[2m[22m

[1m[31m  [1m● [22m[1mNewsletterService › generateNewsletterContent › content generation with complex data › should handle students with multiple artifacts and reflections[39m[22m

    ReferenceError: require is not defined
[2m[22m
[2m    [0m [90m 86 |[39m [90m// Mock OpenAI module - must be hoisted[39m[22m
[2m     [90m 87 |[39m jest[33m.[39mmock([32m'openai'[39m[33m,[39m () [33m=>[39m {[22m
[2m    [31m[1m>[22m[2m[39m[90m 88 |[39m   [36mconst[39m { mockOpenAI } [33m=[39m require([32m'../mocks/openai.mock.js'[39m)[33m;[39m[22m
[2m     [90m    |[39m                          [31m[1m^[22m[2m[39m[22m
[2m     [90m 89 |[39m   [36mreturn[39m {[22m
[2m     [90m 90 |[39m     __esModule[33m:[39m [36mtrue[39m[33m,[39m[22m
[2m     [90m 91 |[39m     [36mdefault[39m[33m:[39m jest[33m.[39mfn()[33m.[39mmockImplementation(() [33m=>[39m mockOpenAI)[33m,[39m[0m[22m
[2m[22m
[2m      [2mat [22m[2mtests/setup/unified-mock-setup.ts[2m:88:26[22m[2m[22m
[2m      [2mat Object.<anonymous> ([22m[2m[0m[36mtests/unit/newsletterService.test.ts[39m[0m[2m:621:33)[22m[2m[22m

[1m[31m  [1m● [22m[1mNewsletterService › generateNewsletterContent › fallback newsletter generation › should generate appropriate fallback content[39m[22m

    ReferenceError: require is not defined
[2m[22m
[2m    [0m [90m 86 |[39m [90m// Mock OpenAI module - must be hoisted[39m[22m
[2m     [90m 87 |[39m jest[33m.[39mmock([32m'openai'[39m[33m,[39m () [33m=>[39m {[22m
[2m    [31m[1m>[22m[2m[39m[90m 88 |[39m   [36mconst[39m { mockOpenAI } [33m=[39m require([32m'../mocks/openai.mock.js'[39m)[33m;[39m[22m
[2m     [90m    |[39m                          [31m[1m^[22m[2m[39m[22m
[2m     [90m 89 |[39m   [36mreturn[39m {[22m
[2m     [90m 90 |[39m     __esModule[33m:[39m [36mtrue[39m[33m,[39m[22m
[2m     [90m 91 |[39m     [36mdefault[39m[33m:[39m jest[33m.[39mfn()[33m.[39mmockImplementation(() [33m=>[39m mockOpenAI)[33m,[39m[0m[22m
[2m[22m
[2m      [2mat [22m[2mtests/setup/unified-mock-setup.ts[2m:88:26[22m[2m[22m
[2m      [2mat Object.<anonymous> ([22m[2m[0m[36mtests/unit/newsletterService.test.ts[39m[0m[2m:712:33)[22m[2m[22m

[1m[31m  [1m● [22m[1mNewsletterService › generateNewsletterContent › fallback newsletter generation › should include focus areas in fallback[39m[22m

    ReferenceError: require is not defined
[2m[22m
[2m    [0m [90m 86 |[39m [90m// Mock OpenAI module - must be hoisted[39m[22m
[2m     [90m 87 |[39m jest[33m.[39mmock([32m'openai'[39m[33m,[39m () [33m=>[39m {[22m
[2m    [31m[1m>[22m[2m[39m[90m 88 |[39m   [36mconst[39m { mockOpenAI } [33m=[39m require([32m'../mocks/openai.mock.js'[39m)[33m;[39m[22m
[2m     [90m    |[39m                          [31m[1m^[22m[2m[39m[22m
[2m     [90m 89 |[39m   [36mreturn[39m {[22m
[2m     [90m 90 |[39m     __esModule[33m:[39m [36mtrue[39m[33m,[39m[22m
[2m     [90m 91 |[39m     [36mdefault[39m[33m:[39m jest[33m.[39mfn()[33m.[39mmockImplementation(() [33m=>[39m mockOpenAI)[33m,[39m[0m[22m
[2m[22m
[2m      [2mat [22m[2mtests/setup/unified-mock-setup.ts[2m:88:26[22m[2m[22m
[2m      [2mat Object.<anonymous> ([22m[2m[0m[36mtests/unit/newsletterService.test.ts[39m[0m[2m:759:33)[22m[2m[22m

[1m[31m  [1m● [22m[1mNewsletterService › generateNewsletterContent › date formatting › should format dates appropriately for different locales[39m[22m

    ReferenceError: require is not defined
[2m[22m
[2m    [0m [90m 86 |[39m [90m// Mock OpenAI module - must be hoisted[39m[22m
[2m     [90m 87 |[39m jest[33m.[39mmock([32m'openai'[39m[33m,[39m () [33m=>[39m {[22m
[2m    [31m[1m>[22m[2m[39m[90m 88 |[39m   [36mconst[39m { mockOpenAI } [33m=[39m require([32m'../mocks/openai.mock.js'[39m)[33m;[39m[22m
[2m     [90m    |[39m                          [31m[1m^[22m[2m[39m[22m
[2m     [90m 89 |[39m   [36mreturn[39m {[22m
[2m     [90m 90 |[39m     __esModule[33m:[39m [36mtrue[39m[33m,[39m[22m
[2m     [90m 91 |[39m     [36mdefault[39m[33m:[39m jest[33m.[39mfn()[33m.[39mmockImplementation(() [33m=>[39m mockOpenAI)[33m,[39m[0m[22m
[2m[22m
[2m      [2mat [22m[2mtests/setup/unified-mock-setup.ts[2m:88:26[22m[2m[22m
[2m      [2mat Object.<anonymous> ([22m[2m[0m[36mtests/unit/newsletterService.test.ts[39m[0m[2m:817:33)[22m[2m[22m

{"level":40,"time":1751327597883,"pid":45945,"hostname":"MacBook-Pro-4.local","service":"EmbeddingService","error":"401 Incorrect API key provided: test-api-key. You can find your API key at https://platform.openai.com/account/api-keys.","attempt":1,"maxRetries":3,"msg":"Embedding generation attempt failed"}
{"level":40,"time":1751327597928,"pid":45951,"hostname":"MacBook-Pro-4.local","service":"AIPlanningAssistantService","msg":"OpenAI API key not found - AI planning assistance will be disabled"}
(node:45946) ExperimentalWarning: VM Modules is an experimental feature and might change at any time
(Use `node --trace-warnings ...` to show where the warning was created)
[0m[7m[1m[32m PASS [39m[22m[27m[0m [0m[7m[37m Unit Tests [39m[27m[0m [2msrc/services/[22m[1mcontactExtractor.unit.test.ts[22m
(node:45951) ExperimentalWarning: VM Modules is an experimental feature and might change at any time
(Use `node --trace-warnings ...` to show where the warning was created)
[0m[7m[1m[31m FAIL [39m[22m[27m[0m [0m[7m[37m Unit Tests [39m[27m[0m [2mtests/unit/[22m[1maiPlanningAssistant.test.ts[22m
[1m[31m  [1m● [22m[1mAIPlanningAssistantService › initialization › should initialize without OpenAI API key[39m[22m

    [2mexpect([22m[31mreceived[39m[2m).[22mtoHaveBeenCalledWith[2m([22m[32m...expected[39m[2m)[22m

    [1mMatcher error[22m: [31mreceived[39m value must be a mock or spy function

    Received has type:  function
    Received has value: [31m[Function LOG][39m
[2m[22m
[2m    [0m [90m 32 |[39m     it([32m'should initialize without OpenAI API key'[39m[33m,[39m () [33m=>[39m {[22m
[2m     [90m 33 |[39m       service [33m=[39m [36mnew[39m [33mAIPlanningAssistantService[39m()[33m;[39m[22m
[2m    [31m[1m>[22m[2m[39m[90m 34 |[39m       expect(mockLogger[33m.[39mwarn)[33m.[39mtoHaveBeenCalledWith([22m
[2m     [90m    |[39m                               [31m[1m^[22m[2m[39m[22m
[2m     [90m 35 |[39m         [32m'OpenAI API key not found - AI planning assistance will be disabled'[39m[33m,[39m[22m
[2m     [90m 36 |[39m       )[33m;[39m[22m
[2m     [90m 37 |[39m     })[33m;[39m[0m[22m
[2m[22m
[2m      [2mat Object.<anonymous> ([22m[2m[0m[36mtests/unit/aiPlanningAssistant.test.ts[39m[0m[2m:34:31)[22m[2m[22m

[1m[31m  [1m● [22m[1mAIPlanningAssistantService › initialization › should initialize with OpenAI API key[39m[22m

    [2mexpect([22m[31mreceived[39m[2m).[22mtoHaveBeenCalledWith[2m([22m[32m...expected[39m[2m)[22m

    [1mMatcher error[22m: [31mreceived[39m value must be a mock or spy function

    Received has type:  function
    Received has value: [31m[Function OpenAI][39m
[2m[22m
[2m    [0m [90m 40 |[39m       process[33m.[39menv[33m.[39m[33mOPENAI_API_KEY[39m [33m=[39m [32m'test-api-key'[39m[33m;[39m[22m
[2m     [90m 41 |[39m       service [33m=[39m [36mnew[39m [33mAIPlanningAssistantService[39m()[33m;[39m[22m
[2m    [31m[1m>[22m[2m[39m[90m 42 |[39m       expect(mockOpenAI)[33m.[39mtoHaveBeenCalledWith({ apiKey[33m:[39m [32m'test-api-key'[39m })[33m;[39m[22m
[2m     [90m    |[39m                          [31m[1m^[22m[2m[39m[22m
[2m     [90m 43 |[39m     })[33m;[39m[22m
[2m     [90m 44 |[39m   })[33m;[39m[22m
[2m     [90m 45 |[39m[0m[22m
[2m[22m
[2m      [2mat Object.<anonymous> ([22m[2m[0m[36mtests/unit/aiPlanningAssistant.test.ts[39m[0m[2m:42:26)[22m[2m[22m

[1m[31m  [1m● [22m[1mAIPlanningAssistantService › generateLongRangeGoals › should generate long-range goals successfully[39m[22m

    TypeError: mockOpenAI.mockImplementation is not a function
[2m[22m
[2m    [0m [90m 48 |[39m       process[33m.[39menv[33m.[39m[33mOPENAI_API_KEY[39m [33m=[39m [32m'test-api-key'[39m[33m;[39m[22m
[2m     [90m 49 |[39m[22m
[2m    [31m[1m>[22m[2m[39m[90m 50 |[39m       mockOpenAI[33m.[39mmockImplementation([22m
[2m     [90m    |[39m                  [31m[1m^[22m[2m[39m[22m
[2m     [90m 51 |[39m         () [33m=>[39m[22m
[2m     [90m 52 |[39m           ({[22m
[2m     [90m 53 |[39m             chat[33m:[39m {[0m[22m
[2m[22m
[2m      [2mat Object.<anonymous> ([22m[2m[0m[36mtests/unit/aiPlanningAssistant.test.ts[39m[0m[2m:50:18)[22m[2m[22m

[1m[31m  [1m● [22m[1mAIPlanningAssistantService › generateLongRangeGoals › should handle missing focus areas[39m[22m

    TypeError: mockOpenAI.mockImplementation is not a function
[2m[22m
[2m    [0m [90m 48 |[39m       process[33m.[39menv[33m.[39m[33mOPENAI_API_KEY[39m [33m=[39m [32m'test-api-key'[39m[33m;[39m[22m
[2m     [90m 49 |[39m[22m
[2m    [31m[1m>[22m[2m[39m[90m 50 |[39m       mockOpenAI[33m.[39mmockImplementation([22m
[2m     [90m    |[39m                  [31m[1m^[22m[2m[39m[22m
[2m     [90m 51 |[39m         () [33m=>[39m[22m
[2m     [90m 52 |[39m           ({[22m
[2m     [90m 53 |[39m             chat[33m:[39m {[0m[22m
[2m[22m
[2m      [2mat Object.<anonymous> ([22m[2m[0m[36mtests/unit/aiPlanningAssistant.test.ts[39m[0m[2m:50:18)[22m[2m[22m

[1m[31m  [1m● [22m[1mAIPlanningAssistantService › generateLongRangeGoals › should handle API errors gracefully[39m[22m

    TypeError: mockOpenAI.mockImplementation is not a function
[2m[22m
[2m    [0m [90m 48 |[39m       process[33m.[39menv[33m.[39m[33mOPENAI_API_KEY[39m [33m=[39m [32m'test-api-key'[39m[33m;[39m[22m
[2m     [90m 49 |[39m[22m
[2m    [31m[1m>[22m[2m[39m[90m 50 |[39m       mockOpenAI[33m.[39mmockImplementation([22m
[2m     [90m    |[39m                  [31m[1m^[22m[2m[39m[22m
[2m     [90m 51 |[39m         () [33m=>[39m[22m
[2m     [90m 52 |[39m           ({[22m
[2m     [90m 53 |[39m             chat[33m:[39m {[0m[22m
[2m[22m
[2m      [2mat Object.<anonymous> ([22m[2m[0m[36mtests/unit/aiPlanningAssistant.test.ts[39m[0m[2m:50:18)[22m[2m[22m

[1m[31m  [1m● [22m[1mAIPlanningAssistantService › generateLongRangeGoals › should handle invalid JSON response[39m[22m

    TypeError: mockOpenAI.mockImplementation is not a function
[2m[22m
[2m    [0m [90m 48 |[39m       process[33m.[39menv[33m.[39m[33mOPENAI_API_KEY[39m [33m=[39m [32m'test-api-key'[39m[33m;[39m[22m
[2m     [90m 49 |[39m[22m
[2m    [31m[1m>[22m[2m[39m[90m 50 |[39m       mockOpenAI[33m.[39mmockImplementation([22m
[2m     [90m    |[39m                  [31m[1m^[22m[2m[39m[22m
[2m     [90m 51 |[39m         () [33m=>[39m[22m
[2m     [90m 52 |[39m           ({[22m
[2m     [90m 53 |[39m             chat[33m:[39m {[0m[22m
[2m[22m
[2m      [2mat Object.<anonymous> ([22m[2m[0m[36mtests/unit/aiPlanningAssistant.test.ts[39m[0m[2m:50:18)[22m[2m[22m

[1m[31m  [1m● [22m[1mAIPlanningAssistantService › generateLongRangeGoals › should handle missing API key[39m[22m

    TypeError: mockOpenAI.mockImplementation is not a function
[2m[22m
[2m    [0m [90m 48 |[39m       process[33m.[39menv[33m.[39m[33mOPENAI_API_KEY[39m [33m=[39m [32m'test-api-key'[39m[33m;[39m[22m
[2m     [90m 49 |[39m[22m
[2m    [31m[1m>[22m[2m[39m[90m 50 |[39m       mockOpenAI[33m.[39mmockImplementation([22m
[2m     [90m    |[39m                  [31m[1m^[22m[2m[39m[22m
[2m     [90m 51 |[39m         () [33m=>[39m[22m
[2m     [90m 52 |[39m           ({[22m
[2m     [90m 53 |[39m             chat[33m:[39m {[0m[22m
[2m[22m
[2m      [2mat Object.<anonymous> ([22m[2m[0m[36mtests/unit/aiPlanningAssistant.test.ts[39m[0m[2m:50:18)[22m[2m[22m

[1m[31m  [1m● [22m[1mAIPlanningAssistantService › generateLongRangeGoals › should handle empty response content[39m[22m

    TypeError: mockOpenAI.mockImplementation is not a function
[2m[22m
[2m    [0m [90m 48 |[39m       process[33m.[39menv[33m.[39m[33mOPENAI_API_KEY[39m [33m=[39m [32m'test-api-key'[39m[33m;[39m[22m
[2m     [90m 49 |[39m[22m
[2m    [31m[1m>[22m[2m[39m[90m 50 |[39m       mockOpenAI[33m.[39mmockImplementation([22m
[2m     [90m    |[39m                  [31m[1m^[22m[2m[39m[22m
[2m     [90m 51 |[39m         () [33m=>[39m[22m
[2m     [90m 52 |[39m           ({[22m
[2m     [90m 53 |[39m             chat[33m:[39m {[0m[22m
[2m[22m
[2m      [2mat Object.<anonymous> ([22m[2m[0m[36mtests/unit/aiPlanningAssistant.test.ts[39m[0m[2m:50:18)[22m[2m[22m

[1m[31m  [1m● [22m[1mAIPlanningAssistantService › generateUnitBigIdeas › should generate unit big ideas successfully[39m[22m

    TypeError: mockOpenAI.mockImplementation is not a function
[2m[22m
[2m    [0m [90m 226 |[39m       process[33m.[39menv[33m.[39m[33mOPENAI_API_KEY[39m [33m=[39m [32m'test-api-key'[39m[33m;[39m[22m
[2m     [90m 227 |[39m[22m
[2m    [31m[1m>[22m[2m[39m[90m 228 |[39m       mockOpenAI[33m.[39mmockImplementation([22m
[2m     [90m     |[39m                  [31m[1m^[22m[2m[39m[22m
[2m     [90m 229 |[39m         () [33m=>[39m[22m
[2m     [90m 230 |[39m           ({[22m
[2m     [90m 231 |[39m             chat[33m:[39m {[0m[22m
[2m[22m
[2m      [2mat Object.<anonymous> ([22m[2m[0m[36mtests/unit/aiPlanningAssistant.test.ts[39m[0m[2m:228:18)[22m[2m[22m

[1m[31m  [1m● [22m[1mAIPlanningAssistantService › generateUnitBigIdeas › should handle empty curriculum expectations[39m[22m

    TypeError: mockOpenAI.mockImplementation is not a function
[2m[22m
[2m    [0m [90m 226 |[39m       process[33m.[39menv[33m.[39m[33mOPENAI_API_KEY[39m [33m=[39m [32m'test-api-key'[39m[33m;[39m[22m
[2m     [90m 227 |[39m[22m
[2m    [31m[1m>[22m[2m[39m[90m 228 |[39m       mockOpenAI[33m.[39mmockImplementation([22m
[2m     [90m     |[39m                  [31m[1m^[22m[2m[39m[22m
[2m     [90m 229 |[39m         () [33m=>[39m[22m
[2m     [90m 230 |[39m           ({[22m
[2m     [90m 231 |[39m             chat[33m:[39m {[0m[22m
[2m[22m
[2m      [2mat Object.<anonymous> ([22m[2m[0m[36mtests/unit/aiPlanningAssistant.test.ts[39m[0m[2m:228:18)[22m[2m[22m

[1m[31m  [1m● [22m[1mAIPlanningAssistantService › generateLessonActivities › should generate lesson activities with materials[39m[22m

    TypeError: mockOpenAI.mockImplementation is not a function
[2m[22m
[2m    [0m [90m 321 |[39m       process[33m.[39menv[33m.[39m[33mOPENAI_API_KEY[39m [33m=[39m [32m'test-api-key'[39m[33m;[39m[22m
[2m     [90m 322 |[39m[22m
[2m    [31m[1m>[22m[2m[39m[90m 323 |[39m       mockOpenAI[33m.[39mmockImplementation([22m
[2m     [90m     |[39m                  [31m[1m^[22m[2m[39m[22m
[2m     [90m 324 |[39m         () [33m=>[39m[22m
[2m     [90m 325 |[39m           ({[22m
[2m     [90m 326 |[39m             chat[33m:[39m {[0m[22m
[2m[22m
[2m      [2mat Object.<anonymous> ([22m[2m[0m[36mtests/unit/aiPlanningAssistant.test.ts[39m[0m[2m:323:18)[22m[2m[22m

[1m[31m  [1m● [22m[1mAIPlanningAssistantService › generateLessonActivities › should generate activities without materials[39m[22m

    TypeError: mockOpenAI.mockImplementation is not a function
[2m[22m
[2m    [0m [90m 321 |[39m       process[33m.[39menv[33m.[39m[33mOPENAI_API_KEY[39m [33m=[39m [32m'test-api-key'[39m[33m;[39m[22m
[2m     [90m 322 |[39m[22m
[2m    [31m[1m>[22m[2m[39m[90m 323 |[39m       mockOpenAI[33m.[39mmockImplementation([22m
[2m     [90m     |[39m                  [31m[1m^[22m[2m[39m[22m
[2m     [90m 324 |[39m         () [33m=>[39m[22m
[2m     [90m 325 |[39m           ({[22m
[2m     [90m 326 |[39m             chat[33m:[39m {[0m[22m
[2m[22m
[2m      [2mat Object.<anonymous> ([22m[2m[0m[36mtests/unit/aiPlanningAssistant.test.ts[39m[0m[2m:323:18)[22m[2m[22m

[1m[31m  [1m● [22m[1mAIPlanningAssistantService › generateMaterialsList › should generate materials list for activities[39m[22m

    TypeError: mockOpenAI.mockImplementation is not a function
[2m[22m
[2m    [0m [90m 409 |[39m       process[33m.[39menv[33m.[39m[33mOPENAI_API_KEY[39m [33m=[39m [32m'test-api-key'[39m[33m;[39m[22m
[2m     [90m 410 |[39m[22m
[2m    [31m[1m>[22m[2m[39m[90m 411 |[39m       mockOpenAI[33m.[39mmockImplementation([22m
[2m     [90m     |[39m                  [31m[1m^[22m[2m[39m[22m
[2m     [90m 412 |[39m         () [33m=>[39m[22m
[2m     [90m 413 |[39m           ({[22m
[2m     [90m 414 |[39m             chat[33m:[39m {[0m[22m
[2m[22m
[2m      [2mat Object.<anonymous> ([22m[2m[0m[36mtests/unit/aiPlanningAssistant.test.ts[39m[0m[2m:411:18)[22m[2m[22m

[1m[31m  [1m● [22m[1mAIPlanningAssistantService › generateAssessmentStrategies › should generate varied assessment strategies[39m[22m

    TypeError: mockOpenAI.mockImplementation is not a function
[2m[22m
[2m    [0m [90m 470 |[39m       process[33m.[39menv[33m.[39m[33mOPENAI_API_KEY[39m [33m=[39m [32m'test-api-key'[39m[33m;[39m[22m
[2m     [90m 471 |[39m[22m
[2m    [31m[1m>[22m[2m[39m[90m 472 |[39m       mockOpenAI[33m.[39mmockImplementation([22m
[2m     [90m     |[39m                  [31m[1m^[22m[2m[39m[22m
[2m     [90m 473 |[39m         () [33m=>[39m[22m
[2m     [90m 474 |[39m           ({[22m
[2m     [90m 475 |[39m             chat[33m:[39m {[0m[22m
[2m[22m
[2m      [2mat Object.<anonymous> ([22m[2m[0m[36mtests/unit/aiPlanningAssistant.test.ts[39m[0m[2m:472:18)[22m[2m[22m

[1m[31m  [1m● [22m[1mAIPlanningAssistantService › generateReflectionPrompts › should generate reflection prompts with previous reflections context[39m[22m

    TypeError: mockOpenAI.mockImplementation is not a function
[2m[22m
[2m    [0m [90m 522 |[39m       process[33m.[39menv[33m.[39m[33mOPENAI_API_KEY[39m [33m=[39m [32m'test-api-key'[39m[33m;[39m[22m
[2m     [90m 523 |[39m[22m
[2m    [31m[1m>[22m[2m[39m[90m 524 |[39m       mockOpenAI[33m.[39mmockImplementation([22m
[2m     [90m     |[39m                  [31m[1m^[22m[2m[39m[22m
[2m     [90m 525 |[39m         () [33m=>[39m[22m
[2m     [90m 526 |[39m           ({[22m
[2m     [90m 527 |[39m             chat[33m:[39m {[0m[22m
[2m[22m
[2m      [2mat Object.<anonymous> ([22m[2m[0m[36mtests/unit/aiPlanningAssistant.test.ts[39m[0m[2m:524:18)[22m[2m[22m

[1m[31m  [1m● [22m[1mAIPlanningAssistantService › generateReflectionPrompts › should generate prompts without previous reflections[39m[22m

    TypeError: mockOpenAI.mockImplementation is not a function
[2m[22m
[2m    [0m [90m 522 |[39m       process[33m.[39menv[33m.[39m[33mOPENAI_API_KEY[39m [33m=[39m [32m'test-api-key'[39m[33m;[39m[22m
[2m     [90m 523 |[39m[22m
[2m    [31m[1m>[22m[2m[39m[90m 524 |[39m       mockOpenAI[33m.[39mmockImplementation([22m
[2m     [90m     |[39m                  [31m[1m^[22m[2m[39m[22m
[2m     [90m 525 |[39m         () [33m=>[39m[22m
[2m     [90m 526 |[39m           ({[22m
[2m     [90m 527 |[39m             chat[33m:[39m {[0m[22m
[2m[22m
[2m      [2mat Object.<anonymous> ([22m[2m[0m[36mtests/unit/aiPlanningAssistant.test.ts[39m[0m[2m:524:18)[22m[2m[22m

[1m[31m  [1m● [22m[1mAIPlanningAssistantService › getCurriculumAlignedSuggestions › should generate curriculum-aligned activities[39m[22m

    TypeError: mockOpenAI.mockImplementation is not a function
[2m[22m
[2m    [0m [90m 611 |[39m       process[33m.[39menv[33m.[39m[33mOPENAI_API_KEY[39m [33m=[39m [32m'test-api-key'[39m[33m;[39m[22m
[2m     [90m 612 |[39m[22m
[2m    [31m[1m>[22m[2m[39m[90m 613 |[39m       mockOpenAI[33m.[39mmockImplementation([22m
[2m     [90m     |[39m                  [31m[1m^[22m[2m[39m[22m
[2m     [90m 614 |[39m         () [33m=>[39m[22m
[2m     [90m 615 |[39m           ({[22m
[2m     [90m 616 |[39m             chat[33m:[39m {[0m[22m
[2m[22m
[2m      [2mat Object.<anonymous> ([22m[2m[0m[36mtests/unit/aiPlanningAssistant.test.ts[39m[0m[2m:613:18)[22m[2m[22m

[1m[31m  [1m● [22m[1mAIPlanningAssistantService › getCurriculumAlignedSuggestions › should generate assessments when requested[39m[22m

    TypeError: mockOpenAI.mockImplementation is not a function
[2m[22m
[2m    [0m [90m 611 |[39m       process[33m.[39menv[33m.[39m[33mOPENAI_API_KEY[39m [33m=[39m [32m'test-api-key'[39m[33m;[39m[22m
[2m     [90m 612 |[39m[22m
[2m    [31m[1m>[22m[2m[39m[90m 613 |[39m       mockOpenAI[33m.[39mmockImplementation([22m
[2m     [90m     |[39m                  [31m[1m^[22m[2m[39m[22m
[2m     [90m 614 |[39m         () [33m=>[39m[22m
[2m     [90m 615 |[39m           ({[22m
[2m     [90m 616 |[39m             chat[33m:[39m {[0m[22m
[2m[22m
[2m      [2mat Object.<anonymous> ([22m[2m[0m[36mtests/unit/aiPlanningAssistant.test.ts[39m[0m[2m:613:18)[22m[2m[22m

[1m[31m  [1m● [22m[1mAIPlanningAssistantService › getCurriculumAlignedSuggestions › should generate resources when requested[39m[22m

    TypeError: mockOpenAI.mockImplementation is not a function
[2m[22m
[2m    [0m [90m 611 |[39m       process[33m.[39menv[33m.[39m[33mOPENAI_API_KEY[39m [33m=[39m [32m'test-api-key'[39m[33m;[39m[22m
[2m     [90m 612 |[39m[22m
[2m    [31m[1m>[22m[2m[39m[90m 613 |[39m       mockOpenAI[33m.[39mmockImplementation([22m
[2m     [90m     |[39m                  [31m[1m^[22m[2m[39m[22m
[2m     [90m 614 |[39m         () [33m=>[39m[22m
[2m     [90m 615 |[39m           ({[22m
[2m     [90m 616 |[39m             chat[33m:[39m {[0m[22m
[2m[22m
[2m      [2mat Object.<anonymous> ([22m[2m[0m[36mtests/unit/aiPlanningAssistant.test.ts[39m[0m[2m:613:18)[22m[2m[22m

[1m[31m  [1m● [22m[1mAIPlanningAssistantService › getCurriculumAlignedSuggestions › should handle empty expectation IDs[39m[22m

    TypeError: mockOpenAI.mockImplementation is not a function
[2m[22m
[2m    [0m [90m 611 |[39m       process[33m.[39menv[33m.[39m[33mOPENAI_API_KEY[39m [33m=[39m [32m'test-api-key'[39m[33m;[39m[22m
[2m     [90m 612 |[39m[22m
[2m    [31m[1m>[22m[2m[39m[90m 613 |[39m       mockOpenAI[33m.[39mmockImplementation([22m
[2m     [90m     |[39m                  [31m[1m^[22m[2m[39m[22m
[2m     [90m 614 |[39m         () [33m=>[39m[22m
[2m     [90m 615 |[39m           ({[22m
[2m     [90m 616 |[39m             chat[33m:[39m {[0m[22m
[2m[22m
[2m      [2mat Object.<anonymous> ([22m[2m[0m[36mtests/unit/aiPlanningAssistant.test.ts[39m[0m[2m:613:18)[22m[2m[22m

[1m[31m  [1m● [22m[1mAIPlanningAssistantService › getCurriculumAlignedSuggestions › should handle no expectations found[39m[22m

    TypeError: mockOpenAI.mockImplementation is not a function
[2m[22m
[2m    [0m [90m 611 |[39m       process[33m.[39menv[33m.[39m[33mOPENAI_API_KEY[39m [33m=[39m [32m'test-api-key'[39m[33m;[39m[22m
[2m     [90m 612 |[39m[22m
[2m    [31m[1m>[22m[2m[39m[90m 613 |[39m       mockOpenAI[33m.[39mmockImplementation([22m
[2m     [90m     |[39m                  [31m[1m^[22m[2m[39m[22m
[2m     [90m 614 |[39m         () [33m=>[39m[22m
[2m     [90m 615 |[39m           ({[22m
[2m     [90m 616 |[39m             chat[33m:[39m {[0m[22m
[2m[22m
[2m      [2mat Object.<anonymous> ([22m[2m[0m[36mtests/unit/aiPlanningAssistant.test.ts[39m[0m[2m:613:18)[22m[2m[22m

[1m[31m  [1m● [22m[1mAIPlanningAssistantService › getCurriculumAlignedSuggestions › should handle invalid JSON response[39m[22m

    TypeError: mockOpenAI.mockImplementation is not a function
[2m[22m
[2m    [0m [90m 611 |[39m       process[33m.[39menv[33m.[39m[33mOPENAI_API_KEY[39m [33m=[39m [32m'test-api-key'[39m[33m;[39m[22m
[2m     [90m 612 |[39m[22m
[2m    [31m[1m>[22m[2m[39m[90m 613 |[39m       mockOpenAI[33m.[39mmockImplementation([22m
[2m     [90m     |[39m                  [31m[1m^[22m[2m[39m[22m
[2m     [90m 614 |[39m         () [33m=>[39m[22m
[2m     [90m 615 |[39m           ({[22m
[2m     [90m 616 |[39m             chat[33m:[39m {[0m[22m
[2m[22m
[2m      [2mat Object.<anonymous> ([22m[2m[0m[36mtests/unit/aiPlanningAssistant.test.ts[39m[0m[2m:613:18)[22m[2m[22m

[1m[31m  [1m● [22m[1mAIPlanningAssistantService › getCurriculumAlignedSuggestions › should handle non-array JSON response[39m[22m

    TypeError: mockOpenAI.mockImplementation is not a function
[2m[22m
[2m    [0m [90m 611 |[39m       process[33m.[39menv[33m.[39m[33mOPENAI_API_KEY[39m [33m=[39m [32m'test-api-key'[39m[33m;[39m[22m
[2m     [90m 612 |[39m[22m
[2m    [31m[1m>[22m[2m[39m[90m 613 |[39m       mockOpenAI[33m.[39mmockImplementation([22m
[2m     [90m     |[39m                  [31m[1m^[22m[2m[39m[22m
[2m     [90m 614 |[39m         () [33m=>[39m[22m
[2m     [90m 615 |[39m           ({[22m
[2m     [90m 616 |[39m             chat[33m:[39m {[0m[22m
[2m[22m
[2m      [2mat Object.<anonymous> ([22m[2m[0m[36mtests/unit/aiPlanningAssistant.test.ts[39m[0m[2m:613:18)[22m[2m[22m

[1m[31m  [1m● [22m[1mAIPlanningAssistantService › getServiceHealth › should report healthy when API test succeeds[39m[22m

    TypeError: mockOpenAI.mockImplementation is not a function
[2m[22m
[2m    [0m [90m 845 |[39m       mockCreate[33m.[39mmockResolvedValue(mockResponse)[33m;[39m[22m
[2m     [90m 846 |[39m[22m
[2m    [31m[1m>[22m[2m[39m[90m 847 |[39m       mockOpenAI[33m.[39mmockImplementation([22m
[2m     [90m     |[39m                  [31m[1m^[22m[2m[39m[22m
[2m     [90m 848 |[39m         () [33m=>[39m[22m
[2m     [90m 849 |[39m           ({[22m
[2m     [90m 850 |[39m             chat[33m:[39m {[0m[22m
[2m[22m
[2m      [2mat Object.<anonymous> ([22m[2m[0m[36mtests/unit/aiPlanningAssistant.test.ts[39m[0m[2m:847:18)[22m[2m[22m

[1m[31m  [1m● [22m[1mAIPlanningAssistantService › getServiceHealth › should report unhealthy when API test fails[39m[22m

    TypeError: mockOpenAI.mockImplementation is not a function
[2m[22m
[2m    [0m [90m 878 |[39m       mockCreate[33m.[39mmockRejectedValue(error)[33m;[39m[22m
[2m     [90m 879 |[39m[22m
[2m    [31m[1m>[22m[2m[39m[90m 880 |[39m       mockOpenAI[33m.[39mmockImplementation([22m
[2m     [90m     |[39m                  [31m[1m^[22m[2m[39m[22m
[2m     [90m 881 |[39m         () [33m=>[39m[22m
[2m     [90m 882 |[39m           ({[22m
[2m     [90m 883 |[39m             chat[33m:[39m {[0m[22m
[2m[22m
[2m      [2mat Object.<anonymous> ([22m[2m[0m[36mtests/unit/aiPlanningAssistant.test.ts[39m[0m[2m:880:18)[22m[2m[22m

[1m[31m  [1m● [22m[1mAIPlanningAssistantService › getServiceHealth › should handle non-Error exceptions in health check[39m[22m

    TypeError: mockOpenAI.mockImplementation is not a function
[2m[22m
[2m    [0m [90m 906 |[39m       mockCreate[33m.[39mmockRejectedValue([32m'String error'[39m)[33m;[39m[22m
[2m     [90m 907 |[39m[22m
[2m    [31m[1m>[22m[2m[39m[90m 908 |[39m       mockOpenAI[33m.[39mmockImplementation([22m
[2m     [90m     |[39m                  [31m[1m^[22m[2m[39m[22m
[2m     [90m 909 |[39m         () [33m=>[39m[22m
[2m     [90m 910 |[39m           ({[22m
[2m     [90m 911 |[39m             chat[33m:[39m {[0m[22m
[2m[22m
[2m      [2mat Object.<anonymous> ([22m[2m[0m[36mtests/unit/aiPlanningAssistant.test.ts[39m[0m[2m:908:18)[22m[2m[22m

[1m[31m  [1m● [22m[1mAIPlanningAssistantService › getServiceHealth › should report unhealthy when API returns empty content[39m[22m

    TypeError: mockOpenAI.mockImplementation is not a function
[2m[22m
[2m    [0m [90m 942 |[39m       mockCreate[33m.[39mmockResolvedValue(mockResponse)[33m;[39m[22m
[2m     [90m 943 |[39m[22m
[2m    [31m[1m>[22m[2m[39m[90m 944 |[39m       mockOpenAI[33m.[39mmockImplementation([22m
[2m     [90m     |[39m                  [31m[1m^[22m[2m[39m[22m
[2m     [90m 945 |[39m         () [33m=>[39m[22m
[2m     [90m 946 |[39m           ({[22m
[2m     [90m 947 |[39m             chat[33m:[39m {[0m[22m
[2m[22m
[2m      [2mat Object.<anonymous> ([22m[2m[0m[36mtests/unit/aiPlanningAssistant.test.ts[39m[0m[2m:944:18)[22m[2m[22m

{"level":40,"time":1751327598026,"pid":45951,"hostname":"MacBook-Pro-4.local","service":"AIPlanningAssistantService","msg":"OpenAI API key not found - AI planning assistance will be disabled"}
{"level":40,"time":1751327598395,"pid":45947,"hostname":"MacBook-Pro-4.local","service":"CurriculumImportService","msg":"OpenAI API key not found - AI features will be disabled"}
[0m[7m[1m[32m PASS [39m[22m[27m[0m [0m[7m[37m Unit Tests [39m[27m[0m [2mtests/unit/[22m[1mplanningEngine.unit.test.ts[22m
(node:45947) ExperimentalWarning: VM Modules is an experimental feature and might change at any time
(Use `node --trace-warnings ...` to show where the warning was created)
(node:45950) ExperimentalWarning: VM Modules is an experimental feature and might change at any time
(Use `node --trace-warnings ...` to show where the warning was created)
[0m[7m[1m[32m PASS [39m[22m[27m[0m [0m[7m[37m Unit Tests [39m[27m[0m [2mtests/unit/[22m[1mcontactValidation.test.ts[22m
{"level":30,"time":1000000,"pid":45949,"hostname":"MacBook-Pro-4.local","service":"CacheService","total":3,"successful":3,"failed":0,"msg":"Batch cache set completed"}
{"level":30,"time":1751327598401,"pid":45947,"hostname":"MacBook-Pro-4.local","service":"CurriculumImportService","importId":"test-import-123","created":2,"msg":"Import confirmed and expectations created"}
{"level":30,"time":1751327598405,"pid":45947,"hostname":"MacBook-Pro-4.local","service":"CurriculumImportService","importId":"test-import-123","created":1,"msg":"Import confirmed and expectations created"}
{"level":50,"time":1751327598415,"pid":45947,"hostname":"MacBook-Pro-4.local","service":"CurriculumImportService","error":{},"importId":"test-import-123","msg":"Failed to confirm import"}
{"level":50,"time":1751327598444,"pid":45947,"hostname":"MacBook-Pro-4.local","service":"CurriculumImportService","error":{},"importId":"test-import-123","msg":"Failed to confirm import"}
{"level":40,"time":1751327598448,"pid":45947,"hostname":"MacBook-Pro-4.local","service":"CurriculumImportService","error":{},"code":"M1.1","msg":"Failed to create expectation, skipping"}
{"level":40,"time":1751327598448,"pid":45947,"hostname":"MacBook-Pro-4.local","service":"CurriculumImportService","error":{},"code":"M1.2","msg":"Failed to create expectation, skipping"}
{"level":30,"time":1751327598448,"pid":45947,"hostname":"MacBook-Pro-4.local","service":"CurriculumImportService","importId":"test-import-123","created":0,"msg":"Import confirmed and expectations created"}
{"level":30,"time":1751327598452,"pid":45947,"hostname":"MacBook-Pro-4.local","service":"CurriculumImportService","msg":"Starting PDF parsing"}
{"level":50,"time":1751327598454,"pid":45947,"hostname":"MacBook-Pro-4.local","service":"CurriculumImportService","error":{},"msg":"Failed to parse PDF"}
{"level":30,"time":1751327598455,"pid":45947,"hostname":"MacBook-Pro-4.local","service":"CurriculumImportService","msg":"Starting PDF parsing"}
{"level":50,"time":1751327598455,"pid":45947,"hostname":"MacBook-Pro-4.local","service":"CurriculumImportService","error":{},"msg":"Failed to parse PDF"}
{"level":30,"time":1751327598517,"pid":45947,"hostname":"MacBook-Pro-4.local","service":"CurriculumImportService","msg":"Starting PDF parsing"}
{"level":50,"time":1751327598517,"pid":45947,"hostname":"MacBook-Pro-4.local","service":"CurriculumImportService","error":{},"msg":"Failed to parse PDF"}
{"level":30,"time":1751327598526,"pid":45947,"hostname":"MacBook-Pro-4.local","service":"CurriculumImportService","msg":"Starting PDF parsing"}
{"level":50,"time":1751327598526,"pid":45947,"hostname":"MacBook-Pro-4.local","service":"CurriculumImportService","error":{},"msg":"Failed to parse PDF"}
{"level":30,"time":1751327598528,"pid":45947,"hostname":"MacBook-Pro-4.local","service":"CurriculumImportService","msg":"Starting DOCX parsing"}
{"level":50,"time":1751327598531,"pid":45947,"hostname":"MacBook-Pro-4.local","service":"CurriculumImportService","error":{},"msg":"Failed to parse DOCX"}
{"level":30,"time":1751327598532,"pid":45947,"hostname":"MacBook-Pro-4.local","service":"CurriculumImportService","msg":"Starting DOCX parsing"}
{"level":50,"time":1751327598537,"pid":45947,"hostname":"MacBook-Pro-4.local","service":"CurriculumImportService","error":{},"msg":"Failed to parse DOCX"}
{"level":30,"time":1751327598543,"pid":45947,"hostname":"MacBook-Pro-4.local","service":"CurriculumImportService","msg":"Starting DOCX parsing"}
{"level":50,"time":1000000,"pid":45952,"hostname":"MacBook-Pro-4.local","service":"CacheService","error":"Factory failed","stack":"Error: Factory failed\n    at Object.<anonymous> (/Users/michaelmcisaac/GitHub/teaching-engine2.0/server/tests/unit/services/cacheService.test.ts:121:51)\n    at Promise.then.completed (/Users/michaelmcisaac/GitHub/teaching-engine2.0/node_modules/.pnpm/jest-circus@29.7.0/node_modules/jest-circus/build/utils.js:298:28)\n    at new Promise (<anonymous>)\n    at callAsyncCircusFn (/Users/michaelmcisaac/GitHub/teaching-engine2.0/node_modules/.pnpm/jest-circus@29.7.0/node_modules/jest-circus/build/utils.js:231:10)\n    at _callCircusTest (/Users/michaelmcisaac/GitHub/teaching-engine2.0/node_modules/.pnpm/jest-circus@29.7.0/node_modules/jest-circus/build/run.js:316:40)\n    at processTicksAndRejections (node:internal/process/task_queues:105:5)\n    at _runTest (/Users/michaelmcisaac/GitHub/teaching-engine2.0/node_modules/.pnpm/jest-circus@29.7.0/node_modules/jest-circus/build/run.js:252:3)\n    at _runTestsForDescribeBlock (/Users/michaelmcisaac/GitHub/teaching-engine2.0/node_modules/.pnpm/jest-circus@29.7.0/node_modules/jest-circus/build/run.js:126:9)\n    at _runTestsForDescribeBlock (/Users/michaelmcisaac/GitHub/teaching-engine2.0/node_modules/.pnpm/jest-circus@29.7.0/node_modules/jest-circus/build/run.js:121:9)\n    at _runTestsForDescribeBlock (/Users/michaelmcisaac/GitHub/teaching-engine2.0/node_modules/.pnpm/jest-circus@29.7.0/node_modules/jest-circus/build/run.js:121:9)\n    at run (/Users/michaelmcisaac/GitHub/teaching-engine2.0/node_modules/.pnpm/jest-circus@29.7.0/node_modules/jest-circus/build/run.js:71:3)\n    at runAndTransformResultsToJestFormat (/Users/michaelmcisaac/GitHub/teaching-engine2.0/node_modules/.pnpm/jest-circus@29.7.0/node_modules/jest-circus/build/legacy-code-todo-rewrite/jestAdapterInit.js:122:21)\n    at jestAdapter (/Users/michaelmcisaac/GitHub/teaching-engine2.0/node_modules/.pnpm/jest-circus@29.7.0/node_modules/jest-circus/build/legacy-code-todo-rewrite/jestAdapter.js:79:19)\n    at runTestInternal (/Users/michaelmcisaac/GitHub/teaching-engine2.0/node_modules/.pnpm/jest-runner@29.7.0/node_modules/jest-runner/build/runTest.js:367:16)\n    at runTest (/Users/michaelmcisaac/GitHub/teaching-engine2.0/node_modules/.pnpm/jest-runner@29.7.0/node_modules/jest-runner/build/runTest.js:444:34)\n    at Object.worker (/Users/michaelmcisaac/GitHub/teaching-engine2.0/node_modules/.pnpm/jest-runner@29.7.0/node_modules/jest-runner/build/testWorker.js:106:12)","context":{"key":"error-key","options":{}},"serviceName":"CacheService","msg":"Service operation failed"}
{"level":30,"time":4000,"pid":45949,"hostname":"MacBook-Pro-4.local","service":"CacheService","evictedKeys":["key1"],"evictedCount":1,"cacheSize":4,"maxSize":5,"msg":"Evicted LRU cache entries"}
{"level":30,"time":4000,"pid":45949,"hostname":"MacBook-Pro-4.local","service":"CacheService","evictedKeys":["rarely-used"],"evictedCount":1,"cacheSize":2,"maxSize":3,"msg":"Evicted LRU cache entries"}
{"level":30,"time":1000000,"pid":45949,"hostname":"MacBook-Pro-4.local","service":"CacheService","namespace":"ns2","deletedCount":10,"msg":"Namespace cleared"}
{"level":50,"time":1751327598543,"pid":45947,"hostname":"MacBook-Pro-4.local","service":"CurriculumImportService","error":{},"msg":"Failed to parse DOCX"}
{"level":30,"time":1751327598555,"pid":45947,"hostname":"MacBook-Pro-4.local","service":"CurriculumImportService","msg":"Processing chunk 1 of 1"}
{"level":30,"time":1751327598560,"pid":45947,"hostname":"MacBook-Pro-4.local","service":"CurriculumImportService","msg":"Processing chunk 1 of 1"}
{"level":30,"time":1751327598562,"pid":45947,"hostname":"MacBook-Pro-4.local","service":"CurriculumImportService","msg":"Processing chunk 1 of 1"}
{"level":50,"time":1751327598562,"pid":45947,"hostname":"MacBook-Pro-4.local","service":"CurriculumImportService","error":{},"msg":"Failed to parse text with AI"}
{"level":30,"time":1751327598565,"pid":45947,"hostname":"MacBook-Pro-4.local","service":"CurriculumImportService","msg":"Processing chunk 1 of 1"}
{"level":50,"time":1751327598568,"pid":45947,"hostname":"MacBook-Pro-4.local","service":"CurriculumImportService","parseError":{},"chunk":0,"msg":"Failed to parse AI response"}
{"level":30,"time":1751327598575,"pid":45947,"hostname":"MacBook-Pro-4.local","service":"CurriculumImportService","msg":"Processing chunk 1 of 1"}
{"level":40,"time":1751327598575,"pid":45947,"hostname":"MacBook-Pro-4.local","service":"CurriculumImportService","msg":"No content returned for chunk 1"}
{"level":30,"time":1751327598591,"pid":45947,"hostname":"MacBook-Pro-4.local","service":"CurriculumImportService","msg":"File stored for import import-123: curriculum.pdf"}
{"level":50,"time":1751327598593,"pid":45947,"hostname":"MacBook-Pro-4.local","service":"CurriculumImportService","error":{},"importId":"import-123","msg":"Failed to store uploaded file"}
{"level":30,"time":1751327598595,"pid":45947,"hostname":"MacBook-Pro-4.local","service":"CurriculumImportService","msg":"Starting PDF parsing"}
{"level":50,"time":1751327598595,"pid":45947,"hostname":"MacBook-Pro-4.local","service":"CurriculumImportService","error":{},"msg":"Failed to parse PDF"}
{"level":50,"time":1751327598595,"pid":45947,"hostname":"MacBook-Pro-4.local","service":"CurriculumImportService","error":{},"importId":"import-123","msg":"Failed to parse uploaded file"}
{"level":30,"time":1751327598596,"pid":45947,"hostname":"MacBook-Pro-4.local","service":"CurriculumImportService","msg":"Starting DOCX parsing"}
[0m[7m[1m[32m PASS [39m[22m[27m[0m [0m[7m[37m Unit Tests [39m[27m[0m [2mtests/unit/services/[22m[1mcacheService.test.ts[22m
{"level":30,"time":1000000,"pid":45949,"hostname":"MacBook-Pro-4.local","service":"CacheService","namespace":"products","deletedCount":3,"msg":"Namespace cleared"}
{"level":30,"time":1000000,"pid":45952,"hostname":"MacBook-Pro-4.local","service":"CacheService","deletedCount":3,"msg":"Cache cleared"}
{"level":30,"time":1000000,"pid":45952,"hostname":"MacBook-Pro-4.local","service":"CacheService","namespace":"ns1","deletedCount":2,"msg":"Namespace cleared"}
{"level":30,"time":1000000,"pid":45952,"hostname":"MacBook-Pro-4.local","service":"CacheService","total":3,"successful":3,"failed":0,"msg":"Batch cache set completed"}
{"level":30,"time":4000,"pid":45952,"hostname":"MacBook-Pro-4.local","service":"CacheService","evictedKeys":["key3"],"evictedCount":1,"cacheSize":2,"maxSize":3,"msg":"Evicted LRU cache entries"}
{"level":30,"time":1000200,"pid":45952,"hostname":"MacBook-Pro-4.local","service":"CacheService","cleanedCount":2,"msg":"Cleaned up expired cache entries"}
{"level":30,"time":1000000,"pid":45952,"hostname":"MacBook-Pro-4.local","service":"CacheService","evictedKeys":["memory-test-0","memory-test-1","memory-test-2","memory-test-3","memory-test-4","memory-test-5","memory-test-6","memory-test-7","memory-test-8","memory-test-9","memory-test-10","memory-test-11","memory-test-12","memory-test-13","memory-test-14","memory-test-15","memory-test-16","memory-test-17","memory-test-18","memory-test-19","memory-test-20","memory-test-21","memory-test-22","memory-test-23","memory-test-24","memory-test-25","memory-test-26","memory-test-27","memory-test-28","memory-test-29","memory-test-30","memory-test-31","memory-test-32","memory-test-33","memory-test-34","memory-test-35","memory-test-36","memory-test-37","memory-test-38","memory-test-39","memory-test-40","memory-test-41","memory-test-42","memory-test-43","memory-test-44","memory-test-45","memory-test-46","memory-test-47","memory-test-48","memory-test-49","memory-test-50","memory-test-51","memory-test-52","memory-test-53","memory-test-54","memory-test-55","memory-test-56","memory-test-57","memory-test-58","memory-test-59","memory-test-60","memory-test-61","memory-test-62","memory-test-63","memory-test-64","memory-test-65","memory-test-66","memory-test-67","memory-test-68","memory-test-69","memory-test-70","memory-test-71","memory-test-72","memory-test-73","memory-test-74","memory-test-75","memory-test-76","memory-test-77","memory-test-78","memory-test-79","memory-test-80","memory-test-81","memory-test-82","memory-test-83","memory-test-84","memory-test-85","memory-test-86","memory-test-87","memory-test-88","memory-test-89","memory-test-90","memory-test-91","memory-test-92","memory-test-93","memory-test-94","memory-test-95","memory-test-96","memory-test-97","memory-test-98","memory-test-99"],"evictedCount":100,"cacheSize":900,"maxSize":1000,"msg":"Evicted LRU cache entries"}
{"level":30,"time":1000000,"pid":45952,"hostname":"MacBook-Pro-4.local","service":"CacheService","evictedKeys":["memory-test-100","memory-test-101","memory-test-102","memory-test-103","memory-test-104","memory-test-105","memory-test-106","memory-test-107","memory-test-108","memory-test-109","memory-test-110","memory-test-111","memory-test-112","memory-test-113","memory-test-114","memory-test-115","memory-test-116","memory-test-117","memory-test-118","memory-test-119","memory-test-120","memory-test-121","memory-test-122","memory-test-123","memory-test-124","memory-test-125","memory-test-126","memory-test-127","memory-test-128","memory-test-129","memory-test-130","memory-test-131","memory-test-132","memory-test-133","memory-test-134","memory-test-135","memory-test-136","memory-test-137","memory-test-138","memory-test-139","memory-test-140","memory-test-141","memory-test-142","memory-test-143","memory-test-144","memory-test-145","memory-test-146","memory-test-147","memory-test-148","memory-test-149","memory-test-150","memory-test-151","memory-test-152","memory-test-153","memory-test-154","memory-test-155","memory-test-156","memory-test-157","memory-test-158","memory-test-159","memory-test-160","memory-test-161","memory-test-162","memory-test-163","memory-test-164","memory-test-165","memory-test-166","memory-test-167","memory-test-168","memory-test-169","memory-test-170","memory-test-171","memory-test-172","memory-test-173","memory-test-174","memory-test-175","memory-test-176","memory-test-177","memory-test-178","memory-test-179","memory-test-180","memory-test-181","memory-test-182","memory-test-183","memory-test-184","memory-test-185","memory-test-186","memory-test-187","memory-test-188","memory-test-189","memory-test-190","memory-test-191","memory-test-192","memory-test-193","memory-test-194","memory-test-195","memory-test-196","memory-test-197","memory-test-198","memory-test-199"],"evictedCount":100,"cacheSize":900,"maxSize":1000,"msg":"Evicted LRU cache entries"}
{"level":30,"time":1000000,"pid":45952,"hostname":"MacBook-Pro-4.local","service":"CacheService","evictedKeys":["memory-test-200","memory-test-201","memory-test-202","memory-test-203","memory-test-204","memory-test-205","memory-test-206","memory-test-207","memory-test-208","memory-test-209","memory-test-210","memory-test-211","memory-test-212","memory-test-213","memory-test-214","memory-test-215","memory-test-216","memory-test-217","memory-test-218","memory-test-219","memory-test-220","memory-test-221","memory-test-222","memory-test-223","memory-test-224","memory-test-225","memory-test-226","memory-test-227","memory-test-228","memory-test-229","memory-test-230","memory-test-231","memory-test-232","memory-test-233","memory-test-234","memory-test-235","memory-test-236","memory-test-237","memory-test-238","memory-test-239","memory-test-240","memory-test-241","memory-test-242","memory-test-243","memory-test-244","memory-test-245","memory-test-246","memory-test-247","memory-test-248","memory-test-249","memory-test-250","memory-test-251","memory-test-252","memory-test-253","memory-test-254","memory-test-255","memory-test-256","memory-test-257","memory-test-258","memory-test-259","memory-test-260","memory-test-261","memory-test-262","memory-test-263","memory-test-264","memory-test-265","memory-test-266","memory-test-267","memory-test-268","memory-test-269","memory-test-270","memory-test-271","memory-test-272","memory-test-273","memory-test-274","memory-test-275","memory-test-276","memory-test-277","memory-test-278","memory-test-279","memory-test-280","memory-test-281","memory-test-282","memory-test-283","memory-test-284","memory-test-285","memory-test-286","memory-test-287","memory-test-288","memory-test-289","memory-test-290","memory-test-291","memory-test-292","memory-test-293","memory-test-294","memory-test-295","memory-test-296","memory-test-297","memory-test-298","memory-test-299"],"evictedCount":100,"cacheSize":900,"maxSize":1000,"msg":"Evicted LRU cache entries"}
{"level":30,"time":1000000,"pid":45952,"hostname":"MacBook-Pro-4.local","service":"CacheService","evictedKeys":["memory-test-300","memory-test-301","memory-test-302","memory-test-303","memory-test-304","memory-test-305","memory-test-306","memory-test-307","memory-test-308","memory-test-309","memory-test-310","memory-test-311","memory-test-312","memory-test-313","memory-test-314","memory-test-315","memory-test-316","memory-test-317","memory-test-318","memory-test-319","memory-test-320","memory-test-321","memory-test-322","memory-test-323","memory-test-324","memory-test-325","memory-test-326","memory-test-327","memory-test-328","memory-test-329","memory-test-330","memory-test-331","memory-test-332","memory-test-333","memory-test-334","memory-test-335","memory-test-336","memory-test-337","memory-test-338","memory-test-339","memory-test-340","memory-test-341","memory-test-342","memory-test-343","memory-test-344","memory-test-345","memory-test-346","memory-test-347","memory-test-348","memory-test-349","memory-test-350","memory-test-351","memory-test-352","memory-test-353","memory-test-354","memory-test-355","memory-test-356","memory-test-357","memory-test-358","memory-test-359","memory-test-360","memory-test-361","memory-test-362","memory-test-363","memory-test-364","memory-test-365","memory-test-366","memory-test-367","memory-test-368","memory-test-369","memory-test-370","memory-test-371","memory-test-372","memory-test-373","memory-test-374","memory-test-375","memory-test-376","memory-test-377","memory-test-378","memory-test-379","memory-test-380","memory-test-381","memory-test-382","memory-test-383","memory-test-384","memory-test-385","memory-test-386","memory-test-387","memory-test-388","memory-test-389","memory-test-390","memory-test-391","memory-test-392","memory-test-393","memory-test-394","memory-test-395","memory-test-396","memory-test-397","memory-test-398","memory-test-399"],"evictedCount":100,"cacheSize":900,"maxSize":1000,"msg":"Evicted LRU cache entries"}
{"level":30,"time":1000000,"pid":45952,"hostname":"MacBook-Pro-4.local","service":"CacheService","evictedKeys":["memory-test-400","memory-test-401","memory-test-402","memory-test-403","memory-test-404","memory-test-405","memory-test-406","memory-test-407","memory-test-408","memory-test-409","memory-test-410","memory-test-411","memory-test-412","memory-test-413","memory-test-414","memory-test-415","memory-test-416","memory-test-417","memory-test-418","memory-test-419","memory-test-420","memory-test-421","memory-test-422","memory-test-423","memory-test-424","memory-test-425","memory-test-426","memory-test-427","memory-test-428","memory-test-429","memory-test-430","memory-test-431","memory-test-432","memory-test-433","memory-test-434","memory-test-435","memory-test-436","memory-test-437","memory-test-438","memory-test-439","memory-test-440","memory-test-441","memory-test-442","memory-test-443","memory-test-444","memory-test-445","memory-test-446","memory-test-447","memory-test-448","memory-test-449","memory-test-450","memory-test-451","memory-test-452","memory-test-453","memory-test-454","memory-test-455","memory-test-456","memory-test-457","memory-test-458","memory-test-459","memory-test-460","memory-test-461","memory-test-462","memory-test-463","memory-test-464","memory-test-465","memory-test-466","memory-test-467","memory-test-468","memory-test-469","memory-test-470","memory-test-471","memory-test-472","memory-test-473","memory-test-474","memory-test-475","memory-test-476","memory-test-477","memory-test-478","memory-test-479","memory-test-480","memory-test-481","memory-test-482","memory-test-483","memory-test-484","memory-test-485","memory-test-486","memory-test-487","memory-test-488","memory-test-489","memory-test-490","memory-test-491","memory-test-492","memory-test-493","memory-test-494","memory-test-495","memory-test-496","memory-test-497","memory-test-498","memory-test-499"],"evictedCount":100,"cacheSize":900,"maxSize":1000,"msg":"Evicted LRU cache entries"}
[0m[7m[1m[32m PASS [39m[22m[27m[0m [0m[7m[37m Unit Tests [39m[27m[0m [2mtests/unit/services/[22m[1mcacheService.comprehensive.test.ts[22m
[0m[7m[1m[31m FAIL [39m[22m[27m[0m [0m[7m[37m Unit Tests [39m[27m[0m [2mtests/unit/[22m[1mcurriculumImportService.comprehensive.test.ts[22m
[1m[31m  [1m● [22m[1mCurriculumImportService - Comprehensive Tests › parsePDF › should parse PDF content successfully[39m[22m

    PDF parsing failed: pdf is not a function
[2m[22m
[2m    [0m [90m 275 |[39m     } [36mcatch[39m (error) {[22m
[2m     [90m 276 |[39m       [36mthis[39m[33m.[39mlogger[33m.[39merror({ error }[33m,[39m [32m'Failed to parse PDF'[39m)[33m;[39m[22m
[2m    [31m[1m>[22m[2m[39m[90m 277 |[39m       [36mthrow[39m [36mnew[39m [33mError[39m([22m
[2m     [90m     |[39m             [31m[1m^[22m[2m[39m[22m
[2m     [90m 278 |[39m         [32m`PDF parsing failed: ${error instanceof Error ? error.message : 'Unknown error'}`[39m[33m,[39m[22m
[2m     [90m 279 |[39m       )[33m;[39m[22m
[2m     [90m 280 |[39m     }[0m[22m
[2m[22m
[2m      [2mat CurriculumImportService.parsePDF ([22m[2msrc/services/curriculumImportService.ts[2m:277:13)[22m[2m[22m
[2m      [2mat Object.<anonymous> ([22m[2m[0m[36mtests/unit/curriculumImportService.comprehensive.test.ts[39m[0m[2m:277:22)[22m[2m[22m

[1m[31m  [1m● [22m[1mCurriculumImportService - Comprehensive Tests › parsePDF › should handle empty PDF[39m[22m

    [2mexpect([22m[31mreceived[39m[2m).[22mrejects[2m.[22mtoThrow[2m([22m[32mexpected[39m[2m)[22m

    Expected substring: [32m"PDF appears to be empty or too short"[39m
    Received message:   [31m"PDF parsing failed: pdf is not a function"[39m

        [0m [90m 275 |[39m     } [36mcatch[39m (error) {
         [90m 276 |[39m       [36mthis[39m[33m.[39mlogger[33m.[39merror({ error }[33m,[39m [32m'Failed to parse PDF'[39m)[33m;[39m
        [31m[1m>[22m[39m[90m 277 |[39m       [36mthrow[39m [36mnew[39m [33mError[39m(
         [90m     |[39m             [31m[1m^[22m[39m
         [90m 278 |[39m         [32m`PDF parsing failed: ${error instanceof Error ? error.message : 'Unknown error'}`[39m[33m,[39m
         [90m 279 |[39m       )[33m;[39m
         [90m 280 |[39m     }[0m

          [2mat CurriculumImportService.parsePDF ([22msrc/services/curriculumImportService.ts[2m:277:13)[22m
          [2mat Object.<anonymous> ([22mtests/unit/curriculumImportService.comprehensive.test.ts[2m:289:28)[22m
[2m[22m
[2m    [0m [90m 287 |[39m[22m
[2m     [90m 288 |[39m       [36mconst[39m buffer [33m=[39m [33mBuffer[39m[33m.[39m[36mfrom[39m([32m''[39m)[33m;[39m[22m
[2m    [31m[1m>[22m[2m[39m[90m 289 |[39m       [36mawait[39m expect(service[33m.[39mparsePDF(buffer))[33m.[39mrejects[33m.[39mtoThrow([22m
[2m     [90m     |[39m                                                      [31m[1m^[22m[2m[39m[22m
[2m     [90m 290 |[39m         [32m'PDF appears to be empty or too short'[39m[33m,[39m[22m
[2m     [90m 291 |[39m       )[33m;[39m[22m
[2m     [90m 292 |[39m     })[33m;[39m[0m[22m
[2m[22m
[2m      [2mat Object.toThrow ([22m[2m../node_modules/.pnpm/expect@29.7.0/node_modules/expect/build/index.js[2m:218:22)[22m[2m[22m
[2m      [2mat Object.<anonymous> ([22m[2m[0m[36mtests/unit/curriculumImportService.comprehensive.test.ts[39m[0m[2m:289:54)[22m[2m[22m

[1m[31m  [1m● [22m[1mCurriculumImportService - Comprehensive Tests › parsePDF › should handle PDF parsing errors[39m[22m

    [2mexpect([22m[31mreceived[39m[2m).[22mrejects[2m.[22mtoThrow[2m([22m[32mexpected[39m[2m)[22m

    Expected substring: [32m"PDF parsing failed: Invalid PDF"[39m
    Received message:   [31m"PDF parsing failed: pdf is not a function"[39m

        [0m [90m 275 |[39m     } [36mcatch[39m (error) {
         [90m 276 |[39m       [36mthis[39m[33m.[39mlogger[33m.[39merror({ error }[33m,[39m [32m'Failed to parse PDF'[39m)[33m;[39m
        [31m[1m>[22m[39m[90m 277 |[39m       [36mthrow[39m [36mnew[39m [33mError[39m(
         [90m     |[39m             [31m[1m^[22m[39m
         [90m 278 |[39m         [32m`PDF parsing failed: ${error instanceof Error ? error.message : 'Unknown error'}`[39m[33m,[39m
         [90m 279 |[39m       )[33m;[39m
         [90m 280 |[39m     }[0m

          [2mat CurriculumImportService.parsePDF ([22msrc/services/curriculumImportService.ts[2m:277:13)[22m
          [2mat Object.<anonymous> ([22mtests/unit/curriculumImportService.comprehensive.test.ts[2m:298:28)[22m
[2m[22m
[2m    [0m [90m 296 |[39m[22m
[2m     [90m 297 |[39m       [36mconst[39m buffer [33m=[39m [33mBuffer[39m[33m.[39m[36mfrom[39m([32m'invalid'[39m)[33m;[39m[22m
[2m    [31m[1m>[22m[2m[39m[90m 298 |[39m       [36mawait[39m expect(service[33m.[39mparsePDF(buffer))[33m.[39mrejects[33m.[39mtoThrow([32m'PDF parsing failed: Invalid PDF'[39m)[33m;[39m[22m
[2m     [90m     |[39m                                                      [31m[1m^[22m[2m[39m[22m
[2m     [90m 299 |[39m     })[33m;[39m[22m
[2m     [90m 300 |[39m[22m
[2m     [90m 301 |[39m     it([32m'should handle large PDFs by chunking'[39m[33m,[39m [36masync[39m () [33m=>[39m {[0m[22m
[2m[22m
[2m      [2mat Object.toThrow ([22m[2m../node_modules/.pnpm/expect@29.7.0/node_modules/expect/build/index.js[2m:218:22)[22m[2m[22m
[2m      [2mat Object.<anonymous> ([22m[2m[0m[36mtests/unit/curriculumImportService.comprehensive.test.ts[39m[0m[2m:298:54)[22m[2m[22m

[1m[31m  [1m● [22m[1mCurriculumImportService - Comprehensive Tests › parsePDF › should handle large PDFs by chunking[39m[22m

    PDF parsing failed: pdf is not a function
[2m[22m
[2m    [0m [90m 275 |[39m     } [36mcatch[39m (error) {[22m
[2m     [90m 276 |[39m       [36mthis[39m[33m.[39mlogger[33m.[39merror({ error }[33m,[39m [32m'Failed to parse PDF'[39m)[33m;[39m[22m
[2m    [31m[1m>[22m[2m[39m[90m 277 |[39m       [36mthrow[39m [36mnew[39m [33mError[39m([22m
[2m     [90m     |[39m             [31m[1m^[22m[2m[39m[22m
[2m     [90m 278 |[39m         [32m`PDF parsing failed: ${error instanceof Error ? error.message : 'Unknown error'}`[39m[33m,[39m[22m
[2m     [90m 279 |[39m       )[33m;[39m[22m
[2m     [90m 280 |[39m     }[0m[22m
[2m[22m
[2m      [2mat CurriculumImportService.parsePDF ([22m[2msrc/services/curriculumImportService.ts[2m:277:13)[22m[2m[22m
[2m      [2mat Object.<anonymous> ([22m[2m[0m[36mtests/unit/curriculumImportService.comprehensive.test.ts[39m[0m[2m:327:36)[22m[2m[22m

[1m[31m  [1m● [22m[1mCurriculumImportService - Comprehensive Tests › parseDOCX › should parse DOCX content successfully[39m[22m

    DOCX parsing failed: Can't find end of central directory : is this a zip file ? If it is, see https://stuk.github.io/jszip/documentation/howto/read_zip.html
[2m[22m
[2m    [0m [90m 314 |[39m     } [36mcatch[39m (error) {[22m
[2m     [90m 315 |[39m       [36mthis[39m[33m.[39mlogger[33m.[39merror({ error }[33m,[39m [32m'Failed to parse DOCX'[39m)[33m;[39m[22m
[2m    [31m[1m>[22m[2m[39m[90m 316 |[39m       [36mthrow[39m [36mnew[39m [33mError[39m([22m
[2m     [90m     |[39m             [31m[1m^[22m[2m[39m[22m
[2m     [90m 317 |[39m         [32m`DOCX parsing failed: ${error instanceof Error ? error.message : 'Unknown error'}`[39m[33m,[39m[22m
[2m     [90m 318 |[39m       )[33m;[39m[22m
[2m     [90m 319 |[39m     }[0m[22m
[2m[22m
[2m      [2mat CurriculumImportService.parseDOCX ([22m[2msrc/services/curriculumImportService.ts[2m:316:13)[22m[2m[22m
[2m      [2mat Object.<anonymous> ([22m[2m[0m[36mtests/unit/curriculumImportService.comprehensive.test.ts[39m[0m[2m:379:22)[22m[2m[22m

[1m[31m  [1m● [22m[1mCurriculumImportService - Comprehensive Tests › parseDOCX › should handle empty DOCX[39m[22m

    [2mexpect([22m[31mreceived[39m[2m).[22mrejects[2m.[22mtoThrow[2m([22m[32mexpected[39m[2m)[22m

    Expected substring: [32m"DOCX appears to be empty or too short"[39m
    Received message:   [31m"DOCX parsing failed: End of data reached (data length = 0, asked index = 4). Corrupted zip ?"[39m

        [0m [90m 314 |[39m     } [36mcatch[39m (error) {
         [90m 315 |[39m       [36mthis[39m[33m.[39mlogger[33m.[39merror({ error }[33m,[39m [32m'Failed to parse DOCX'[39m)[33m;[39m
        [31m[1m>[22m[39m[90m 316 |[39m       [36mthrow[39m [36mnew[39m [33mError[39m(
         [90m     |[39m             [31m[1m^[22m[39m
         [90m 317 |[39m         [32m`DOCX parsing failed: ${error instanceof Error ? error.message : 'Unknown error'}`[39m[33m,[39m
         [90m 318 |[39m       )[33m;[39m
         [90m 319 |[39m     }[0m

          [2mat CurriculumImportService.parseDOCX ([22msrc/services/curriculumImportService.ts[2m:316:13)[22m
          [2mat Object.<anonymous> ([22mtests/unit/curriculumImportService.comprehensive.test.ts[2m:390:7)[22m
[2m[22m
[2m    [0m [90m 388 |[39m[22m
[2m     [90m 389 |[39m       [36mconst[39m buffer [33m=[39m [33mBuffer[39m[33m.[39m[36mfrom[39m([32m''[39m)[33m;[39m[22m
[2m    [31m[1m>[22m[2m[39m[90m 390 |[39m       [36mawait[39m expect(service[33m.[39mparseDOCX(buffer))[33m.[39mrejects[33m.[39mtoThrow([22m
[2m     [90m     |[39m                                                       [31m[1m^[22m[2m[39m[22m
[2m     [90m 391 |[39m         [32m'DOCX appears to be empty or too short'[39m[33m,[39m[22m
[2m     [90m 392 |[39m       )[33m;[39m[22m
[2m     [90m 393 |[39m     })[33m;[39m[0m[22m
[2m[22m
[2m      [2mat Object.toThrow ([22m[2m../node_modules/.pnpm/expect@29.7.0/node_modules/expect/build/index.js[2m:218:22)[22m[2m[22m
[2m      [2mat Object.<anonymous> ([22m[2m[0m[36mtests/unit/curriculumImportService.comprehensive.test.ts[39m[0m[2m:390:55)[22m[2m[22m

[1m[31m  [1m● [22m[1mCurriculumImportService - Comprehensive Tests › parseDOCX › should handle DOCX parsing errors[39m[22m

    [2mexpect([22m[31mreceived[39m[2m).[22mrejects[2m.[22mtoThrow[2m([22m[32mexpected[39m[2m)[22m

    Expected substring: [32m"DOCX parsing failed: Invalid DOCX"[39m
    Received message:   [31m"DOCX parsing failed: Can't find end of central directory : is this a zip file ? If it is, see https://stuk.github.io/jszip/documentation/howto/read_zip.html"[39m

        [0m [90m 314 |[39m     } [36mcatch[39m (error) {
         [90m 315 |[39m       [36mthis[39m[33m.[39mlogger[33m.[39merror({ error }[33m,[39m [32m'Failed to parse DOCX'[39m)[33m;[39m
        [31m[1m>[22m[39m[90m 316 |[39m       [36mthrow[39m [36mnew[39m [33mError[39m(
         [90m     |[39m             [31m[1m^[22m[39m
         [90m 317 |[39m         [32m`DOCX parsing failed: ${error instanceof Error ? error.message : 'Unknown error'}`[39m[33m,[39m
         [90m 318 |[39m       )[33m;[39m
         [90m 319 |[39m     }[0m

          [2mat CurriculumImportService.parseDOCX ([22msrc/services/curriculumImportService.ts[2m:316:13)[22m
          [2mat Object.<anonymous> ([22mtests/unit/curriculumImportService.comprehensive.test.ts[2m:399:7)[22m
[2m[22m
[2m    [0m [90m 397 |[39m[22m
[2m     [90m 398 |[39m       [36mconst[39m buffer [33m=[39m [33mBuffer[39m[33m.[39m[36mfrom[39m([32m'invalid'[39m)[33m;[39m[22m
[2m    [31m[1m>[22m[2m[39m[90m 399 |[39m       [36mawait[39m expect(service[33m.[39mparseDOCX(buffer))[33m.[39mrejects[33m.[39mtoThrow([32m'DOCX parsing failed: Invalid DOCX'[39m)[33m;[39m[22m
[2m     [90m     |[39m                                                       [31m[1m^[22m[2m[39m[22m
[2m     [90m 400 |[39m     })[33m;[39m[22m
[2m     [90m 401 |[39m   })[33m;[39m[22m
[2m     [90m 402 |[39m[0m[22m
[2m[22m
[2m      [2mat Object.toThrow ([22m[2m../node_modules/.pnpm/expect@29.7.0/node_modules/expect/build/index.js[2m:218:22)[22m[2m[22m
[2m      [2mat Object.<anonymous> ([22m[2m[0m[36mtests/unit/curriculumImportService.comprehensive.test.ts[39m[0m[2m:399:55)[22m[2m[22m

[1m[31m  [1m● [22m[1mCurriculumImportService - Comprehensive Tests › parseUploadedFile › should parse uploaded PDF file[39m[22m

    PDF parsing failed: pdf is not a function
[2m[22m
[2m    [0m [90m 275 |[39m     } [36mcatch[39m (error) {[22m
[2m     [90m 276 |[39m       [36mthis[39m[33m.[39mlogger[33m.[39merror({ error }[33m,[39m [32m'Failed to parse PDF'[39m)[33m;[39m[22m
[2m    [31m[1m>[22m[2m[39m[90m 277 |[39m       [36mthrow[39m [36mnew[39m [33mError[39m([22m
[2m     [90m     |[39m             [31m[1m^[22m[2m[39m[22m
[2m     [90m 278 |[39m         [32m`PDF parsing failed: ${error instanceof Error ? error.message : 'Unknown error'}`[39m[33m,[39m[22m
[2m     [90m 279 |[39m       )[33m;[39m[22m
[2m     [90m 280 |[39m     }[0m[22m
[2m[22m
[2m      [2mat CurriculumImportService.parsePDF ([22m[2msrc/services/curriculumImportService.ts[2m:277:13)[22m[2m[22m
[2m      [2mat CurriculumImportService.parseUploadedFile ([22m[2msrc/services/curriculumImportService.ts[2m:710:35)[22m[2m[22m
[2m      [2mat Object.<anonymous> ([22m[2m[0m[36mtests/unit/curriculumImportService.comprehensive.test.ts[39m[0m[2m:611:22)[22m[2m[22m

[1m[31m  [1m● [22m[1mCurriculumImportService - Comprehensive Tests › parseUploadedFile › should parse uploaded DOCX file[39m[22m

    DOCX parsing failed: Can't find end of central directory : is this a zip file ? If it is, see https://stuk.github.io/jszip/documentation/howto/read_zip.html
[2m[22m
[2m    [0m [90m 314 |[39m     } [36mcatch[39m (error) {[22m
[2m     [90m 315 |[39m       [36mthis[39m[33m.[39mlogger[33m.[39merror({ error }[33m,[39m [32m'Failed to parse DOCX'[39m)[33m;[39m[22m
[2m    [31m[1m>[22m[2m[39m[90m 316 |[39m       [36mthrow[39m [36mnew[39m [33mError[39m([22m
[2m     [90m     |[39m             [31m[1m^[22m[2m[39m[22m
[2m     [90m 317 |[39m         [32m`DOCX parsing failed: ${error instanceof Error ? error.message : 'Unknown error'}`[39m[33m,[39m[22m
[2m     [90m 318 |[39m       )[33m;[39m[22m
[2m     [90m 319 |[39m     }[0m[22m
[2m[22m
[2m      [2mat CurriculumImportService.parseDOCX ([22m[2msrc/services/curriculumImportService.ts[2m:316:13)[22m[2m[22m
[2m      [2mat CurriculumImportService.parseUploadedFile ([22m[2msrc/services/curriculumImportService.ts[2m:712:24)[22m[2m[22m
[2m      [2mat Object.<anonymous> ([22m[2m[0m[36mtests/unit/curriculumImportService.comprehensive.test.ts[39m[0m[2m:660:22)[22m[2m[22m

[1m[31m  [1m● [22m[1mCurriculumImportService - Comprehensive Tests › CSV Parsing Edge Cases › should handle CSV with newlines in quoted fields[39m[22m

    [2mexpect([22m[31mreceived[39m[2m).[22mtoMatch[2m([22m[32mexpected[39m[2m)[22m

    Expected pattern: [32m/Test with.*newline/[39m
    Received string:  [31m"Test with"[39m
[2m[22m
[2m    [0m [90m 923 |[39m[22m
[2m     [90m 924 |[39m       [36mconst[39m result [33m=[39m service[33m.[39mparseCSV(csv)[33m;[39m[22m
[2m    [31m[1m>[22m[2m[39m[90m 925 |[39m       expect(result[[35m0[39m][33m.[39mdescription)[33m.[39mtoMatch([35m/Test with.*newline/[39m)[33m;[39m[22m
[2m     [90m     |[39m                                     [31m[1m^[22m[2m[39m[22m
[2m     [90m 926 |[39m     })[33m;[39m[22m
[2m     [90m 927 |[39m[22m
[2m     [90m 928 |[39m     it([32m'should handle CSV with Unicode characters'[39m[33m,[39m () [33m=>[39m {[0m[22m
[2m[22m
[2m      [2mat Object.<anonymous> ([22m[2m[0m[36mtests/unit/curriculumImportService.comprehensive.test.ts[39m[0m[2m:925:37)[22m[2m[22m

[1m[31m  [1m● [22m[1mCurriculumImportService - Comprehensive Tests › Error Recovery and Logging › should handle partial failures gracefully[39m[22m

    Invalid code
[2m[22m
[2m    [0m [90m 1047 |[39m       mockPrismaClient[33m.[39mcurriculumExpectation[33m.[39mcreate[22m
[2m     [90m 1048 |[39m         [33m.[39mmockResolvedValueOnce({} [36mas[39m any)[22m
[2m    [31m[1m>[22m[2m[39m[90m 1049 |[39m         [33m.[39mmockRejectedValueOnce([36mnew[39m [33mError[39m([32m'Invalid code'[39m))[22m
[2m     [90m      |[39m                                [31m[1m^[22m[2m[39m[22m
[2m     [90m 1050 |[39m         [33m.[39mmockResolvedValueOnce({} [36mas[39m any)[33m;[39m[22m
[2m     [90m 1051 |[39m       mockPrismaClient[33m.[39mcurriculumImport[33m.[39mupdate[33m.[39mmockResolvedValue({} [36mas[39m any)[33m;[39m[22m
[2m     [90m 1052 |[39m[0m[22m
[2m[22m
[2m      [2mat Object.<anonymous> ([22m[2m[0m[36mtests/unit/curriculumImportService.comprehensive.test.ts[39m[0m[2m:1049:32)[22m[2m[22m

{"level":30,"time":1751327598868,"pid":45951,"hostname":"MacBook-Pro-4.local","msg":"Planning session started for user 1, session test-session-123"}
{"level":50,"time":1751327598596,"pid":45947,"hostname":"MacBook-Pro-4.local","service":"CurriculumImportService","error":{},"msg":"Failed to parse DOCX"}
{"level":50,"time":1751327598596,"pid":45947,"hostname":"MacBook-Pro-4.local","service":"CurriculumImportService","error":{},"importId":"import-123","msg":"Failed to parse uploaded file"}
{"level":30,"time":1751327598598,"pid":45947,"hostname":"MacBook-Pro-4.local","service":"CurriculumImportService","msg":"File parsed for import import-123: 1 subjects"}
{"level":50,"time":1751327598600,"pid":45947,"hostname":"MacBook-Pro-4.local","service":"CurriculumImportService","error":{},"importId":"import-123","msg":"Failed to parse uploaded file"}
{"level":50,"time":1751327598617,"pid":45947,"hostname":"MacBook-Pro-4.local","service":"CurriculumImportService","error":{},"importId":"import-123","msg":"Failed to parse uploaded file"}
{"level":50,"time":1751327598622,"pid":45947,"hostname":"MacBook-Pro-4.local","service":"CurriculumImportService","error":{},"importId":"import-123","msg":"Failed to parse uploaded file"}
{"level":30,"time":1751327598624,"pid":45947,"hostname":"MacBook-Pro-4.local","service":"CurriculumImportService","msg":"Starting PDF parsing"}
{"level":50,"time":1751327598624,"pid":45947,"hostname":"MacBook-Pro-4.local","service":"CurriculumImportService","error":{},"msg":"Failed to parse PDF"}
{"level":50,"time":1751327598624,"pid":45947,"hostname":"MacBook-Pro-4.local","service":"CurriculumImportService","error":{},"importId":"import-123","msg":"Failed to parse uploaded file"}
{"level":30,"time":1751327598625,"pid":45947,"hostname":"MacBook-Pro-4.local","service":"CurriculumImportService","importId":"import-123","userId":1,"grade":1,"subject":"Multi-Subject","sourceFormat":"manual","msg":"Started curriculum import session"}
{"level":30,"time":1751327598626,"pid":45947,"hostname":"MacBook-Pro-4.local","service":"CurriculumImportService","msg":"Preset curriculum loaded: pei-grade1-french for user 1"}
{"level":30,"time":1751327598627,"pid":45947,"hostname":"MacBook-Pro-4.local","service":"CurriculumImportService","importId":"import-456","userId":1,"grade":1,"subject":"Multi-Subject","sourceFormat":"manual","msg":"Started curriculum import session"}
{"level":30,"time":1751327598627,"pid":45947,"hostname":"MacBook-Pro-4.local","service":"CurriculumImportService","msg":"Preset curriculum loaded: ontario-grade1-english for user 1"}
{"level":30,"time":1751327598647,"pid":45947,"hostname":"MacBook-Pro-4.local","service":"CurriculumImportService","importId":"import-789","userId":1,"grade":1,"subject":"Multi-Subject","sourceFormat":"manual","msg":"Started curriculum import session"}
{"level":30,"time":1751327598647,"pid":45947,"hostname":"MacBook-Pro-4.local","service":"CurriculumImportService","msg":"Preset curriculum loaded: bc-grade1-core for user 1"}
{"level":30,"time":1751327598649,"pid":45947,"hostname":"MacBook-Pro-4.local","service":"CurriculumImportService","importId":"import-000","userId":1,"grade":1,"subject":"Multi-Subject","sourceFormat":"manual","msg":"Started curriculum import session"}
{"level":50,"time":1751327598649,"pid":45947,"hostname":"MacBook-Pro-4.local","service":"CurriculumImportService","error":{},"presetId":"unknown-preset","userId":1,"msg":"Failed to load preset curriculum"}
{"level":30,"time":1751327598650,"pid":45947,"hostname":"MacBook-Pro-4.local","service":"CurriculumImportService","importId":"import-meta","userId":1,"grade":1,"subject":"Multi-Subject","sourceFormat":"manual","msg":"Started curriculum import session"}
{"level":30,"time":1751327598650,"pid":45947,"hostname":"MacBook-Pro-4.local","service":"CurriculumImportService","msg":"Preset curriculum loaded: pei-grade1-french for user 1"}
{"level":30,"time":1751327598652,"pid":45947,"hostname":"MacBook-Pro-4.local","service":"CurriculumImportService","msg":"Import finalized: import-final, created 2 expectations"}
{"level":50,"time":1751327598654,"pid":45947,"hostname":"MacBook-Pro-4.local","service":"CurriculumImportService","error":{},"importId":"import-final","msg":"Failed to finalize import"}
{"level":30,"time":1751327598656,"pid":45947,"hostname":"MacBook-Pro-4.local","service":"CurriculumImportService","msg":"Import finalized: import-final, created 0 expectations"}
{"level":50,"time":1751327598665,"pid":45947,"hostname":"MacBook-Pro-4.local","service":"CurriculumImportService","error":{},"importId":"import-final","msg":"Failed to finalize import"}
{"level":40,"time":1751327598671,"pid":45947,"hostname":"MacBook-Pro-4.local","service":"CurriculumImportService","lineNumber":3,"line":"newline\",Math,1,Number","msg":"Skipping invalid CSV line"}
{"level":30,"time":1751327598745,"pid":45947,"hostname":"MacBook-Pro-4.local","service":"CurriculumImportService","msg":"Import finalized: batch-import, created 1000 expectations"}
{"level":50,"time":1751327598758,"pid":45947,"hostname":"MacBook-Pro-4.local","service":"CurriculumImportService","error":{},"userId":1,"grade":3,"subject":"Math","msg":"Failed to start curriculum import"}
{"level":50,"time":1751327598761,"pid":45947,"hostname":"MacBook-Pro-4.local","service":"CurriculumImportService","error":{},"importId":"partial-import","msg":"Failed to finalize import"}
{"level":50,"time":1751327598764,"pid":45947,"hostname":"MacBook-Pro-4.local","service":"CurriculumImportService","error":{},"msg":"Failed to parse CSV content"}
{"level":50,"time":1751327598765,"pid":45947,"hostname":"MacBook-Pro-4.local","service":"CurriculumImportService","error":{},"msg":"Failed to parse CSV content"}
{"level":50,"time":1751327598779,"pid":45947,"hostname":"MacBook-Pro-4.local","service":"CurriculumImportService","error":{},"msg":"Failed to parse CSV content"}
{"level":40,"time":1751327598998,"pid":45945,"hostname":"MacBook-Pro-4.local","service":"EmbeddingService","error":"401 Incorrect API key provided: test-api-key. You can find your API key at https://platform.openai.com/account/api-keys.","attempt":2,"maxRetries":3,"msg":"Embedding generation attempt failed"}
[0m[7m[1m[31m FAIL [39m[22m[27m[0m [0m[7m[37m Unit Tests [39m[27m[0m [2mtests/unit/[22m[1mcontactValidationCorrected.test.ts[22m
[1m[31m  [1m● [22m[1mContact Validation - Corrected Implementation Tests › validatePhoneNumber - Real Behavior › should reject international numbers that are too short or long[39m[22m

    [2mexpect([22m[31mreceived[39m[2m).[22mtoBe[2m([22m[32mexpected[39m[2m) // Object.is equality[22m

    Expected: [32mfalse[39m
    Received: [31mtrue[39m
[2m[22m
[2m    [0m [90m 133 |[39m       [90m// Test a number that's actually too long (over 15 digits)[39m[22m
[2m     [90m 134 |[39m       [36mconst[39m tooLong [33m=[39m validatePhoneNumber([32m'+44 1234567890123456789'[39m)[33m;[39m[22m
[2m    [31m[1m>[22m[2m[39m[90m 135 |[39m       expect(tooLong[33m.[39misValid)[33m.[39mtoBe([36mfalse[39m)[33m;[39m[22m
[2m     [90m     |[39m                               [31m[1m^[22m[2m[39m[22m
[2m     [90m 136 |[39m       expect(tooLong[33m.[39merrors)[33m.[39mtoContain([32m'International number must be 7-15 digits'[39m)[33m;[39m[22m
[2m     [90m 137 |[39m     })[33m;[39m[22m
[2m     [90m 138 |[39m[0m[22m
[2m[22m
[2m      [2mat Object.<anonymous> ([22m[2m[0m[36mtests/unit/contactValidationCorrected.test.ts[39m[0m[2m:135:31)[22m[2m[22m

[1m[31m  [1m● [22m[1mContact Validation - Corrected Implementation Tests › validatePhoneNumber - Real Behavior › should handle basic digit validation[39m[22m

    [2mexpect([22m[31mreceived[39m[2m).[22mtoBe[2m([22m[32mexpected[39m[2m) // Object.is equality[22m

    Expected: [32mfalse[39m
    Received: [31mtrue[39m
[2m[22m
[2m    [0m [90m 144 |[39m       [90m// Test a number that's actually too long for basic validation[39m[22m
[2m     [90m 145 |[39m       [36mconst[39m tooLong [33m=[39m validatePhoneNumber([32m'12345678901234567890'[39m)[33m;[39m[22m
[2m    [31m[1m>[22m[2m[39m[90m 146 |[39m       expect(tooLong[33m.[39misValid)[33m.[39mtoBe([36mfalse[39m)[33m;[39m[22m
[2m     [90m     |[39m                               [31m[1m^[22m[2m[39m[22m
[2m     [90m 147 |[39m       expect(tooLong[33m.[39merrors)[33m.[39mtoContain([32m'Phone number too long'[39m)[33m;[39m[22m
[2m     [90m 148 |[39m     })[33m;[39m[22m
[2m     [90m 149 |[39m[0m[22m
[2m[22m
[2m      [2mat Object.<anonymous> ([22m[2m[0m[36mtests/unit/contactValidationCorrected.test.ts[39m[0m[2m:146:31)[22m[2m[22m

[1m[31m  [1m● [22m[1mContact Validation - Corrected Implementation Tests › validatePhoneNumber - Real Behavior › should accept basic 7-11 digit numbers[39m[22m

    [2mexpect([22m[31mreceived[39m[2m).[22mtoBe[2m([22m[32mexpected[39m[2m) // Object.is equality[22m

    Expected: [32mtrue[39m
    Received: [31mfalse[39m
[2m[22m
[2m    [0m [90m 154 |[39m[22m
[2m     [90m 155 |[39m       [36mconst[39m tenDigits [33m=[39m validatePhoneNumber([32m'1234567890'[39m)[33m;[39m[22m
[2m    [31m[1m>[22m[2m[39m[90m 156 |[39m       expect(tenDigits[33m.[39misValid)[33m.[39mtoBe([36mtrue[39m)[33m;[39m[22m
[2m     [90m     |[39m                                 [31m[1m^[22m[2m[39m[22m
[2m     [90m 157 |[39m     })[33m;[39m[22m
[2m     [90m 158 |[39m[22m
[2m     [90m 159 |[39m     it([32m'should handle non-string inputs'[39m[33m,[39m () [33m=>[39m {[0m[22m
[2m[22m
[2m      [2mat Object.<anonymous> ([22m[2m[0m[36mtests/unit/contactValidationCorrected.test.ts[39m[0m[2m:156:33)[22m[2m[22m

[1m[31m  [1m● [22m[1mContact Validation - Corrected Implementation Tests › validateEmail - Real Behavior › should reject invalid email formats[39m[22m

    [2mexpect([22m[31mreceived[39m[2m).[22mtoBe[2m([22m[32mexpected[39m[2m) // Object.is equality[22m

    Expected: [32mfalse[39m
    Received: [31mtrue[39m
[2m[22m
[2m    [0m [90m 198 |[39m       invalidEmails[33m.[39mforEach((email) [33m=>[39m {[22m
[2m     [90m 199 |[39m         [36mconst[39m result [33m=[39m validateEmail(email)[33m;[39m[22m
[2m    [31m[1m>[22m[2m[39m[90m 200 |[39m         expect(result[33m.[39misValid)[33m.[39mtoBe([36mfalse[39m)[33m;[39m[22m
[2m     [90m     |[39m                                [31m[1m^[22m[2m[39m[22m
[2m     [90m 201 |[39m         expect(result[33m.[39merrors)[33m.[39mtoContain([32m'Invalid email format'[39m)[33m;[39m[22m
[2m     [90m 202 |[39m       })[33m;[39m[22m
[2m     [90m 203 |[39m     })[33m;[39m[0m[22m
[2m[22m
[2m      [2mat [22m[2m[0m[36mtests/unit/contactValidationCorrected.test.ts[39m[0m[2m:200:32[22m[2m[22m
[2m          at Array.forEach (<anonymous>)[22m
[2m      [2mat Object.<anonymous> ([22m[2m[0m[36mtests/unit/contactValidationCorrected.test.ts[39m[0m[2m:198:21)[22m[2m[22m

[1m[31m  [1m● [22m[1mContact Validation - Corrected Implementation Tests › parseContactString - Real Behavior › should parse contact string with name and phone[39m[22m

    [2mexpect([22m[31mreceived[39m[2m).[22mtoBe[2m([22m[32mexpected[39m[2m) // Object.is equality[22m

    Expected: [32m"John Doe"[39m
    Received: [31m"John Doe[7m 911[27m"[39m
[2m[22m
[2m    [0m [90m 330 |[39m     it([32m'should parse contact string with name and phone'[39m[33m,[39m () [33m=>[39m {[22m
[2m     [90m 331 |[39m       [36mconst[39m result [33m=[39m parseContactString([32m'John Doe 911'[39m)[33m;[39m[22m
[2m    [31m[1m>[22m[2m[39m[90m 332 |[39m       expect(result[33m.[39mname)[33m.[39mtoBe([32m'John Doe'[39m)[33m;[39m[22m
[2m     [90m     |[39m                           [31m[1m^[22m[2m[39m[22m
[2m     [90m 333 |[39m       expect(result[33m.[39mphone[33m?[39m[33m.[39misValid)[33m.[39mtoBe([36mtrue[39m)[33m;[39m[22m
[2m     [90m 334 |[39m       expect(result[33m.[39memail)[33m.[39mtoBeUndefined()[33m;[39m[22m
[2m     [90m 335 |[39m     })[33m;[39m[0m[22m
[2m[22m
[2m      [2mat Object.<anonymous> ([22m[2m[0m[36mtests/unit/contactValidationCorrected.test.ts[39m[0m[2m:332:27)[22m[2m[22m

[1m[31m  [1m● [22m[1mContact Validation - Corrected Implementation Tests › parseContactString - Real Behavior › should clean up names with separators[39m[22m

    [2mexpect([22m[31mreceived[39m[2m).[22mtoBe[2m([22m[32mexpected[39m[2m) // Object.is equality[22m

    Expected: [32m"John Doe"[39m
    Received: [31m"John Doe[7m - 911[27m"[39m
[2m[22m
[2m    [0m [90m 363 |[39m       tests[33m.[39mforEach((str) [33m=>[39m {[22m
[2m     [90m 364 |[39m         [36mconst[39m result [33m=[39m parseContactString(str)[33m;[39m[22m
[2m    [31m[1m>[22m[2m[39m[90m 365 |[39m         expect(result[33m.[39mname)[33m.[39mtoBe([32m'John Doe'[39m)[33m;[39m[22m
[2m     [90m     |[39m                             [31m[1m^[22m[2m[39m[22m
[2m     [90m 366 |[39m         expect(result[33m.[39mphone[33m?[39m[33m.[39misValid)[33m.[39mtoBe([36mtrue[39m)[33m;[39m[22m
[2m     [90m 367 |[39m       })[33m;[39m[22m
[2m     [90m 368 |[39m     })[33m;[39m[0m[22m
[2m[22m
[2m      [2mat [22m[2m[0m[36mtests/unit/contactValidationCorrected.test.ts[39m[0m[2m:365:29[22m[2m[22m
[2m          at Array.forEach (<anonymous>)[22m
[2m      [2mat Object.<anonymous> ([22m[2m[0m[36mtests/unit/contactValidationCorrected.test.ts[39m[0m[2m:363:13)[22m[2m[22m

[1m[31m  [1m● [22m[1mContact Validation - Corrected Implementation Tests › parseContactString - Real Behavior › should handle complex contact strings[39m[22m

    [2mexpect([22m[31mreceived[39m[2m).[22mtoBe[2m([22m[32mexpected[39m[2m) // Object.is equality[22m

    Expected: [32m"Dr. Jane Smith"[39m
    Received: [31m"Dr. Jane Smith[7m 911[27m"[39m
[2m[22m
[2m    [0m [90m 370 |[39m     it([32m'should handle complex contact strings'[39m[33m,[39m () [33m=>[39m {[22m
[2m     [90m 371 |[39m       [36mconst[39m result [33m=[39m parseContactString([32m'Dr. Jane Smith 911 jane@example.com'[39m)[33m;[39m[22m
[2m    [31m[1m>[22m[2m[39m[90m 372 |[39m       expect(result[33m.[39mname)[33m.[39mtoBe([32m'Dr. Jane Smith'[39m)[33m;[39m[22m
[2m     [90m     |[39m                           [31m[1m^[22m[2m[39m[22m
[2m     [90m 373 |[39m       expect(result[33m.[39mphone[33m?[39m[33m.[39misValid)[33m.[39mtoBe([36mtrue[39m)[33m;[39m[22m
[2m     [90m 374 |[39m       expect(result[33m.[39memail[33m?[39m[33m.[39misValid)[33m.[39mtoBe([36mtrue[39m)[33m;[39m[22m
[2m     [90m 375 |[39m     })[33m;[39m[0m[22m
[2m[22m
[2m      [2mat Object.<anonymous> ([22m[2m[0m[36mtests/unit/contactValidationCorrected.test.ts[39m[0m[2m:372:27)[22m[2m[22m

[1m[31m  [1m● [22m[1mContact Validation - Corrected Implementation Tests › Edge Cases and Error Handling › should handle very long contact strings[39m[22m

    [2mexpect([22m[31mreceived[39m[2m).[22mtoBe[2m([22m[32mexpected[39m[2m) // Object.is equality[22m

    Expected: [32mtrue[39m
    Received: [31mundefined[39m
[2m[22m
[2m    [0m [90m 517 |[39m       [36mconst[39m result [33m=[39m parseContactString(contactString)[33m;[39m[22m
[2m     [90m 518 |[39m[22m
[2m    [31m[1m>[22m[2m[39m[90m 519 |[39m       expect(result[33m.[39mphone[33m?[39m[33m.[39misValid)[33m.[39mtoBe([36mtrue[39m)[33m;[39m[22m
[2m     [90m     |[39m                                     [31m[1m^[22m[2m[39m[22m
[2m     [90m 520 |[39m       expect(result[33m.[39mname)[33m.[39mtoBe(longName)[33m;[39m[22m
[2m     [90m 521 |[39m     })[33m;[39m[22m
[2m     [90m 522 |[39m   })[33m;[39m[0m[22m
[2m[22m
[2m      [2mat Object.<anonymous> ([22m[2m[0m[36mtests/unit/contactValidationCorrected.test.ts[39m[0m[2m:519:37)[22m[2m[22m

[1m[31m  [1m● [22m[1mContact Validation - Corrected Implementation Tests › Format Helper Functions Coverage › should test formatInternationalNumber function through validation[39m[22m

    [2mexpect([22m[31mreceived[39m[2m).[22mtoContain[2m([22m[32mexpected[39m[2m) // indexOf[22m

    Expected substring: [32m"+44"[39m
    Received string:    [31m"234-567-8901"[39m
[2m[22m
[2m    [0m [90m 534 |[39m         [36mconst[39m result [33m=[39m validatePhoneNumber(phone)[33m;[39m[22m
[2m     [90m 535 |[39m         [36mif[39m (result[33m.[39misValid) {[22m
[2m    [31m[1m>[22m[2m[39m[90m 536 |[39m           expect(result[33m.[39mformatted)[33m.[39mtoContain([32m'+44'[39m)[33m;[39m[22m
[2m     [90m     |[39m                                    [31m[1m^[22m[2m[39m[22m
[2m     [90m 537 |[39m         }[22m
[2m     [90m 538 |[39m       })[33m;[39m[22m
[2m     [90m 539 |[39m     })[33m;[39m[0m[22m
[2m[22m
[2m      [2mat [22m[2m[0m[36mtests/unit/contactValidationCorrected.test.ts[39m[0m[2m:536:36[22m[2m[22m
[2m          at Array.forEach (<anonymous>)[22m
[2m      [2mat Object.<anonymous> ([22m[2m[0m[36mtests/unit/contactValidationCorrected.test.ts[39m[0m[2m:533:26)[22m[2m[22m

[0m[7m[1m[31m FAIL [39m[22m[27m[0m [0m[7m[37m Unit Tests [39m[27m[0m [2mtests/unit/[22m[1mcontactParsingAdvanced.test.ts[22m
[1m[31m  [1m● [22m[1mAdvanced Contact Parsing and Validation › Real-World Phone Number Validation › should reject invalid phone number formats[39m[22m

    [2mexpect([22m[31mreceived[39m[2m).[22mtoBe[2m([22m[32mexpected[39m[2m) // Object.is equality[22m

    Expected: [32mfalse[39m
    Received: [31mtrue[39m
[2m[22m
[2m    [0m [90m 104 |[39m       invalidPhones[33m.[39mforEach((phone) [33m=>[39m {[22m
[2m     [90m 105 |[39m         [36mconst[39m result [33m=[39m validatePhoneNumber(phone [36mas[39m any)[33m;[39m[22m
[2m    [31m[1m>[22m[2m[39m[90m 106 |[39m         expect(result[33m.[39misValid)[33m.[39mtoBe([36mfalse[39m)[33m;[39m[22m
[2m     [90m     |[39m                                [31m[1m^[22m[2m[39m[22m
[2m     [90m 107 |[39m         expect(result[33m.[39merrors)[33m.[39mtoBeTruthy()[33m;[39m[22m
[2m     [90m 108 |[39m         expect(result[33m.[39merrors[33m![39m[33m.[39mlength)[33m.[39mtoBeGreaterThan([35m0[39m)[33m;[39m[22m
[2m     [90m 109 |[39m       })[33m;[39m[0m[22m
[2m[22m
[2m      [2mat [22m[2m[0m[36mtests/unit/contactParsingAdvanced.test.ts[39m[0m[2m:106:32[22m[2m[22m
[2m          at Array.forEach (<anonymous>)[22m
[2m      [2mat Object.<anonymous> ([22m[2m[0m[36mtests/unit/contactParsingAdvanced.test.ts[39m[0m[2m:104:21)[22m[2m[22m

[1m[31m  [1m● [22m[1mAdvanced Contact Parsing and Validation › Real-World Email Validation › should validate school email formats[39m[22m

    [2mexpect([22m[31mreceived[39m[2m).[22mtoBe[2m([22m[32mexpected[39m[2m) // Object.is equality[22m

    Expected: [32mtrue[39m
    Received: [31mfalse[39m
[2m[22m
[2m    [0m [90m 124 |[39m       schoolEmails[33m.[39mforEach((email) [33m=>[39m {[22m
[2m     [90m 125 |[39m         [36mconst[39m result [33m=[39m validateEmail(email)[33m;[39m[22m
[2m    [31m[1m>[22m[2m[39m[90m 126 |[39m         expect(result[33m.[39misValid)[33m.[39mtoBe([36mtrue[39m)[33m;[39m[22m
[2m     [90m     |[39m                                [31m[1m^[22m[2m[39m[22m
[2m     [90m 127 |[39m         expect(result[33m.[39mformatted)[33m.[39mtoBe(email[33m.[39mtoLowerCase())[33m;[39m[22m
[2m     [90m 128 |[39m       })[33m;[39m[22m
[2m     [90m 129 |[39m     })[33m;[39m[0m[22m
[2m[22m
[2m      [2mat [22m[2m[0m[36mtests/unit/contactParsingAdvanced.test.ts[39m[0m[2m:126:32[22m[2m[22m
[2m          at Array.forEach (<anonymous>)[22m
[2m      [2mat Object.<anonymous> ([22m[2m[0m[36mtests/unit/contactParsingAdvanced.test.ts[39m[0m[2m:124:20)[22m[2m[22m

[1m[31m  [1m● [22m[1mAdvanced Contact Parsing and Validation › Real-World Email Validation › should reject malformed emails[39m[22m

    [2mexpect([22m[31mreceived[39m[2m).[22mtoBe[2m([22m[32mexpected[39m[2m) // Object.is equality[22m

    Expected: [32mfalse[39m
    Received: [31mtrue[39m
[2m[22m
[2m    [0m [90m 144 |[39m       invalidEmails[33m.[39mforEach((email) [33m=>[39m {[22m
[2m     [90m 145 |[39m         [36mconst[39m result [33m=[39m validateEmail(email)[33m;[39m[22m
[2m    [31m[1m>[22m[2m[39m[90m 146 |[39m         expect(result[33m.[39misValid)[33m.[39mtoBe([36mfalse[39m)[33m;[39m[22m
[2m     [90m     |[39m                                [31m[1m^[22m[2m[39m[22m
[2m     [90m 147 |[39m         expect(result[33m.[39merrors)[33m.[39mtoContain([32m'Invalid email format'[39m)[33m;[39m[22m
[2m     [90m 148 |[39m       })[33m;[39m[22m
[2m     [90m 149 |[39m     })[33m;[39m[0m[22m
[2m[22m
[2m      [2mat [22m[2m[0m[36mtests/unit/contactParsingAdvanced.test.ts[39m[0m[2m:146:32[22m[2m[22m
[2m          at Array.forEach (<anonymous>)[22m
[2m      [2mat Object.<anonymous> ([22m[2m[0m[36mtests/unit/contactParsingAdvanced.test.ts[39m[0m[2m:144:21)[22m[2m[22m

[1m[31m  [1m● [22m[1mAdvanced Contact Parsing and Validation › Contact String Parsing › should parse complex contact strings with names, phones, and emails[39m[22m

    [2mexpect([22m[31mreceived[39m[2m).[22mtoBe[2m([22m[32mexpected[39m[2m) // Object.is equality[22m

    Expected: [32m"José García-López"[39m
    Received: [31m"José García-López[7mjose.garcia@école.qc.ca[27m"[39m
[2m[22m
[2m    [0m [90m 199 |[39m       complexContacts[33m.[39mforEach(({ input[33m,[39m expectedName[33m,[39m shouldHavePhone[33m,[39m shouldHaveEmail }) [33m=>[39m {[22m
[2m     [90m 200 |[39m         [36mconst[39m result [33m=[39m parseContactString(input)[33m;[39m[22m
[2m    [31m[1m>[22m[2m[39m[90m 201 |[39m         expect(result[33m.[39mname)[33m.[39mtoBe(expectedName)[33m;[39m[22m
[2m     [90m     |[39m                             [31m[1m^[22m[2m[39m[22m
[2m     [90m 202 |[39m[22m
[2m     [90m 203 |[39m         [36mif[39m (shouldHavePhone) {[22m
[2m     [90m 204 |[39m           expect(result[33m.[39mphone)[33m.[39mtoBeTruthy()[33m;[39m[0m[22m
[2m[22m
[2m      [2mat [22m[2m[0m[36mtests/unit/contactParsingAdvanced.test.ts[39m[0m[2m:201:29[22m[2m[22m
[2m          at Array.forEach (<anonymous>)[22m
[2m      [2mat Object.<anonymous> ([22m[2m[0m[36mtests/unit/contactParsingAdvanced.test.ts[39m[0m[2m:199:23)[22m[2m[22m

[1m[31m  [1m● [22m[1mAdvanced Contact Parsing and Validation › Contact String Parsing › should handle various contact string separators[39m[22m

    [2mexpect([22m[31mreceived[39m[2m).[22mtoBe[2m([22m[32mexpected[39m[2m) // Object.is equality[22m

    Expected: [32m"John Smith"[39m
    Received: [31m"John Smith[7m /[27m"[39m
[2m[22m
[2m    [0m [90m 225 |[39m       separatorTests[33m.[39mforEach((contactStr) [33m=>[39m {[22m
[2m     [90m 226 |[39m         [36mconst[39m result [33m=[39m parseContactString(contactStr)[33m;[39m[22m
[2m    [31m[1m>[22m[2m[39m[90m 227 |[39m         expect(result[33m.[39mname)[33m.[39mtoBe([32m'John Smith'[39m)[33m;[39m[22m
[2m     [90m     |[39m                             [31m[1m^[22m[2m[39m[22m
[2m     [90m 228 |[39m         expect(result[33m.[39mphone[33m?[39m[33m.[39misValid)[33m.[39mtoBe([36mtrue[39m)[33m;[39m[22m
[2m     [90m 229 |[39m       })[33m;[39m[22m
[2m     [90m 230 |[39m     })[33m;[39m[0m[22m
[2m[22m
[2m      [2mat [22m[2m[0m[36mtests/unit/contactParsingAdvanced.test.ts[39m[0m[2m:227:29[22m[2m[22m
[2m          at Array.forEach (<anonymous>)[22m
[2m      [2mat Object.<anonymous> ([22m[2m[0m[36mtests/unit/contactParsingAdvanced.test.ts[39m[0m[2m:225:22)[22m[2m[22m

[1m[31m  [1m● [22m[1mAdvanced Contact Parsing and Validation › Contact String Parsing › should handle malformed contact strings gracefully[39m[22m

    [2mexpect([22m[31mreceived[39m[2m).[22mtoContain[2m([22m[32mexpected[39m[2m) // indexOf[22m

    Expected value: [32m"Contact string is required"[39m
    Received array: [31m["Name is required", "Either phone number or email is required"][39m
[2m[22m
[2m    [0m [90m 245 |[39m         [36mif[39m (str [33m===[39m [32m''[39m [33m||[39m str [33m===[39m [32m'   '[39m [33m||[39m str [33m===[39m [36mnull[39m [33m||[39m str [33m===[39m undefined) {[22m
[2m     [90m 246 |[39m           expect(result[33m.[39misValid)[33m.[39mtoBe([36mfalse[39m)[33m;[39m[22m
[2m    [31m[1m>[22m[2m[39m[90m 247 |[39m           expect(result[33m.[39merrors)[33m.[39mtoContain([32m'Contact string is required'[39m)[33m;[39m[22m
[2m     [90m     |[39m                                 [31m[1m^[22m[2m[39m[22m
[2m     [90m 248 |[39m         } [36melse[39m [36mif[39m (str [33m===[39m [32m'Just a name'[39m) {[22m
[2m     [90m 249 |[39m           expect(result[33m.[39misValid)[33m.[39mtoBe([36mfalse[39m)[33m;[39m[22m
[2m     [90m 250 |[39m           expect(result[33m.[39merrors)[33m.[39mtoContain([32m'Either phone number or email is required'[39m)[33m;[39m[0m[22m
[2m[22m
[2m      [2mat [22m[2m[0m[36mtests/unit/contactParsingAdvanced.test.ts[39m[0m[2m:247:33[22m[2m[22m
[2m          at Array.forEach (<anonymous>)[22m
[2m      [2mat Object.<anonymous> ([22m[2m[0m[36mtests/unit/contactParsingAdvanced.test.ts[39m[0m[2m:243:24)[22m[2m[22m

[1m[31m  [1m● [22m[1mAdvanced Contact Parsing and Validation › International and Unicode Support › should handle emoji and special characters in contact strings[39m[22m

    [2mexpect([22m[31mreceived[39m[2m).[22mtoBe[2m([22m[32mexpected[39m[2m) // Object.is equality[22m

    Expected: [32mtrue[39m
    Received: [31mundefined[39m
[2m[22m
[2m    [0m [90m 408 |[39m         [36mconst[39m result [33m=[39m parseContactString(contactStr)[33m;[39m[22m
[2m     [90m 409 |[39m         expect(result[33m.[39mname)[33m.[39mtoBeTruthy()[33m;[39m[22m
[2m    [31m[1m>[22m[2m[39m[90m 410 |[39m         expect(result[33m.[39mphone[33m?[39m[33m.[39misValid)[33m.[39mtoBe([36mtrue[39m)[33m;[39m[22m
[2m     [90m     |[39m                                       [31m[1m^[22m[2m[39m[22m
[2m     [90m 411 |[39m       })[33m;[39m[22m
[2m     [90m 412 |[39m     })[33m;[39m[22m
[2m     [90m 413 |[39m[0m[22m
[2m[22m
[2m      [2mat [22m[2m[0m[36mtests/unit/contactParsingAdvanced.test.ts[39m[0m[2m:410:39[22m[2m[22m
[2m          at Array.forEach (<anonymous>)[22m
[2m      [2mat Object.<anonymous> ([22m[2m[0m[36mtests/unit/contactParsingAdvanced.test.ts[39m[0m[2m:407:20)[22m[2m[22m

[1m[31m  [1m● [22m[1mAdvanced Contact Parsing and Validation › International and Unicode Support › should validate international domain emails[39m[22m

    [2mexpect([22m[31mreceived[39m[2m).[22mtoBe[2m([22m[32mexpected[39m[2m) // Object.is equality[22m

    Expected: [32mtrue[39m
    Received: [31mfalse[39m
[2m[22m
[2m    [0m [90m 424 |[39m         [36mconst[39m result [33m=[39m validateEmail(email)[33m;[39m[22m
[2m     [90m 425 |[39m         [90m// These should work with the current regex[39m[22m
[2m    [31m[1m>[22m[2m[39m[90m 426 |[39m         expect(result[33m.[39misValid)[33m.[39mtoBe([36mtrue[39m)[33m;[39m[22m
[2m     [90m     |[39m                                [31m[1m^[22m[2m[39m[22m
[2m     [90m 427 |[39m       })[33m;[39m[22m
[2m     [90m 428 |[39m     })[33m;[39m[22m
[2m     [90m 429 |[39m   })[33m;[39m[0m[22m
[2m[22m
[2m      [2mat [22m[2m[0m[36mtests/unit/contactParsingAdvanced.test.ts[39m[0m[2m:426:32[22m[2m[22m
[2m          at Array.forEach (<anonymous>)[22m
[2m      [2mat Object.<anonymous> ([22m[2m[0m[36mtests/unit/contactParsingAdvanced.test.ts[39m[0m[2m:423:32)[22m[2m[22m

[1m[31m  [1m● [22m[1mAdvanced Contact Parsing and Validation › Edge Cases and Error Handling › should handle multiple phone numbers in contact string[39m[22m

    [2mexpect([22m[31mreceived[39m[2m).[22mtoBe[2m([22m[32mexpected[39m[2m) // Object.is equality[22m

    Expected: [32m"John Smith"[39m
    Received: [31m"John Smith[7mor 647-555-5678[27m"[39m
[2m[22m
[2m    [0m [90m 445 |[39m       [90m// Should extract the first phone number found[39m[22m
[2m     [90m 446 |[39m       expect(result[33m.[39mphone[33m?[39m[33m.[39misValid)[33m.[39mtoBe([36mtrue[39m)[33m;[39m[22m
[2m    [31m[1m>[22m[2m[39m[90m 447 |[39m       expect(result[33m.[39mname)[33m.[39mtoBe([32m'John Smith'[39m)[33m;[39m[22m
[2m     [90m     |[39m                           [31m[1m^[22m[2m[39m[22m
[2m     [90m 448 |[39m     })[33m;[39m[22m
[2m     [90m 449 |[39m[22m
[2m     [90m 450 |[39m     it([32m'should handle contacts with no names (phone/email only)'[39m[33m,[39m () [33m=>[39m {[0m[22m
[2m[22m
[2m      [2mat Object.<anonymous> ([22m[2m[0m[36mtests/unit/contactParsingAdvanced.test.ts[39m[0m[2m:447:27)[22m[2m[22m

[0m[7m[1m[31m FAIL [39m[22m[27m[0m [0m[7m[37m Unit Tests [39m[27m[0m [2mtests/unit/[22m[1mgptPlanningAgent.test.ts[22m
[1m[31m  [1m● [22m[1mGPTPlanningAgentService › processMessage › should process a simple message successfully[39m[22m

    TypeError: mockCreateCompletion.mockResolvedValueOnce is not a function
[2m[22m
[2m    [0m [90m 72 |[39m       [90m// Mock intent analysis[39m[22m
[2m     [90m 73 |[39m       mockCreateCompletion[22m
[2m    [31m[1m>[22m[2m[39m[90m 74 |[39m         [33m.[39mmockResolvedValueOnce({[22m
[2m     [90m    |[39m          [31m[1m^[22m[2m[39m[22m
[2m     [90m 75 |[39m           choices[33m:[39m [{[22m
[2m     [90m 76 |[39m             message[33m:[39m {[22m
[2m     [90m 77 |[39m               content[33m:[39m [32m'Primary intent: Generate lesson activities\nKey entities: math\nRequired actions: suggest activities\nFollow-up: What grade level?'[39m[0m[22m
[2m[22m
[2m      [2mat Object.<anonymous> ([22m[2m[0m[36mtests/unit/gptPlanningAgent.test.ts[39m[0m[2m:74:10)[22m[2m[22m

[1m[31m  [1m● [22m[1mGPTPlanningAgentService › processMessage › should handle messages with actions[39m[22m

    TypeError: mockCreateCompletion.mockResolvedValueOnce is not a function
[2m[22m
[2m    [0m [90m 109 |[39m       [22m
[2m     [90m 110 |[39m       mockCreateCompletion[22m
[2m    [31m[1m>[22m[2m[39m[90m 111 |[39m         [33m.[39mmockResolvedValueOnce({[22m
[2m     [90m     |[39m          [31m[1m^[22m[2m[39m[22m
[2m     [90m 112 |[39m           choices[33m:[39m [{[22m
[2m     [90m 113 |[39m             message[33m:[39m { content[33m:[39m [32m'Intent: generate activities for fractions'[39m }[22m
[2m     [90m 114 |[39m           }][0m[22m
[2m[22m
[2m      [2mat Object.<anonymous> ([22m[2m[0m[36mtests/unit/gptPlanningAgent.test.ts[39m[0m[2m:111:10)[22m[2m[22m

[1m[31m  [1m● [22m[1mGPTPlanningAgentService › processMessage › should handle API errors gracefully[39m[22m

    TypeError: mockCreateCompletion.mockRejectedValueOnce is not a function
[2m[22m
[2m    [0m [90m 151 |[39m[22m
[2m     [90m 152 |[39m     it([32m'should handle API errors gracefully'[39m[33m,[39m [36masync[39m () [33m=>[39m {[22m
[2m    [31m[1m>[22m[2m[39m[90m 153 |[39m       mockCreateCompletion[33m.[39mmockRejectedValueOnce([36mnew[39m [33mError[39m([32m'API Error'[39m))[33m;[39m[22m
[2m     [90m     |[39m                            [31m[1m^[22m[2m[39m[22m
[2m     [90m 154 |[39m[22m
[2m     [90m 155 |[39m       [36mconst[39m result [33m=[39m [36mawait[39m service[33m.[39mprocessMessage(sessionId[33m,[39m [32m'test message'[39m)[33m;[39m[22m
[2m     [90m 156 |[39m[0m[22m
[2m[22m
[2m      [2mat Object.<anonymous> ([22m[2m[0m[36mtests/unit/gptPlanningAgent.test.ts[39m[0m[2m:153:28)[22m[2m[22m

[1m[31m  [1m● [22m[1mGPTPlanningAgentService › processMessage › should maintain conversation context[39m[22m

    TypeError: mockCreateCompletion.mockResolvedValueOnce is not a function
[2m[22m
[2m    [0m [90m 164 |[39m       [90m// First message[39m[22m
[2m     [90m 165 |[39m       mockCreateCompletion[22m
[2m    [31m[1m>[22m[2m[39m[90m 166 |[39m         [33m.[39mmockResolvedValueOnce({ choices[33m:[39m [{ message[33m:[39m { content[33m:[39m [32m'Analysis 1'[39m } }] })[22m
[2m     [90m     |[39m          [31m[1m^[22m[2m[39m[22m
[2m     [90m 167 |[39m         [33m.[39mmockResolvedValueOnce({[22m
[2m     [90m 168 |[39m           choices[33m:[39m [{[22m
[2m     [90m 169 |[39m             message[33m:[39m {[0m[22m
[2m[22m
[2m      [2mat Object.<anonymous> ([22m[2m[0m[36mtests/unit/gptPlanningAgent.test.ts[39m[0m[2m:166:10)[22m[2m[22m

[1m[31m  [1m● [22m[1mGPTPlanningAgentService › processMessage › should limit conversation history to 10 messages[39m[22m

    TypeError: mockCreateCompletion.mockResolvedValueOnce is not a function
[2m[22m
[2m    [0m [90m 203 |[39m       [36mfor[39m ([36mlet[39m i [33m=[39m [35m0[39m[33m;[39m i [33m<[39m [35m12[39m[33m;[39m i[33m++[39m) {[22m
[2m     [90m 204 |[39m         mockCreateCompletion[22m
[2m    [31m[1m>[22m[2m[39m[90m 205 |[39m           [33m.[39mmockResolvedValueOnce({ choices[33m:[39m [{ message[33m:[39m { content[33m:[39m [32m'Analysis'[39m } }] })[22m
[2m     [90m     |[39m            [31m[1m^[22m[2m[39m[22m
[2m     [90m 206 |[39m           [33m.[39mmockResolvedValueOnce({[22m
[2m     [90m 207 |[39m             choices[33m:[39m [{[22m
[2m     [90m 208 |[39m               message[33m:[39m {[0m[22m
[2m[22m
[2m      [2mat Object.<anonymous> ([22m[2m[0m[36mtests/unit/gptPlanningAgent.test.ts[39m[0m[2m:205:12)[22m[2m[22m

[1m[31m  [1m● [22m[1mGPTPlanningAgentService › getConversationHistory › should return conversation history with timestamps[39m[22m

    TypeError: mockCreateCompletion.mockResolvedValueOnce is not a function
[2m[22m
[2m    [0m [90m 246 |[39m       [90m// Add a message[39m[22m
[2m     [90m 247 |[39m       mockCreateCompletion[22m
[2m    [31m[1m>[22m[2m[39m[90m 248 |[39m         [33m.[39mmockResolvedValueOnce({ choices[33m:[39m [{ message[33m:[39m { content[33m:[39m [32m'Analysis'[39m } }] })[22m
[2m     [90m     |[39m          [31m[1m^[22m[2m[39m[22m
[2m     [90m 249 |[39m         [33m.[39mmockResolvedValueOnce({[22m
[2m     [90m 250 |[39m           choices[33m:[39m [{[22m
[2m     [90m 251 |[39m             message[33m:[39m {[0m[22m
[2m[22m
[2m      [2mat Object.<anonymous> ([22m[2m[0m[36mtests/unit/gptPlanningAgent.test.ts[39m[0m[2m:248:10)[22m[2m[22m

[1m[31m  [1m● [22m[1mGPTPlanningAgentService › getQuickActions › should suggest lesson planning for unit plans with few lessons[39m[22m

    TypeError: upcomingUnitPlans is not iterable
[2m[22m
[2m    [0m [90m 394 |[39m[22m
[2m     [90m 395 |[39m     [90m// Suggest lesson planning for upcoming unit plans with few lessons[39m[22m
[2m    [31m[1m>[22m[2m[39m[90m 396 |[39m     [36mfor[39m ([36mconst[39m unitPlan [36mof[39m upcomingUnitPlans) {[22m
[2m     [90m     |[39m                            [31m[1m^[22m[2m[39m[22m
[2m     [90m 397 |[39m       [36mif[39m (unitPlan[33m.[39mlessonPlans[33m.[39mlength [33m<[39m [35m3[39m) {[22m
[2m     [90m 398 |[39m         suggestions[33m.[39mpush({[22m
[2m     [90m 399 |[39m           label[33m:[39m [32m`Create lesson plans for "${unitPlan.title}"`[39m[33m,[39m[0m[22m
[2m[22m
[2m      [2mat GPTPlanningAgentService.getQuickActions ([22m[2msrc/services/gptPlanningAgent.ts[2m:396:28)[22m[2m[22m
[2m      [2mat Object.<anonymous> ([22m[2m[0m[36mtests/unit/gptPlanningAgent.test.ts[39m[0m[2m:300:27)[22m[2m[22m

[1m[31m  [1m● [22m[1mGPTPlanningAgentService › getQuickActions › should suggest weekly planning on Thursday or later[39m[22m

    TypeError: Date.now is not a function
[2m[22m
[2m    [0m [90m 382 |[39m         startDate[33m:[39m {[22m
[2m     [90m 383 |[39m           gte[33m:[39m [36mnew[39m [33mDate[39m()[33m,[39m[22m
[2m    [31m[1m>[22m[2m[39m[90m 384 |[39m           lte[33m:[39m [36mnew[39m [33mDate[39m([33mDate[39m[33m.[39mnow() [33m+[39m [35m30[39m [33m*[39m [35m24[39m [33m*[39m [35m60[39m [33m*[39m [35m60[39m [33m*[39m [35m1000[39m)[33m,[39m [90m// Next 30 days[39m[22m
[2m     [90m     |[39m                              [31m[1m^[22m[2m[39m[22m
[2m     [90m 385 |[39m         }[33m,[39m[22m
[2m     [90m 386 |[39m       }[33m,[39m[22m
[2m     [90m 387 |[39m       include[33m:[39m {[0m[22m
[2m[22m
[2m      [2mat GPTPlanningAgentService.getQuickActions ([22m[2msrc/services/gptPlanningAgent.ts[2m:384:30)[22m[2m[22m
[2m      [2mat Object.<anonymous> ([22m[2m[0m[36mtests/unit/gptPlanningAgent.test.ts[39m[0m[2m:325:41)[22m[2m[22m

[1m[31m  [1m● [22m[1mGPTPlanningAgentService › getQuickActions › should always include coverage analysis[39m[22m

    TypeError: upcomingUnitPlans is not iterable
[2m[22m
[2m    [0m [90m 394 |[39m[22m
[2m     [90m 395 |[39m     [90m// Suggest lesson planning for upcoming unit plans with few lessons[39m[22m
[2m    [31m[1m>[22m[2m[39m[90m 396 |[39m     [36mfor[39m ([36mconst[39m unitPlan [36mof[39m upcomingUnitPlans) {[22m
[2m     [90m     |[39m                            [31m[1m^[22m[2m[39m[22m
[2m     [90m 397 |[39m       [36mif[39m (unitPlan[33m.[39mlessonPlans[33m.[39mlength [33m<[39m [35m3[39m) {[22m
[2m     [90m 398 |[39m         suggestions[33m.[39mpush({[22m
[2m     [90m 399 |[39m           label[33m:[39m [32m`Create lesson plans for "${unitPlan.title}"`[39m[33m,[39m[0m[22m
[2m[22m
[2m      [2mat GPTPlanningAgentService.getQuickActions ([22m[2msrc/services/gptPlanningAgent.ts[2m:396:28)[22m[2m[22m
[2m      [2mat Object.<anonymous> ([22m[2m[0m[36mtests/unit/gptPlanningAgent.test.ts[39m[0m[2m:343:27)[22m[2m[22m

[1m[31m  [1m● [22m[1mGPTPlanningAgentService › getQuickActions › should limit suggestions to 4[39m[22m

    TypeError: upcomingUnitPlans is not iterable
[2m[22m
[2m    [0m [90m 394 |[39m[22m
[2m     [90m 395 |[39m     [90m// Suggest lesson planning for upcoming unit plans with few lessons[39m[22m
[2m    [31m[1m>[22m[2m[39m[90m 396 |[39m     [36mfor[39m ([36mconst[39m unitPlan [36mof[39m upcomingUnitPlans) {[22m
[2m     [90m     |[39m                            [31m[1m^[22m[2m[39m[22m
[2m     [90m 397 |[39m       [36mif[39m (unitPlan[33m.[39mlessonPlans[33m.[39mlength [33m<[39m [35m3[39m) {[22m
[2m     [90m 398 |[39m         suggestions[33m.[39mpush({[22m
[2m     [90m 399 |[39m           label[33m:[39m [32m`Create lesson plans for "${unitPlan.title}"`[39m[33m,[39m[0m[22m
[2m[22m
[2m      [2mat GPTPlanningAgentService.getQuickActions ([22m[2msrc/services/gptPlanningAgent.ts[2m:396:28)[22m[2m[22m
[2m      [2mat Object.<anonymous> ([22m[2m[0m[36mtests/unit/gptPlanningAgent.test.ts[39m[0m[2m:368:27)[22m[2m[22m

[1m[31m  [1m● [22m[1mGPTPlanningAgentService › Action execution › should execute generate_activity action[39m[22m

    TypeError: mockCreateCompletion.mockResolvedValueOnce is not a function
[2m[22m
[2m    [0m [90m 416 |[39m     it([32m'should execute generate_activity action'[39m[33m,[39m [36masync[39m () [33m=>[39m {[22m
[2m     [90m 417 |[39m       mockCreateCompletion[22m
[2m    [31m[1m>[22m[2m[39m[90m 418 |[39m         [33m.[39mmockResolvedValueOnce({ choices[33m:[39m [{ message[33m:[39m { content[33m:[39m [32m'Analysis'[39m } }] })[22m
[2m     [90m     |[39m          [31m[1m^[22m[2m[39m[22m
[2m     [90m 419 |[39m         [33m.[39mmockResolvedValueOnce({[22m
[2m     [90m 420 |[39m           choices[33m:[39m [{[22m
[2m     [90m 421 |[39m             message[33m:[39m {[0m[22m
[2m[22m
[2m      [2mat Object.<anonymous> ([22m[2m[0m[36mtests/unit/gptPlanningAgent.test.ts[39m[0m[2m:418:10)[22m[2m[22m

[1m[31m  [1m● [22m[1mGPTPlanningAgentService › Action execution › should execute generate_plan action[39m[22m

    TypeError: mockCreateCompletion.mockResolvedValueOnce is not a function
[2m[22m
[2m    [0m [90m 444 |[39m     it([32m'should execute generate_plan action'[39m[33m,[39m [36masync[39m () [33m=>[39m {[22m
[2m     [90m 445 |[39m       mockCreateCompletion[22m
[2m    [31m[1m>[22m[2m[39m[90m 446 |[39m         [33m.[39mmockResolvedValueOnce({ choices[33m:[39m [{ message[33m:[39m { content[33m:[39m [32m'Analysis'[39m } }] })[22m
[2m     [90m     |[39m          [31m[1m^[22m[2m[39m[22m
[2m     [90m 447 |[39m         [33m.[39mmockResolvedValueOnce({[22m
[2m     [90m 448 |[39m           choices[33m:[39m [{[22m
[2m     [90m 449 |[39m             message[33m:[39m {[0m[22m
[2m[22m
[2m      [2mat Object.<anonymous> ([22m[2m[0m[36mtests/unit/gptPlanningAgent.test.ts[39m[0m[2m:446:10)[22m[2m[22m

[1m[31m  [1m● [22m[1mGPTPlanningAgentService › Action execution › should execute analyze_coverage action[39m[22m

    TypeError: mockCreateCompletion.mockResolvedValueOnce is not a function
[2m[22m
[2m    [0m [90m 472 |[39m     it([32m'should execute analyze_coverage action'[39m[33m,[39m [36masync[39m () [33m=>[39m {[22m
[2m     [90m 473 |[39m       mockCreateCompletion[22m
[2m    [31m[1m>[22m[2m[39m[90m 474 |[39m         [33m.[39mmockResolvedValueOnce({ choices[33m:[39m [{ message[33m:[39m { content[33m:[39m [32m'Analysis'[39m } }] })[22m
[2m     [90m     |[39m          [31m[1m^[22m[2m[39m[22m
[2m     [90m 475 |[39m         [33m.[39mmockResolvedValueOnce({[22m
[2m     [90m 476 |[39m           choices[33m:[39m [{[22m
[2m     [90m 477 |[39m             message[33m:[39m {[0m[22m
[2m[22m
[2m      [2mat Object.<anonymous> ([22m[2m[0m[36mtests/unit/gptPlanningAgent.test.ts[39m[0m[2m:474:10)[22m[2m[22m

[1m[31m  [1m● [22m[1mGPTPlanningAgentService › Action execution › should handle unknown action types[39m[22m

    TypeError: mockCreateCompletion.mockResolvedValueOnce is not a function
[2m[22m
[2m    [0m [90m 500 |[39m     it([32m'should handle unknown action types'[39m[33m,[39m [36masync[39m () [33m=>[39m {[22m
[2m     [90m 501 |[39m       mockCreateCompletion[22m
[2m    [31m[1m>[22m[2m[39m[90m 502 |[39m         [33m.[39mmockResolvedValueOnce({ choices[33m:[39m [{ message[33m:[39m { content[33m:[39m [32m'Analysis'[39m } }] })[22m
[2m     [90m     |[39m          [31m[1m^[22m[2m[39m[22m
[2m     [90m 503 |[39m         [33m.[39mmockResolvedValueOnce({[22m
[2m     [90m 504 |[39m           choices[33m:[39m [{[22m
[2m     [90m 505 |[39m             message[33m:[39m {[0m[22m
[2m[22m
[2m      [2mat Object.<anonymous> ([22m[2m[0m[36mtests/unit/gptPlanningAgent.test.ts[39m[0m[2m:502:10)[22m[2m[22m

[1m[31m  [1m● [22m[1mGPTPlanningAgentService › Action execution › should handle action execution errors[39m[22m

    TypeError: mockCreateCompletion.mockResolvedValueOnce is not a function
[2m[22m
[2m    [0m [90m 526 |[39m[22m
[2m     [90m 527 |[39m       mockCreateCompletion[22m
[2m    [31m[1m>[22m[2m[39m[90m 528 |[39m         [33m.[39mmockResolvedValueOnce({ choices[33m:[39m [{ message[33m:[39m { content[33m:[39m [32m'Analysis'[39m } }] })[22m
[2m     [90m     |[39m          [31m[1m^[22m[2m[39m[22m
[2m     [90m 529 |[39m         [33m.[39mmockResolvedValueOnce({[22m
[2m     [90m 530 |[39m           choices[33m:[39m [{[22m
[2m     [90m 531 |[39m             message[33m:[39m {[0m[22m
[2m[22m
[2m      [2mat Object.<anonymous> ([22m[2m[0m[36mtests/unit/gptPlanningAgent.test.ts[39m[0m[2m:528:10)[22m[2m[22m

[1m[31m  [1m● [22m[1mGPTPlanningAgentService › Fallback responses › should provide activity-related fallback[39m[22m

    TypeError: mockCreateCompletion.mockResolvedValueOnce is not a function
[2m[22m
[2m    [0m [90m 557 |[39m     it([32m'should provide activity-related fallback'[39m[33m,[39m [36masync[39m () [33m=>[39m {[22m
[2m     [90m 558 |[39m       mockCreateCompletion[22m
[2m    [31m[1m>[22m[2m[39m[90m 559 |[39m         [33m.[39mmockResolvedValueOnce({ choices[33m:[39m [{ message[33m:[39m { content[33m:[39m [32m'Analysis'[39m } }] })[22m
[2m     [90m     |[39m          [31m[1m^[22m[2m[39m[22m
[2m     [90m 560 |[39m         [33m.[39mmockRejectedValueOnce([36mnew[39m [33mError[39m([32m'Response generation failed'[39m))[33m;[39m[22m
[2m     [90m 561 |[39m[22m
[2m     [90m 562 |[39m       [36mconst[39m result [33m=[39m [36mawait[39m service[33m.[39mprocessMessage(sessionId[33m,[39m [32m'I need an activity for tomorrow'[39m)[33m;[39m[0m[22m
[2m[22m
[2m      [2mat Object.<anonymous> ([22m[2m[0m[36mtests/unit/gptPlanningAgent.test.ts[39m[0m[2m:559:10)[22m[2m[22m

[1m[31m  [1m● [22m[1mGPTPlanningAgentService › Fallback responses › should provide planning-related fallback[39m[22m

    TypeError: mockCreateCompletion.mockResolvedValueOnce is not a function
[2m[22m
[2m    [0m [90m 568 |[39m     it([32m'should provide planning-related fallback'[39m[33m,[39m [36masync[39m () [33m=>[39m {[22m
[2m     [90m 569 |[39m       mockCreateCompletion[22m
[2m    [31m[1m>[22m[2m[39m[90m 570 |[39m         [33m.[39mmockResolvedValueOnce({ choices[33m:[39m [{ message[33m:[39m { content[33m:[39m [32m'Analysis'[39m } }] })[22m
[2m     [90m     |[39m          [31m[1m^[22m[2m[39m[22m
[2m     [90m 571 |[39m         [33m.[39mmockRejectedValueOnce([36mnew[39m [33mError[39m([32m'Response generation failed'[39m))[33m;[39m[22m
[2m     [90m 572 |[39m[22m
[2m     [90m 573 |[39m       [36mconst[39m result [33m=[39m [36mawait[39m service[33m.[39mprocessMessage(sessionId[33m,[39m [32m'Help me plan next week'[39m)[33m;[39m[0m[22m
[2m[22m
[2m      [2mat Object.<anonymous> ([22m[2m[0m[36mtests/unit/gptPlanningAgent.test.ts[39m[0m[2m:570:10)[22m[2m[22m

[1m[31m  [1m● [22m[1mGPTPlanningAgentService › Fallback responses › should provide coverage-related fallback[39m[22m

    TypeError: mockCreateCompletion.mockResolvedValueOnce is not a function
[2m[22m
[2m    [0m [90m 578 |[39m     it([32m'should provide coverage-related fallback'[39m[33m,[39m [36masync[39m () [33m=>[39m {[22m
[2m     [90m 579 |[39m       mockCreateCompletion[22m
[2m    [31m[1m>[22m[2m[39m[90m 580 |[39m         [33m.[39mmockResolvedValueOnce({ choices[33m:[39m [{ message[33m:[39m { content[33m:[39m [32m'Analysis'[39m } }] })[22m
[2m     [90m     |[39m          [31m[1m^[22m[2m[39m[22m
[2m     [90m 581 |[39m         [33m.[39mmockRejectedValueOnce([36mnew[39m [33mError[39m([32m'Response generation failed'[39m))[33m;[39m[22m
[2m     [90m 582 |[39m[22m
[2m     [90m 583 |[39m       [36mconst[39m result [33m=[39m [36mawait[39m service[33m.[39mprocessMessage(sessionId[33m,[39m [32m'Check my curriculum coverage'[39m)[33m;[39m[0m[22m
[2m[22m
[2m      [2mat Object.<anonymous> ([22m[2m[0m[36mtests/unit/gptPlanningAgent.test.ts[39m[0m[2m:580:10)[22m[2m[22m

[1m[31m  [1m● [22m[1mGPTPlanningAgentService › Fallback responses › should provide help-related fallback[39m[22m

    TypeError: mockCreateCompletion.mockResolvedValueOnce is not a function
[2m[22m
[2m    [0m [90m 588 |[39m     it([32m'should provide help-related fallback'[39m[33m,[39m [36masync[39m () [33m=>[39m {[22m
[2m     [90m 589 |[39m       mockCreateCompletion[22m
[2m    [31m[1m>[22m[2m[39m[90m 590 |[39m         [33m.[39mmockResolvedValueOnce({ choices[33m:[39m [{ message[33m:[39m { content[33m:[39m [32m'Analysis'[39m } }] })[22m
[2m     [90m     |[39m          [31m[1m^[22m[2m[39m[22m
[2m     [90m 591 |[39m         [33m.[39mmockRejectedValueOnce([36mnew[39m [33mError[39m([32m'Response generation failed'[39m))[33m;[39m[22m
[2m     [90m 592 |[39m[22m
[2m     [90m 593 |[39m       [36mconst[39m result [33m=[39m [36mawait[39m service[33m.[39mprocessMessage(sessionId[33m,[39m [32m'I need help'[39m)[33m;[39m[0m[22m
[2m[22m
[2m      [2mat Object.<anonymous> ([22m[2m[0m[36mtests/unit/gptPlanningAgent.test.ts[39m[0m[2m:590:10)[22m[2m[22m

[1m[31m  [1m● [22m[1mGPTPlanningAgentService › Fallback responses › should provide generic fallback for unrecognized input[39m[22m

    TypeError: mockCreateCompletion.mockResolvedValueOnce is not a function
[2m[22m
[2m    [0m [90m 599 |[39m     it([32m'should provide generic fallback for unrecognized input'[39m[33m,[39m [36masync[39m () [33m=>[39m {[22m
[2m     [90m 600 |[39m       mockCreateCompletion[22m
[2m    [31m[1m>[22m[2m[39m[90m 601 |[39m         [33m.[39mmockResolvedValueOnce({ choices[33m:[39m [{ message[33m:[39m { content[33m:[39m [32m'Analysis'[39m } }] })[22m
[2m     [90m     |[39m          [31m[1m^[22m[2m[39m[22m
[2m     [90m 602 |[39m         [33m.[39mmockRejectedValueOnce([36mnew[39m [33mError[39m([32m'Response generation failed'[39m))[33m;[39m[22m
[2m     [90m 603 |[39m[22m
[2m     [90m 604 |[39m       [36mconst[39m result [33m=[39m [36mawait[39m service[33m.[39mprocessMessage(sessionId[33m,[39m [32m'Random unrelated message'[39m)[33m;[39m[0m[22m
[2m[22m
[2m      [2mat Object.<anonymous> ([22m[2m[0m[36mtests/unit/gptPlanningAgent.test.ts[39m[0m[2m:601:10)[22m[2m[22m

[1m[31m  [1m● [22m[1mGPTPlanningAgentService › Helper methods › should calculate next Monday correctly[39m[22m

    [2mexpect([22m[31mreceived[39m[2m).[22mtoBe[2m([22m[32mexpected[39m[2m) // Object.is equality[22m

    Expected: [32m"2024-01-[7m15[27m"[39m
    Received: [31m"2024-01-[7m09[27m"[39m
[2m[22m
[2m    [0m [90m 624 |[39m         jest[33m.[39mspyOn(global[33m,[39m [32m'Date'[39m)[33m.[39mmockImplementation(() [33m=>[39m day [36mas[39m any)[33m;[39m[22m
[2m     [90m 625 |[39m         [36mconst[39m nextMonday [33m=[39m service[[32m'getNextMonday'[39m]()[33m;[39m[22m
[2m    [31m[1m>[22m[2m[39m[90m 626 |[39m         expect(nextMonday)[33m.[39mtoBe(expected)[33m;[39m[22m
[2m     [90m     |[39m                            [31m[1m^[22m[2m[39m[22m
[2m     [90m 627 |[39m         jest[33m.[39mrestoreAllMocks()[33m;[39m[22m
[2m     [90m 628 |[39m       })[33m;[39m[22m
[2m     [90m 629 |[39m     })[33m;[39m[0m[22m
[2m[22m
[2m      [2mat [22m[2m[0m[36mtests/unit/gptPlanningAgent.test.ts[39m[0m[2m:626:28[22m[2m[22m
[2m          at Array.forEach (<anonymous>)[22m
[2m      [2mat Object.<anonymous> ([22m[2m[0m[36mtests/unit/gptPlanningAgent.test.ts[39m[0m[2m:623:17)[22m[2m[22m

{"level":30,"time":1751327598892,"pid":45951,"hostname":"MacBook-Pro-4.local","msg":"Planning session started for user 42, session test-session-456"}
{"level":30,"time":1751327598899,"pid":45951,"hostname":"MacBook-Pro-4.local","msg":"Planning session started for user 1, session test-session"}
{"level":30,"time":1751327598910,"pid":45951,"hostname":"MacBook-Pro-4.local","msg":"Planning session started for user 1, session test-session"}
{"level":30,"time":1751327598912,"pid":45951,"hostname":"MacBook-Pro-4.local","msg":"Planning session started for user 1, session test-session"}
{"level":30,"time":1751327598926,"pid":45951,"hostname":"MacBook-Pro-4.local","msg":"Planning session started for user 1, session test-session"}
{"level":30,"time":1751327598928,"pid":45951,"hostname":"MacBook-Pro-4.local","msg":"Planning session started for user 1, session test-session"}
{"level":30,"time":1751327598929,"pid":45951,"hostname":"MacBook-Pro-4.local","msg":"Planning session started for user 1, session test-session"}
{"level":30,"time":1751327598947,"pid":45951,"hostname":"MacBook-Pro-4.local","msg":"Planning session started for user 1, session test-session"}
{"level":30,"time":1751327598948,"pid":45951,"hostname":"MacBook-Pro-4.local","msg":"Planning session started for user 1, session test-session"}
{"level":30,"time":1751327598974,"pid":45951,"hostname":"MacBook-Pro-4.local","msg":"Planning session started for user 1, session old-session"}
{"level":30,"time":1751327598974,"pid":45951,"hostname":"MacBook-Pro-4.local","msg":"Planning session started for user 1, session new-session"}
{"level":30,"time":1751327598977,"pid":45951,"hostname":"MacBook-Pro-4.local","msg":"Planning session started for user 1, session test-session"}
{"level":30,"time":1751327598979,"pid":45951,"hostname":"MacBook-Pro-4.local","msg":"Planning session started for user 1, session test-session"}
{"level":30,"time":1751327598980,"pid":45951,"hostname":"MacBook-Pro-4.local","msg":"Planning session started for user 1, session test-session"}
{"level":30,"time":1751327598981,"pid":45951,"hostname":"MacBook-Pro-4.local","msg":"Planning session started for user 1, session test-session"}
{"level":30,"time":1751327598983,"pid":45951,"hostname":"MacBook-Pro-4.local","msg":"Planning session started for user 1, session test-session"}
{"level":30,"time":1751327598984,"pid":45951,"hostname":"MacBook-Pro-4.local","msg":"Planning session started for user 1, session test-session"}
{"level":30,"time":1751327598996,"pid":45951,"hostname":"MacBook-Pro-4.local","msg":"Planning session started for user 1, session test-session"}
{"level":30,"time":1751327598997,"pid":45951,"hostname":"MacBook-Pro-4.local","msg":"Planning session started for user 1, session test-session"}
{"level":30,"time":1751327599004,"pid":45951,"hostname":"MacBook-Pro-4.local","msg":"Planning session started for user 1, session test-session"}
{"level":30,"time":1751327599007,"pid":45951,"hostname":"MacBook-Pro-4.local","msg":"Planning session started for user 1, session test-session"}
{"level":40,"time":1751327599397,"pid":45946,"hostname":"MacBook-Pro-4.local","service":"CurriculumImportService","lineNumber":4,"line":"with actual newlines\",Math,1,Number","msg":"Skipping invalid CSV line"}
[0m[7m[1m[32m PASS [39m[22m[27m[0m [0m[7m[37m Unit Tests [39m[27m[0m [2mtests/unit/[22m[1mcurriculumImportService.extended.test.ts[22m
[0m[7m[1m[31m FAIL [39m[22m[27m[0m [0m[7m[37m Unit Tests [39m[27m[0m [2mtests/unit/[22m[1mllmService.comprehensive.test.ts[22m
[1m[31m  [1m● [22m[1mLLMService Comprehensive Unit Tests › generateContent - Core Functionality › should return placeholder content when no API key is configured[39m[22m

    TypeError: mockGenerateContent.mockResolvedValue is not a function
[2m[22m
[2m    [0m [90m 41 |[39m     [22m
[2m     [90m 42 |[39m     [90m// Setup default mock implementations[39m[22m
[2m    [31m[1m>[22m[2m[39m[90m 43 |[39m     mockGenerateContent[33m.[39mmockResolvedValue([32m'Mock generated content'[39m)[33m;[39m[22m
[2m     [90m    |[39m                         [31m[1m^[22m[2m[39m[22m
[2m     [90m 44 |[39m     mockGenerateBilingualContent[33m.[39mmockResolvedValue({[22m
[2m     [90m 45 |[39m       english[33m:[39m [32m'Mock English content'[39m[33m,[39m[22m
[2m     [90m 46 |[39m       french[33m:[39m [32m'Mock French content'[39m[33m,[39m[0m[22m
[2m[22m
[2m      [2mat Object.<anonymous> ([22m[2m[0m[36mtests/unit/llmService.comprehensive.test.ts[39m[0m[2m:43:25)[22m[2m[22m

[1m[31m  [1m● [22m[1mLLMService Comprehensive Unit Tests › generateContent - Core Functionality › should generate content with user prompt only[39m[22m

    TypeError: mockGenerateContent.mockResolvedValue is not a function
[2m[22m
[2m    [0m [90m 41 |[39m     [22m
[2m     [90m 42 |[39m     [90m// Setup default mock implementations[39m[22m
[2m    [31m[1m>[22m[2m[39m[90m 43 |[39m     mockGenerateContent[33m.[39mmockResolvedValue([32m'Mock generated content'[39m)[33m;[39m[22m
[2m     [90m    |[39m                         [31m[1m^[22m[2m[39m[22m
[2m     [90m 44 |[39m     mockGenerateBilingualContent[33m.[39mmockResolvedValue({[22m
[2m     [90m 45 |[39m       english[33m:[39m [32m'Mock English content'[39m[33m,[39m[22m
[2m     [90m 46 |[39m       french[33m:[39m [32m'Mock French content'[39m[33m,[39m[0m[22m
[2m[22m
[2m      [2mat Object.<anonymous> ([22m[2m[0m[36mtests/unit/llmService.comprehensive.test.ts[39m[0m[2m:43:25)[22m[2m[22m

[1m[31m  [1m● [22m[1mLLMService Comprehensive Unit Tests › generateContent - Core Functionality › should generate content with system message[39m[22m

    TypeError: mockGenerateContent.mockResolvedValue is not a function
[2m[22m
[2m    [0m [90m 41 |[39m     [22m
[2m     [90m 42 |[39m     [90m// Setup default mock implementations[39m[22m
[2m    [31m[1m>[22m[2m[39m[90m 43 |[39m     mockGenerateContent[33m.[39mmockResolvedValue([32m'Mock generated content'[39m)[33m;[39m[22m
[2m     [90m    |[39m                         [31m[1m^[22m[2m[39m[22m
[2m     [90m 44 |[39m     mockGenerateBilingualContent[33m.[39mmockResolvedValue({[22m
[2m     [90m 45 |[39m       english[33m:[39m [32m'Mock English content'[39m[33m,[39m[22m
[2m     [90m 46 |[39m       french[33m:[39m [32m'Mock French content'[39m[33m,[39m[0m[22m
[2m[22m
[2m      [2mat Object.<anonymous> ([22m[2m[0m[36mtests/unit/llmService.comprehensive.test.ts[39m[0m[2m:43:25)[22m[2m[22m

[1m[31m  [1m● [22m[1mLLMService Comprehensive Unit Tests › generateContent - Core Functionality › should handle educational prompts correctly[39m[22m

    TypeError: mockGenerateContent.mockResolvedValue is not a function
[2m[22m
[2m    [0m [90m 41 |[39m     [22m
[2m     [90m 42 |[39m     [90m// Setup default mock implementations[39m[22m
[2m    [31m[1m>[22m[2m[39m[90m 43 |[39m     mockGenerateContent[33m.[39mmockResolvedValue([32m'Mock generated content'[39m)[33m;[39m[22m
[2m     [90m    |[39m                         [31m[1m^[22m[2m[39m[22m
[2m     [90m 44 |[39m     mockGenerateBilingualContent[33m.[39mmockResolvedValue({[22m
[2m     [90m 45 |[39m       english[33m:[39m [32m'Mock English content'[39m[33m,[39m[22m
[2m     [90m 46 |[39m       french[33m:[39m [32m'Mock French content'[39m[33m,[39m[0m[22m
[2m[22m
[2m      [2mat Object.<anonymous> ([22m[2m[0m[36mtests/unit/llmService.comprehensive.test.ts[39m[0m[2m:43:25)[22m[2m[22m

[1m[31m  [1m● [22m[1mLLMService Comprehensive Unit Tests › generateContent - Core Functionality › should handle curriculum-specific prompts[39m[22m

    TypeError: mockGenerateContent.mockResolvedValue is not a function
[2m[22m
[2m    [0m [90m 41 |[39m     [22m
[2m     [90m 42 |[39m     [90m// Setup default mock implementations[39m[22m
[2m    [31m[1m>[22m[2m[39m[90m 43 |[39m     mockGenerateContent[33m.[39mmockResolvedValue([32m'Mock generated content'[39m)[33m;[39m[22m
[2m     [90m    |[39m                         [31m[1m^[22m[2m[39m[22m
[2m     [90m 44 |[39m     mockGenerateBilingualContent[33m.[39mmockResolvedValue({[22m
[2m     [90m 45 |[39m       english[33m:[39m [32m'Mock English content'[39m[33m,[39m[22m
[2m     [90m 46 |[39m       french[33m:[39m [32m'Mock French content'[39m[33m,[39m[0m[22m
[2m[22m
[2m      [2mat Object.<anonymous> ([22m[2m[0m[36mtests/unit/llmService.comprehensive.test.ts[39m[0m[2m:43:25)[22m[2m[22m

[1m[31m  [1m● [22m[1mLLMService Comprehensive Unit Tests › generateContent - Error Handling › should handle missing content gracefully[39m[22m

    TypeError: mockGenerateContent.mockResolvedValue is not a function
[2m[22m
[2m    [0m [90m 41 |[39m     [22m
[2m     [90m 42 |[39m     [90m// Setup default mock implementations[39m[22m
[2m    [31m[1m>[22m[2m[39m[90m 43 |[39m     mockGenerateContent[33m.[39mmockResolvedValue([32m'Mock generated content'[39m)[33m;[39m[22m
[2m     [90m    |[39m                         [31m[1m^[22m[2m[39m[22m
[2m     [90m 44 |[39m     mockGenerateBilingualContent[33m.[39mmockResolvedValue({[22m
[2m     [90m 45 |[39m       english[33m:[39m [32m'Mock English content'[39m[33m,[39m[22m
[2m     [90m 46 |[39m       french[33m:[39m [32m'Mock French content'[39m[33m,[39m[0m[22m
[2m[22m
[2m      [2mat Object.<anonymous> ([22m[2m[0m[36mtests/unit/llmService.comprehensive.test.ts[39m[0m[2m:43:25)[22m[2m[22m

[1m[31m  [1m● [22m[1mLLMService Comprehensive Unit Tests › generateContent - Error Handling › should handle API errors gracefully[39m[22m

    TypeError: mockGenerateContent.mockResolvedValue is not a function
[2m[22m
[2m    [0m [90m 41 |[39m     [22m
[2m     [90m 42 |[39m     [90m// Setup default mock implementations[39m[22m
[2m    [31m[1m>[22m[2m[39m[90m 43 |[39m     mockGenerateContent[33m.[39mmockResolvedValue([32m'Mock generated content'[39m)[33m;[39m[22m
[2m     [90m    |[39m                         [31m[1m^[22m[2m[39m[22m
[2m     [90m 44 |[39m     mockGenerateBilingualContent[33m.[39mmockResolvedValue({[22m
[2m     [90m 45 |[39m       english[33m:[39m [32m'Mock English content'[39m[33m,[39m[22m
[2m     [90m 46 |[39m       french[33m:[39m [32m'Mock French content'[39m[33m,[39m[0m[22m
[2m[22m
[2m      [2mat Object.<anonymous> ([22m[2m[0m[36mtests/unit/llmService.comprehensive.test.ts[39m[0m[2m:43:25)[22m[2m[22m

[1m[31m  [1m● [22m[1mLLMService Comprehensive Unit Tests › generateContent - Error Handling › should handle network timeouts[39m[22m

    TypeError: mockGenerateContent.mockResolvedValue is not a function
[2m[22m
[2m    [0m [90m 41 |[39m     [22m
[2m     [90m 42 |[39m     [90m// Setup default mock implementations[39m[22m
[2m    [31m[1m>[22m[2m[39m[90m 43 |[39m     mockGenerateContent[33m.[39mmockResolvedValue([32m'Mock generated content'[39m)[33m;[39m[22m
[2m     [90m    |[39m                         [31m[1m^[22m[2m[39m[22m
[2m     [90m 44 |[39m     mockGenerateBilingualContent[33m.[39mmockResolvedValue({[22m
[2m     [90m 45 |[39m       english[33m:[39m [32m'Mock English content'[39m[33m,[39m[22m
[2m     [90m 46 |[39m       french[33m:[39m [32m'Mock French content'[39m[33m,[39m[0m[22m
[2m[22m
[2m      [2mat Object.<anonymous> ([22m[2m[0m[36mtests/unit/llmService.comprehensive.test.ts[39m[0m[2m:43:25)[22m[2m[22m

[1m[31m  [1m● [22m[1mLLMService Comprehensive Unit Tests › generateContent - Error Handling › should handle rate limit errors[39m[22m

    TypeError: mockGenerateContent.mockResolvedValue is not a function
[2m[22m
[2m    [0m [90m 41 |[39m     [22m
[2m     [90m 42 |[39m     [90m// Setup default mock implementations[39m[22m
[2m    [31m[1m>[22m[2m[39m[90m 43 |[39m     mockGenerateContent[33m.[39mmockResolvedValue([32m'Mock generated content'[39m)[33m;[39m[22m
[2m     [90m    |[39m                         [31m[1m^[22m[2m[39m[22m
[2m     [90m 44 |[39m     mockGenerateBilingualContent[33m.[39mmockResolvedValue({[22m
[2m     [90m 45 |[39m       english[33m:[39m [32m'Mock English content'[39m[33m,[39m[22m
[2m     [90m 46 |[39m       french[33m:[39m [32m'Mock French content'[39m[33m,[39m[0m[22m
[2m[22m
[2m      [2mat Object.<anonymous> ([22m[2m[0m[36mtests/unit/llmService.comprehensive.test.ts[39m[0m[2m:43:25)[22m[2m[22m

[1m[31m  [1m● [22m[1mLLMService Comprehensive Unit Tests › generateContent - Error Handling › should handle authentication errors[39m[22m

    TypeError: mockGenerateContent.mockResolvedValue is not a function
[2m[22m
[2m    [0m [90m 41 |[39m     [22m
[2m     [90m 42 |[39m     [90m// Setup default mock implementations[39m[22m
[2m    [31m[1m>[22m[2m[39m[90m 43 |[39m     mockGenerateContent[33m.[39mmockResolvedValue([32m'Mock generated content'[39m)[33m;[39m[22m
[2m     [90m    |[39m                         [31m[1m^[22m[2m[39m[22m
[2m     [90m 44 |[39m     mockGenerateBilingualContent[33m.[39mmockResolvedValue({[22m
[2m     [90m 45 |[39m       english[33m:[39m [32m'Mock English content'[39m[33m,[39m[22m
[2m     [90m 46 |[39m       french[33m:[39m [32m'Mock French content'[39m[33m,[39m[0m[22m
[2m[22m
[2m      [2mat Object.<anonymous> ([22m[2m[0m[36mtests/unit/llmService.comprehensive.test.ts[39m[0m[2m:43:25)[22m[2m[22m

[1m[31m  [1m● [22m[1mLLMService Comprehensive Unit Tests › generateBilingualContent - Core Functionality › should return placeholder content in both languages when no API key[39m[22m

    TypeError: mockGenerateContent.mockResolvedValue is not a function
[2m[22m
[2m    [0m [90m 41 |[39m     [22m
[2m     [90m 42 |[39m     [90m// Setup default mock implementations[39m[22m
[2m    [31m[1m>[22m[2m[39m[90m 43 |[39m     mockGenerateContent[33m.[39mmockResolvedValue([32m'Mock generated content'[39m)[33m;[39m[22m
[2m     [90m    |[39m                         [31m[1m^[22m[2m[39m[22m
[2m     [90m 44 |[39m     mockGenerateBilingualContent[33m.[39mmockResolvedValue({[22m
[2m     [90m 45 |[39m       english[33m:[39m [32m'Mock English content'[39m[33m,[39m[22m
[2m     [90m 46 |[39m       french[33m:[39m [32m'Mock French content'[39m[33m,[39m[0m[22m
[2m[22m
[2m      [2mat Object.<anonymous> ([22m[2m[0m[36mtests/unit/llmService.comprehensive.test.ts[39m[0m[2m:43:25)[22m[2m[22m

[1m[31m  [1m● [22m[1mLLMService Comprehensive Unit Tests › generateBilingualContent - Core Functionality › should generate and parse bilingual content correctly[39m[22m

    TypeError: mockGenerateContent.mockResolvedValue is not a function
[2m[22m
[2m    [0m [90m 41 |[39m     [22m
[2m     [90m 42 |[39m     [90m// Setup default mock implementations[39m[22m
[2m    [31m[1m>[22m[2m[39m[90m 43 |[39m     mockGenerateContent[33m.[39mmockResolvedValue([32m'Mock generated content'[39m)[33m;[39m[22m
[2m     [90m    |[39m                         [31m[1m^[22m[2m[39m[22m
[2m     [90m 44 |[39m     mockGenerateBilingualContent[33m.[39mmockResolvedValue({[22m
[2m     [90m 45 |[39m       english[33m:[39m [32m'Mock English content'[39m[33m,[39m[22m
[2m     [90m 46 |[39m       french[33m:[39m [32m'Mock French content'[39m[33m,[39m[0m[22m
[2m[22m
[2m      [2mat Object.<anonymous> ([22m[2m[0m[36mtests/unit/llmService.comprehensive.test.ts[39m[0m[2m:43:25)[22m[2m[22m

[1m[31m  [1m● [22m[1mLLMService Comprehensive Unit Tests › generateBilingualContent - Core Functionality › should handle ETFO bilingual requirements[39m[22m

    TypeError: mockGenerateContent.mockResolvedValue is not a function
[2m[22m
[2m    [0m [90m 41 |[39m     [22m
[2m     [90m 42 |[39m     [90m// Setup default mock implementations[39m[22m
[2m    [31m[1m>[22m[2m[39m[90m 43 |[39m     mockGenerateContent[33m.[39mmockResolvedValue([32m'Mock generated content'[39m)[33m;[39m[22m
[2m     [90m    |[39m                         [31m[1m^[22m[2m[39m[22m
[2m     [90m 44 |[39m     mockGenerateBilingualContent[33m.[39mmockResolvedValue({[22m
[2m     [90m 45 |[39m       english[33m:[39m [32m'Mock English content'[39m[33m,[39m[22m
[2m     [90m 46 |[39m       french[33m:[39m [32m'Mock French content'[39m[33m,[39m[0m[22m
[2m[22m
[2m      [2mat Object.<anonymous> ([22m[2m[0m[36mtests/unit/llmService.comprehensive.test.ts[39m[0m[2m:43:25)[22m[2m[22m

[1m[31m  [1m● [22m[1mLLMService Comprehensive Unit Tests › generateBilingualContent - Core Functionality › should call generateContent with bilingual system message[39m[22m

    TypeError: mockGenerateContent.mockResolvedValue is not a function
[2m[22m
[2m    [0m [90m 41 |[39m     [22m
[2m     [90m 42 |[39m     [90m// Setup default mock implementations[39m[22m
[2m    [31m[1m>[22m[2m[39m[90m 43 |[39m     mockGenerateContent[33m.[39mmockResolvedValue([32m'Mock generated content'[39m)[33m;[39m[22m
[2m     [90m    |[39m                         [31m[1m^[22m[2m[39m[22m
[2m     [90m 44 |[39m     mockGenerateBilingualContent[33m.[39mmockResolvedValue({[22m
[2m     [90m 45 |[39m       english[33m:[39m [32m'Mock English content'[39m[33m,[39m[22m
[2m     [90m 46 |[39m       french[33m:[39m [32m'Mock French content'[39m[33m,[39m[0m[22m
[2m[22m
[2m      [2mat Object.<anonymous> ([22m[2m[0m[36mtests/unit/llmService.comprehensive.test.ts[39m[0m[2m:43:25)[22m[2m[22m

[1m[31m  [1m● [22m[1mLLMService Comprehensive Unit Tests › generateBilingualContent - Error Handling › should handle API errors gracefully[39m[22m

    TypeError: mockGenerateContent.mockResolvedValue is not a function
[2m[22m
[2m    [0m [90m 41 |[39m     [22m
[2m     [90m 42 |[39m     [90m// Setup default mock implementations[39m[22m
[2m    [31m[1m>[22m[2m[39m[90m 43 |[39m     mockGenerateContent[33m.[39mmockResolvedValue([32m'Mock generated content'[39m)[33m;[39m[22m
[2m     [90m    |[39m                         [31m[1m^[22m[2m[39m[22m
[2m     [90m 44 |[39m     mockGenerateBilingualContent[33m.[39mmockResolvedValue({[22m
[2m     [90m 45 |[39m       english[33m:[39m [32m'Mock English content'[39m[33m,[39m[22m
[2m     [90m 46 |[39m       french[33m:[39m [32m'Mock French content'[39m[33m,[39m[0m[22m
[2m[22m
[2m      [2mat Object.<anonymous> ([22m[2m[0m[36mtests/unit/llmService.comprehensive.test.ts[39m[0m[2m:43:25)[22m[2m[22m

[1m[31m  [1m● [22m[1mLLMService Comprehensive Unit Tests › generateBilingualContent - Error Handling › should handle missing language sections[39m[22m

    TypeError: mockGenerateContent.mockResolvedValue is not a function
[2m[22m
[2m    [0m [90m 41 |[39m     [22m
[2m     [90m 42 |[39m     [90m// Setup default mock implementations[39m[22m
[2m    [31m[1m>[22m[2m[39m[90m 43 |[39m     mockGenerateContent[33m.[39mmockResolvedValue([32m'Mock generated content'[39m)[33m;[39m[22m
[2m     [90m    |[39m                         [31m[1m^[22m[2m[39m[22m
[2m     [90m 44 |[39m     mockGenerateBilingualContent[33m.[39mmockResolvedValue({[22m
[2m     [90m 45 |[39m       english[33m:[39m [32m'Mock English content'[39m[33m,[39m[22m
[2m     [90m 46 |[39m       french[33m:[39m [32m'Mock French content'[39m[33m,[39m[0m[22m
[2m[22m
[2m      [2mat Object.<anonymous> ([22m[2m[0m[36mtests/unit/llmService.comprehensive.test.ts[39m[0m[2m:43:25)[22m[2m[22m

[1m[31m  [1m● [22m[1mLLMService Comprehensive Unit Tests › generateBilingualContent - Error Handling › should handle partial content generation[39m[22m

    TypeError: mockGenerateContent.mockResolvedValue is not a function
[2m[22m
[2m    [0m [90m 41 |[39m     [22m
[2m     [90m 42 |[39m     [90m// Setup default mock implementations[39m[22m
[2m    [31m[1m>[22m[2m[39m[90m 43 |[39m     mockGenerateContent[33m.[39mmockResolvedValue([32m'Mock generated content'[39m)[33m;[39m[22m
[2m     [90m    |[39m                         [31m[1m^[22m[2m[39m[22m
[2m     [90m 44 |[39m     mockGenerateBilingualContent[33m.[39mmockResolvedValue({[22m
[2m     [90m 45 |[39m       english[33m:[39m [32m'Mock English content'[39m[33m,[39m[22m
[2m     [90m 46 |[39m       french[33m:[39m [32m'Mock French content'[39m[33m,[39m[0m[22m
[2m[22m
[2m      [2mat Object.<anonymous> ([22m[2m[0m[36mtests/unit/llmService.comprehensive.test.ts[39m[0m[2m:43:25)[22m[2m[22m

[1m[31m  [1m● [22m[1mLLMService Comprehensive Unit Tests › Token Management and Rate Limiting › should respect max_tokens parameter[39m[22m

    TypeError: mockGenerateContent.mockResolvedValue is not a function
[2m[22m
[2m    [0m [90m 41 |[39m     [22m
[2m     [90m 42 |[39m     [90m// Setup default mock implementations[39m[22m
[2m    [31m[1m>[22m[2m[39m[90m 43 |[39m     mockGenerateContent[33m.[39mmockResolvedValue([32m'Mock generated content'[39m)[33m;[39m[22m
[2m     [90m    |[39m                         [31m[1m^[22m[2m[39m[22m
[2m     [90m 44 |[39m     mockGenerateBilingualContent[33m.[39mmockResolvedValue({[22m
[2m     [90m 45 |[39m       english[33m:[39m [32m'Mock English content'[39m[33m,[39m[22m
[2m     [90m 46 |[39m       french[33m:[39m [32m'Mock French content'[39m[33m,[39m[0m[22m
[2m[22m
[2m      [2mat Object.<anonymous> ([22m[2m[0m[36mtests/unit/llmService.comprehensive.test.ts[39m[0m[2m:43:25)[22m[2m[22m

[1m[31m  [1m● [22m[1mLLMService Comprehensive Unit Tests › Token Management and Rate Limiting › should handle token limit exceeded errors[39m[22m

    TypeError: mockGenerateContent.mockResolvedValue is not a function
[2m[22m
[2m    [0m [90m 41 |[39m     [22m
[2m     [90m 42 |[39m     [90m// Setup default mock implementations[39m[22m
[2m    [31m[1m>[22m[2m[39m[90m 43 |[39m     mockGenerateContent[33m.[39mmockResolvedValue([32m'Mock generated content'[39m)[33m;[39m[22m
[2m     [90m    |[39m                         [31m[1m^[22m[2m[39m[22m
[2m     [90m 44 |[39m     mockGenerateBilingualContent[33m.[39mmockResolvedValue({[22m
[2m     [90m 45 |[39m       english[33m:[39m [32m'Mock English content'[39m[33m,[39m[22m
[2m     [90m 46 |[39m       french[33m:[39m [32m'Mock French content'[39m[33m,[39m[0m[22m
[2m[22m
[2m      [2mat Object.<anonymous> ([22m[2m[0m[36mtests/unit/llmService.comprehensive.test.ts[39m[0m[2m:43:25)[22m[2m[22m

[1m[31m  [1m● [22m[1mLLMService Comprehensive Unit Tests › Token Management and Rate Limiting › should track token usage for billing[39m[22m

    TypeError: mockGenerateContent.mockResolvedValue is not a function
[2m[22m
[2m    [0m [90m 41 |[39m     [22m
[2m     [90m 42 |[39m     [90m// Setup default mock implementations[39m[22m
[2m    [31m[1m>[22m[2m[39m[90m 43 |[39m     mockGenerateContent[33m.[39mmockResolvedValue([32m'Mock generated content'[39m)[33m;[39m[22m
[2m     [90m    |[39m                         [31m[1m^[22m[2m[39m[22m
[2m     [90m 44 |[39m     mockGenerateBilingualContent[33m.[39mmockResolvedValue({[22m
[2m     [90m 45 |[39m       english[33m:[39m [32m'Mock English content'[39m[33m,[39m[22m
[2m     [90m 46 |[39m       french[33m:[39m [32m'Mock French content'[39m[33m,[39m[0m[22m
[2m[22m
[2m      [2mat Object.<anonymous> ([22m[2m[0m[36mtests/unit/llmService.comprehensive.test.ts[39m[0m[2m:43:25)[22m[2m[22m

[1m[31m  [1m● [22m[1mLLMService Comprehensive Unit Tests › Token Management and Rate Limiting › should track API usage during tests[39m[22m

    TypeError: mockGenerateContent.mockResolvedValue is not a function
[2m[22m
[2m    [0m [90m 41 |[39m     [22m
[2m     [90m 42 |[39m     [90m// Setup default mock implementations[39m[22m
[2m    [31m[1m>[22m[2m[39m[90m 43 |[39m     mockGenerateContent[33m.[39mmockResolvedValue([32m'Mock generated content'[39m)[33m;[39m[22m
[2m     [90m    |[39m                         [31m[1m^[22m[2m[39m[22m
[2m     [90m 44 |[39m     mockGenerateBilingualContent[33m.[39mmockResolvedValue({[22m
[2m     [90m 45 |[39m       english[33m:[39m [32m'Mock English content'[39m[33m,[39m[22m
[2m     [90m 46 |[39m       french[33m:[39m [32m'Mock French content'[39m[33m,[39m[0m[22m
[2m[22m
[2m      [2mat Object.<anonymous> ([22m[2m[0m[36mtests/unit/llmService.comprehensive.test.ts[39m[0m[2m:43:25)[22m[2m[22m

[1m[31m  [1m● [22m[1mLLMService Comprehensive Unit Tests › Token Management and Rate Limiting › should implement exponential backoff on retries[39m[22m

    TypeError: mockGenerateContent.mockResolvedValue is not a function
[2m[22m
[2m    [0m [90m 41 |[39m     [22m
[2m     [90m 42 |[39m     [90m// Setup default mock implementations[39m[22m
[2m    [31m[1m>[22m[2m[39m[90m 43 |[39m     mockGenerateContent[33m.[39mmockResolvedValue([32m'Mock generated content'[39m)[33m;[39m[22m
[2m     [90m    |[39m                         [31m[1m^[22m[2m[39m[22m
[2m     [90m 44 |[39m     mockGenerateBilingualContent[33m.[39mmockResolvedValue({[22m
[2m     [90m 45 |[39m       english[33m:[39m [32m'Mock English content'[39m[33m,[39m[22m
[2m     [90m 46 |[39m       french[33m:[39m [32m'Mock French content'[39m[33m,[39m[0m[22m
[2m[22m
[2m      [2mat Object.<anonymous> ([22m[2m[0m[36mtests/unit/llmService.comprehensive.test.ts[39m[0m[2m:43:25)[22m[2m[22m

[1m[31m  [1m● [22m[1mLLMService Comprehensive Unit Tests › Input Validation and Safety › should handle empty prompts[39m[22m

    TypeError: mockGenerateContent.mockResolvedValue is not a function
[2m[22m
[2m    [0m [90m 41 |[39m     [22m
[2m     [90m 42 |[39m     [90m// Setup default mock implementations[39m[22m
[2m    [31m[1m>[22m[2m[39m[90m 43 |[39m     mockGenerateContent[33m.[39mmockResolvedValue([32m'Mock generated content'[39m)[33m;[39m[22m
[2m     [90m    |[39m                         [31m[1m^[22m[2m[39m[22m
[2m     [90m 44 |[39m     mockGenerateBilingualContent[33m.[39mmockResolvedValue({[22m
[2m     [90m 45 |[39m       english[33m:[39m [32m'Mock English content'[39m[33m,[39m[22m
[2m     [90m 46 |[39m       french[33m:[39m [32m'Mock French content'[39m[33m,[39m[0m[22m
[2m[22m
[2m      [2mat Object.<anonymous> ([22m[2m[0m[36mtests/unit/llmService.comprehensive.test.ts[39m[0m[2m:43:25)[22m[2m[22m

[1m[31m  [1m● [22m[1mLLMService Comprehensive Unit Tests › Input Validation and Safety › should handle very long prompts[39m[22m

    TypeError: mockGenerateContent.mockResolvedValue is not a function
[2m[22m
[2m    [0m [90m 41 |[39m     [22m
[2m     [90m 42 |[39m     [90m// Setup default mock implementations[39m[22m
[2m    [31m[1m>[22m[2m[39m[90m 43 |[39m     mockGenerateContent[33m.[39mmockResolvedValue([32m'Mock generated content'[39m)[33m;[39m[22m
[2m     [90m    |[39m                         [31m[1m^[22m[2m[39m[22m
[2m     [90m 44 |[39m     mockGenerateBilingualContent[33m.[39mmockResolvedValue({[22m
[2m     [90m 45 |[39m       english[33m:[39m [32m'Mock English content'[39m[33m,[39m[22m
[2m     [90m 46 |[39m       french[33m:[39m [32m'Mock French content'[39m[33m,[39m[0m[22m
[2m[22m
[2m      [2mat Object.<anonymous> ([22m[2m[0m[36mtests/unit/llmService.comprehensive.test.ts[39m[0m[2m:43:25)[22m[2m[22m

[1m[31m  [1m● [22m[1mLLMService Comprehensive Unit Tests › Input Validation and Safety › should handle special characters in prompts[39m[22m

    TypeError: mockGenerateContent.mockResolvedValue is not a function
[2m[22m
[2m    [0m [90m 41 |[39m     [22m
[2m     [90m 42 |[39m     [90m// Setup default mock implementations[39m[22m
[2m    [31m[1m>[22m[2m[39m[90m 43 |[39m     mockGenerateContent[33m.[39mmockResolvedValue([32m'Mock generated content'[39m)[33m;[39m[22m
[2m     [90m    |[39m                         [31m[1m^[22m[2m[39m[22m
[2m     [90m 44 |[39m     mockGenerateBilingualContent[33m.[39mmockResolvedValue({[22m
[2m     [90m 45 |[39m       english[33m:[39m [32m'Mock English content'[39m[33m,[39m[22m
[2m     [90m 46 |[39m       french[33m:[39m [32m'Mock French content'[39m[33m,[39m[0m[22m
[2m[22m
[2m      [2mat Object.<anonymous> ([22m[2m[0m[36mtests/unit/llmService.comprehensive.test.ts[39m[0m[2m:43:25)[22m[2m[22m

[1m[31m  [1m● [22m[1mLLMService Comprehensive Unit Tests › Input Validation and Safety › should sanitize malicious input[39m[22m

    TypeError: mockGenerateContent.mockResolvedValue is not a function
[2m[22m
[2m    [0m [90m 41 |[39m     [22m
[2m     [90m 42 |[39m     [90m// Setup default mock implementations[39m[22m
[2m    [31m[1m>[22m[2m[39m[90m 43 |[39m     mockGenerateContent[33m.[39mmockResolvedValue([32m'Mock generated content'[39m)[33m;[39m[22m
[2m     [90m    |[39m                         [31m[1m^[22m[2m[39m[22m
[2m     [90m 44 |[39m     mockGenerateBilingualContent[33m.[39mmockResolvedValue({[22m
[2m     [90m 45 |[39m       english[33m:[39m [32m'Mock English content'[39m[33m,[39m[22m
[2m     [90m 46 |[39m       french[33m:[39m [32m'Mock French content'[39m[33m,[39m[0m[22m
[2m[22m
[2m      [2mat Object.<anonymous> ([22m[2m[0m[36mtests/unit/llmService.comprehensive.test.ts[39m[0m[2m:43:25)[22m[2m[22m

[1m[31m  [1m● [22m[1mLLMService Comprehensive Unit Tests › Input Validation and Safety › should filter inappropriate content[39m[22m

    TypeError: mockGenerateContent.mockResolvedValue is not a function
[2m[22m
[2m    [0m [90m 41 |[39m     [22m
[2m     [90m 42 |[39m     [90m// Setup default mock implementations[39m[22m
[2m    [31m[1m>[22m[2m[39m[90m 43 |[39m     mockGenerateContent[33m.[39mmockResolvedValue([32m'Mock generated content'[39m)[33m;[39m[22m
[2m     [90m    |[39m                         [31m[1m^[22m[2m[39m[22m
[2m     [90m 44 |[39m     mockGenerateBilingualContent[33m.[39mmockResolvedValue({[22m
[2m     [90m 45 |[39m       english[33m:[39m [32m'Mock English content'[39m[33m,[39m[22m
[2m     [90m 46 |[39m       french[33m:[39m [32m'Mock French content'[39m[33m,[39m[0m[22m
[2m[22m
[2m      [2mat Object.<anonymous> ([22m[2m[0m[36mtests/unit/llmService.comprehensive.test.ts[39m[0m[2m:43:25)[22m[2m[22m

[1m[31m  [1m● [22m[1mLLMService Comprehensive Unit Tests › Input Validation and Safety › should ensure educational appropriateness[39m[22m

    TypeError: mockGenerateContent.mockResolvedValue is not a function
[2m[22m
[2m    [0m [90m 41 |[39m     [22m
[2m     [90m 42 |[39m     [90m// Setup default mock implementations[39m[22m
[2m    [31m[1m>[22m[2m[39m[90m 43 |[39m     mockGenerateContent[33m.[39mmockResolvedValue([32m'Mock generated content'[39m)[33m;[39m[22m
[2m     [90m    |[39m                         [31m[1m^[22m[2m[39m[22m
[2m     [90m 44 |[39m     mockGenerateBilingualContent[33m.[39mmockResolvedValue({[22m
[2m     [90m 45 |[39m       english[33m:[39m [32m'Mock English content'[39m[33m,[39m[22m
[2m     [90m 46 |[39m       french[33m:[39m [32m'Mock French content'[39m[33m,[39m[0m[22m
[2m[22m
[2m      [2mat Object.<anonymous> ([22m[2m[0m[36mtests/unit/llmService.comprehensive.test.ts[39m[0m[2m:43:25)[22m[2m[22m

[1m[31m  [1m● [22m[1mLLMService Comprehensive Unit Tests › Service Availability and Health › should properly mock llmService functions[39m[22m

    TypeError: mockGenerateContent.mockResolvedValue is not a function
[2m[22m
[2m    [0m [90m 41 |[39m     [22m
[2m     [90m 42 |[39m     [90m// Setup default mock implementations[39m[22m
[2m    [31m[1m>[22m[2m[39m[90m 43 |[39m     mockGenerateContent[33m.[39mmockResolvedValue([32m'Mock generated content'[39m)[33m;[39m[22m
[2m     [90m    |[39m                         [31m[1m^[22m[2m[39m[22m
[2m     [90m 44 |[39m     mockGenerateBilingualContent[33m.[39mmockResolvedValue({[22m
[2m     [90m 45 |[39m       english[33m:[39m [32m'Mock English content'[39m[33m,[39m[22m
[2m     [90m 46 |[39m       french[33m:[39m [32m'Mock French content'[39m[33m,[39m[0m[22m
[2m[22m
[2m      [2mat Object.<anonymous> ([22m[2m[0m[36mtests/unit/llmService.comprehensive.test.ts[39m[0m[2m:43:25)[22m[2m[22m

[1m[31m  [1m● [22m[1mLLMService Comprehensive Unit Tests › Service Availability and Health › should support async mock functions[39m[22m

    TypeError: mockGenerateContent.mockResolvedValue is not a function
[2m[22m
[2m    [0m [90m 41 |[39m     [22m
[2m     [90m 42 |[39m     [90m// Setup default mock implementations[39m[22m
[2m    [31m[1m>[22m[2m[39m[90m 43 |[39m     mockGenerateContent[33m.[39mmockResolvedValue([32m'Mock generated content'[39m)[33m;[39m[22m
[2m     [90m    |[39m                         [31m[1m^[22m[2m[39m[22m
[2m     [90m 44 |[39m     mockGenerateBilingualContent[33m.[39mmockResolvedValue({[22m
[2m     [90m 45 |[39m       english[33m:[39m [32m'Mock English content'[39m[33m,[39m[22m
[2m     [90m 46 |[39m       french[33m:[39m [32m'Mock French content'[39m[33m,[39m[0m[22m
[2m[22m
[2m      [2mat Object.<anonymous> ([22m[2m[0m[36mtests/unit/llmService.comprehensive.test.ts[39m[0m[2m:43:25)[22m[2m[22m

[1m[31m  [1m● [22m[1mLLMService Comprehensive Unit Tests › Service Availability and Health › should handle service unavailability gracefully[39m[22m

    TypeError: mockGenerateContent.mockResolvedValue is not a function
[2m[22m
[2m    [0m [90m 41 |[39m     [22m
[2m     [90m 42 |[39m     [90m// Setup default mock implementations[39m[22m
[2m    [31m[1m>[22m[2m[39m[90m 43 |[39m     mockGenerateContent[33m.[39mmockResolvedValue([32m'Mock generated content'[39m)[33m;[39m[22m
[2m     [90m    |[39m                         [31m[1m^[22m[2m[39m[22m
[2m     [90m 44 |[39m     mockGenerateBilingualContent[33m.[39mmockResolvedValue({[22m
[2m     [90m 45 |[39m       english[33m:[39m [32m'Mock English content'[39m[33m,[39m[22m
[2m     [90m 46 |[39m       french[33m:[39m [32m'Mock French content'[39m[33m,[39m[0m[22m
[2m[22m
[2m      [2mat Object.<anonymous> ([22m[2m[0m[36mtests/unit/llmService.comprehensive.test.ts[39m[0m[2m:43:25)[22m[2m[22m

[1m[31m  [1m● [22m[1mLLMService Comprehensive Unit Tests › Service Availability and Health › should validate mock function signatures[39m[22m

    TypeError: mockGenerateContent.mockResolvedValue is not a function
[2m[22m
[2m    [0m [90m 41 |[39m     [22m
[2m     [90m 42 |[39m     [90m// Setup default mock implementations[39m[22m
[2m    [31m[1m>[22m[2m[39m[90m 43 |[39m     mockGenerateContent[33m.[39mmockResolvedValue([32m'Mock generated content'[39m)[33m;[39m[22m
[2m     [90m    |[39m                         [31m[1m^[22m[2m[39m[22m
[2m     [90m 44 |[39m     mockGenerateBilingualContent[33m.[39mmockResolvedValue({[22m
[2m     [90m 45 |[39m       english[33m:[39m [32m'Mock English content'[39m[33m,[39m[22m
[2m     [90m 46 |[39m       french[33m:[39m [32m'Mock French content'[39m[33m,[39m[0m[22m
[2m[22m
[2m      [2mat Object.<anonymous> ([22m[2m[0m[36mtests/unit/llmService.comprehensive.test.ts[39m[0m[2m:43:25)[22m[2m[22m

[1m[31m  [1m● [22m[1mLLMService Comprehensive Unit Tests › Service Availability and Health › should handle network connectivity issues[39m[22m

    TypeError: mockGenerateContent.mockResolvedValue is not a function
[2m[22m
[2m    [0m [90m 41 |[39m     [22m
[2m     [90m 42 |[39m     [90m// Setup default mock implementations[39m[22m
[2m    [31m[1m>[22m[2m[39m[90m 43 |[39m     mockGenerateContent[33m.[39mmockResolvedValue([32m'Mock generated content'[39m)[33m;[39m[22m
[2m     [90m    |[39m                         [31m[1m^[22m[2m[39m[22m
[2m     [90m 44 |[39m     mockGenerateBilingualContent[33m.[39mmockResolvedValue({[22m
[2m     [90m 45 |[39m       english[33m:[39m [32m'Mock English content'[39m[33m,[39m[22m
[2m     [90m 46 |[39m       french[33m:[39m [32m'Mock French content'[39m[33m,[39m[0m[22m
[2m[22m
[2m      [2mat Object.<anonymous> ([22m[2m[0m[36mtests/unit/llmService.comprehensive.test.ts[39m[0m[2m:43:25)[22m[2m[22m

[1m[31m  [1m● [22m[1mLLMService Comprehensive Unit Tests › Service Availability and Health › should handle service degradation gracefully[39m[22m

    TypeError: mockGenerateContent.mockResolvedValue is not a function
[2m[22m
[2m    [0m [90m 41 |[39m     [22m
[2m     [90m 42 |[39m     [90m// Setup default mock implementations[39m[22m
[2m    [31m[1m>[22m[2m[39m[90m 43 |[39m     mockGenerateContent[33m.[39mmockResolvedValue([32m'Mock generated content'[39m)[33m;[39m[22m
[2m     [90m    |[39m                         [31m[1m^[22m[2m[39m[22m
[2m     [90m 44 |[39m     mockGenerateBilingualContent[33m.[39mmockResolvedValue({[22m
[2m     [90m 45 |[39m       english[33m:[39m [32m'Mock English content'[39m[33m,[39m[22m
[2m     [90m 46 |[39m       french[33m:[39m [32m'Mock French content'[39m[33m,[39m[0m[22m
[2m[22m
[2m      [2mat Object.<anonymous> ([22m[2m[0m[36mtests/unit/llmService.comprehensive.test.ts[39m[0m[2m:43:25)[22m[2m[22m

[1m[31m  [1m● [22m[1mLLMService Comprehensive Unit Tests › Educational Content Quality › should generate curriculum-aligned content[39m[22m

    TypeError: mockGenerateContent.mockResolvedValue is not a function
[2m[22m
[2m    [0m [90m 41 |[39m     [22m
[2m     [90m 42 |[39m     [90m// Setup default mock implementations[39m[22m
[2m    [31m[1m>[22m[2m[39m[90m 43 |[39m     mockGenerateContent[33m.[39mmockResolvedValue([32m'Mock generated content'[39m)[33m;[39m[22m
[2m     [90m    |[39m                         [31m[1m^[22m[2m[39m[22m
[2m     [90m 44 |[39m     mockGenerateBilingualContent[33m.[39mmockResolvedValue({[22m
[2m     [90m 45 |[39m       english[33m:[39m [32m'Mock English content'[39m[33m,[39m[22m
[2m     [90m 46 |[39m       french[33m:[39m [32m'Mock French content'[39m[33m,[39m[0m[22m
[2m[22m
[2m      [2mat Object.<anonymous> ([22m[2m[0m[36mtests/unit/llmService.comprehensive.test.ts[39m[0m[2m:43:25)[22m[2m[22m

[1m[31m  [1m● [22m[1mLLMService Comprehensive Unit Tests › Educational Content Quality › should maintain bilingual content quality[39m[22m

    TypeError: mockGenerateContent.mockResolvedValue is not a function
[2m[22m
[2m    [0m [90m 41 |[39m     [22m
[2m     [90m 42 |[39m     [90m// Setup default mock implementations[39m[22m
[2m    [31m[1m>[22m[2m[39m[90m 43 |[39m     mockGenerateContent[33m.[39mmockResolvedValue([32m'Mock generated content'[39m)[33m;[39m[22m
[2m     [90m    |[39m                         [31m[1m^[22m[2m[39m[22m
[2m     [90m 44 |[39m     mockGenerateBilingualContent[33m.[39mmockResolvedValue({[22m
[2m     [90m 45 |[39m       english[33m:[39m [32m'Mock English content'[39m[33m,[39m[22m
[2m     [90m 46 |[39m       french[33m:[39m [32m'Mock French content'[39m[33m,[39m[0m[22m
[2m[22m
[2m      [2mat Object.<anonymous> ([22m[2m[0m[36mtests/unit/llmService.comprehensive.test.ts[39m[0m[2m:43:25)[22m[2m[22m

[1m[31m  [1m● [22m[1mLLMService Comprehensive Unit Tests › Educational Content Quality › should generate grade-appropriate content[39m[22m

    TypeError: mockGenerateContent.mockResolvedValue is not a function
[2m[22m
[2m    [0m [90m 41 |[39m     [22m
[2m     [90m 42 |[39m     [90m// Setup default mock implementations[39m[22m
[2m    [31m[1m>[22m[2m[39m[90m 43 |[39m     mockGenerateContent[33m.[39mmockResolvedValue([32m'Mock generated content'[39m)[33m;[39m[22m
[2m     [90m    |[39m                         [31m[1m^[22m[2m[39m[22m
[2m     [90m 44 |[39m     mockGenerateBilingualContent[33m.[39mmockResolvedValue({[22m
[2m     [90m 45 |[39m       english[33m:[39m [32m'Mock English content'[39m[33m,[39m[22m
[2m     [90m 46 |[39m       french[33m:[39m [32m'Mock French content'[39m[33m,[39m[0m[22m
[2m[22m
[2m      [2mat Object.<anonymous> ([22m[2m[0m[36mtests/unit/llmService.comprehensive.test.ts[39m[0m[2m:43:25)[22m[2m[22m

[1m[31m  [1m● [22m[1mLLMService Comprehensive Unit Tests › Educational Content Quality › should handle subject-specific requirements[39m[22m

    TypeError: mockGenerateContent.mockResolvedValue is not a function
[2m[22m
[2m    [0m [90m 41 |[39m     [22m
[2m     [90m 42 |[39m     [90m// Setup default mock implementations[39m[22m
[2m    [31m[1m>[22m[2m[39m[90m 43 |[39m     mockGenerateContent[33m.[39mmockResolvedValue([32m'Mock generated content'[39m)[33m;[39m[22m
[2m     [90m    |[39m                         [31m[1m^[22m[2m[39m[22m
[2m     [90m 44 |[39m     mockGenerateBilingualContent[33m.[39mmockResolvedValue({[22m
[2m     [90m 45 |[39m       english[33m:[39m [32m'Mock English content'[39m[33m,[39m[22m
[2m     [90m 46 |[39m       french[33m:[39m [32m'Mock French content'[39m[33m,[39m[0m[22m
[2m[22m
[2m      [2mat Object.<anonymous> ([22m[2m[0m[36mtests/unit/llmService.comprehensive.test.ts[39m[0m[2m:43:25)[22m[2m[22m

[1m[31m  [1m● [22m[1mLLMService Comprehensive Unit Tests › Educational Content Quality › should generate accessible content for diverse learners[39m[22m

    TypeError: mockGenerateContent.mockResolvedValue is not a function
[2m[22m
[2m    [0m [90m 41 |[39m     [22m
[2m     [90m 42 |[39m     [90m// Setup default mock implementations[39m[22m
[2m    [31m[1m>[22m[2m[39m[90m 43 |[39m     mockGenerateContent[33m.[39mmockResolvedValue([32m'Mock generated content'[39m)[33m;[39m[22m
[2m     [90m    |[39m                         [31m[1m^[22m[2m[39m[22m
[2m     [90m 44 |[39m     mockGenerateBilingualContent[33m.[39mmockResolvedValue({[22m
[2m     [90m 45 |[39m       english[33m:[39m [32m'Mock English content'[39m[33m,[39m[22m
[2m     [90m 46 |[39m       french[33m:[39m [32m'Mock French content'[39m[33m,[39m[0m[22m
[2m[22m
[2m      [2mat Object.<anonymous> ([22m[2m[0m[36mtests/unit/llmService.comprehensive.test.ts[39m[0m[2m:43:25)[22m[2m[22m

[1m[31m  [1m● [22m[1mLLMService Comprehensive Unit Tests › Performance and Reliability › should handle concurrent requests efficiently[39m[22m

    TypeError: mockGenerateContent.mockResolvedValue is not a function
[2m[22m
[2m    [0m [90m 41 |[39m     [22m
[2m     [90m 42 |[39m     [90m// Setup default mock implementations[39m[22m
[2m    [31m[1m>[22m[2m[39m[90m 43 |[39m     mockGenerateContent[33m.[39mmockResolvedValue([32m'Mock generated content'[39m)[33m;[39m[22m
[2m     [90m    |[39m                         [31m[1m^[22m[2m[39m[22m
[2m     [90m 44 |[39m     mockGenerateBilingualContent[33m.[39mmockResolvedValue({[22m
[2m     [90m 45 |[39m       english[33m:[39m [32m'Mock English content'[39m[33m,[39m[22m
[2m     [90m 46 |[39m       french[33m:[39m [32m'Mock French content'[39m[33m,[39m[0m[22m
[2m[22m
[2m      [2mat Object.<anonymous> ([22m[2m[0m[36mtests/unit/llmService.comprehensive.test.ts[39m[0m[2m:43:25)[22m[2m[22m

[1m[31m  [1m● [22m[1mLLMService Comprehensive Unit Tests › Performance and Reliability › should maintain consistent response format[39m[22m

    TypeError: mockGenerateContent.mockResolvedValue is not a function
[2m[22m
[2m    [0m [90m 41 |[39m     [22m
[2m     [90m 42 |[39m     [90m// Setup default mock implementations[39m[22m
[2m    [31m[1m>[22m[2m[39m[90m 43 |[39m     mockGenerateContent[33m.[39mmockResolvedValue([32m'Mock generated content'[39m)[33m;[39m[22m
[2m     [90m    |[39m                         [31m[1m^[22m[2m[39m[22m
[2m     [90m 44 |[39m     mockGenerateBilingualContent[33m.[39mmockResolvedValue({[22m
[2m     [90m 45 |[39m       english[33m:[39m [32m'Mock English content'[39m[33m,[39m[22m
[2m     [90m 46 |[39m       french[33m:[39m [32m'Mock French content'[39m[33m,[39m[0m[22m
[2m[22m
[2m      [2mat Object.<anonymous> ([22m[2m[0m[36mtests/unit/llmService.comprehensive.test.ts[39m[0m[2m:43:25)[22m[2m[22m

[1m[31m  [1m● [22m[1mLLMService Comprehensive Unit Tests › Performance and Reliability › should maintain consistent bilingual response format[39m[22m

    TypeError: mockGenerateContent.mockResolvedValue is not a function
[2m[22m
[2m    [0m [90m 41 |[39m     [22m
[2m     [90m 42 |[39m     [90m// Setup default mock implementations[39m[22m
[2m    [31m[1m>[22m[2m[39m[90m 43 |[39m     mockGenerateContent[33m.[39mmockResolvedValue([32m'Mock generated content'[39m)[33m;[39m[22m
[2m     [90m    |[39m                         [31m[1m^[22m[2m[39m[22m
[2m     [90m 44 |[39m     mockGenerateBilingualContent[33m.[39mmockResolvedValue({[22m
[2m     [90m 45 |[39m       english[33m:[39m [32m'Mock English content'[39m[33m,[39m[22m
[2m     [90m 46 |[39m       french[33m:[39m [32m'Mock French content'[39m[33m,[39m[0m[22m
[2m[22m
[2m      [2mat Object.<anonymous> ([22m[2m[0m[36mtests/unit/llmService.comprehensive.test.ts[39m[0m[2m:43:25)[22m[2m[22m

[1m[31m  [1m● [22m[1mLLMService Comprehensive Unit Tests › Performance and Reliability › should handle rapid successive calls[39m[22m

    TypeError: mockGenerateContent.mockResolvedValue is not a function
[2m[22m
[2m    [0m [90m 41 |[39m     [22m
[2m     [90m 42 |[39m     [90m// Setup default mock implementations[39m[22m
[2m    [31m[1m>[22m[2m[39m[90m 43 |[39m     mockGenerateContent[33m.[39mmockResolvedValue([32m'Mock generated content'[39m)[33m;[39m[22m
[2m     [90m    |[39m                         [31m[1m^[22m[2m[39m[22m
[2m     [90m 44 |[39m     mockGenerateBilingualContent[33m.[39mmockResolvedValue({[22m
[2m     [90m 45 |[39m       english[33m:[39m [32m'Mock English content'[39m[33m,[39m[22m
[2m     [90m 46 |[39m       french[33m:[39m [32m'Mock French content'[39m[33m,[39m[0m[22m
[2m[22m
[2m      [2mat Object.<anonymous> ([22m[2m[0m[36mtests/unit/llmService.comprehensive.test.ts[39m[0m[2m:43:25)[22m[2m[22m

[0m[7m[1m[32m PASS [39m[22m[27m[0m [0m[7m[37m Unit Tests [39m[27m[0m [2mtests/unit/[22m[1mbaseService.unit.test.ts[22m
{"level":50,"time":1751327599440,"pid":45946,"hostname":"MacBook-Pro-4.local","service":"CurriculumImportService","error":{},"msg":"Failed to parse CSV content"}
{"level":50,"time":1751327599468,"pid":45946,"hostname":"MacBook-Pro-4.local","service":"CurriculumImportService","error":{},"msg":"Failed to parse CSV content"}
{"level":30,"time":1751327599490,"pid":45946,"hostname":"MacBook-Pro-4.local","service":"CurriculumImportService","msg":"File stored for import import-123: test-curriculum.csv"}
{"level":50,"time":1751327599493,"pid":45946,"hostname":"MacBook-Pro-4.local","service":"CurriculumImportService","error":{},"importId":"import-123","msg":"Failed to store uploaded file"}
{"level":30,"time":1751327599494,"pid":45946,"hostname":"MacBook-Pro-4.local","service":"CurriculumImportService","msg":"File parsed for import import-csv: 1 subjects"}
{"level":50,"time":1751327599496,"pid":45946,"hostname":"MacBook-Pro-4.local","service":"CurriculumImportService","error":{},"importId":"nonexistent","msg":"Failed to parse uploaded file"}
{"level":50,"time":1751327599497,"pid":45946,"hostname":"MacBook-Pro-4.local","service":"CurriculumImportService","error":{},"importId":"import-empty","msg":"Failed to parse uploaded file"}
{"level":50,"time":1751327599498,"pid":45946,"hostname":"MacBook-Pro-4.local","service":"CurriculumImportService","error":{},"importId":"import-txt","msg":"Failed to parse uploaded file"}
{"level":50,"time":1751327599499,"pid":45946,"hostname":"MacBook-Pro-4.local","service":"CurriculumImportService","error":{},"msg":"Failed to parse CSV content"}
{"level":50,"time":1751327599499,"pid":45946,"hostname":"MacBook-Pro-4.local","service":"CurriculumImportService","error":{},"importId":"import-error","msg":"Failed to parse uploaded file"}
{"level":30,"time":1751327599512,"pid":45946,"hostname":"MacBook-Pro-4.local","service":"CurriculumImportService","importId":"preset-import","userId":1,"grade":1,"subject":"Multi-Subject","sourceFormat":"manual","msg":"Started curriculum import session"}
{"level":30,"time":1751327599513,"pid":45946,"hostname":"MacBook-Pro-4.local","service":"CurriculumImportService","msg":"Preset curriculum loaded: pei-grade1-french for user 1"}
{"level":30,"time":1751327599514,"pid":45946,"hostname":"MacBook-Pro-4.local","service":"CurriculumImportService","importId":"preset-import","userId":1,"grade":1,"subject":"Multi-Subject","sourceFormat":"manual","msg":"Started curriculum import session"}
{"level":30,"time":1751327599514,"pid":45946,"hostname":"MacBook-Pro-4.local","service":"CurriculumImportService","msg":"Preset curriculum loaded: ontario-grade1-english for user 1"}
{"level":30,"time":1751327599515,"pid":45946,"hostname":"MacBook-Pro-4.local","service":"CurriculumImportService","importId":"preset-import","userId":1,"grade":1,"subject":"Multi-Subject","sourceFormat":"manual","msg":"Started curriculum import session"}
{"level":30,"time":1751327599515,"pid":45946,"hostname":"MacBook-Pro-4.local","service":"CurriculumImportService","msg":"Preset curriculum loaded: bc-grade1-core for user 1"}
{"level":30,"time":1751327599522,"pid":45946,"hostname":"MacBook-Pro-4.local","service":"CurriculumImportService","importId":"preset-import","userId":1,"grade":1,"subject":"Multi-Subject","sourceFormat":"manual","msg":"Started curriculum import session"}
{"level":50,"time":1751327599522,"pid":45946,"hostname":"MacBook-Pro-4.local","service":"CurriculumImportService","error":{},"presetId":"unknown-preset","userId":1,"msg":"Failed to load preset curriculum"}
{"level":30,"time":1751327599524,"pid":45946,"hostname":"MacBook-Pro-4.local","service":"CurriculumImportService","importId":"preset-import","userId":1,"grade":1,"subject":"Multi-Subject","sourceFormat":"manual","msg":"Started curriculum import session"}
{"level":30,"time":1751327599524,"pid":45946,"hostname":"MacBook-Pro-4.local","service":"CurriculumImportService","msg":"Preset curriculum loaded: pei-grade1-french for user 1"}
{"level":30,"time":1751327599526,"pid":45946,"hostname":"MacBook-Pro-4.local","service":"CurriculumImportService","msg":"Import finalized: final-import, created 2 expectations"}
{"level":30,"time":1751327599527,"pid":45946,"hostname":"MacBook-Pro-4.local","service":"CurriculumImportService","msg":"Import finalized: empty-import, created 0 expectations"}
{"level":30,"time":1751327599528,"pid":45946,"hostname":"MacBook-Pro-4.local","service":"CurriculumImportService","msg":"Import finalized: meta-import, created 1 expectations"}
{"level":40,"time":1751327599596,"pid":45951,"hostname":"MacBook-Pro-4.local","service":"TestService","error":"First failure","attempt":1,"maxRetries":3,"nextRetryIn":0,"serviceName":"TestService","msg":"Operation failed, retrying"}
{"level":40,"time":1751327599596,"pid":45951,"hostname":"MacBook-Pro-4.local","service":"TestService","error":"Second failure","attempt":2,"maxRetries":3,"nextRetryIn":0,"serviceName":"TestService","msg":"Operation failed, retrying"}
{"level":30,"time":1751327599596,"pid":45951,"hostname":"MacBook-Pro-4.local","service":"TestService","attempt":3,"serviceName":"TestService","msg":"Operation succeeded after retry"}
{"level":40,"time":1751327599606,"pid":45951,"hostname":"MacBook-Pro-4.local","service":"TestService","error":"Failure 1","attempt":1,"maxRetries":2,"nextRetryIn":100,"serviceName":"TestService","msg":"Operation failed, retrying"}
{"level":40,"time":1751327599706,"pid":45951,"hostname":"MacBook-Pro-4.local","service":"TestService","error":"Failure 2","attempt":2,"maxRetries":2,"nextRetryIn":200,"serviceName":"TestService","msg":"Operation failed, retrying"}
{"level":30,"time":1751327599906,"pid":45951,"hostname":"MacBook-Pro-4.local","service":"TestService","attempt":3,"serviceName":"TestService","msg":"Operation succeeded after retry"}
{"level":40,"time":1751327599610,"pid":45951,"hostname":"MacBook-Pro-4.local","service":"TestService","error":"Failure","attempt":1,"maxRetries":5,"nextRetryIn":1000,"serviceName":"TestService","msg":"Operation failed, retrying"}
{"level":30,"time":1751327600610,"pid":45951,"hostname":"MacBook-Pro-4.local","service":"TestService","attempt":2,"serviceName":"TestService","msg":"Operation succeeded after retry"}
{"level":40,"time":1751327599614,"pid":45951,"hostname":"MacBook-Pro-4.local","service":"TestService","error":"Transaction failed","attempt":1,"maxRetries":2,"nextRetryIn":1000,"serviceName":"TestService","msg":"Operation failed, retrying"}
{"level":30,"time":1751327599614,"pid":45951,"hostname":"MacBook-Pro-4.local","service":"TestService","attempt":2,"serviceName":"TestService","msg":"Operation succeeded after retry"}
{"level":40,"time":1751327599618,"pid":45951,"hostname":"MacBook-Pro-4.local","service":"TestService","error":"Failed","operationIndex":1,"serviceName":"TestService","msg":"Parallel operation failed"}
{"level":50,"time":1751327599622,"pid":45951,"hostname":"MacBook-Pro-4.local","service":"TestService","error":"Test error","stack":"Error: Test error\n    at Object.<anonymous> (/Users/michaelmcisaac/GitHub/teaching-engine2.0/server/tests/unit/baseService.unit.test.ts:296:21)\n    at Promise.then.completed (/Users/michaelmcisaac/GitHub/teaching-engine2.0/node_modules/.pnpm/jest-circus@29.7.0/node_modules/jest-circus/build/utils.js:298:28)\n    at new Promise (<anonymous>)\n    at callAsyncCircusFn (/Users/michaelmcisaac/GitHub/teaching-engine2.0/node_modules/.pnpm/jest-circus@29.7.0/node_modules/jest-circus/build/utils.js:231:10)\n    at _callCircusTest (/Users/michaelmcisaac/GitHub/teaching-engine2.0/node_modules/.pnpm/jest-circus@29.7.0/node_modules/jest-circus/build/run.js:316:40)\n    at _runTest (/Users/michaelmcisaac/GitHub/teaching-engine2.0/node_modules/.pnpm/jest-circus@29.7.0/node_modules/jest-circus/build/run.js:252:3)\n    at _runTestsForDescribeBlock (/Users/michaelmcisaac/GitHub/teaching-engine2.0/node_modules/.pnpm/jest-circus@29.7.0/node_modules/jest-circus/build/run.js:126:9)\n    at _runTestsForDescribeBlock (/Users/michaelmcisaac/GitHub/teaching-engine2.0/node_modules/.pnpm/jest-circus@29.7.0/node_modules/jest-circus/build/run.js:121:9)\n    at _runTestsForDescribeBlock (/Users/michaelmcisaac/GitHub/teaching-engine2.0/node_modules/.pnpm/jest-circus@29.7.0/node_modules/jest-circus/build/run.js:121:9)\n    at run (/Users/michaelmcisaac/GitHub/teaching-engine2.0/node_modules/.pnpm/jest-circus@29.7.0/node_modules/jest-circus/build/run.js:71:3)\n    at runAndTransformResultsToJestFormat (/Users/michaelmcisaac/GitHub/teaching-engine2.0/node_modules/.pnpm/jest-circus@29.7.0/node_modules/jest-circus/build/legacy-code-todo-rewrite/jestAdapterInit.js:122:21)\n    at jestAdapter (/Users/michaelmcisaac/GitHub/teaching-engine2.0/node_modules/.pnpm/jest-circus@29.7.0/node_modules/jest-circus/build/legacy-code-todo-rewrite/jestAdapter.js:79:19)\n    at runTestInternal (/Users/michaelmcisaac/GitHub/teaching-engine2.0/node_modules/.pnpm/jest-runner@29.7.0/node_modules/jest-runner/build/runTest.js:367:16)\n    at runTest (/Users/michaelmcisaac/GitHub/teaching-engine2.0/node_modules/.pnpm/jest-runner@29.7.0/node_modules/jest-runner/build/runTest.js:444:34)\n    at Object.worker (/Users/michaelmcisaac/GitHub/teaching-engine2.0/node_modules/.pnpm/jest-runner@29.7.0/node_modules/jest-runner/build/testWorker.js:106:12)","context":{"userId":123},"serviceName":"TestService","msg":"Service operation failed"}
{"level":50,"time":1751327599625,"pid":45951,"hostname":"MacBook-Pro-4.local","service":"TestService","error":"Unknown error","serviceName":"TestService","msg":"Service operation failed"}
{"level":50,"time":1751327599625,"pid":45951,"hostname":"MacBook-Pro-4.local","service":"TestService","error":"Unknown error","serviceName":"TestService","msg":"Service operation failed"}
{"level":50,"time":1751327599643,"pid":45951,"hostname":"MacBook-Pro-4.local","service":"TestService","error":{},"attempts":1,"serviceName":"TestService","msg":"All retry attempts failed"}
[0m[7m[1m[31m FAIL [39m[22m[27m[0m [0m[7m[37m Unit Tests [39m[27m[0m [2mtests/unit/[22m[1mcontactValidation.simplified.test.ts[22m
[1m[31m  [1m● [22m[1mContact Validation Utilities - Simplified for Coverage › validatePhoneNumber › should validate North American format numbers[39m[22m

    [2mexpect([22m[31mreceived[39m[2m).[22mtoBe[2m([22m[32mexpected[39m[2m) // Object.is equality[22m

    Expected: [32mtrue[39m
    Received: [31mfalse[39m
[2m[22m
[2m    [0m [90m 41 |[39m       validNumbers[33m.[39mforEach((phone) [33m=>[39m {[22m
[2m     [90m 42 |[39m         [36mconst[39m result [33m=[39m validatePhoneNumber(phone)[33m;[39m[22m
[2m    [31m[1m>[22m[2m[39m[90m 43 |[39m         expect(result[33m.[39misValid)[33m.[39mtoBe([36mtrue[39m)[33m;[39m[22m
[2m     [90m    |[39m                                [31m[1m^[22m[2m[39m[22m
[2m     [90m 44 |[39m         expect(result[33m.[39mcountryCode)[33m.[39mtoBe([32m'1'[39m)[33m;[39m[22m
[2m     [90m 45 |[39m         expect(result[33m.[39mareaCode)[33m.[39mtoBe([32m'555'[39m)[33m;[39m[22m
[2m     [90m 46 |[39m       })[33m;[39m[0m[22m
[2m[22m
[2m      [2mat [22m[2m[0m[36mtests/unit/contactValidation.simplified.test.ts[39m[0m[2m:43:32[22m[2m[22m
[2m          at Array.forEach (<anonymous>)[22m
[2m      [2mat Object.<anonymous> ([22m[2m[0m[36mtests/unit/contactValidation.simplified.test.ts[39m[0m[2m:41:20)[22m[2m[22m

[1m[31m  [1m● [22m[1mContact Validation Utilities - Simplified for Coverage › validatePhoneNumber › should extract extensions[39m[22m

    [2mexpect([22m[31mreceived[39m[2m).[22mtoBe[2m([22m[32mexpected[39m[2m) // Object.is equality[22m

    Expected: [32mtrue[39m
    Received: [31mfalse[39m
[2m[22m
[2m    [0m [90m 56 |[39m       phonesWithExt[33m.[39mforEach((phone) [33m=>[39m {[22m
[2m     [90m 57 |[39m         [36mconst[39m result [33m=[39m validatePhoneNumber(phone)[33m;[39m[22m
[2m    [31m[1m>[22m[2m[39m[90m 58 |[39m         expect(result[33m.[39misValid)[33m.[39mtoBe([36mtrue[39m)[33m;[39m[22m
[2m     [90m    |[39m                                [31m[1m^[22m[2m[39m[22m
[2m     [90m 59 |[39m         expect(result[33m.[39mextension)[33m.[39mtoBeTruthy()[33m;[39m[22m
[2m     [90m 60 |[39m       })[33m;[39m[22m
[2m     [90m 61 |[39m     })[33m;[39m[0m[22m
[2m[22m
[2m      [2mat [22m[2m[0m[36mtests/unit/contactValidation.simplified.test.ts[39m[0m[2m:58:32[22m[2m[22m
[2m          at Array.forEach (<anonymous>)[22m
[2m      [2mat Object.<anonymous> ([22m[2m[0m[36mtests/unit/contactValidation.simplified.test.ts[39m[0m[2m:56:21)[22m[2m[22m

[1m[31m  [1m● [22m[1mContact Validation Utilities - Simplified for Coverage › validatePhoneNumber › should validate international numbers[39m[22m

    [2mexpect([22m[31mreceived[39m[2m).[22mtoBe[2m([22m[32mexpected[39m[2m) // Object.is equality[22m

    Expected: [32mtrue[39m
    Received: [31mfalse[39m
[2m[22m
[2m    [0m [90m 66 |[39m       intlNumbers[33m.[39mforEach((phone) [33m=>[39m {[22m
[2m     [90m 67 |[39m         [36mconst[39m result [33m=[39m validatePhoneNumber(phone)[33m;[39m[22m
[2m    [31m[1m>[22m[2m[39m[90m 68 |[39m         expect(result[33m.[39misValid)[33m.[39mtoBe([36mtrue[39m)[33m;[39m[22m
[2m     [90m    |[39m                                [31m[1m^[22m[2m[39m[22m
[2m     [90m 69 |[39m         expect(result[33m.[39mcountryCode)[33m.[39mtoBeTruthy()[33m;[39m[22m
[2m     [90m 70 |[39m       })[33m;[39m[22m
[2m     [90m 71 |[39m     })[33m;[39m[0m[22m
[2m[22m
[2m      [2mat [22m[2m[0m[36mtests/unit/contactValidation.simplified.test.ts[39m[0m[2m:68:32[22m[2m[22m
[2m          at Array.forEach (<anonymous>)[22m
[2m      [2mat Object.<anonymous> ([22m[2m[0m[36mtests/unit/contactValidation.simplified.test.ts[39m[0m[2m:66:19)[22m[2m[22m

[1m[31m  [1m● [22m[1mContact Validation Utilities - Simplified for Coverage › validatePhoneNumber › should handle basic 7-11 digit numbers[39m[22m

    [2mexpect([22m[31mreceived[39m[2m).[22mtoBe[2m([22m[32mexpected[39m[2m) // Object.is equality[22m

    Expected: [32mtrue[39m
    Received: [31mfalse[39m
[2m[22m
[2m    [0m [90m 94 |[39m[22m
[2m     [90m 95 |[39m       [36mconst[39m result10 [33m=[39m validatePhoneNumber([32m'5551234567'[39m)[33m;[39m[22m
[2m    [31m[1m>[22m[2m[39m[90m 96 |[39m       expect(result10[33m.[39misValid)[33m.[39mtoBe([36mtrue[39m)[33m;[39m[22m
[2m     [90m    |[39m                                [31m[1m^[22m[2m[39m[22m
[2m     [90m 97 |[39m     })[33m;[39m[22m
[2m     [90m 98 |[39m   })[33m;[39m[22m
[2m     [90m 99 |[39m[0m[22m
[2m[22m
[2m      [2mat Object.<anonymous> ([22m[2m[0m[36mtests/unit/contactValidation.simplified.test.ts[39m[0m[2m:96:32)[22m[2m[22m

[1m[31m  [1m● [22m[1mContact Validation Utilities - Simplified for Coverage › validateEmail › should reject invalid email formats[39m[22m

    [2mexpect([22m[31mreceived[39m[2m).[22mtoBe[2m([22m[32mexpected[39m[2m) // Object.is equality[22m

    Expected: [32mfalse[39m
    Received: [31mtrue[39m
[2m[22m
[2m    [0m [90m 120 |[39m       invalidEmails[33m.[39mforEach((email) [33m=>[39m {[22m
[2m     [90m 121 |[39m         [36mconst[39m result [33m=[39m validateEmail(email)[33m;[39m[22m
[2m    [31m[1m>[22m[2m[39m[90m 122 |[39m         expect(result[33m.[39misValid)[33m.[39mtoBe([36mfalse[39m)[33m;[39m[22m
[2m     [90m     |[39m                                [31m[1m^[22m[2m[39m[22m
[2m     [90m 123 |[39m         expect(result[33m.[39merrors)[33m.[39mtoContain([32m'Invalid email format'[39m)[33m;[39m[22m
[2m     [90m 124 |[39m       })[33m;[39m[22m
[2m     [90m 125 |[39m     })[33m;[39m[0m[22m
[2m[22m
[2m      [2mat [22m[2m[0m[36mtests/unit/contactValidation.simplified.test.ts[39m[0m[2m:122:32[22m[2m[22m
[2m          at Array.forEach (<anonymous>)[22m
[2m      [2mat Object.<anonymous> ([22m[2m[0m[36mtests/unit/contactValidation.simplified.test.ts[39m[0m[2m:120:21)[22m[2m[22m

[1m[31m  [1m● [22m[1mContact Validation Utilities - Simplified for Coverage › validateContact › should validate complete contact information[39m[22m

    [2mexpect([22m[31mreceived[39m[2m).[22mtoBe[2m([22m[32mexpected[39m[2m) // Object.is equality[22m

    Expected: [32mtrue[39m
    Received: [31mfalse[39m
[2m[22m
[2m    [0m [90m 165 |[39m[22m
[2m     [90m 166 |[39m       [36mconst[39m result [33m=[39m validateContact(contact)[33m;[39m[22m
[2m    [31m[1m>[22m[2m[39m[90m 167 |[39m       expect(result[33m.[39misValid)[33m.[39mtoBe([36mtrue[39m)[33m;[39m[22m
[2m     [90m     |[39m                              [31m[1m^[22m[2m[39m[22m
[2m     [90m 168 |[39m       expect(result[33m.[39mname)[33m.[39mtoBe([32m'John Doe'[39m)[33m;[39m[22m
[2m     [90m 169 |[39m       expect(result[33m.[39mphone[33m?[39m[33m.[39misValid)[33m.[39mtoBe([36mtrue[39m)[33m;[39m[22m
[2m     [90m 170 |[39m       expect(result[33m.[39memail[33m?[39m[33m.[39misValid)[33m.[39mtoBe([36mtrue[39m)[33m;[39m[0m[22m
[2m[22m
[2m      [2mat Object.<anonymous> ([22m[2m[0m[36mtests/unit/contactValidation.simplified.test.ts[39m[0m[2m:167:30)[22m[2m[22m

[1m[31m  [1m● [22m[1mContact Validation Utilities - Simplified for Coverage › validateContact › should accept contact with only phone[39m[22m

    [2mexpect([22m[31mreceived[39m[2m).[22mtoBe[2m([22m[32mexpected[39m[2m) // Object.is equality[22m

    Expected: [32mtrue[39m
    Received: [31mfalse[39m
[2m[22m
[2m    [0m [90m 188 |[39m[22m
[2m     [90m 189 |[39m       [36mconst[39m result [33m=[39m validateContact(contact)[33m;[39m[22m
[2m    [31m[1m>[22m[2m[39m[90m 190 |[39m       expect(result[33m.[39misValid)[33m.[39mtoBe([36mtrue[39m)[33m;[39m[22m
[2m     [90m     |[39m                              [31m[1m^[22m[2m[39m[22m
[2m     [90m 191 |[39m     })[33m;[39m[22m
[2m     [90m 192 |[39m[22m
[2m     [90m 193 |[39m     it([32m'should accept contact with only email'[39m[33m,[39m () [33m=>[39m {[0m[22m
[2m[22m
[2m      [2mat Object.<anonymous> ([22m[2m[0m[36mtests/unit/contactValidation.simplified.test.ts[39m[0m[2m:190:30)[22m[2m[22m

[1m[31m  [1m● [22m[1mContact Validation Utilities - Simplified for Coverage › parseContactString › should parse contact string with name and phone[39m[22m

    [2mexpect([22m[31mreceived[39m[2m).[22mtoBe[2m([22m[32mexpected[39m[2m) // Object.is equality[22m

    Expected: [32mtrue[39m
    Received: [31mfalse[39m
[2m[22m
[2m    [0m [90m 237 |[39m     it([32m'should parse contact string with name and phone'[39m[33m,[39m () [33m=>[39m {[22m
[2m     [90m 238 |[39m       [36mconst[39m result [33m=[39m parseContactString([32m'John Doe 555-123-4567'[39m)[33m;[39m[22m
[2m    [31m[1m>[22m[2m[39m[90m 239 |[39m       expect(result[33m.[39misValid)[33m.[39mtoBe([36mtrue[39m)[33m;[39m[22m
[2m     [90m     |[39m                              [31m[1m^[22m[2m[39m[22m
[2m     [90m 240 |[39m       expect(result[33m.[39mname)[33m.[39mtoBe([32m'John Doe'[39m)[33m;[39m[22m
[2m     [90m 241 |[39m       expect(result[33m.[39mphone[33m?[39m[33m.[39misValid)[33m.[39mtoBe([36mtrue[39m)[33m;[39m[22m
[2m     [90m 242 |[39m     })[33m;[39m[0m[22m
[2m[22m
[2m      [2mat Object.<anonymous> ([22m[2m[0m[36mtests/unit/contactValidation.simplified.test.ts[39m[0m[2m:239:30)[22m[2m[22m

[1m[31m  [1m● [22m[1mContact Validation Utilities - Simplified for Coverage › parseContactString › should clean up separators in names[39m[22m

    [2mexpect([22m[31mreceived[39m[2m).[22mtoBe[2m([22m[32mexpected[39m[2m) // Object.is equality[22m

    Expected: [32mtrue[39m
    Received: [31mfalse[39m
[2m[22m
[2m    [0m [90m 267 |[39m     it([32m'should clean up separators in names'[39m[33m,[39m () [33m=>[39m {[22m
[2m     [90m 268 |[39m       [36mconst[39m result [33m=[39m parseContactString([32m'John Doe - 555-123-4567'[39m)[33m;[39m[22m
[2m    [31m[1m>[22m[2m[39m[90m 269 |[39m       expect(result[33m.[39misValid)[33m.[39mtoBe([36mtrue[39m)[33m;[39m[22m
[2m     [90m     |[39m                              [31m[1m^[22m[2m[39m[22m
[2m     [90m 270 |[39m       expect(result[33m.[39mname)[33m.[39mtoBe([32m'John Doe'[39m)[33m;[39m[22m
[2m     [90m 271 |[39m     })[33m;[39m[22m
[2m     [90m 272 |[39m   })[33m;[39m[0m[22m
[2m[22m
[2m      [2mat Object.<anonymous> ([22m[2m[0m[36mtests/unit/contactValidation.simplified.test.ts[39m[0m[2m:269:30)[22m[2m[22m

[1m[31m  [1m● [22m[1mContact Validation Utilities - Simplified for Coverage › validateEmergencyContact › should validate emergency contact with all fields[39m[22m

    [2mexpect([22m[31mreceived[39m[2m).[22mtoBe[2m([22m[32mexpected[39m[2m) // Object.is equality[22m

    Expected: [32mtrue[39m
    Received: [31mfalse[39m
[2m[22m
[2m    [0m [90m 304 |[39m[22m
[2m     [90m 305 |[39m       [36mconst[39m result [33m=[39m validateEmergencyContact(contact)[33m;[39m[22m
[2m    [31m[1m>[22m[2m[39m[90m 306 |[39m       expect(result[33m.[39misValid)[33m.[39mtoBe([36mtrue[39m)[33m;[39m[22m
[2m     [90m     |[39m                              [31m[1m^[22m[2m[39m[22m
[2m     [90m 307 |[39m       expect(result[33m.[39mrelationship)[33m.[39mtoBe([32m'Mother'[39m)[33m;[39m[22m
[2m     [90m 308 |[39m       expect(result[33m.[39mavailability)[33m.[39mtoBe([32m'Weekdays 9-5'[39m)[33m;[39m[22m
[2m     [90m 309 |[39m     })[33m;[39m[0m[22m
[2m[22m
[2m      [2mat Object.<anonymous> ([22m[2m[0m[36mtests/unit/contactValidation.simplified.test.ts[39m[0m[2m:306:30)[22m[2m[22m

[1m[31m  [1m● [22m[1mContact Validation Utilities - Simplified for Coverage › validateEmergencyContact › should validate emergency contact with minimal fields[39m[22m

    [2mexpect([22m[31mreceived[39m[2m).[22mtoBe[2m([22m[32mexpected[39m[2m) // Object.is equality[22m

    Expected: [32mtrue[39m
    Received: [31mfalse[39m
[2m[22m
[2m    [0m [90m 316 |[39m[22m
[2m     [90m 317 |[39m       [36mconst[39m result [33m=[39m validateEmergencyContact(contact)[33m;[39m[22m
[2m    [31m[1m>[22m[2m[39m[90m 318 |[39m       expect(result[33m.[39misValid)[33m.[39mtoBe([36mtrue[39m)[33m;[39m[22m
[2m     [90m     |[39m                              [31m[1m^[22m[2m[39m[22m
[2m     [90m 319 |[39m     })[33m;[39m[22m
[2m     [90m 320 |[39m[22m
[2m     [90m 321 |[39m     it([32m'should validate relationship and availability length'[39m[33m,[39m () [33m=>[39m {[0m[22m
[2m[22m
[2m      [2mat Object.<anonymous> ([22m[2m[0m[36mtests/unit/contactValidation.simplified.test.ts[39m[0m[2m:318:30)[22m[2m[22m

[1m[31m  [1m● [22m[1mContact Validation Utilities - Simplified for Coverage › validateEmergencyContact › should trim relationship and availability fields[39m[22m

    [2mexpect([22m[31mreceived[39m[2m).[22mtoBe[2m([22m[32mexpected[39m[2m) // Object.is equality[22m

    Expected: [32mtrue[39m
    Received: [31mfalse[39m
[2m[22m
[2m    [0m [90m 345 |[39m       })[33m;[39m[22m
[2m     [90m 346 |[39m[22m
[2m    [31m[1m>[22m[2m[39m[90m 347 |[39m       expect(result[33m.[39misValid)[33m.[39mtoBe([36mtrue[39m)[33m;[39m[22m
[2m     [90m     |[39m                              [31m[1m^[22m[2m[39m[22m
[2m     [90m 348 |[39m       expect(result[33m.[39mrelationship)[33m.[39mtoBe([32m'Father'[39m)[33m;[39m[22m
[2m     [90m 349 |[39m       expect(result[33m.[39mavailability)[33m.[39mtoBe([32m'Always available'[39m)[33m;[39m[22m
[2m     [90m 350 |[39m     })[33m;[39m[0m[22m
[2m[22m
[2m      [2mat Object.<anonymous> ([22m[2m[0m[36mtests/unit/contactValidation.simplified.test.ts[39m[0m[2m:347:30)[22m[2m[22m

[1m[31m  [1m● [22m[1mContact Validation Utilities - Simplified for Coverage › Edge Cases and Error Handling › should handle unicode names correctly[39m[22m

    [2mexpect([22m[31mreceived[39m[2m).[22mtoBe[2m([22m[32mexpected[39m[2m) // Object.is equality[22m

    Expected: [32mtrue[39m
    Received: [31mfalse[39m
[2m[22m
[2m    [0m [90m 388 |[39m         phone[33m:[39m [32m'555-123-4567'[39m[33m,[39m[22m
[2m     [90m 389 |[39m       })[33m;[39m[22m
[2m    [31m[1m>[22m[2m[39m[90m 390 |[39m       expect(unicodeName[33m.[39misValid)[33m.[39mtoBe([36mtrue[39m)[33m;[39m[22m
[2m     [90m     |[39m                                   [31m[1m^[22m[2m[39m[22m
[2m     [90m 391 |[39m       expect(unicodeName[33m.[39mname)[33m.[39mtoBe([32m'José García-González'[39m)[33m;[39m[22m
[2m     [90m 392 |[39m     })[33m;[39m[22m
[2m     [90m 393 |[39m[0m[22m
[2m[22m
[2m      [2mat Object.<anonymous> ([22m[2m[0m[36mtests/unit/contactValidation.simplified.test.ts[39m[0m[2m:390:35)[22m[2m[22m

[1m[31m  [1m● [22m[1mContact Validation Utilities - Simplified for Coverage › Edge Cases and Error Handling › should handle various separators in contact parsing[39m[22m

    [2mexpect([22m[31mreceived[39m[2m).[22mtoBe[2m([22m[32mexpected[39m[2m) // Object.is equality[22m

    Expected: [32mtrue[39m
    Received: [31mfalse[39m
[2m[22m
[2m    [0m [90m 401 |[39m       tests[33m.[39mforEach((str) [33m=>[39m {[22m
[2m     [90m 402 |[39m         [36mconst[39m result [33m=[39m parseContactString(str)[33m;[39m[22m
[2m    [31m[1m>[22m[2m[39m[90m 403 |[39m         expect(result[33m.[39misValid)[33m.[39mtoBe([36mtrue[39m)[33m;[39m[22m
[2m     [90m     |[39m                                [31m[1m^[22m[2m[39m[22m
[2m     [90m 404 |[39m         expect(result[33m.[39mname)[33m.[39mtoBe([32m'John Doe'[39m)[33m;[39m[22m
[2m     [90m 405 |[39m       })[33m;[39m[22m
[2m     [90m 406 |[39m     })[33m;[39m[0m[22m
[2m[22m
[2m      [2mat [22m[2m[0m[36mtests/unit/contactValidation.simplified.test.ts[39m[0m[2m:403:32[22m[2m[22m
[2m          at Array.forEach (<anonymous>)[22m
[2m      [2mat Object.<anonymous> ([22m[2m[0m[36mtests/unit/contactValidation.simplified.test.ts[39m[0m[2m:401:13)[22m[2m[22m

[1m[31m  [1m● [22m[1mContact Validation Utilities - Simplified for Coverage › International Format Support › should handle various international phone formats[39m[22m

    [2mexpect([22m[31mreceived[39m[2m).[22mtoBe[2m([22m[32mexpected[39m[2m) // Object.is equality[22m

    Expected: [32mtrue[39m
    Received: [31mfalse[39m
[2m[22m
[2m    [0m [90m 413 |[39m       formats[33m.[39mforEach((phone) [33m=>[39m {[22m
[2m     [90m 414 |[39m         [36mconst[39m result [33m=[39m validatePhoneNumber(phone)[33m;[39m[22m
[2m    [31m[1m>[22m[2m[39m[90m 415 |[39m         expect(result[33m.[39misValid)[33m.[39mtoBe([36mtrue[39m)[33m;[39m[22m
[2m     [90m     |[39m                                [31m[1m^[22m[2m[39m[22m
[2m     [90m 416 |[39m         expect(result[33m.[39mcountryCode)[33m.[39mtoBeTruthy()[33m;[39m[22m
[2m     [90m 417 |[39m       })[33m;[39m[22m
[2m     [90m 418 |[39m     })[33m;[39m[0m[22m
[2m[22m
[2m      [2mat [22m[2m[0m[36mtests/unit/contactValidation.simplified.test.ts[39m[0m[2m:415:32[22m[2m[22m
[2m          at Array.forEach (<anonymous>)[22m
[2m      [2mat Object.<anonymous> ([22m[2m[0m[36mtests/unit/contactValidation.simplified.test.ts[39m[0m[2m:413:15)[22m[2m[22m

[1m[31m  [1m● [22m[1mContact Validation Utilities - Simplified for Coverage › International Format Support › should reject international numbers that are too long[39m[22m

    [2mexpect([22m[31mreceived[39m[2m).[22mtoBe[2m([22m[32mexpected[39m[2m) // Object.is equality[22m

    Expected: [32mfalse[39m
    Received: [31mtrue[39m
[2m[22m
[2m    [0m [90m 420 |[39m     it([32m'should reject international numbers that are too long'[39m[33m,[39m () [33m=>[39m {[22m
[2m     [90m 421 |[39m       [36mconst[39m tooLong [33m=[39m validatePhoneNumber([32m'+44 12345678901234567890'[39m)[33m;[39m[22m
[2m    [31m[1m>[22m[2m[39m[90m 422 |[39m       expect(tooLong[33m.[39misValid)[33m.[39mtoBe([36mfalse[39m)[33m;[39m[22m
[2m     [90m     |[39m                               [31m[1m^[22m[2m[39m[22m
[2m     [90m 423 |[39m       expect(tooLong[33m.[39merrors)[33m.[39mtoContain([32m'International number must be 7-15 digits'[39m)[33m;[39m[22m
[2m     [90m 424 |[39m     })[33m;[39m[22m
[2m     [90m 425 |[39m[0m[22m
[2m[22m
[2m      [2mat Object.<anonymous> ([22m[2m[0m[36mtests/unit/contactValidation.simplified.test.ts[39m[0m[2m:422:31)[22m[2m[22m

[0m[7m[1m[31m FAIL [39m[22m[27m[0m [0m[7m[37m Unit Tests [39m[27m[0m [2mtests/unit/[22m[1mcurriculumImportService.production.test.ts[22m
[1m[31m  [1m● [22m[1mCurriculumImportService - Production Validation › File Format Support › DOCX Format › should handle DOCX parsing with AI extraction[39m[22m

    DOCX parsing failed: Can't find end of central directory : is this a zip file ? If it is, see https://stuk.github.io/jszip/documentation/howto/read_zip.html
[2m[22m
[2m    [0m [90m 314 |[39m     } [36mcatch[39m (error) {[22m
[2m     [90m 315 |[39m       [36mthis[39m[33m.[39mlogger[33m.[39merror({ error }[33m,[39m [32m'Failed to parse DOCX'[39m)[33m;[39m[22m
[2m    [31m[1m>[22m[2m[39m[90m 316 |[39m       [36mthrow[39m [36mnew[39m [33mError[39m([22m
[2m     [90m     |[39m             [31m[1m^[22m[2m[39m[22m
[2m     [90m 317 |[39m         [32m`DOCX parsing failed: ${error instanceof Error ? error.message : 'Unknown error'}`[39m[33m,[39m[22m
[2m     [90m 318 |[39m       )[33m;[39m[22m
[2m     [90m 319 |[39m     }[0m[22m
[2m[22m
[2m      [2mat CurriculumImportService.parseDOCX ([22m[2msrc/services/curriculumImportService.ts[2m:316:13)[22m[2m[22m
[2m      [2mat Object.<anonymous> ([22m[2m[0m[36mtests/unit/curriculumImportService.production.test.ts[39m[0m[2m:247:24)[22m[2m[22m

{"level":30,"time":1751327599893,"pid":45948,"hostname":"MacBook-Pro-4.local","service":"CurriculumImportService","importId":"cm56gp6kzjoq","userId":1,"grade":5,"subject":"MATH","sourceFormat":"csv","msg":"Started curriculum import session"}
[0m[7m[1m[32m PASS [39m[22m[27m[0m [0m[7m[37m Unit Tests [39m[27m[0m [2mtests/unit/[22m[1mcontactValidationFocused.test.ts[22m
[0m[7m[1m[32m PASS [39m[22m[27m[0m [0m[7m[37m Unit Tests [39m[27m[0m [2mtests/unit/[22m[1mcurriculumImportService.test.ts[22m
[0m[7m[1m[32m PASS [39m[22m[27m[0m [0m[7m[37m Unit Tests [39m[27m[0m [2mtests/unit/[22m[1manthropicService.test.ts[22m
{"level":50,"time":1751327599931,"pid":45948,"hostname":"MacBook-Pro-4.local","service":"CurriculumImportService","error":{},"userId":1,"grade":5,"subject":"MATH","msg":"Failed to start curriculum import"}
{"level":40,"time":1751327599969,"pid":45948,"hostname":"MacBook-Pro-4.local","service":"CurriculumImportService","lineNumber":3,"line":"invalid line without enough columns","msg":"Skipping invalid CSV line"}
{"level":50,"time":1751327599981,"pid":45948,"hostname":"MacBook-Pro-4.local","service":"CurriculumImportService","error":{},"msg":"Failed to parse CSV content"}
{"level":30,"time":1751327599994,"pid":45948,"hostname":"MacBook-Pro-4.local","service":"CurriculumImportService","importId":"c78jsh4xi8en","msg":"Cancelled curriculum import"}
{"level":50,"time":1751327599995,"pid":45948,"hostname":"MacBook-Pro-4.local","service":"CurriculumImportService","error":{},"importId":"non-existent","msg":"Failed to cancel import"}
[0m[7m[1m[31m FAIL [39m[22m[27m[0m [0m[7m[37m Unit Tests [39m[27m[0m [2mtests/unit/[22m[1maiActivityGenerator.test.ts[22m
[1m[31m  [1m● [22m[1mAIActivityGenerator › generateActivity › should handle edge case grade values[39m[22m

    [2mexpect([22m[31mreceived[39m[2m).[22mtoBe[2m([22m[32mexpected[39m[2m) // Object.is equality[22m

    Expected: [32m0[39m
    Received: [31m1[39m
[2m[22m
[2m    [0m [90m 91 |[39m       [36mfor[39m ([36mconst[39m testCase [36mof[39m testCases) {[22m
[2m     [90m 92 |[39m         [36mconst[39m result [33m=[39m [36mawait[39m generator[33m.[39mgenerateActivity({ grade[33m:[39m testCase[33m.[39mgrade })[33m;[39m[22m
[2m    [31m[1m>[22m[2m[39m[90m 93 |[39m         expect(result[33m.[39mgrade)[33m.[39mtoBe(testCase[33m.[39mexpected)[33m;[39m[22m
[2m     [90m    |[39m                              [31m[1m^[22m[2m[39m[22m
[2m     [90m 94 |[39m       }[22m
[2m     [90m 95 |[39m     })[33m;[39m[22m
[2m     [90m 96 |[39m[0m[22m
[2m[22m
[2m      [2mat Object.<anonymous> ([22m[2m[0m[36mtests/unit/aiActivityGenerator.test.ts[39m[0m[2m:93:30)[22m[2m[22m

[1m[31m  [1m● [22m[1mAIActivityGenerator › integration scenarios › should maintain state independence between instances[39m[22m

    [2mexpect([22m[31mreceived[39m[2m).[22mnot[2m.[22mtoBe[2m([22m[32mexpected[39m[2m) // Object.is equality[22m

    Expected: not [32m"generated-1751327600135"[39m
[2m[22m
[2m    [0m [90m 382 |[39m       expect(activity1[33m.[39msubject)[33m.[39mtoBe([32m'Math'[39m)[33m;[39m[22m
[2m     [90m 383 |[39m       expect(activity2[33m.[39msubject)[33m.[39mtoBe([32m'Science'[39m)[33m;[39m[22m
[2m    [31m[1m>[22m[2m[39m[90m 384 |[39m       expect(activity1[33m.[39mid)[33m.[39mnot[33m.[39mtoBe(activity2[33m.[39mid)[33m;[39m[22m
[2m     [90m     |[39m                                [31m[1m^[22m[2m[39m[22m
[2m     [90m 385 |[39m     })[33m;[39m[22m
[2m     [90m 386 |[39m   })[33m;[39m[22m
[2m     [90m 387 |[39m[0m[22m
[2m[22m
[2m      [2mat Object.<anonymous> ([22m[2m[0m[36mtests/unit/aiActivityGenerator.test.ts[39m[0m[2m:384:32)[22m[2m[22m

[0m[7m[1m[31m FAIL [39m[22m[27m[0m [0m[7m[37m Unit Tests [39m[27m[0m [2mtests/unit/[22m[1mmaterialGenerator.test.ts[22m
[1m[31m  [1m● [22m[1mMaterialGenerator › extractMaterials › real-world examples › should handle science experiment format[39m[22m

    [2mexpect([22m[31mreceived[39m[2m).[22mtoEqual[2m([22m[32mexpected[39m[2m) // deep equality[22m

    [32m- Expected  - 1[39m
    [31m+ Received  + 1[39m

    [33m@@ -5,7 +5,7 @@[39m
    [2m    "Measuring cups",[22m
    [2m    "Water",[22m
    [2m    "Labels for pots",[22m
    [2m    "Rulers for measuring",[22m
    [2m    "Science journals",[22m
    [32m-   "paper towels",[39m
    [31m+   "for cleanup: paper towels",[39m
    [2m  ][22m
[2m[22m
[2m    [0m [90m 286 |[39m[22m
[2m     [90m 287 |[39m         [36mconst[39m result [33m=[39m extractMaterials(note)[33m;[39m[22m
[2m    [31m[1m>[22m[2m[39m[90m 288 |[39m         expect(result)[33m.[39mtoEqual([[22m
[2m     [90m     |[39m                        [31m[1m^[22m[2m[39m[22m
[2m     [90m 289 |[39m           [32m'Bean seeds (3 per student)'[39m[33m,[39m[22m
[2m     [90m 290 |[39m           [32m'Small pots (3 per student)'[39m[33m,[39m[22m
[2m     [90m 291 |[39m           [32m'Potting soil'[39m[33m,[39m[0m[22m
[2m[22m
[2m      [2mat Object.<anonymous> ([22m[2m[0m[36mtests/unit/materialGenerator.test.ts[39m[0m[2m:288:24)[22m[2m[22m

[1m[31m  [1m● [22m[1mMaterialGenerator › extractMaterials › real-world examples › should handle art project with detailed specifications[39m[22m

    [2mexpect([22m[31mreceived[39m[2m).[22mtoEqual[2m([22m[32mexpected[39m[2m) // deep equality[22m

    [32m- Expected  - 1[39m
    [31m+ Received  + 0[39m

    [33m@@ -5,7 +5,6 @@[39m
    [2m    "Mirrors (1 per 2 students)",[22m
    [2m    "Colored pencils or pastels",[22m
    [2m    "Hair ties for long hair",[22m
    [2m    "Tissues for blending",[22m
    [2m    "Spray fixative (teacher use only)",[22m
    [32m-   "watercolor paints",[39m
    [2m  ][22m
[2m[22m
[2m    [0m [90m 317 |[39m[22m
[2m     [90m 318 |[39m         [36mconst[39m result [33m=[39m extractMaterials(note)[33m;[39m[22m
[2m    [31m[1m>[22m[2m[39m[90m 319 |[39m         expect(result)[33m.[39mtoEqual([[22m
[2m     [90m     |[39m                        [31m[1m^[22m[2m[39m[22m
[2m     [90m 320 |[39m           [32m'9" x 12" drawing paper'[39m[33m,[39m[22m
[2m     [90m 321 |[39m           [32m'Pencils (2B recommended)'[39m[33m,[39m[22m
[2m     [90m 322 |[39m           [32m'Erasers (kneaded)'[39m[33m,[39m[0m[22m
[2m[22m
[2m      [2mat Object.<anonymous> ([22m[2m[0m[36mtests/unit/materialGenerator.test.ts[39m[0m[2m:319:24)[22m[2m[22m

[0m[7m[1m[32m PASS [39m[22m[27m[0m [0m[7m[37m Unit Tests [39m[27m[0m [2mtests/unit/[22m[1mreportGeneratorService.test.ts[22m
{"level":50,"time":1751327600627,"pid":45949,"hostname":"MacBook-Pro-4.local","msg":"Failed to generate substitute plan report:"}
{"level":50,"time":1751327600655,"pid":45949,"hostname":"MacBook-Pro-4.local","msg":"Failed to generate curriculum coverage report:"}
{"level":50,"time":1751327600656,"pid":45949,"hostname":"MacBook-Pro-4.local","msg":"Failed to generate lesson plan report:"}
{"level":50,"time":1751327600658,"pid":45949,"hostname":"MacBook-Pro-4.local","msg":"Failed to generate unit overview report:"}
[0m[7m[1m[31m FAIL [39m[22m[27m[0m [0m[7m[37m Unit Tests [39m[27m[0m [2mtests/unit/[22m[1mworkflowState.test.ts[22m
[1m[31m  [1m● [22m[1mWorkflowStateService › fetchUserWorkflowData › should fetch all workflow data in a single call[39m[22m

    [2mexpect([22m[31mreceived[39m[2m).[22mtoEqual[2m([22m[32mexpected[39m[2m) // deep equality[22m

    [32m- Expected  - 9[39m
    [31m+ Received  + 9[39m

    [2m  Object {[22m
    [32m-   "curriculumTotal": 5,[39m
    [32m-   "daybookCompleted": 5,[39m
    [32m-   "daybookTotal": 8,[39m
    [32m-   "lessonCompleted": 3,[39m
    [32m-   "lessonTotal": 6,[39m
    [32m-   "longRangeCompleted": 2,[39m
    [32m-   "longRangeTotal": 3,[39m
    [32m-   "unitCompleted": 1,[39m
    [32m-   "unitTotal": 4,[39m
    [31m+   "curriculumTotal": undefined,[39m
    [31m+   "daybookCompleted": undefined,[39m
    [31m+   "daybookTotal": undefined,[39m
    [31m+   "lessonCompleted": undefined,[39m
    [31m+   "lessonTotal": undefined,[39m
    [31m+   "longRangeCompleted": undefined,[39m
    [31m+   "longRangeTotal": undefined,[39m
    [31m+   "unitCompleted": undefined,[39m
    [31m+   "unitTotal": undefined,[39m
    [2m  }[22m
[2m[22m
[2m    [0m [90m  97 |[39m       [36mconst[39m data [33m=[39m [36mawait[39m service[33m.[39mfetchUserWorkflowData(userId)[33m;[39m[22m
[2m     [90m  98 |[39m[22m
[2m    [31m[1m>[22m[2m[39m[90m  99 |[39m       expect(data)[33m.[39mtoEqual({[22m
[2m     [90m     |[39m                    [31m[1m^[22m[2m[39m[22m
[2m     [90m 100 |[39m         curriculumTotal[33m:[39m [35m5[39m[33m,[39m[22m
[2m     [90m 101 |[39m         longRangeTotal[33m:[39m [35m3[39m[33m,[39m[22m
[2m     [90m 102 |[39m         longRangeCompleted[33m:[39m [35m2[39m[33m,[39m[0m[22m
[2m[22m
[2m      [2mat Object.<anonymous> ([22m[2m[0m[36mtests/unit/workflowState.test.ts[39m[0m[2m:99:20)[22m[2m[22m

[1m[31m  [1m● [22m[1mWorkflowStateService › canAccessLevel › should allow access to long-range plans if curriculum is complete[39m[22m

    [2mexpect([22m[31mreceived[39m[2m).[22mtoBe[2m([22m[32mexpected[39m[2m) // Object.is equality[22m

    Expected: [32mtrue[39m
    Received: [31mfalse[39m
[2m[22m
[2m    [0m [90m 192 |[39m[22m
[2m     [90m 193 |[39m       [36mconst[39m result [33m=[39m [36mawait[39m service[33m.[39mcanAccessLevel(userId[33m,[39m [33mETFOLevel[39m[33m.[39m[33mLONG_RANGE_PLANS[39m)[33m;[39m[22m
[2m    [31m[1m>[22m[2m[39m[90m 194 |[39m       expect(result[33m.[39mcanAccess)[33m.[39mtoBe([36mtrue[39m)[33m;[39m[22m
[2m     [90m     |[39m                                [31m[1m^[22m[2m[39m[22m
[2m     [90m 195 |[39m     })[33m;[39m[22m
[2m     [90m 196 |[39m[22m
[2m     [90m 197 |[39m     it([32m'should check all previous levels for later levels'[39m[33m,[39m [36masync[39m () [33m=>[39m {[0m[22m
[2m[22m
[2m      [2mat Object.<anonymous> ([22m[2m[0m[36mtests/unit/workflowState.test.ts[39m[0m[2m:194:32)[22m[2m[22m

[1m[31m  [1m● [22m[1mWorkflowStateService › canAccessLevel › should check all previous levels for later levels[39m[22m

    [2mexpect([22m[31mreceived[39m[2m).[22mtoBe[2m([22m[32mexpected[39m[2m) // Object.is equality[22m

    Expected: [32mtrue[39m
    Received: [31mfalse[39m
[2m[22m
[2m    [0m [90m 201 |[39m[22m
[2m     [90m 202 |[39m       [36mconst[39m result [33m=[39m [36mawait[39m service[33m.[39mcanAccessLevel(userId[33m,[39m [33mETFOLevel[39m[33m.[39m[33mUNIT_PLANS[39m)[33m;[39m[22m
[2m    [31m[1m>[22m[2m[39m[90m 203 |[39m       expect(result[33m.[39mcanAccess)[33m.[39mtoBe([36mtrue[39m)[33m;[39m[22m
[2m     [90m     |[39m                                [31m[1m^[22m[2m[39m[22m
[2m     [90m 204 |[39m     })[33m;[39m[22m
[2m     [90m 205 |[39m   })[33m;[39m[22m
[2m     [90m 206 |[39m[0m[22m
[2m[22m
[2m      [2mat Object.<anonymous> ([22m[2m[0m[36mtests/unit/workflowState.test.ts[39m[0m[2m:203:32)[22m[2m[22m

[1m[31m  [1m● [22m[1mWorkflowStateService › validateLevelCompletion › should validate curriculum expectation fields[39m[22m

    [2mexpect([22m[31mreceived[39m[2m).[22mtoBe[2m([22m[32mexpected[39m[2m) // Object.is equality[22m

    Expected: [32mtrue[39m
    Received: [31mfalse[39m
[2m[22m
[2m    [0m [90m 230 |[39m       )[33m;[39m[22m
[2m     [90m 231 |[39m[22m
[2m    [31m[1m>[22m[2m[39m[90m 232 |[39m       expect(result[33m.[39misValid)[33m.[39mtoBe([36mtrue[39m)[33m;[39m[22m
[2m     [90m     |[39m                              [31m[1m^[22m[2m[39m[22m
[2m     [90m 233 |[39m       expect(result[33m.[39mmissingFields)[33m.[39mtoHaveLength([35m0[39m)[33m;[39m[22m
[2m     [90m 234 |[39m     })[33m;[39m[22m
[2m     [90m 235 |[39m[0m[22m
[2m[22m
[2m      [2mat Object.<anonymous> ([22m[2m[0m[36mtests/unit/workflowState.test.ts[39m[0m[2m:232:30)[22m[2m[22m

[1m[31m  [1m● [22m[1mWorkflowStateService › validateLevelCompletion › should identify missing required fields[39m[22m

    [2mexpect([22m[31mreceived[39m[2m).[22mtoContain[2m([22m[32mexpected[39m[2m) // indexOf[22m

    Expected value: [32m"description"[39m
    Received array: [31m["entity not found"][39m
[2m[22m
[2m    [0m [90m 259 |[39m[22m
[2m     [90m 260 |[39m       expect(result[33m.[39misValid)[33m.[39mtoBe([36mfalse[39m)[33m;[39m[22m
[2m    [31m[1m>[22m[2m[39m[90m 261 |[39m       expect(result[33m.[39mmissingFields)[33m.[39mtoContain([32m'description'[39m)[33m;[39m[22m
[2m     [90m     |[39m                                    [31m[1m^[22m[2m[39m[22m
[2m     [90m 262 |[39m     })[33m;[39m[22m
[2m     [90m 263 |[39m[22m
[2m     [90m 264 |[39m     it([32m'should handle entity not found'[39m[33m,[39m [36masync[39m () [33m=>[39m {[0m[22m
[2m[22m
[2m      [2mat Object.<anonymous> ([22m[2m[0m[36mtests/unit/workflowState.test.ts[39m[0m[2m:261:36)[22m[2m[22m

[0m[7m[1m[32m PASS [39m[22m[27m[0m [0m[7m[37m Unit Tests [39m[27m[0m [2mtests/unit/[22m[1mcurriculumImportService.updated.test.ts[22m
{"level":50,"time":1751327600779,"pid":45947,"hostname":"MacBook-Pro-4.local","err":{"type":"ZodError","message":"[\n  {\n    \"code\": \"invalid_type\",\n    \"expected\": \"string\",\n    \"received\": \"undefined\",\n    \"path\": [\n      \"email\"\n    ],\n    \"message\": \"Required\"\n  },\n  {\n    \"code\": \"invalid_type\",\n    \"expected\": \"string\",\n    \"received\": \"undefined\",\n    \"path\": [\n      \"password\"\n    ],\n    \"message\": \"Required\"\n  }\n]","stack":"ZodError: [\n  {\n    \"code\": \"invalid_type\",\n    \"expected\": \"string\",\n    \"received\": \"undefined\",\n    \"path\": [\n      \"email\"\n    ],\n    \"message\": \"Required\"\n  },\n  {\n    \"code\": \"invalid_type\",\n    \"expected\": \"string\",\n    \"received\": \"undefined\",\n    \"path\": [\n      \"password\"\n    ],\n    \"message\": \"Required\"\n  }\n]\n    at Object.get error [as error] (/Users/michaelmcisaac/GitHub/teaching-engine2.0/node_modules/.pnpm/zod@3.25.58/node_modules/zod/dist/esm/v3/types.js:39:31)\n    at ZodObject.parse (/Users/michaelmcisaac/GitHub/teaching-engine2.0/node_modules/.pnpm/zod@3.25.58/node_modules/zod/dist/esm/v3/types.js:114:22)\n    at /Users/michaelmcisaac/GitHub/teaching-engine2.0/server/src/routes/auth.ts:36:47\n    at /Users/michaelmcisaac/GitHub/teaching-engine2.0/server/src/middleware/errorHandler.ts:33:21\n    at Layer.handle [as handle_request] (/Users/michaelmcisaac/GitHub/teaching-engine2.0/node_modules/.pnpm/express@4.21.2/node_modules/express/lib/router/layer.js:95:5)\n    at next (/Users/michaelmcisaac/GitHub/teaching-engine2.0/node_modules/.pnpm/express@4.21.2/node_modules/express/lib/router/route.js:149:13)\n    at Route.dispatch (/Users/michaelmcisaac/GitHub/teaching-engine2.0/node_modules/.pnpm/express@4.21.2/node_modules/express/lib/router/route.js:119:3)\n    at Layer.handle [as handle_request] (/Users/michaelmcisaac/GitHub/teaching-engine2.0/node_modules/.pnpm/express@4.21.2/node_modules/express/lib/router/layer.js:95:5)\n    at /Users/michaelmcisaac/GitHub/teaching-engine2.0/node_modules/.pnpm/express@4.21.2/node_modules/express/lib/router/index.js:284:15\n    at Function.process_params (/Users/michaelmcisaac/GitHub/teaching-engine2.0/node_modules/.pnpm/express@4.21.2/node_modules/express/lib/router/index.js:346:12)\n    at next (/Users/michaelmcisaac/GitHub/teaching-engine2.0/node_modules/.pnpm/express@4.21.2/node_modules/express/lib/router/index.js:280:10)\n    at Function.handle (/Users/michaelmcisaac/GitHub/teaching-engine2.0/node_modules/.pnpm/express@4.21.2/node_modules/express/lib/router/index.js:175:3)\n    at router (/Users/michaelmcisaac/GitHub/teaching-engine2.0/node_modules/.pnpm/express@4.21.2/node_modules/express/lib/router/index.js:47:12)\n    at Layer.handle [as handle_request] (/Users/michaelmcisaac/GitHub/teaching-engine2.0/node_modules/.pnpm/express@4.21.2/node_modules/express/lib/router/layer.js:95:5)\n    at trim_prefix (/Users/michaelmcisaac/GitHub/teaching-engine2.0/node_modules/.pnpm/express@4.21.2/node_modules/express/lib/router/index.js:328:13)\n    at /Users/michaelmcisaac/GitHub/teaching-engine2.0/node_modules/.pnpm/express@4.21.2/node_modules/express/lib/router/index.js:286:9\n    at Function.process_params (/Users/michaelmcisaac/GitHub/teaching-engine2.0/node_modules/.pnpm/express@4.21.2/node_modules/express/lib/router/index.js:346:12)\n    at next (/Users/michaelmcisaac/GitHub/teaching-engine2.0/node_modules/.pnpm/express@4.21.2/node_modules/express/lib/router/index.js:280:10)\n    at /Users/michaelmcisaac/GitHub/teaching-engine2.0/server/src/middleware/rateLimiter.ts:107:5\n    at Layer.handle [as handle_request] (/Users/michaelmcisaac/GitHub/teaching-engine2.0/node_modules/.pnpm/express@4.21.2/node_modules/express/lib/router/layer.js:95:5)\n    at trim_prefix (/Users/michaelmcisaac/GitHub/teaching-engine2.0/node_modules/.pnpm/express@4.21.2/node_modules/express/lib/router/index.js:328:13)\n    at /Users/michaelmcisaac/GitHub/teaching-engine2.0/node_modules/.pnpm/express@4.21.2/node_modules/express/lib/router/index.js:286:9\n    at Function.process_params (/Users/michaelmcisaac/GitHub/teaching-engine2.0/node_modules/.pnpm/express@4.21.2/node_modules/express/lib/router/index.js:346:12)\n    at next (/Users/michaelmcisaac/GitHub/teaching-engine2.0/node_modules/.pnpm/express@4.21.2/node_modules/express/lib/router/index.js:280:10)\n    at urlencodedParser (/Users/michaelmcisaac/GitHub/teaching-engine2.0/node_modules/.pnpm/body-parser@1.20.3/node_modules/body-parser/lib/types/urlencoded.js:85:7)\n    at Layer.handle [as handle_request] (/Users/michaelmcisaac/GitHub/teaching-engine2.0/node_modules/.pnpm/express@4.21.2/node_modules/express/lib/router/layer.js:95:5)\n    at trim_prefix (/Users/michaelmcisaac/GitHub/teaching-engine2.0/node_modules/.pnpm/express@4.21.2/node_modules/express/lib/router/index.js:328:13)\n    at /Users/michaelmcisaac/GitHub/teaching-engine2.0/node_modules/.pnpm/express@4.21.2/node_modules/express/lib/router/index.js:286:9\n    at Function.process_params (/Users/michaelmcisaac/GitHub/teaching-engine2.0/node_modules/.pnpm/express@4.21.2/node_modules/express/lib/router/index.js:346:12)\n    at next (/Users/michaelmcisaac/GitHub/teaching-engine2.0/node_modules/.pnpm/express@4.21.2/node_modules/express/lib/router/index.js:280:10)\n    at /Users/michaelmcisaac/GitHub/teaching-engine2.0/node_modules/.pnpm/body-parser@1.20.3/node_modules/body-parser/lib/read.js:137:5\n    at AsyncResource.runInAsyncScope (node:async_hooks:211:14)\n    at invokeCallback (/Users/michaelmcisaac/GitHub/teaching-engine2.0/node_modules/.pnpm/raw-body@2.5.2/node_modules/raw-body/index.js:238:16)\n    at done (/Users/michaelmcisaac/GitHub/teaching-engine2.0/node_modules/.pnpm/raw-body@2.5.2/node_modules/raw-body/index.js:227:7)\n    at IncomingMessage.onEnd (/Users/michaelmcisaac/GitHub/teaching-engine2.0/node_modules/.pnpm/raw-body@2.5.2/node_modules/raw-body/index.js:287:7)\n    at IncomingMessage.emit (node:events:518:28)\n    at endReadableNT (node:internal/streams/readable:1698:12)\n    at processTicksAndRejections (node:internal/process/task_queues:90:21)","aggregateErrors":[{"type":"Object","message":"Required","stack":"","code":"invalid_type","expected":"string","received":"undefined","path":["email"]},{"type":"Object","message":"Required","stack":"","code":"invalid_type","expected":"string","received":"undefined","path":["password"]}],"issues":[{"code":"invalid_type","expected":"string","received":"undefined","path":["email"],"message":"Required"},{"code":"invalid_type","expected":"string","received":"undefined","path":["password"],"message":"Required"}],"name":"ZodError"},"method":"POST","path":"/api/auth/login","query":{},"ip":"::ffff:127.0.0.1","msg":"Request error"}
{"level":50,"time":1751327600797,"pid":45947,"hostname":"MacBook-Pro-4.local","err":{"type":"ZodError","message":"[\n  {\n    \"code\": \"invalid_type\",\n    \"expected\": \"string\",\n    \"received\": \"undefined\",\n    \"path\": [\n      \"password\"\n    ],\n    \"message\": \"Required\"\n  }\n]","stack":"ZodError: [\n  {\n    \"code\": \"invalid_type\",\n    \"expected\": \"string\",\n    \"received\": \"undefined\",\n    \"path\": [\n      \"password\"\n    ],\n    \"message\": \"Required\"\n  }\n]\n    at Object.get error [as error] (/Users/michaelmcisaac/GitHub/teaching-engine2.0/node_modules/.pnpm/zod@3.25.58/node_modules/zod/dist/esm/v3/types.js:39:31)\n    at ZodObject.parse (/Users/michaelmcisaac/GitHub/teaching-engine2.0/node_modules/.pnpm/zod@3.25.58/node_modules/zod/dist/esm/v3/types.js:114:22)\n    at /Users/michaelmcisaac/GitHub/teaching-engine2.0/server/src/routes/auth.ts:36:47\n    at /Users/michaelmcisaac/GitHub/teaching-engine2.0/server/src/middleware/errorHandler.ts:33:21\n    at Layer.handle [as handle_request] (/Users/michaelmcisaac/GitHub/teaching-engine2.0/node_modules/.pnpm/express@4.21.2/node_modules/express/lib/router/layer.js:95:5)\n    at next (/Users/michaelmcisaac/GitHub/teaching-engine2.0/node_modules/.pnpm/express@4.21.2/node_modules/express/lib/router/route.js:149:13)\n    at Route.dispatch (/Users/michaelmcisaac/GitHub/teaching-engine2.0/node_modules/.pnpm/express@4.21.2/node_modules/express/lib/router/route.js:119:3)\n    at Layer.handle [as handle_request] (/Users/michaelmcisaac/GitHub/teaching-engine2.0/node_modules/.pnpm/express@4.21.2/node_modules/express/lib/router/layer.js:95:5)\n    at /Users/michaelmcisaac/GitHub/teaching-engine2.0/node_modules/.pnpm/express@4.21.2/node_modules/express/lib/router/index.js:284:15\n    at Function.process_params (/Users/michaelmcisaac/GitHub/teaching-engine2.0/node_modules/.pnpm/express@4.21.2/node_modules/express/lib/router/index.js:346:12)\n    at next (/Users/michaelmcisaac/GitHub/teaching-engine2.0/node_modules/.pnpm/express@4.21.2/node_modules/express/lib/router/index.js:280:10)\n    at Function.handle (/Users/michaelmcisaac/GitHub/teaching-engine2.0/node_modules/.pnpm/express@4.21.2/node_modules/express/lib/router/index.js:175:3)\n    at router (/Users/michaelmcisaac/GitHub/teaching-engine2.0/node_modules/.pnpm/express@4.21.2/node_modules/express/lib/router/index.js:47:12)\n    at Layer.handle [as handle_request] (/Users/michaelmcisaac/GitHub/teaching-engine2.0/node_modules/.pnpm/express@4.21.2/node_modules/express/lib/router/layer.js:95:5)\n    at trim_prefix (/Users/michaelmcisaac/GitHub/teaching-engine2.0/node_modules/.pnpm/express@4.21.2/node_modules/express/lib/router/index.js:328:13)\n    at /Users/michaelmcisaac/GitHub/teaching-engine2.0/node_modules/.pnpm/express@4.21.2/node_modules/express/lib/router/index.js:286:9\n    at Function.process_params (/Users/michaelmcisaac/GitHub/teaching-engine2.0/node_modules/.pnpm/express@4.21.2/node_modules/express/lib/router/index.js:346:12)\n    at next (/Users/michaelmcisaac/GitHub/teaching-engine2.0/node_modules/.pnpm/express@4.21.2/node_modules/express/lib/router/index.js:280:10)\n    at /Users/michaelmcisaac/GitHub/teaching-engine2.0/server/src/middleware/rateLimiter.ts:107:5\n    at Layer.handle [as handle_request] (/Users/michaelmcisaac/GitHub/teaching-engine2.0/node_modules/.pnpm/express@4.21.2/node_modules/express/lib/router/layer.js:95:5)\n    at trim_prefix (/Users/michaelmcisaac/GitHub/teaching-engine2.0/node_modules/.pnpm/express@4.21.2/node_modules/express/lib/router/index.js:328:13)\n    at /Users/michaelmcisaac/GitHub/teaching-engine2.0/node_modules/.pnpm/express@4.21.2/node_modules/express/lib/router/index.js:286:9\n    at Function.process_params (/Users/michaelmcisaac/GitHub/teaching-engine2.0/node_modules/.pnpm/express@4.21.2/node_modules/express/lib/router/index.js:346:12)\n    at next (/Users/michaelmcisaac/GitHub/teaching-engine2.0/node_modules/.pnpm/express@4.21.2/node_modules/express/lib/router/index.js:280:10)\n    at urlencodedParser (/Users/michaelmcisaac/GitHub/teaching-engine2.0/node_modules/.pnpm/body-parser@1.20.3/node_modules/body-parser/lib/types/urlencoded.js:85:7)\n    at Layer.handle [as handle_request] (/Users/michaelmcisaac/GitHub/teaching-engine2.0/node_modules/.pnpm/express@4.21.2/node_modules/express/lib/router/layer.js:95:5)\n    at trim_prefix (/Users/michaelmcisaac/GitHub/teaching-engine2.0/node_modules/.pnpm/express@4.21.2/node_modules/express/lib/router/index.js:328:13)\n    at /Users/michaelmcisaac/GitHub/teaching-engine2.0/node_modules/.pnpm/express@4.21.2/node_modules/express/lib/router/index.js:286:9\n    at Function.process_params (/Users/michaelmcisaac/GitHub/teaching-engine2.0/node_modules/.pnpm/express@4.21.2/node_modules/express/lib/router/index.js:346:12)\n    at next (/Users/michaelmcisaac/GitHub/teaching-engine2.0/node_modules/.pnpm/express@4.21.2/node_modules/express/lib/router/index.js:280:10)\n    at /Users/michaelmcisaac/GitHub/teaching-engine2.0/node_modules/.pnpm/body-parser@1.20.3/node_modules/body-parser/lib/read.js:137:5\n    at AsyncResource.runInAsyncScope (node:async_hooks:211:14)\n    at invokeCallback (/Users/michaelmcisaac/GitHub/teaching-engine2.0/node_modules/.pnpm/raw-body@2.5.2/node_modules/raw-body/index.js:238:16)\n    at done (/Users/michaelmcisaac/GitHub/teaching-engine2.0/node_modules/.pnpm/raw-body@2.5.2/node_modules/raw-body/index.js:227:7)\n    at IncomingMessage.onEnd (/Users/michaelmcisaac/GitHub/teaching-engine2.0/node_modules/.pnpm/raw-body@2.5.2/node_modules/raw-body/index.js:287:7)\n    at IncomingMessage.emit (node:events:518:28)\n    at endReadableNT (node:internal/streams/readable:1698:12)\n    at processTicksAndRejections (node:internal/process/task_queues:90:21)","aggregateErrors":[{"type":"Object","message":"Required","stack":"","code":"invalid_type","expected":"string","received":"undefined","path":["password"]}],"issues":[{"code":"invalid_type","expected":"string","received":"undefined","path":["password"],"message":"Required"}],"name":"ZodError"},"method":"POST","path":"/api/auth/login","query":{},"ip":"::ffff:127.0.0.1","msg":"Request error"}
{"level":50,"time":1751327600801,"pid":45947,"hostname":"MacBook-Pro-4.local","err":{"type":"ZodError","message":"[\n  {\n    \"code\": \"invalid_type\",\n    \"expected\": \"string\",\n    \"received\": \"undefined\",\n    \"path\": [\n      \"email\"\n    ],\n    \"message\": \"Required\"\n  }\n]","stack":"ZodError: [\n  {\n    \"code\": \"invalid_type\",\n    \"expected\": \"string\",\n    \"received\": \"undefined\",\n    \"path\": [\n      \"email\"\n    ],\n    \"message\": \"Required\"\n  }\n]\n    at Object.get error [as error] (/Users/michaelmcisaac/GitHub/teaching-engine2.0/node_modules/.pnpm/zod@3.25.58/node_modules/zod/dist/esm/v3/types.js:39:31)\n    at ZodObject.parse (/Users/michaelmcisaac/GitHub/teaching-engine2.0/node_modules/.pnpm/zod@3.25.58/node_modules/zod/dist/esm/v3/types.js:114:22)\n    at /Users/michaelmcisaac/GitHub/teaching-engine2.0/server/src/routes/auth.ts:36:47\n    at /Users/michaelmcisaac/GitHub/teaching-engine2.0/server/src/middleware/errorHandler.ts:33:21\n    at Layer.handle [as handle_request] (/Users/michaelmcisaac/GitHub/teaching-engine2.0/node_modules/.pnpm/express@4.21.2/node_modules/express/lib/router/layer.js:95:5)\n    at next (/Users/michaelmcisaac/GitHub/teaching-engine2.0/node_modules/.pnpm/express@4.21.2/node_modules/express/lib/router/route.js:149:13)\n    at Route.dispatch (/Users/michaelmcisaac/GitHub/teaching-engine2.0/node_modules/.pnpm/express@4.21.2/node_modules/express/lib/router/route.js:119:3)\n    at Layer.handle [as handle_request] (/Users/michaelmcisaac/GitHub/teaching-engine2.0/node_modules/.pnpm/express@4.21.2/node_modules/express/lib/router/layer.js:95:5)\n    at /Users/michaelmcisaac/GitHub/teaching-engine2.0/node_modules/.pnpm/express@4.21.2/node_modules/express/lib/router/index.js:284:15\n    at Function.process_params (/Users/michaelmcisaac/GitHub/teaching-engine2.0/node_modules/.pnpm/express@4.21.2/node_modules/express/lib/router/index.js:346:12)\n    at next (/Users/michaelmcisaac/GitHub/teaching-engine2.0/node_modules/.pnpm/express@4.21.2/node_modules/express/lib/router/index.js:280:10)\n    at Function.handle (/Users/michaelmcisaac/GitHub/teaching-engine2.0/node_modules/.pnpm/express@4.21.2/node_modules/express/lib/router/index.js:175:3)\n    at router (/Users/michaelmcisaac/GitHub/teaching-engine2.0/node_modules/.pnpm/express@4.21.2/node_modules/express/lib/router/index.js:47:12)\n    at Layer.handle [as handle_request] (/Users/michaelmcisaac/GitHub/teaching-engine2.0/node_modules/.pnpm/express@4.21.2/node_modules/express/lib/router/layer.js:95:5)\n    at trim_prefix (/Users/michaelmcisaac/GitHub/teaching-engine2.0/node_modules/.pnpm/express@4.21.2/node_modules/express/lib/router/index.js:328:13)\n    at /Users/michaelmcisaac/GitHub/teaching-engine2.0/node_modules/.pnpm/express@4.21.2/node_modules/express/lib/router/index.js:286:9\n    at Function.process_params (/Users/michaelmcisaac/GitHub/teaching-engine2.0/node_modules/.pnpm/express@4.21.2/node_modules/express/lib/router/index.js:346:12)\n    at next (/Users/michaelmcisaac/GitHub/teaching-engine2.0/node_modules/.pnpm/express@4.21.2/node_modules/express/lib/router/index.js:280:10)\n    at /Users/michaelmcisaac/GitHub/teaching-engine2.0/server/src/middleware/rateLimiter.ts:107:5\n    at Layer.handle [as handle_request] (/Users/michaelmcisaac/GitHub/teaching-engine2.0/node_modules/.pnpm/express@4.21.2/node_modules/express/lib/router/layer.js:95:5)\n    at trim_prefix (/Users/michaelmcisaac/GitHub/teaching-engine2.0/node_modules/.pnpm/express@4.21.2/node_modules/express/lib/router/index.js:328:13)\n    at /Users/michaelmcisaac/GitHub/teaching-engine2.0/node_modules/.pnpm/express@4.21.2/node_modules/express/lib/router/index.js:286:9\n    at Function.process_params (/Users/michaelmcisaac/GitHub/teaching-engine2.0/node_modules/.pnpm/express@4.21.2/node_modules/express/lib/router/index.js:346:12)\n    at next (/Users/michaelmcisaac/GitHub/teaching-engine2.0/node_modules/.pnpm/express@4.21.2/node_modules/express/lib/router/index.js:280:10)\n    at urlencodedParser (/Users/michaelmcisaac/GitHub/teaching-engine2.0/node_modules/.pnpm/body-parser@1.20.3/node_modules/body-parser/lib/types/urlencoded.js:85:7)\n    at Layer.handle [as handle_request] (/Users/michaelmcisaac/GitHub/teaching-engine2.0/node_modules/.pnpm/express@4.21.2/node_modules/express/lib/router/layer.js:95:5)\n    at trim_prefix (/Users/michaelmcisaac/GitHub/teaching-engine2.0/node_modules/.pnpm/express@4.21.2/node_modules/express/lib/router/index.js:328:13)\n    at /Users/michaelmcisaac/GitHub/teaching-engine2.0/node_modules/.pnpm/express@4.21.2/node_modules/express/lib/router/index.js:286:9\n    at Function.process_params (/Users/michaelmcisaac/GitHub/teaching-engine2.0/node_modules/.pnpm/express@4.21.2/node_modules/express/lib/router/index.js:346:12)\n    at next (/Users/michaelmcisaac/GitHub/teaching-engine2.0/node_modules/.pnpm/express@4.21.2/node_modules/express/lib/router/index.js:280:10)\n    at /Users/michaelmcisaac/GitHub/teaching-engine2.0/node_modules/.pnpm/body-parser@1.20.3/node_modules/body-parser/lib/read.js:137:5\n    at AsyncResource.runInAsyncScope (node:async_hooks:211:14)\n    at invokeCallback (/Users/michaelmcisaac/GitHub/teaching-engine2.0/node_modules/.pnpm/raw-body@2.5.2/node_modules/raw-body/index.js:238:16)\n    at done (/Users/michaelmcisaac/GitHub/teaching-engine2.0/node_modules/.pnpm/raw-body@2.5.2/node_modules/raw-body/index.js:227:7)\n    at IncomingMessage.onEnd (/Users/michaelmcisaac/GitHub/teaching-engine2.0/node_modules/.pnpm/raw-body@2.5.2/node_modules/raw-body/index.js:287:7)\n    at IncomingMessage.emit (node:events:518:28)\n    at endReadableNT (node:internal/streams/readable:1698:12)\n    at processTicksAndRejections (node:internal/process/task_queues:90:21)","aggregateErrors":[{"type":"Object","message":"Required","stack":"","code":"invalid_type","expected":"string","received":"undefined","path":["email"]}],"issues":[{"code":"invalid_type","expected":"string","received":"undefined","path":["email"],"message":"Required"}],"name":"ZodError"},"method":"POST","path":"/api/auth/login","query":{},"ip":"::ffff:127.0.0.1","msg":"Request error"}
{"level":50,"time":1751327600807,"pid":45947,"hostname":"MacBook-Pro-4.local","err":{"type":"ZodError","message":"[\n  {\n    \"validation\": \"email\",\n    \"code\": \"invalid_string\",\n    \"message\": \"Invalid email\",\n    \"path\": [\n      \"email\"\n    ]\n  }\n]","stack":"ZodError: [\n  {\n    \"validation\": \"email\",\n    \"code\": \"invalid_string\",\n    \"message\": \"Invalid email\",\n    \"path\": [\n      \"email\"\n    ]\n  }\n]\n    at Object.get error [as error] (/Users/michaelmcisaac/GitHub/teaching-engine2.0/node_modules/.pnpm/zod@3.25.58/node_modules/zod/dist/esm/v3/types.js:39:31)\n    at ZodObject.parse (/Users/michaelmcisaac/GitHub/teaching-engine2.0/node_modules/.pnpm/zod@3.25.58/node_modules/zod/dist/esm/v3/types.js:114:22)\n    at /Users/michaelmcisaac/GitHub/teaching-engine2.0/server/src/routes/auth.ts:36:47\n    at /Users/michaelmcisaac/GitHub/teaching-engine2.0/server/src/middleware/errorHandler.ts:33:21\n    at Layer.handle [as handle_request] (/Users/michaelmcisaac/GitHub/teaching-engine2.0/node_modules/.pnpm/express@4.21.2/node_modules/express/lib/router/layer.js:95:5)\n    at next (/Users/michaelmcisaac/GitHub/teaching-engine2.0/node_modules/.pnpm/express@4.21.2/node_modules/express/lib/router/route.js:149:13)\n    at Route.dispatch (/Users/michaelmcisaac/GitHub/teaching-engine2.0/node_modules/.pnpm/express@4.21.2/node_modules/express/lib/router/route.js:119:3)\n    at Layer.handle [as handle_request] (/Users/michaelmcisaac/GitHub/teaching-engine2.0/node_modules/.pnpm/express@4.21.2/node_modules/express/lib/router/layer.js:95:5)\n    at /Users/michaelmcisaac/GitHub/teaching-engine2.0/node_modules/.pnpm/express@4.21.2/node_modules/express/lib/router/index.js:284:15\n    at Function.process_params (/Users/michaelmcisaac/GitHub/teaching-engine2.0/node_modules/.pnpm/express@4.21.2/node_modules/express/lib/router/index.js:346:12)\n    at next (/Users/michaelmcisaac/GitHub/teaching-engine2.0/node_modules/.pnpm/express@4.21.2/node_modules/express/lib/router/index.js:280:10)\n    at Function.handle (/Users/michaelmcisaac/GitHub/teaching-engine2.0/node_modules/.pnpm/express@4.21.2/node_modules/express/lib/router/index.js:175:3)\n    at router (/Users/michaelmcisaac/GitHub/teaching-engine2.0/node_modules/.pnpm/express@4.21.2/node_modules/express/lib/router/index.js:47:12)\n    at Layer.handle [as handle_request] (/Users/michaelmcisaac/GitHub/teaching-engine2.0/node_modules/.pnpm/express@4.21.2/node_modules/express/lib/router/layer.js:95:5)\n    at trim_prefix (/Users/michaelmcisaac/GitHub/teaching-engine2.0/node_modules/.pnpm/express@4.21.2/node_modules/express/lib/router/index.js:328:13)\n    at /Users/michaelmcisaac/GitHub/teaching-engine2.0/node_modules/.pnpm/express@4.21.2/node_modules/express/lib/router/index.js:286:9\n    at Function.process_params (/Users/michaelmcisaac/GitHub/teaching-engine2.0/node_modules/.pnpm/express@4.21.2/node_modules/express/lib/router/index.js:346:12)\n    at next (/Users/michaelmcisaac/GitHub/teaching-engine2.0/node_modules/.pnpm/express@4.21.2/node_modules/express/lib/router/index.js:280:10)\n    at /Users/michaelmcisaac/GitHub/teaching-engine2.0/server/src/middleware/rateLimiter.ts:107:5\n    at Layer.handle [as handle_request] (/Users/michaelmcisaac/GitHub/teaching-engine2.0/node_modules/.pnpm/express@4.21.2/node_modules/express/lib/router/layer.js:95:5)\n    at trim_prefix (/Users/michaelmcisaac/GitHub/teaching-engine2.0/node_modules/.pnpm/express@4.21.2/node_modules/express/lib/router/index.js:328:13)\n    at /Users/michaelmcisaac/GitHub/teaching-engine2.0/node_modules/.pnpm/express@4.21.2/node_modules/express/lib/router/index.js:286:9\n    at Function.process_params (/Users/michaelmcisaac/GitHub/teaching-engine2.0/node_modules/.pnpm/express@4.21.2/node_modules/express/lib/router/index.js:346:12)\n    at next (/Users/michaelmcisaac/GitHub/teaching-engine2.0/node_modules/.pnpm/express@4.21.2/node_modules/express/lib/router/index.js:280:10)\n    at urlencodedParser (/Users/michaelmcisaac/GitHub/teaching-engine2.0/node_modules/.pnpm/body-parser@1.20.3/node_modules/body-parser/lib/types/urlencoded.js:85:7)\n    at Layer.handle [as handle_request] (/Users/michaelmcisaac/GitHub/teaching-engine2.0/node_modules/.pnpm/express@4.21.2/node_modules/express/lib/router/layer.js:95:5)\n    at trim_prefix (/Users/michaelmcisaac/GitHub/teaching-engine2.0/node_modules/.pnpm/express@4.21.2/node_modules/express/lib/router/index.js:328:13)\n    at /Users/michaelmcisaac/GitHub/teaching-engine2.0/node_modules/.pnpm/express@4.21.2/node_modules/express/lib/router/index.js:286:9\n    at Function.process_params (/Users/michaelmcisaac/GitHub/teaching-engine2.0/node_modules/.pnpm/express@4.21.2/node_modules/express/lib/router/index.js:346:12)\n    at next (/Users/michaelmcisaac/GitHub/teaching-engine2.0/node_modules/.pnpm/express@4.21.2/node_modules/express/lib/router/index.js:280:10)\n    at /Users/michaelmcisaac/GitHub/teaching-engine2.0/node_modules/.pnpm/body-parser@1.20.3/node_modules/body-parser/lib/read.js:137:5\n    at AsyncResource.runInAsyncScope (node:async_hooks:211:14)\n    at invokeCallback (/Users/michaelmcisaac/GitHub/teaching-engine2.0/node_modules/.pnpm/raw-body@2.5.2/node_modules/raw-body/index.js:238:16)\n    at done (/Users/michaelmcisaac/GitHub/teaching-engine2.0/node_modules/.pnpm/raw-body@2.5.2/node_modules/raw-body/index.js:227:7)\n    at IncomingMessage.onEnd (/Users/michaelmcisaac/GitHub/teaching-engine2.0/node_modules/.pnpm/raw-body@2.5.2/node_modules/raw-body/index.js:287:7)\n    at IncomingMessage.emit (node:events:518:28)\n    at endReadableNT (node:internal/streams/readable:1698:12)\n    at processTicksAndRejections (node:internal/process/task_queues:90:21)","aggregateErrors":[{"type":"Object","message":"Invalid email","stack":"","validation":"email","code":"invalid_string","path":["email"]}],"issues":[{"validation":"email","code":"invalid_string","message":"Invalid email","path":["email"]}],"name":"ZodError"},"method":"POST","path":"/api/auth/login","query":{},"ip":"::ffff:127.0.0.1","msg":"Request error"}
{"level":50,"time":1751327600811,"pid":45947,"hostname":"MacBook-Pro-4.local","err":{"type":"ZodError","message":"[\n  {\n    \"code\": \"too_small\",\n    \"minimum\": 1,\n    \"type\": \"string\",\n    \"inclusive\": true,\n    \"exact\": false,\n    \"message\": \"String must contain at least 1 character(s)\",\n    \"path\": [\n      \"password\"\n    ]\n  }\n]","stack":"ZodError: [\n  {\n    \"code\": \"too_small\",\n    \"minimum\": 1,\n    \"type\": \"string\",\n    \"inclusive\": true,\n    \"exact\": false,\n    \"message\": \"String must contain at least 1 character(s)\",\n    \"path\": [\n      \"password\"\n    ]\n  }\n]\n    at Object.get error [as error] (/Users/michaelmcisaac/GitHub/teaching-engine2.0/node_modules/.pnpm/zod@3.25.58/node_modules/zod/dist/esm/v3/types.js:39:31)\n    at ZodObject.parse (/Users/michaelmcisaac/GitHub/teaching-engine2.0/node_modules/.pnpm/zod@3.25.58/node_modules/zod/dist/esm/v3/types.js:114:22)\n    at /Users/michaelmcisaac/GitHub/teaching-engine2.0/server/src/routes/auth.ts:36:47\n    at /Users/michaelmcisaac/GitHub/teaching-engine2.0/server/src/middleware/errorHandler.ts:33:21\n    at Layer.handle [as handle_request] (/Users/michaelmcisaac/GitHub/teaching-engine2.0/node_modules/.pnpm/express@4.21.2/node_modules/express/lib/router/layer.js:95:5)\n    at next (/Users/michaelmcisaac/GitHub/teaching-engine2.0/node_modules/.pnpm/express@4.21.2/node_modules/express/lib/router/route.js:149:13)\n    at Route.dispatch (/Users/michaelmcisaac/GitHub/teaching-engine2.0/node_modules/.pnpm/express@4.21.2/node_modules/express/lib/router/route.js:119:3)\n    at Layer.handle [as handle_request] (/Users/michaelmcisaac/GitHub/teaching-engine2.0/node_modules/.pnpm/express@4.21.2/node_modules/express/lib/router/layer.js:95:5)\n    at /Users/michaelmcisaac/GitHub/teaching-engine2.0/node_modules/.pnpm/express@4.21.2/node_modules/express/lib/router/index.js:284:15\n    at Function.process_params (/Users/michaelmcisaac/GitHub/teaching-engine2.0/node_modules/.pnpm/express@4.21.2/node_modules/express/lib/router/index.js:346:12)\n    at next (/Users/michaelmcisaac/GitHub/teaching-engine2.0/node_modules/.pnpm/express@4.21.2/node_modules/express/lib/router/index.js:280:10)\n    at Function.handle (/Users/michaelmcisaac/GitHub/teaching-engine2.0/node_modules/.pnpm/express@4.21.2/node_modules/express/lib/router/index.js:175:3)\n    at router (/Users/michaelmcisaac/GitHub/teaching-engine2.0/node_modules/.pnpm/express@4.21.2/node_modules/express/lib/router/index.js:47:12)\n    at Layer.handle [as handle_request] (/Users/michaelmcisaac/GitHub/teaching-engine2.0/node_modules/.pnpm/express@4.21.2/node_modules/express/lib/router/layer.js:95:5)\n    at trim_prefix (/Users/michaelmcisaac/GitHub/teaching-engine2.0/node_modules/.pnpm/express@4.21.2/node_modules/express/lib/router/index.js:328:13)\n    at /Users/michaelmcisaac/GitHub/teaching-engine2.0/node_modules/.pnpm/express@4.21.2/node_modules/express/lib/router/index.js:286:9\n    at Function.process_params (/Users/michaelmcisaac/GitHub/teaching-engine2.0/node_modules/.pnpm/express@4.21.2/node_modules/express/lib/router/index.js:346:12)\n    at next (/Users/michaelmcisaac/GitHub/teaching-engine2.0/node_modules/.pnpm/express@4.21.2/node_modules/express/lib/router/index.js:280:10)\n    at /Users/michaelmcisaac/GitHub/teaching-engine2.0/server/src/middleware/rateLimiter.ts:107:5\n    at Layer.handle [as handle_request] (/Users/michaelmcisaac/GitHub/teaching-engine2.0/node_modules/.pnpm/express@4.21.2/node_modules/express/lib/router/layer.js:95:5)\n    at trim_prefix (/Users/michaelmcisaac/GitHub/teaching-engine2.0/node_modules/.pnpm/express@4.21.2/node_modules/express/lib/router/index.js:328:13)\n    at /Users/michaelmcisaac/GitHub/teaching-engine2.0/node_modules/.pnpm/express@4.21.2/node_modules/express/lib/router/index.js:286:9\n    at Function.process_params (/Users/michaelmcisaac/GitHub/teaching-engine2.0/node_modules/.pnpm/express@4.21.2/node_modules/express/lib/router/index.js:346:12)\n    at next (/Users/michaelmcisaac/GitHub/teaching-engine2.0/node_modules/.pnpm/express@4.21.2/node_modules/express/lib/router/index.js:280:10)\n    at urlencodedParser (/Users/michaelmcisaac/GitHub/teaching-engine2.0/node_modules/.pnpm/body-parser@1.20.3/node_modules/body-parser/lib/types/urlencoded.js:85:7)\n    at Layer.handle [as handle_request] (/Users/michaelmcisaac/GitHub/teaching-engine2.0/node_modules/.pnpm/express@4.21.2/node_modules/express/lib/router/layer.js:95:5)\n    at trim_prefix (/Users/michaelmcisaac/GitHub/teaching-engine2.0/node_modules/.pnpm/express@4.21.2/node_modules/express/lib/router/index.js:328:13)\n    at /Users/michaelmcisaac/GitHub/teaching-engine2.0/node_modules/.pnpm/express@4.21.2/node_modules/express/lib/router/index.js:286:9\n    at Function.process_params (/Users/michaelmcisaac/GitHub/teaching-engine2.0/node_modules/.pnpm/express@4.21.2/node_modules/express/lib/router/index.js:346:12)\n    at next (/Users/michaelmcisaac/GitHub/teaching-engine2.0/node_modules/.pnpm/express@4.21.2/node_modules/express/lib/router/index.js:280:10)\n    at /Users/michaelmcisaac/GitHub/teaching-engine2.0/node_modules/.pnpm/body-parser@1.20.3/node_modules/body-parser/lib/read.js:137:5\n    at AsyncResource.runInAsyncScope (node:async_hooks:211:14)\n    at invokeCallback (/Users/michaelmcisaac/GitHub/teaching-engine2.0/node_modules/.pnpm/raw-body@2.5.2/node_modules/raw-body/index.js:238:16)\n    at done (/Users/michaelmcisaac/GitHub/teaching-engine2.0/node_modules/.pnpm/raw-body@2.5.2/node_modules/raw-body/index.js:227:7)\n    at IncomingMessage.onEnd (/Users/michaelmcisaac/GitHub/teaching-engine2.0/node_modules/.pnpm/raw-body@2.5.2/node_modules/raw-body/index.js:287:7)\n    at IncomingMessage.emit (node:events:518:28)\n    at endReadableNT (node:internal/streams/readable:1698:12)\n    at processTicksAndRejections (node:internal/process/task_queues:90:21)","aggregateErrors":[{"type":"Object","message":"String must contain at least 1 character(s)","stack":"","code":"too_small","minimum":1,"inclusive":true,"exact":false,"path":["password"]}],"issues":[{"code":"too_small","minimum":1,"type":"string","inclusive":true,"exact":false,"message":"String must contain at least 1 character(s)","path":["password"]}],"name":"ZodError"},"method":"POST","path":"/api/auth/login","query":{},"ip":"::ffff:127.0.0.1","msg":"Request error"}
{"level":50,"time":1751327600825,"pid":45947,"hostname":"MacBook-Pro-4.local","err":{"type":"ZodError","message":"[\n  {\n    \"validation\": \"email\",\n    \"code\": \"invalid_string\",\n    \"message\": \"Invalid email\",\n    \"path\": [\n      \"email\"\n    ]\n  }\n]","stack":"ZodError: [\n  {\n    \"validation\": \"email\",\n    \"code\": \"invalid_string\",\n    \"message\": \"Invalid email\",\n    \"path\": [\n      \"email\"\n    ]\n  }\n]\n    at Object.get error [as error] (/Users/michaelmcisaac/GitHub/teaching-engine2.0/node_modules/.pnpm/zod@3.25.58/node_modules/zod/dist/esm/v3/types.js:39:31)\n    at ZodObject.parse (/Users/michaelmcisaac/GitHub/teaching-engine2.0/node_modules/.pnpm/zod@3.25.58/node_modules/zod/dist/esm/v3/types.js:114:22)\n    at /Users/michaelmcisaac/GitHub/teaching-engine2.0/server/src/routes/auth.ts:36:47\n    at /Users/michaelmcisaac/GitHub/teaching-engine2.0/server/src/middleware/errorHandler.ts:33:21\n    at Layer.handle [as handle_request] (/Users/michaelmcisaac/GitHub/teaching-engine2.0/node_modules/.pnpm/express@4.21.2/node_modules/express/lib/router/layer.js:95:5)\n    at next (/Users/michaelmcisaac/GitHub/teaching-engine2.0/node_modules/.pnpm/express@4.21.2/node_modules/express/lib/router/route.js:149:13)\n    at Route.dispatch (/Users/michaelmcisaac/GitHub/teaching-engine2.0/node_modules/.pnpm/express@4.21.2/node_modules/express/lib/router/route.js:119:3)\n    at Layer.handle [as handle_request] (/Users/michaelmcisaac/GitHub/teaching-engine2.0/node_modules/.pnpm/express@4.21.2/node_modules/express/lib/router/layer.js:95:5)\n    at /Users/michaelmcisaac/GitHub/teaching-engine2.0/node_modules/.pnpm/express@4.21.2/node_modules/express/lib/router/index.js:284:15\n    at Function.process_params (/Users/michaelmcisaac/GitHub/teaching-engine2.0/node_modules/.pnpm/express@4.21.2/node_modules/express/lib/router/index.js:346:12)\n    at next (/Users/michaelmcisaac/GitHub/teaching-engine2.0/node_modules/.pnpm/express@4.21.2/node_modules/express/lib/router/index.js:280:10)\n    at Function.handle (/Users/michaelmcisaac/GitHub/teaching-engine2.0/node_modules/.pnpm/express@4.21.2/node_modules/express/lib/router/index.js:175:3)\n    at router (/Users/michaelmcisaac/GitHub/teaching-engine2.0/node_modules/.pnpm/express@4.21.2/node_modules/express/lib/router/index.js:47:12)\n    at Layer.handle [as handle_request] (/Users/michaelmcisaac/GitHub/teaching-engine2.0/node_modules/.pnpm/express@4.21.2/node_modules/express/lib/router/layer.js:95:5)\n    at trim_prefix (/Users/michaelmcisaac/GitHub/teaching-engine2.0/node_modules/.pnpm/express@4.21.2/node_modules/express/lib/router/index.js:328:13)\n    at /Users/michaelmcisaac/GitHub/teaching-engine2.0/node_modules/.pnpm/express@4.21.2/node_modules/express/lib/router/index.js:286:9\n    at Function.process_params (/Users/michaelmcisaac/GitHub/teaching-engine2.0/node_modules/.pnpm/express@4.21.2/node_modules/express/lib/router/index.js:346:12)\n    at next (/Users/michaelmcisaac/GitHub/teaching-engine2.0/node_modules/.pnpm/express@4.21.2/node_modules/express/lib/router/index.js:280:10)\n    at /Users/michaelmcisaac/GitHub/teaching-engine2.0/server/src/middleware/rateLimiter.ts:107:5\n    at Layer.handle [as handle_request] (/Users/michaelmcisaac/GitHub/teaching-engine2.0/node_modules/.pnpm/express@4.21.2/node_modules/express/lib/router/layer.js:95:5)\n    at trim_prefix (/Users/michaelmcisaac/GitHub/teaching-engine2.0/node_modules/.pnpm/express@4.21.2/node_modules/express/lib/router/index.js:328:13)\n    at /Users/michaelmcisaac/GitHub/teaching-engine2.0/node_modules/.pnpm/express@4.21.2/node_modules/express/lib/router/index.js:286:9\n    at Function.process_params (/Users/michaelmcisaac/GitHub/teaching-engine2.0/node_modules/.pnpm/express@4.21.2/node_modules/express/lib/router/index.js:346:12)\n    at next (/Users/michaelmcisaac/GitHub/teaching-engine2.0/node_modules/.pnpm/express@4.21.2/node_modules/express/lib/router/index.js:280:10)\n    at urlencodedParser (/Users/michaelmcisaac/GitHub/teaching-engine2.0/node_modules/.pnpm/body-parser@1.20.3/node_modules/body-parser/lib/types/urlencoded.js:85:7)\n    at Layer.handle [as handle_request] (/Users/michaelmcisaac/GitHub/teaching-engine2.0/node_modules/.pnpm/express@4.21.2/node_modules/express/lib/router/layer.js:95:5)\n    at trim_prefix (/Users/michaelmcisaac/GitHub/teaching-engine2.0/node_modules/.pnpm/express@4.21.2/node_modules/express/lib/router/index.js:328:13)\n    at /Users/michaelmcisaac/GitHub/teaching-engine2.0/node_modules/.pnpm/express@4.21.2/node_modules/express/lib/router/index.js:286:9\n    at Function.process_params (/Users/michaelmcisaac/GitHub/teaching-engine2.0/node_modules/.pnpm/express@4.21.2/node_modules/express/lib/router/index.js:346:12)\n    at next (/Users/michaelmcisaac/GitHub/teaching-engine2.0/node_modules/.pnpm/express@4.21.2/node_modules/express/lib/router/index.js:280:10)\n    at /Users/michaelmcisaac/GitHub/teaching-engine2.0/node_modules/.pnpm/body-parser@1.20.3/node_modules/body-parser/lib/read.js:137:5\n    at AsyncResource.runInAsyncScope (node:async_hooks:211:14)\n    at invokeCallback (/Users/michaelmcisaac/GitHub/teaching-engine2.0/node_modules/.pnpm/raw-body@2.5.2/node_modules/raw-body/index.js:238:16)\n    at done (/Users/michaelmcisaac/GitHub/teaching-engine2.0/node_modules/.pnpm/raw-body@2.5.2/node_modules/raw-body/index.js:227:7)\n    at IncomingMessage.onEnd (/Users/michaelmcisaac/GitHub/teaching-engine2.0/node_modules/.pnpm/raw-body@2.5.2/node_modules/raw-body/index.js:287:7)\n    at IncomingMessage.emit (node:events:518:28)\n    at endReadableNT (node:internal/streams/readable:1698:12)\n    at processTicksAndRejections (node:internal/process/task_queues:90:21)","aggregateErrors":[{"type":"Object","message":"Invalid email","stack":"","validation":"email","code":"invalid_string","path":["email"]}],"issues":[{"validation":"email","code":"invalid_string","message":"Invalid email","path":["email"]}],"name":"ZodError"},"method":"POST","path":"/api/auth/login","query":{},"ip":"::ffff:127.0.0.1","msg":"Request error"}
{"level":50,"time":1751327600829,"pid":45947,"hostname":"MacBook-Pro-4.local","err":{"type":"ZodError","message":"[\n  {\n    \"validation\": \"email\",\n    \"code\": \"invalid_string\",\n    \"message\": \"Invalid email\",\n    \"path\": [\n      \"email\"\n    ]\n  }\n]","stack":"ZodError: [\n  {\n    \"validation\": \"email\",\n    \"code\": \"invalid_string\",\n    \"message\": \"Invalid email\",\n    \"path\": [\n      \"email\"\n    ]\n  }\n]\n    at Object.get error [as error] (/Users/michaelmcisaac/GitHub/teaching-engine2.0/node_modules/.pnpm/zod@3.25.58/node_modules/zod/dist/esm/v3/types.js:39:31)\n    at ZodObject.parse (/Users/michaelmcisaac/GitHub/teaching-engine2.0/node_modules/.pnpm/zod@3.25.58/node_modules/zod/dist/esm/v3/types.js:114:22)\n    at /Users/michaelmcisaac/GitHub/teaching-engine2.0/server/src/routes/auth.ts:36:47\n    at /Users/michaelmcisaac/GitHub/teaching-engine2.0/server/src/middleware/errorHandler.ts:33:21\n    at Layer.handle [as handle_request] (/Users/michaelmcisaac/GitHub/teaching-engine2.0/node_modules/.pnpm/express@4.21.2/node_modules/express/lib/router/layer.js:95:5)\n    at next (/Users/michaelmcisaac/GitHub/teaching-engine2.0/node_modules/.pnpm/express@4.21.2/node_modules/express/lib/router/route.js:149:13)\n    at Route.dispatch (/Users/michaelmcisaac/GitHub/teaching-engine2.0/node_modules/.pnpm/express@4.21.2/node_modules/express/lib/router/route.js:119:3)\n    at Layer.handle [as handle_request] (/Users/michaelmcisaac/GitHub/teaching-engine2.0/node_modules/.pnpm/express@4.21.2/node_modules/express/lib/router/layer.js:95:5)\n    at /Users/michaelmcisaac/GitHub/teaching-engine2.0/node_modules/.pnpm/express@4.21.2/node_modules/express/lib/router/index.js:284:15\n    at Function.process_params (/Users/michaelmcisaac/GitHub/teaching-engine2.0/node_modules/.pnpm/express@4.21.2/node_modules/express/lib/router/index.js:346:12)\n    at next (/Users/michaelmcisaac/GitHub/teaching-engine2.0/node_modules/.pnpm/express@4.21.2/node_modules/express/lib/router/index.js:280:10)\n    at Function.handle (/Users/michaelmcisaac/GitHub/teaching-engine2.0/node_modules/.pnpm/express@4.21.2/node_modules/express/lib/router/index.js:175:3)\n    at router (/Users/michaelmcisaac/GitHub/teaching-engine2.0/node_modules/.pnpm/express@4.21.2/node_modules/express/lib/router/index.js:47:12)\n    at Layer.handle [as handle_request] (/Users/michaelmcisaac/GitHub/teaching-engine2.0/node_modules/.pnpm/express@4.21.2/node_modules/express/lib/router/layer.js:95:5)\n    at trim_prefix (/Users/michaelmcisaac/GitHub/teaching-engine2.0/node_modules/.pnpm/express@4.21.2/node_modules/express/lib/router/index.js:328:13)\n    at /Users/michaelmcisaac/GitHub/teaching-engine2.0/node_modules/.pnpm/express@4.21.2/node_modules/express/lib/router/index.js:286:9\n    at Function.process_params (/Users/michaelmcisaac/GitHub/teaching-engine2.0/node_modules/.pnpm/express@4.21.2/node_modules/express/lib/router/index.js:346:12)\n    at next (/Users/michaelmcisaac/GitHub/teaching-engine2.0/node_modules/.pnpm/express@4.21.2/node_modules/express/lib/router/index.js:280:10)\n    at /Users/michaelmcisaac/GitHub/teaching-engine2.0/server/src/middleware/rateLimiter.ts:107:5\n    at Layer.handle [as handle_request] (/Users/michaelmcisaac/GitHub/teaching-engine2.0/node_modules/.pnpm/express@4.21.2/node_modules/express/lib/router/layer.js:95:5)\n    at trim_prefix (/Users/michaelmcisaac/GitHub/teaching-engine2.0/node_modules/.pnpm/express@4.21.2/node_modules/express/lib/router/index.js:328:13)\n    at /Users/michaelmcisaac/GitHub/teaching-engine2.0/node_modules/.pnpm/express@4.21.2/node_modules/express/lib/router/index.js:286:9\n    at Function.process_params (/Users/michaelmcisaac/GitHub/teaching-engine2.0/node_modules/.pnpm/express@4.21.2/node_modules/express/lib/router/index.js:346:12)\n    at next (/Users/michaelmcisaac/GitHub/teaching-engine2.0/node_modules/.pnpm/express@4.21.2/node_modules/express/lib/router/index.js:280:10)\n    at urlencodedParser (/Users/michaelmcisaac/GitHub/teaching-engine2.0/node_modules/.pnpm/body-parser@1.20.3/node_modules/body-parser/lib/types/urlencoded.js:85:7)\n    at Layer.handle [as handle_request] (/Users/michaelmcisaac/GitHub/teaching-engine2.0/node_modules/.pnpm/express@4.21.2/node_modules/express/lib/router/layer.js:95:5)\n    at trim_prefix (/Users/michaelmcisaac/GitHub/teaching-engine2.0/node_modules/.pnpm/express@4.21.2/node_modules/express/lib/router/index.js:328:13)\n    at /Users/michaelmcisaac/GitHub/teaching-engine2.0/node_modules/.pnpm/express@4.21.2/node_modules/express/lib/router/index.js:286:9\n    at Function.process_params (/Users/michaelmcisaac/GitHub/teaching-engine2.0/node_modules/.pnpm/express@4.21.2/node_modules/express/lib/router/index.js:346:12)\n    at next (/Users/michaelmcisaac/GitHub/teaching-engine2.0/node_modules/.pnpm/express@4.21.2/node_modules/express/lib/router/index.js:280:10)\n    at /Users/michaelmcisaac/GitHub/teaching-engine2.0/node_modules/.pnpm/body-parser@1.20.3/node_modules/body-parser/lib/read.js:137:5\n    at AsyncResource.runInAsyncScope (node:async_hooks:211:14)\n    at invokeCallback (/Users/michaelmcisaac/GitHub/teaching-engine2.0/node_modules/.pnpm/raw-body@2.5.2/node_modules/raw-body/index.js:238:16)\n    at done (/Users/michaelmcisaac/GitHub/teaching-engine2.0/node_modules/.pnpm/raw-body@2.5.2/node_modules/raw-body/index.js:227:7)\n    at IncomingMessage.onEnd (/Users/michaelmcisaac/GitHub/teaching-engine2.0/node_modules/.pnpm/raw-body@2.5.2/node_modules/raw-body/index.js:287:7)\n    at IncomingMessage.emit (node:events:518:28)\n    at endReadableNT (node:internal/streams/readable:1698:12)\n    at processTicksAndRejections (node:internal/process/task_queues:90:21)","aggregateErrors":[{"type":"Object","message":"Invalid email","stack":"","validation":"email","code":"invalid_string","path":["email"]}],"issues":[{"validation":"email","code":"invalid_string","message":"Invalid email","path":["email"]}],"name":"ZodError"},"method":"POST","path":"/api/auth/login","query":{},"ip":"::ffff:127.0.0.1","msg":"Request error"}
{"level":50,"time":1751327600837,"pid":45947,"hostname":"MacBook-Pro-4.local","err":{"type":"ZodError","message":"[\n  {\n    \"validation\": \"email\",\n    \"code\": \"invalid_string\",\n    \"message\": \"Invalid email\",\n    \"path\": [\n      \"email\"\n    ]\n  }\n]","stack":"ZodError: [\n  {\n    \"validation\": \"email\",\n    \"code\": \"invalid_string\",\n    \"message\": \"Invalid email\",\n    \"path\": [\n      \"email\"\n    ]\n  }\n]\n    at Object.get error [as error] (/Users/michaelmcisaac/GitHub/teaching-engine2.0/node_modules/.pnpm/zod@3.25.58/node_modules/zod/dist/esm/v3/types.js:39:31)\n    at ZodObject.parse (/Users/michaelmcisaac/GitHub/teaching-engine2.0/node_modules/.pnpm/zod@3.25.58/node_modules/zod/dist/esm/v3/types.js:114:22)\n    at /Users/michaelmcisaac/GitHub/teaching-engine2.0/server/src/routes/auth.ts:36:47\n    at /Users/michaelmcisaac/GitHub/teaching-engine2.0/server/src/middleware/errorHandler.ts:33:21\n    at Layer.handle [as handle_request] (/Users/michaelmcisaac/GitHub/teaching-engine2.0/node_modules/.pnpm/express@4.21.2/node_modules/express/lib/router/layer.js:95:5)\n    at next (/Users/michaelmcisaac/GitHub/teaching-engine2.0/node_modules/.pnpm/express@4.21.2/node_modules/express/lib/router/route.js:149:13)\n    at Route.dispatch (/Users/michaelmcisaac/GitHub/teaching-engine2.0/node_modules/.pnpm/express@4.21.2/node_modules/express/lib/router/route.js:119:3)\n    at Layer.handle [as handle_request] (/Users/michaelmcisaac/GitHub/teaching-engine2.0/node_modules/.pnpm/express@4.21.2/node_modules/express/lib/router/layer.js:95:5)\n    at /Users/michaelmcisaac/GitHub/teaching-engine2.0/node_modules/.pnpm/express@4.21.2/node_modules/express/lib/router/index.js:284:15\n    at Function.process_params (/Users/michaelmcisaac/GitHub/teaching-engine2.0/node_modules/.pnpm/express@4.21.2/node_modules/express/lib/router/index.js:346:12)\n    at next (/Users/michaelmcisaac/GitHub/teaching-engine2.0/node_modules/.pnpm/express@4.21.2/node_modules/express/lib/router/index.js:280:10)\n    at Function.handle (/Users/michaelmcisaac/GitHub/teaching-engine2.0/node_modules/.pnpm/express@4.21.2/node_modules/express/lib/router/index.js:175:3)\n    at router (/Users/michaelmcisaac/GitHub/teaching-engine2.0/node_modules/.pnpm/express@4.21.2/node_modules/express/lib/router/index.js:47:12)\n    at Layer.handle [as handle_request] (/Users/michaelmcisaac/GitHub/teaching-engine2.0/node_modules/.pnpm/express@4.21.2/node_modules/express/lib/router/layer.js:95:5)\n    at trim_prefix (/Users/michaelmcisaac/GitHub/teaching-engine2.0/node_modules/.pnpm/express@4.21.2/node_modules/express/lib/router/index.js:328:13)\n    at /Users/michaelmcisaac/GitHub/teaching-engine2.0/node_modules/.pnpm/express@4.21.2/node_modules/express/lib/router/index.js:286:9\n    at Function.process_params (/Users/michaelmcisaac/GitHub/teaching-engine2.0/node_modules/.pnpm/express@4.21.2/node_modules/express/lib/router/index.js:346:12)\n    at next (/Users/michaelmcisaac/GitHub/teaching-engine2.0/node_modules/.pnpm/express@4.21.2/node_modules/express/lib/router/index.js:280:10)\n    at /Users/michaelmcisaac/GitHub/teaching-engine2.0/server/src/middleware/rateLimiter.ts:107:5\n    at Layer.handle [as handle_request] (/Users/michaelmcisaac/GitHub/teaching-engine2.0/node_modules/.pnpm/express@4.21.2/node_modules/express/lib/router/layer.js:95:5)\n    at trim_prefix (/Users/michaelmcisaac/GitHub/teaching-engine2.0/node_modules/.pnpm/express@4.21.2/node_modules/express/lib/router/index.js:328:13)\n    at /Users/michaelmcisaac/GitHub/teaching-engine2.0/node_modules/.pnpm/express@4.21.2/node_modules/express/lib/router/index.js:286:9\n    at Function.process_params (/Users/michaelmcisaac/GitHub/teaching-engine2.0/node_modules/.pnpm/express@4.21.2/node_modules/express/lib/router/index.js:346:12)\n    at next (/Users/michaelmcisaac/GitHub/teaching-engine2.0/node_modules/.pnpm/express@4.21.2/node_modules/express/lib/router/index.js:280:10)\n    at urlencodedParser (/Users/michaelmcisaac/GitHub/teaching-engine2.0/node_modules/.pnpm/body-parser@1.20.3/node_modules/body-parser/lib/types/urlencoded.js:85:7)\n    at Layer.handle [as handle_request] (/Users/michaelmcisaac/GitHub/teaching-engine2.0/node_modules/.pnpm/express@4.21.2/node_modules/express/lib/router/layer.js:95:5)\n    at trim_prefix (/Users/michaelmcisaac/GitHub/teaching-engine2.0/node_modules/.pnpm/express@4.21.2/node_modules/express/lib/router/index.js:328:13)\n    at /Users/michaelmcisaac/GitHub/teaching-engine2.0/node_modules/.pnpm/express@4.21.2/node_modules/express/lib/router/index.js:286:9\n    at Function.process_params (/Users/michaelmcisaac/GitHub/teaching-engine2.0/node_modules/.pnpm/express@4.21.2/node_modules/express/lib/router/index.js:346:12)\n    at next (/Users/michaelmcisaac/GitHub/teaching-engine2.0/node_modules/.pnpm/express@4.21.2/node_modules/express/lib/router/index.js:280:10)\n    at /Users/michaelmcisaac/GitHub/teaching-engine2.0/node_modules/.pnpm/body-parser@1.20.3/node_modules/body-parser/lib/read.js:137:5\n    at AsyncResource.runInAsyncScope (node:async_hooks:211:14)\n    at invokeCallback (/Users/michaelmcisaac/GitHub/teaching-engine2.0/node_modules/.pnpm/raw-body@2.5.2/node_modules/raw-body/index.js:238:16)\n    at done (/Users/michaelmcisaac/GitHub/teaching-engine2.0/node_modules/.pnpm/raw-body@2.5.2/node_modules/raw-body/index.js:227:7)\n    at IncomingMessage.onEnd (/Users/michaelmcisaac/GitHub/teaching-engine2.0/node_modules/.pnpm/raw-body@2.5.2/node_modules/raw-body/index.js:287:7)\n    at IncomingMessage.emit (node:events:518:28)\n    at endReadableNT (node:internal/streams/readable:1698:12)\n    at processTicksAndRejections (node:internal/process/task_queues:90:21)","aggregateErrors":[{"type":"Object","message":"Invalid email","stack":"","validation":"email","code":"invalid_string","path":["email"]}],"issues":[{"validation":"email","code":"invalid_string","message":"Invalid email","path":["email"]}],"name":"ZodError"},"method":"POST","path":"/api/auth/login","query":{},"ip":"::ffff:127.0.0.1","msg":"Request error"}
{"level":40,"time":1751327600841,"pid":45951,"hostname":"MacBook-Pro-4.local","service":"CurriculumImportService","msg":"OpenAI API key not found - AI features will be disabled"}
{"level":50,"time":1751327600848,"pid":45947,"hostname":"MacBook-Pro-4.local","err":{"type":"ZodError","message":"[\n  {\n    \"validation\": \"email\",\n    \"code\": \"invalid_string\",\n    \"message\": \"Invalid email\",\n    \"path\": [\n      \"email\"\n    ]\n  }\n]","stack":"ZodError: [\n  {\n    \"validation\": \"email\",\n    \"code\": \"invalid_string\",\n    \"message\": \"Invalid email\",\n    \"path\": [\n      \"email\"\n    ]\n  }\n]\n    at Object.get error [as error] (/Users/michaelmcisaac/GitHub/teaching-engine2.0/node_modules/.pnpm/zod@3.25.58/node_modules/zod/dist/esm/v3/types.js:39:31)\n    at ZodObject.parse (/Users/michaelmcisaac/GitHub/teaching-engine2.0/node_modules/.pnpm/zod@3.25.58/node_modules/zod/dist/esm/v3/types.js:114:22)\n    at /Users/michaelmcisaac/GitHub/teaching-engine2.0/server/src/routes/auth.ts:36:47\n    at /Users/michaelmcisaac/GitHub/teaching-engine2.0/server/src/middleware/errorHandler.ts:33:21\n    at Layer.handle [as handle_request] (/Users/michaelmcisaac/GitHub/teaching-engine2.0/node_modules/.pnpm/express@4.21.2/node_modules/express/lib/router/layer.js:95:5)\n    at next (/Users/michaelmcisaac/GitHub/teaching-engine2.0/node_modules/.pnpm/express@4.21.2/node_modules/express/lib/router/route.js:149:13)\n    at Route.dispatch (/Users/michaelmcisaac/GitHub/teaching-engine2.0/node_modules/.pnpm/express@4.21.2/node_modules/express/lib/router/route.js:119:3)\n    at Layer.handle [as handle_request] (/Users/michaelmcisaac/GitHub/teaching-engine2.0/node_modules/.pnpm/express@4.21.2/node_modules/express/lib/router/layer.js:95:5)\n    at /Users/michaelmcisaac/GitHub/teaching-engine2.0/node_modules/.pnpm/express@4.21.2/node_modules/express/lib/router/index.js:284:15\n    at Function.process_params (/Users/michaelmcisaac/GitHub/teaching-engine2.0/node_modules/.pnpm/express@4.21.2/node_modules/express/lib/router/index.js:346:12)\n    at next (/Users/michaelmcisaac/GitHub/teaching-engine2.0/node_modules/.pnpm/express@4.21.2/node_modules/express/lib/router/index.js:280:10)\n    at Function.handle (/Users/michaelmcisaac/GitHub/teaching-engine2.0/node_modules/.pnpm/express@4.21.2/node_modules/express/lib/router/index.js:175:3)\n    at router (/Users/michaelmcisaac/GitHub/teaching-engine2.0/node_modules/.pnpm/express@4.21.2/node_modules/express/lib/router/index.js:47:12)\n    at Layer.handle [as handle_request] (/Users/michaelmcisaac/GitHub/teaching-engine2.0/node_modules/.pnpm/express@4.21.2/node_modules/express/lib/router/layer.js:95:5)\n    at trim_prefix (/Users/michaelmcisaac/GitHub/teaching-engine2.0/node_modules/.pnpm/express@4.21.2/node_modules/express/lib/router/index.js:328:13)\n    at /Users/michaelmcisaac/GitHub/teaching-engine2.0/node_modules/.pnpm/express@4.21.2/node_modules/express/lib/router/index.js:286:9\n    at Function.process_params (/Users/michaelmcisaac/GitHub/teaching-engine2.0/node_modules/.pnpm/express@4.21.2/node_modules/express/lib/router/index.js:346:12)\n    at next (/Users/michaelmcisaac/GitHub/teaching-engine2.0/node_modules/.pnpm/express@4.21.2/node_modules/express/lib/router/index.js:280:10)\n    at /Users/michaelmcisaac/GitHub/teaching-engine2.0/server/src/middleware/rateLimiter.ts:107:5\n    at Layer.handle [as handle_request] (/Users/michaelmcisaac/GitHub/teaching-engine2.0/node_modules/.pnpm/express@4.21.2/node_modules/express/lib/router/layer.js:95:5)\n    at trim_prefix (/Users/michaelmcisaac/GitHub/teaching-engine2.0/node_modules/.pnpm/express@4.21.2/node_modules/express/lib/router/index.js:328:13)\n    at /Users/michaelmcisaac/GitHub/teaching-engine2.0/node_modules/.pnpm/express@4.21.2/node_modules/express/lib/router/index.js:286:9\n    at Function.process_params (/Users/michaelmcisaac/GitHub/teaching-engine2.0/node_modules/.pnpm/express@4.21.2/node_modules/express/lib/router/index.js:346:12)\n    at next (/Users/michaelmcisaac/GitHub/teaching-engine2.0/node_modules/.pnpm/express@4.21.2/node_modules/express/lib/router/index.js:280:10)\n    at urlencodedParser (/Users/michaelmcisaac/GitHub/teaching-engine2.0/node_modules/.pnpm/body-parser@1.20.3/node_modules/body-parser/lib/types/urlencoded.js:85:7)\n    at Layer.handle [as handle_request] (/Users/michaelmcisaac/GitHub/teaching-engine2.0/node_modules/.pnpm/express@4.21.2/node_modules/express/lib/router/layer.js:95:5)\n    at trim_prefix (/Users/michaelmcisaac/GitHub/teaching-engine2.0/node_modules/.pnpm/express@4.21.2/node_modules/express/lib/router/index.js:328:13)\n    at /Users/michaelmcisaac/GitHub/teaching-engine2.0/node_modules/.pnpm/express@4.21.2/node_modules/express/lib/router/index.js:286:9\n    at Function.process_params (/Users/michaelmcisaac/GitHub/teaching-engine2.0/node_modules/.pnpm/express@4.21.2/node_modules/express/lib/router/index.js:346:12)\n    at next (/Users/michaelmcisaac/GitHub/teaching-engine2.0/node_modules/.pnpm/express@4.21.2/node_modules/express/lib/router/index.js:280:10)\n    at /Users/michaelmcisaac/GitHub/teaching-engine2.0/node_modules/.pnpm/body-parser@1.20.3/node_modules/body-parser/lib/read.js:137:5\n    at AsyncResource.runInAsyncScope (node:async_hooks:211:14)\n    at invokeCallback (/Users/michaelmcisaac/GitHub/teaching-engine2.0/node_modules/.pnpm/raw-body@2.5.2/node_modules/raw-body/index.js:238:16)\n    at done (/Users/michaelmcisaac/GitHub/teaching-engine2.0/node_modules/.pnpm/raw-body@2.5.2/node_modules/raw-body/index.js:227:7)\n    at IncomingMessage.onEnd (/Users/michaelmcisaac/GitHub/teaching-engine2.0/node_modules/.pnpm/raw-body@2.5.2/node_modules/raw-body/index.js:287:7)\n    at IncomingMessage.emit (node:events:518:28)\n    at endReadableNT (node:internal/streams/readable:1698:12)\n    at processTicksAndRejections (node:internal/process/task_queues:90:21)","aggregateErrors":[{"type":"Object","message":"Invalid email","stack":"","validation":"email","code":"invalid_string","path":["email"]}],"issues":[{"validation":"email","code":"invalid_string","message":"Invalid email","path":["email"]}],"name":"ZodError"},"method":"POST","path":"/api/auth/login","query":{},"ip":"::ffff:127.0.0.1","msg":"Request error"}
{"level":50,"time":1751327600858,"pid":45947,"hostname":"MacBook-Pro-4.local","err":{"type":"ZodError","message":"[\n  {\n    \"validation\": \"email\",\n    \"code\": \"invalid_string\",\n    \"message\": \"Invalid email\",\n    \"path\": [\n      \"email\"\n    ]\n  }\n]","stack":"ZodError: [\n  {\n    \"validation\": \"email\",\n    \"code\": \"invalid_string\",\n    \"message\": \"Invalid email\",\n    \"path\": [\n      \"email\"\n    ]\n  }\n]\n    at Object.get error [as error] (/Users/michaelmcisaac/GitHub/teaching-engine2.0/node_modules/.pnpm/zod@3.25.58/node_modules/zod/dist/esm/v3/types.js:39:31)\n    at ZodObject.parse (/Users/michaelmcisaac/GitHub/teaching-engine2.0/node_modules/.pnpm/zod@3.25.58/node_modules/zod/dist/esm/v3/types.js:114:22)\n    at /Users/michaelmcisaac/GitHub/teaching-engine2.0/server/src/routes/auth.ts:36:47\n    at /Users/michaelmcisaac/GitHub/teaching-engine2.0/server/src/middleware/errorHandler.ts:33:21\n    at Layer.handle [as handle_request] (/Users/michaelmcisaac/GitHub/teaching-engine2.0/node_modules/.pnpm/express@4.21.2/node_modules/express/lib/router/layer.js:95:5)\n    at next (/Users/michaelmcisaac/GitHub/teaching-engine2.0/node_modules/.pnpm/express@4.21.2/node_modules/express/lib/router/route.js:149:13)\n    at Route.dispatch (/Users/michaelmcisaac/GitHub/teaching-engine2.0/node_modules/.pnpm/express@4.21.2/node_modules/express/lib/router/route.js:119:3)\n    at Layer.handle [as handle_request] (/Users/michaelmcisaac/GitHub/teaching-engine2.0/node_modules/.pnpm/express@4.21.2/node_modules/express/lib/router/layer.js:95:5)\n    at /Users/michaelmcisaac/GitHub/teaching-engine2.0/node_modules/.pnpm/express@4.21.2/node_modules/express/lib/router/index.js:284:15\n    at Function.process_params (/Users/michaelmcisaac/GitHub/teaching-engine2.0/node_modules/.pnpm/express@4.21.2/node_modules/express/lib/router/index.js:346:12)\n    at next (/Users/michaelmcisaac/GitHub/teaching-engine2.0/node_modules/.pnpm/express@4.21.2/node_modules/express/lib/router/index.js:280:10)\n    at Function.handle (/Users/michaelmcisaac/GitHub/teaching-engine2.0/node_modules/.pnpm/express@4.21.2/node_modules/express/lib/router/index.js:175:3)\n    at router (/Users/michaelmcisaac/GitHub/teaching-engine2.0/node_modules/.pnpm/express@4.21.2/node_modules/express/lib/router/index.js:47:12)\n    at Layer.handle [as handle_request] (/Users/michaelmcisaac/GitHub/teaching-engine2.0/node_modules/.pnpm/express@4.21.2/node_modules/express/lib/router/layer.js:95:5)\n    at trim_prefix (/Users/michaelmcisaac/GitHub/teaching-engine2.0/node_modules/.pnpm/express@4.21.2/node_modules/express/lib/router/index.js:328:13)\n    at /Users/michaelmcisaac/GitHub/teaching-engine2.0/node_modules/.pnpm/express@4.21.2/node_modules/express/lib/router/index.js:286:9\n    at Function.process_params (/Users/michaelmcisaac/GitHub/teaching-engine2.0/node_modules/.pnpm/express@4.21.2/node_modules/express/lib/router/index.js:346:12)\n    at next (/Users/michaelmcisaac/GitHub/teaching-engine2.0/node_modules/.pnpm/express@4.21.2/node_modules/express/lib/router/index.js:280:10)\n    at /Users/michaelmcisaac/GitHub/teaching-engine2.0/server/src/middleware/rateLimiter.ts:107:5\n    at Layer.handle [as handle_request] (/Users/michaelmcisaac/GitHub/teaching-engine2.0/node_modules/.pnpm/express@4.21.2/node_modules/express/lib/router/layer.js:95:5)\n    at trim_prefix (/Users/michaelmcisaac/GitHub/teaching-engine2.0/node_modules/.pnpm/express@4.21.2/node_modules/express/lib/router/index.js:328:13)\n    at /Users/michaelmcisaac/GitHub/teaching-engine2.0/node_modules/.pnpm/express@4.21.2/node_modules/express/lib/router/index.js:286:9\n    at Function.process_params (/Users/michaelmcisaac/GitHub/teaching-engine2.0/node_modules/.pnpm/express@4.21.2/node_modules/express/lib/router/index.js:346:12)\n    at next (/Users/michaelmcisaac/GitHub/teaching-engine2.0/node_modules/.pnpm/express@4.21.2/node_modules/express/lib/router/index.js:280:10)\n    at urlencodedParser (/Users/michaelmcisaac/GitHub/teaching-engine2.0/node_modules/.pnpm/body-parser@1.20.3/node_modules/body-parser/lib/types/urlencoded.js:85:7)\n    at Layer.handle [as handle_request] (/Users/michaelmcisaac/GitHub/teaching-engine2.0/node_modules/.pnpm/express@4.21.2/node_modules/express/lib/router/layer.js:95:5)\n    at trim_prefix (/Users/michaelmcisaac/GitHub/teaching-engine2.0/node_modules/.pnpm/express@4.21.2/node_modules/express/lib/router/index.js:328:13)\n    at /Users/michaelmcisaac/GitHub/teaching-engine2.0/node_modules/.pnpm/express@4.21.2/node_modules/express/lib/router/index.js:286:9\n    at Function.process_params (/Users/michaelmcisaac/GitHub/teaching-engine2.0/node_modules/.pnpm/express@4.21.2/node_modules/express/lib/router/index.js:346:12)\n    at next (/Users/michaelmcisaac/GitHub/teaching-engine2.0/node_modules/.pnpm/express@4.21.2/node_modules/express/lib/router/index.js:280:10)\n    at /Users/michaelmcisaac/GitHub/teaching-engine2.0/node_modules/.pnpm/body-parser@1.20.3/node_modules/body-parser/lib/read.js:137:5\n    at AsyncResource.runInAsyncScope (node:async_hooks:211:14)\n    at invokeCallback (/Users/michaelmcisaac/GitHub/teaching-engine2.0/node_modules/.pnpm/raw-body@2.5.2/node_modules/raw-body/index.js:238:16)\n    at done (/Users/michaelmcisaac/GitHub/teaching-engine2.0/node_modules/.pnpm/raw-body@2.5.2/node_modules/raw-body/index.js:227:7)\n    at IncomingMessage.onEnd (/Users/michaelmcisaac/GitHub/teaching-engine2.0/node_modules/.pnpm/raw-body@2.5.2/node_modules/raw-body/index.js:287:7)\n    at IncomingMessage.emit (node:events:518:28)\n    at endReadableNT (node:internal/streams/readable:1698:12)\n    at processTicksAndRejections (node:internal/process/task_queues:90:21)","aggregateErrors":[{"type":"Object","message":"Invalid email","stack":"","validation":"email","code":"invalid_string","path":["email"]}],"issues":[{"validation":"email","code":"invalid_string","message":"Invalid email","path":["email"]}],"name":"ZodError"},"method":"POST","path":"/api/auth/login","query":{},"ip":"::ffff:127.0.0.1","msg":"Request error"}
{"level":50,"time":1751327600885,"pid":45947,"hostname":"MacBook-Pro-4.local","err":{"type":"ZodError","message":"[\n  {\n    \"validation\": \"email\",\n    \"code\": \"invalid_string\",\n    \"message\": \"Invalid email\",\n    \"path\": [\n      \"email\"\n    ]\n  }\n]","stack":"ZodError: [\n  {\n    \"validation\": \"email\",\n    \"code\": \"invalid_string\",\n    \"message\": \"Invalid email\",\n    \"path\": [\n      \"email\"\n    ]\n  }\n]\n    at Object.get error [as error] (/Users/michaelmcisaac/GitHub/teaching-engine2.0/node_modules/.pnpm/zod@3.25.58/node_modules/zod/dist/esm/v3/types.js:39:31)\n    at ZodObject.parse (/Users/michaelmcisaac/GitHub/teaching-engine2.0/node_modules/.pnpm/zod@3.25.58/node_modules/zod/dist/esm/v3/types.js:114:22)\n    at /Users/michaelmcisaac/GitHub/teaching-engine2.0/server/src/routes/auth.ts:36:47\n    at /Users/michaelmcisaac/GitHub/teaching-engine2.0/server/src/middleware/errorHandler.ts:33:21\n    at Layer.handle [as handle_request] (/Users/michaelmcisaac/GitHub/teaching-engine2.0/node_modules/.pnpm/express@4.21.2/node_modules/express/lib/router/layer.js:95:5)\n    at next (/Users/michaelmcisaac/GitHub/teaching-engine2.0/node_modules/.pnpm/express@4.21.2/node_modules/express/lib/router/route.js:149:13)\n    at Route.dispatch (/Users/michaelmcisaac/GitHub/teaching-engine2.0/node_modules/.pnpm/express@4.21.2/node_modules/express/lib/router/route.js:119:3)\n    at Layer.handle [as handle_request] (/Users/michaelmcisaac/GitHub/teaching-engine2.0/node_modules/.pnpm/express@4.21.2/node_modules/express/lib/router/layer.js:95:5)\n    at /Users/michaelmcisaac/GitHub/teaching-engine2.0/node_modules/.pnpm/express@4.21.2/node_modules/express/lib/router/index.js:284:15\n    at Function.process_params (/Users/michaelmcisaac/GitHub/teaching-engine2.0/node_modules/.pnpm/express@4.21.2/node_modules/express/lib/router/index.js:346:12)\n    at next (/Users/michaelmcisaac/GitHub/teaching-engine2.0/node_modules/.pnpm/express@4.21.2/node_modules/express/lib/router/index.js:280:10)\n    at Function.handle (/Users/michaelmcisaac/GitHub/teaching-engine2.0/node_modules/.pnpm/express@4.21.2/node_modules/express/lib/router/index.js:175:3)\n    at router (/Users/michaelmcisaac/GitHub/teaching-engine2.0/node_modules/.pnpm/express@4.21.2/node_modules/express/lib/router/index.js:47:12)\n    at Layer.handle [as handle_request] (/Users/michaelmcisaac/GitHub/teaching-engine2.0/node_modules/.pnpm/express@4.21.2/node_modules/express/lib/router/layer.js:95:5)\n    at trim_prefix (/Users/michaelmcisaac/GitHub/teaching-engine2.0/node_modules/.pnpm/express@4.21.2/node_modules/express/lib/router/index.js:328:13)\n    at /Users/michaelmcisaac/GitHub/teaching-engine2.0/node_modules/.pnpm/express@4.21.2/node_modules/express/lib/router/index.js:286:9\n    at Function.process_params (/Users/michaelmcisaac/GitHub/teaching-engine2.0/node_modules/.pnpm/express@4.21.2/node_modules/express/lib/router/index.js:346:12)\n    at next (/Users/michaelmcisaac/GitHub/teaching-engine2.0/node_modules/.pnpm/express@4.21.2/node_modules/express/lib/router/index.js:280:10)\n    at /Users/michaelmcisaac/GitHub/teaching-engine2.0/server/src/middleware/rateLimiter.ts:107:5\n    at Layer.handle [as handle_request] (/Users/michaelmcisaac/GitHub/teaching-engine2.0/node_modules/.pnpm/express@4.21.2/node_modules/express/lib/router/layer.js:95:5)\n    at trim_prefix (/Users/michaelmcisaac/GitHub/teaching-engine2.0/node_modules/.pnpm/express@4.21.2/node_modules/express/lib/router/index.js:328:13)\n    at /Users/michaelmcisaac/GitHub/teaching-engine2.0/node_modules/.pnpm/express@4.21.2/node_modules/express/lib/router/index.js:286:9\n    at Function.process_params (/Users/michaelmcisaac/GitHub/teaching-engine2.0/node_modules/.pnpm/express@4.21.2/node_modules/express/lib/router/index.js:346:12)\n    at next (/Users/michaelmcisaac/GitHub/teaching-engine2.0/node_modules/.pnpm/express@4.21.2/node_modules/express/lib/router/index.js:280:10)\n    at urlencodedParser (/Users/michaelmcisaac/GitHub/teaching-engine2.0/node_modules/.pnpm/body-parser@1.20.3/node_modules/body-parser/lib/types/urlencoded.js:85:7)\n    at Layer.handle [as handle_request] (/Users/michaelmcisaac/GitHub/teaching-engine2.0/node_modules/.pnpm/express@4.21.2/node_modules/express/lib/router/layer.js:95:5)\n    at trim_prefix (/Users/michaelmcisaac/GitHub/teaching-engine2.0/node_modules/.pnpm/express@4.21.2/node_modules/express/lib/router/index.js:328:13)\n    at /Users/michaelmcisaac/GitHub/teaching-engine2.0/node_modules/.pnpm/express@4.21.2/node_modules/express/lib/router/index.js:286:9\n    at Function.process_params (/Users/michaelmcisaac/GitHub/teaching-engine2.0/node_modules/.pnpm/express@4.21.2/node_modules/express/lib/router/index.js:346:12)\n    at next (/Users/michaelmcisaac/GitHub/teaching-engine2.0/node_modules/.pnpm/express@4.21.2/node_modules/express/lib/router/index.js:280:10)\n    at /Users/michaelmcisaac/GitHub/teaching-engine2.0/node_modules/.pnpm/body-parser@1.20.3/node_modules/body-parser/lib/read.js:137:5\n    at AsyncResource.runInAsyncScope (node:async_hooks:211:14)\n    at invokeCallback (/Users/michaelmcisaac/GitHub/teaching-engine2.0/node_modules/.pnpm/raw-body@2.5.2/node_modules/raw-body/index.js:238:16)\n    at done (/Users/michaelmcisaac/GitHub/teaching-engine2.0/node_modules/.pnpm/raw-body@2.5.2/node_modules/raw-body/index.js:227:7)\n    at IncomingMessage.onEnd (/Users/michaelmcisaac/GitHub/teaching-engine2.0/node_modules/.pnpm/raw-body@2.5.2/node_modules/raw-body/index.js:287:7)\n    at IncomingMessage.emit (node:events:518:28)\n    at endReadableNT (node:internal/streams/readable:1698:12)\n    at processTicksAndRejections (node:internal/process/task_queues:90:21)","aggregateErrors":[{"type":"Object","message":"Invalid email","stack":"","validation":"email","code":"invalid_string","path":["email"]}],"issues":[{"validation":"email","code":"invalid_string","message":"Invalid email","path":["email"]}],"name":"ZodError"},"method":"POST","path":"/api/auth/login","query":{},"ip":"::ffff:127.0.0.1","msg":"Request error"}
[0m[7m[1m[32m PASS [39m[22m[27m[0m [0m[7m[37m Unit Tests [39m[27m[0m [2mtests/unit/[22m[1mcurriculumImportService.simple.test.ts[22m
{"level":50,"time":1751327600892,"pid":45947,"hostname":"MacBook-Pro-4.local","err":{"type":"ZodError","message":"[\n  {\n    \"validation\": \"email\",\n    \"code\": \"invalid_string\",\n    \"message\": \"Invalid email\",\n    \"path\": [\n      \"email\"\n    ]\n  }\n]","stack":"ZodError: [\n  {\n    \"validation\": \"email\",\n    \"code\": \"invalid_string\",\n    \"message\": \"Invalid email\",\n    \"path\": [\n      \"email\"\n    ]\n  }\n]\n    at Object.get error [as error] (/Users/michaelmcisaac/GitHub/teaching-engine2.0/node_modules/.pnpm/zod@3.25.58/node_modules/zod/dist/esm/v3/types.js:39:31)\n    at ZodObject.parse (/Users/michaelmcisaac/GitHub/teaching-engine2.0/node_modules/.pnpm/zod@3.25.58/node_modules/zod/dist/esm/v3/types.js:114:22)\n    at /Users/michaelmcisaac/GitHub/teaching-engine2.0/server/src/routes/auth.ts:36:47\n    at /Users/michaelmcisaac/GitHub/teaching-engine2.0/server/src/middleware/errorHandler.ts:33:21\n    at Layer.handle [as handle_request] (/Users/michaelmcisaac/GitHub/teaching-engine2.0/node_modules/.pnpm/express@4.21.2/node_modules/express/lib/router/layer.js:95:5)\n    at next (/Users/michaelmcisaac/GitHub/teaching-engine2.0/node_modules/.pnpm/express@4.21.2/node_modules/express/lib/router/route.js:149:13)\n    at Route.dispatch (/Users/michaelmcisaac/GitHub/teaching-engine2.0/node_modules/.pnpm/express@4.21.2/node_modules/express/lib/router/route.js:119:3)\n    at Layer.handle [as handle_request] (/Users/michaelmcisaac/GitHub/teaching-engine2.0/node_modules/.pnpm/express@4.21.2/node_modules/express/lib/router/layer.js:95:5)\n    at /Users/michaelmcisaac/GitHub/teaching-engine2.0/node_modules/.pnpm/express@4.21.2/node_modules/express/lib/router/index.js:284:15\n    at Function.process_params (/Users/michaelmcisaac/GitHub/teaching-engine2.0/node_modules/.pnpm/express@4.21.2/node_modules/express/lib/router/index.js:346:12)\n    at next (/Users/michaelmcisaac/GitHub/teaching-engine2.0/node_modules/.pnpm/express@4.21.2/node_modules/express/lib/router/index.js:280:10)\n    at Function.handle (/Users/michaelmcisaac/GitHub/teaching-engine2.0/node_modules/.pnpm/express@4.21.2/node_modules/express/lib/router/index.js:175:3)\n    at router (/Users/michaelmcisaac/GitHub/teaching-engine2.0/node_modules/.pnpm/express@4.21.2/node_modules/express/lib/router/index.js:47:12)\n    at Layer.handle [as handle_request] (/Users/michaelmcisaac/GitHub/teaching-engine2.0/node_modules/.pnpm/express@4.21.2/node_modules/express/lib/router/layer.js:95:5)\n    at trim_prefix (/Users/michaelmcisaac/GitHub/teaching-engine2.0/node_modules/.pnpm/express@4.21.2/node_modules/express/lib/router/index.js:328:13)\n    at /Users/michaelmcisaac/GitHub/teaching-engine2.0/node_modules/.pnpm/express@4.21.2/node_modules/express/lib/router/index.js:286:9\n    at Function.process_params (/Users/michaelmcisaac/GitHub/teaching-engine2.0/node_modules/.pnpm/express@4.21.2/node_modules/express/lib/router/index.js:346:12)\n    at next (/Users/michaelmcisaac/GitHub/teaching-engine2.0/node_modules/.pnpm/express@4.21.2/node_modules/express/lib/router/index.js:280:10)\n    at /Users/michaelmcisaac/GitHub/teaching-engine2.0/server/src/middleware/rateLimiter.ts:107:5\n    at Layer.handle [as handle_request] (/Users/michaelmcisaac/GitHub/teaching-engine2.0/node_modules/.pnpm/express@4.21.2/node_modules/express/lib/router/layer.js:95:5)\n    at trim_prefix (/Users/michaelmcisaac/GitHub/teaching-engine2.0/node_modules/.pnpm/express@4.21.2/node_modules/express/lib/router/index.js:328:13)\n    at /Users/michaelmcisaac/GitHub/teaching-engine2.0/node_modules/.pnpm/express@4.21.2/node_modules/express/lib/router/index.js:286:9\n    at Function.process_params (/Users/michaelmcisaac/GitHub/teaching-engine2.0/node_modules/.pnpm/express@4.21.2/node_modules/express/lib/router/index.js:346:12)\n    at next (/Users/michaelmcisaac/GitHub/teaching-engine2.0/node_modules/.pnpm/express@4.21.2/node_modules/express/lib/router/index.js:280:10)\n    at urlencodedParser (/Users/michaelmcisaac/GitHub/teaching-engine2.0/node_modules/.pnpm/body-parser@1.20.3/node_modules/body-parser/lib/types/urlencoded.js:85:7)\n    at Layer.handle [as handle_request] (/Users/michaelmcisaac/GitHub/teaching-engine2.0/node_modules/.pnpm/express@4.21.2/node_modules/express/lib/router/layer.js:95:5)\n    at trim_prefix (/Users/michaelmcisaac/GitHub/teaching-engine2.0/node_modules/.pnpm/express@4.21.2/node_modules/express/lib/router/index.js:328:13)\n    at /Users/michaelmcisaac/GitHub/teaching-engine2.0/node_modules/.pnpm/express@4.21.2/node_modules/express/lib/router/index.js:286:9\n    at Function.process_params (/Users/michaelmcisaac/GitHub/teaching-engine2.0/node_modules/.pnpm/express@4.21.2/node_modules/express/lib/router/index.js:346:12)\n    at next (/Users/michaelmcisaac/GitHub/teaching-engine2.0/node_modules/.pnpm/express@4.21.2/node_modules/express/lib/router/index.js:280:10)\n    at /Users/michaelmcisaac/GitHub/teaching-engine2.0/node_modules/.pnpm/body-parser@1.20.3/node_modules/body-parser/lib/read.js:137:5\n    at AsyncResource.runInAsyncScope (node:async_hooks:211:14)\n    at invokeCallback (/Users/michaelmcisaac/GitHub/teaching-engine2.0/node_modules/.pnpm/raw-body@2.5.2/node_modules/raw-body/index.js:238:16)\n    at done (/Users/michaelmcisaac/GitHub/teaching-engine2.0/node_modules/.pnpm/raw-body@2.5.2/node_modules/raw-body/index.js:227:7)\n    at IncomingMessage.onEnd (/Users/michaelmcisaac/GitHub/teaching-engine2.0/node_modules/.pnpm/raw-body@2.5.2/node_modules/raw-body/index.js:287:7)\n    at IncomingMessage.emit (node:events:518:28)\n    at endReadableNT (node:internal/streams/readable:1698:12)\n    at processTicksAndRejections (node:internal/process/task_queues:90:21)","aggregateErrors":[{"type":"Object","message":"Invalid email","stack":"","validation":"email","code":"invalid_string","path":["email"]}],"issues":[{"validation":"email","code":"invalid_string","message":"Invalid email","path":["email"]}],"name":"ZodError"},"method":"POST","path":"/api/auth/login","query":{},"ip":"::ffff:127.0.0.1","msg":"Request error"}
{"level":40,"time":1751327600901,"pid":45947,"hostname":"MacBook-Pro-4.local","msg":"Failed login attempt for email: test@example.com"}
{"level":40,"time":1751327600901,"pid":45947,"hostname":"MacBook-Pro-4.local","msg":"Failed login attempt for email: test@example.com"}
{"level":40,"time":1751327600917,"pid":45947,"hostname":"MacBook-Pro-4.local","msg":"Failed login attempt for email: test@example.com"}
{"level":40,"time":1751327600917,"pid":45947,"hostname":"MacBook-Pro-4.local","msg":"Failed login attempt for email: test@example.com"}
{"level":30,"time":1751327600843,"pid":45951,"hostname":"MacBook-Pro-4.local","service":"CurriculumImportService","importId":"test-import-123","created":2,"msg":"Import confirmed and expectations created"}
{"level":30,"time":1751327600846,"pid":45951,"hostname":"MacBook-Pro-4.local","service":"CurriculumImportService","importId":"test-import-123","created":1,"msg":"Import confirmed and expectations created"}
{"level":50,"time":1751327600848,"pid":45951,"hostname":"MacBook-Pro-4.local","service":"CurriculumImportService","error":{},"importId":"test-import-123","msg":"Failed to confirm import"}
{"level":50,"time":1751327600895,"pid":45951,"hostname":"MacBook-Pro-4.local","service":"CurriculumImportService","error":{},"importId":"test-import-123","msg":"Failed to confirm import"}
{"level":50,"time":1751327600908,"pid":45951,"hostname":"MacBook-Pro-4.local","service":"CurriculumImportService","error":{},"msg":"Failed to parse CSV content"}
{"level":50,"time":1751327600909,"pid":45951,"hostname":"MacBook-Pro-4.local","service":"CurriculumImportService","error":{},"msg":"Failed to parse CSV content"}
{"level":30,"time":1751327600913,"pid":45951,"hostname":"MacBook-Pro-4.local","service":"CurriculumImportService","msg":"File stored for import import-123: curriculum.pdf"}
{"level":50,"time":1751327600915,"pid":45951,"hostname":"MacBook-Pro-4.local","service":"CurriculumImportService","error":{},"importId":"import-123","msg":"Failed to store uploaded file"}
{"level":30,"time":1751327600933,"pid":45951,"hostname":"MacBook-Pro-4.local","service":"CurriculumImportService","importId":"import-123","userId":1,"grade":3,"subject":"Math","sourceFormat":"csv","msg":"Started curriculum import session"}
{"level":50,"time":1751327600934,"pid":45951,"hostname":"MacBook-Pro-4.local","service":"CurriculumImportService","error":{},"userId":1,"grade":3,"subject":"Math","msg":"Failed to start curriculum import"}
{"level":30,"time":1751327600940,"pid":45951,"hostname":"MacBook-Pro-4.local","service":"CurriculumImportService","importId":"import-123","msg":"Cancelled curriculum import"}
{"level":50,"time":1751327600942,"pid":45951,"hostname":"MacBook-Pro-4.local","service":"CurriculumImportService","error":{},"importId":"import-123","msg":"Failed to cancel import"}
[0m[7m[1m[32m PASS [39m[22m[27m[0m [0m[7m[37m Unit Tests [39m[27m[0m [2mtests/unit/[22m[1mvalidation.unit.test.ts[22m
[0m[7m[1m[32m PASS [39m[22m[27m[0m [0m[7m[37m Unit Tests [39m[27m[0m [2mtests/unit/[22m[1mauth.unit.test.ts[22m
{"level":50,"time":1751327600991,"pid":45952,"hostname":"MacBook-Pro-4.local","err":{"type":"AuthenticationError","message":"401 Incorrect API key provided: test-api-key. You can find your API key at https://platform.openai.com/account/api-keys.","stack":"Error: 401 Incorrect API key provided: test-api-key. You can find your API key at https://platform.openai.com/account/api-keys.\n    at Function.generate (/Users/michaelmcisaac/GitHub/teaching-engine2.0/node_modules/.pnpm/openai@5.7.0_ws@8.18.2_zod@3.25.58/node_modules/openai/src/core/error.ts:76:14)\n    at OpenAI.makeStatusError (/Users/michaelmcisaac/GitHub/teaching-engine2.0/node_modules/.pnpm/openai@5.7.0_ws@8.18.2_zod@3.25.58/node_modules/openai/src/client.ts:413:28)\n    at OpenAI.makeRequest (/Users/michaelmcisaac/GitHub/teaching-engine2.0/node_modules/.pnpm/openai@5.7.0_ws@8.18.2_zod@3.25.58/node_modules/openai/src/client.ts:634:24)\n    at processTicksAndRejections (node:internal/process/task_queues:105:5)\n    at generateContent (/Users/michaelmcisaac/GitHub/teaching-engine2.0/server/src/services/llmService.ts:107:18)\n    at /Users/michaelmcisaac/GitHub/teaching-engine2.0/server/tests/unit/llmService.test.ts:30:24","status":401,"headers":{},"requestID":"req_d81eb48b3fbc5807ce12cd39ae25a266","error":{"type":"Object","message":"Incorrect API key provided: test-api-key. You can find your API key at https://platform.openai.com/account/api-keys.","stack":"","param":null,"code":"invalid_api_key"},"code":"invalid_api_key","param":null},"msg":"LLM content generation failed"}
{"level":40,"time":1751327601087,"pid":45945,"hostname":"MacBook-Pro-4.local","service":"EmbeddingService","error":"401 Incorrect API key provided: test-api-key. You can find your API key at https://platform.openai.com/account/api-keys.","attempt":3,"maxRetries":3,"msg":"Embedding generation attempt failed"}
[0m[7m[1m[32m PASS [39m[22m[27m[0m [0m[7m[37m Unit Tests [39m[27m[0m [2mtests/unit/[22m[1memailService.test.ts[22m
{"level":30,"time":1751327601116,"pid":45946,"hostname":"MacBook-Pro-4.local","msg":"Email sent via SendGrid to test@example.com"}
{"level":30,"time":1751327601118,"pid":45946,"hostname":"MacBook-Pro-4.local","msg":"Email sent via SendGrid to test@example.com"}
{"level":30,"time":1751327601119,"pid":45946,"hostname":"MacBook-Pro-4.local","msg":"Email sent via SendGrid to test@example.com"}
{"level":30,"time":1751327601120,"pid":45946,"hostname":"MacBook-Pro-4.local","msg":"Email sent via SendGrid to test@example.com"}
{"level":50,"time":1751327601121,"pid":45946,"hostname":"MacBook-Pro-4.local","msg":"SendGrid email error:"}
{"level":30,"time":1751327601145,"pid":45946,"hostname":"MacBook-Pro-4.local","msg":"Email service not configured. Would send email to test@example.com"}
{"level":30,"time":1751327601145,"pid":45946,"hostname":"MacBook-Pro-4.local","msg":"Subject: Test Subject"}
{"level":30,"time":1751327601145,"pid":45946,"hostname":"MacBook-Pro-4.local","msg":"Text: Test text"}
{"level":30,"time":1751327601146,"pid":45946,"hostname":"MacBook-Pro-4.local","msg":"Email service not configured. Would send email to test@example.com"}
{"level":30,"time":1751327601147,"pid":45946,"hostname":"MacBook-Pro-4.local","msg":"Subject: Test Subject"}
{"level":30,"time":1751327601147,"pid":45946,"hostname":"MacBook-Pro-4.local","msg":"Text: Test text"}
{"level":30,"time":1751327601147,"pid":45946,"hostname":"MacBook-Pro-4.local","msg":"Attachment: test.pdf"}
{"level":30,"time":1751327601148,"pid":45946,"hostname":"MacBook-Pro-4.local","msg":"Email service not configured. Would send email to test@example.com"}
{"level":30,"time":1751327601148,"pid":45946,"hostname":"MacBook-Pro-4.local","msg":"Subject: Test Subject"}
{"level":30,"time":1751327601148,"pid":45946,"hostname":"MacBook-Pro-4.local","msg":"Text: Test text"}
[0m[7m[1m[31m FAIL [39m[22m[27m[0m [0m[7m[37m Unit Tests [39m[27m[0m [2mtests/unit/[22m[1membeddingService.test.ts[22m ([0m[1m[41m5.019 s[49m[22m[0m)
[1m[31m  [1m● [22m[1mEmbeddingService › generateEmbedding › should generate embedding for new expectation[39m[22m

    [2mexpect([22m[31mreceived[39m[2m).[22mtoEqual[2m([22m[32mexpected[39m[2m) // deep equality[22m

    Expected: [32m{"embedding": [0.1, 0.2, 0.3, 0.4, 0.5], "expectationId": "exp-123", "model": "text-embedding-3-small"}[39m
    Received: [31mnull[39m
[2m[22m
[2m    [0m [90m 120 |[39m       [36mconst[39m result [33m=[39m [36mawait[39m service[33m.[39mgenerateEmbedding([32m'exp-123'[39m[33m,[39m [32m'Mathematics: Students will understand addition'[39m)[33m;[39m[22m
[2m     [90m 121 |[39m[22m
[2m    [31m[1m>[22m[2m[39m[90m 122 |[39m       expect(result)[33m.[39mtoEqual({[22m
[2m     [90m     |[39m                      [31m[1m^[22m[2m[39m[22m
[2m     [90m 123 |[39m         expectationId[33m:[39m [32m'exp-123'[39m[33m,[39m[22m
[2m     [90m 124 |[39m         embedding[33m:[39m [[35m0.1[39m[33m,[39m [35m0.2[39m[33m,[39m [35m0.3[39m[33m,[39m [35m0.4[39m[33m,[39m [35m0.5[39m][33m,[39m[22m
[2m     [90m 125 |[39m         model[33m:[39m [32m'text-embedding-3-small'[39m[33m,[39m[0m[22m
[2m[22m
[2m      [2mat Object.<anonymous> ([22m[2m[0m[36mtests/unit/embeddingService.test.ts[39m[0m[2m:122:22)[22m[2m[22m

[1m[31m  [1m● [22m[1mEmbeddingService › generateEmbedding › should return existing embedding if already exists[39m[22m

    TypeError: mockedOpenAI.embeddings.create.mockReset is not a function
[2m[22m
[2m    [0m [90m 144 |[39m       [22m
[2m     [90m 145 |[39m       [90m// Also reset and track OpenAI calls[39m[22m
[2m    [31m[1m>[22m[2m[39m[90m 146 |[39m       (mockedOpenAI [36mas[39m any)[33m.[39membeddings[33m.[39mcreate[33m.[39mmockReset()[33m;[39m[22m
[2m     [90m     |[39m                                               [31m[1m^[22m[2m[39m[22m
[2m     [90m 147 |[39m[22m
[2m     [90m 148 |[39m       [36mconst[39m result [33m=[39m [36mawait[39m service[33m.[39mgenerateEmbedding([32m'exp-123'[39m[33m,[39m [32m'Some text'[39m)[33m;[39m[22m
[2m     [90m 149 |[39m[0m[22m
[2m[22m
[2m      [2mat Object.<anonymous> ([22m[2m[0m[36mtests/unit/embeddingService.test.ts[39m[0m[2m:146:47)[22m[2m[22m

[1m[31m  [1m● [22m[1mEmbeddingService › generateEmbedding › should handle OpenAI API errors with retry[39m[22m

    TypeError: mockedOpenAI.embeddings.create.mockRejectedValueOnce is not a function
[2m[22m
[2m    [0m [90m 162 |[39m       [90m// First two calls fail, third succeeds[39m[22m
[2m     [90m 163 |[39m       (mockedOpenAI [36mas[39m any)[33m.[39membeddings[33m.[39mcreate[22m
[2m    [31m[1m>[22m[2m[39m[90m 164 |[39m         [33m.[39mmockRejectedValueOnce([36mnew[39m [33mError[39m([32m'Rate limit'[39m))[22m
[2m     [90m     |[39m          [31m[1m^[22m[2m[39m[22m
[2m     [90m 165 |[39m         [33m.[39mmockRejectedValueOnce([36mnew[39m [33mError[39m([32m'Network error'[39m))[22m
[2m     [90m 166 |[39m         [33m.[39mmockResolvedValueOnce({[22m
[2m     [90m 167 |[39m           data[33m:[39m [{ embedding[33m:[39m [[35m0.1[39m[33m,[39m [35m0.2[39m[33m,[39m [35m0.3[39m] }][33m,[39m[0m[22m
[2m[22m
[2m      [2mat Object.<anonymous> ([22m[2m[0m[36mtests/unit/embeddingService.test.ts[39m[0m[2m:164:10)[22m[2m[22m

[1m[31m  [1m● [22m[1mEmbeddingService › generateEmbedding › should return null when all retries fail[39m[22m

    TypeError: mockedOpenAI.embeddings.create.mockRejectedValue is not a function
[2m[22m
[2m    [0m [90m 183 |[39m     it([32m'should return null when all retries fail'[39m[33m,[39m [36masync[39m () [33m=>[39m {[22m
[2m     [90m 184 |[39m       mockPrisma[33m.[39mcurriculumExpectationEmbedding[33m.[39mfindUnique[33m.[39mmockResolvedValue([36mnull[39m)[33m;[39m[22m
[2m    [31m[1m>[22m[2m[39m[90m 185 |[39m       (mockedOpenAI [36mas[39m any)[33m.[39membeddings[33m.[39mcreate[33m.[39mmockRejectedValue([36mnew[39m [33mError[39m([32m'Persistent error'[39m))[33m;[39m[22m
[2m     [90m     |[39m                                               [31m[1m^[22m[2m[39m[22m
[2m     [90m 186 |[39m[22m
[2m     [90m 187 |[39m       [36mconst[39m result [33m=[39m [36mawait[39m service[33m.[39mgenerateEmbedding([32m'exp-123'[39m[33m,[39m [32m'Test text'[39m)[33m;[39m[22m
[2m     [90m 188 |[39m[0m[22m
[2m[22m
[2m      [2mat Object.<anonymous> ([22m[2m[0m[36mtests/unit/embeddingService.test.ts[39m[0m[2m:185:47)[22m[2m[22m

[1m[31m  [1m● [22m[1mEmbeddingService › getEmbedding › should retrieve existing embedding[39m[22m

    [2mexpect([22m[31mreceived[39m[2m).[22mtoEqual[2m([22m[32mexpected[39m[2m) // deep equality[22m

    Expected: [32m[0.1, 0.2, 0.3, 0.4, 0.5][39m
    Received: [31mnull[39m
[2m[22m
[2m    [0m [90m 206 |[39m       [36mconst[39m result [33m=[39m [36mawait[39m service[33m.[39mgetEmbedding([32m'exp-123'[39m)[33m;[39m[22m
[2m     [90m 207 |[39m[22m
[2m    [31m[1m>[22m[2m[39m[90m 208 |[39m       expect(result)[33m.[39mtoEqual(embedding)[33m;[39m[22m
[2m     [90m     |[39m                      [31m[1m^[22m[2m[39m[22m
[2m     [90m 209 |[39m     })[33m;[39m[22m
[2m     [90m 210 |[39m[22m
[2m     [90m 211 |[39m     it([32m'should return null for non-existent embedding'[39m[33m,[39m [36masync[39m () [33m=>[39m {[0m[22m
[2m[22m
[2m      [2mat Object.<anonymous> ([22m[2m[0m[36mtests/unit/embeddingService.test.ts[39m[0m[2m:208:22)[22m[2m[22m

[1m[31m  [1m● [22m[1mEmbeddingService › generateBatchEmbeddings › should generate embeddings for multiple expectations[39m[22m

    TypeError: mockedOpenAI.embeddings.create.mockResolvedValue is not a function
[2m[22m
[2m    [0m [90m 278 |[39m[22m
[2m     [90m 279 |[39m       mockPrisma[33m.[39mcurriculumExpectationEmbedding[33m.[39mfindMany[33m.[39mmockResolvedValue([])[33m;[39m[22m
[2m    [31m[1m>[22m[2m[39m[90m 280 |[39m       mockedOpenAI[33m.[39membeddings[33m.[39mcreate[33m.[39mmockResolvedValue({[22m
[2m     [90m     |[39m                                      [31m[1m^[22m[2m[39m[22m
[2m     [90m 281 |[39m         data[33m:[39m [[22m
[2m     [90m 282 |[39m           { embedding[33m:[39m [[35m0.1[39m[33m,[39m [35m0.2[39m[33m,[39m [35m0.3[39m] }[33m,[39m[22m
[2m     [90m 283 |[39m           { embedding[33m:[39m [[35m0.4[39m[33m,[39m [35m0.5[39m[33m,[39m [35m0.6[39m] }[33m,[39m[0m[22m
[2m[22m
[2m      [2mat Object.<anonymous> ([22m[2m[0m[36mtests/unit/embeddingService.test.ts[39m[0m[2m:280:38)[22m[2m[22m

[1m[31m  [1m● [22m[1mEmbeddingService › generateBatchEmbeddings › should handle batching with existing embeddings[39m[22m

    TypeError: mockedOpenAI.embeddings.create.mockResolvedValue is not a function
[2m[22m
[2m    [0m [90m 313 |[39m[22m
[2m     [90m 314 |[39m       [90m// Only exp-2 should be processed[39m[22m
[2m    [31m[1m>[22m[2m[39m[90m 315 |[39m       mockedOpenAI[33m.[39membeddings[33m.[39mcreate[33m.[39mmockResolvedValue({[22m
[2m     [90m     |[39m                                      [31m[1m^[22m[2m[39m[22m
[2m     [90m 316 |[39m         data[33m:[39m [{ embedding[33m:[39m [[35m0.4[39m[33m,[39m [35m0.5[39m[33m,[39m [35m0.6[39m] }][33m,[39m[22m
[2m     [90m 317 |[39m         usage[33m:[39m { total_tokens[33m:[39m [35m10[39m }[33m,[39m[22m
[2m     [90m 318 |[39m       } [36mas[39m any)[33m;[39m[0m[22m
[2m[22m
[2m      [2mat Object.<anonymous> ([22m[2m[0m[36mtests/unit/embeddingService.test.ts[39m[0m[2m:315:38)[22m[2m[22m

[1m[31m  [1m● [22m[1mEmbeddingService › findSimilarExpectations › should find similar expectations above threshold[39m[22m

    [2mexpect([22m[31mreceived[39m[2m).[22mtoHaveLength[2m([22m[32mexpected[39m[2m)[22m

    Expected length: [32m2[39m
    Received length: [31m0[39m
    Received array:  [31m[][39m
[2m[22m
[2m    [0m [90m 379 |[39m       [36mconst[39m results [33m=[39m [36mawait[39m service[33m.[39mfindSimilarExpectations([32m'target-exp'[39m[33m,[39m [35m0.8[39m[33m,[39m [35m5[39m)[33m;[39m[22m
[2m     [90m 380 |[39m[22m
[2m    [31m[1m>[22m[2m[39m[90m 381 |[39m       expect(results)[33m.[39mtoHaveLength([35m2[39m)[33m;[39m [90m// Only high similarity ones[39m[22m
[2m     [90m     |[39m                       [31m[1m^[22m[2m[39m[22m
[2m     [90m 382 |[39m       expect(results[[35m0[39m][33m.[39mexpectationId)[33m.[39mtoBe([32m'similar-exp-1'[39m)[33m;[39m [90m// Highest similarity first[39m[22m
[2m     [90m 383 |[39m       expect(results[[35m0[39m][33m.[39msimilarity)[33m.[39mtoBeGreaterThan([35m0.8[39m)[33m;[39m[22m
[2m     [90m 384 |[39m       expect(results[[35m1[39m][33m.[39mexpectationId)[33m.[39mtoBe([32m'similar-exp-2'[39m)[33m;[39m[0m[22m
[2m[22m
[2m      [2mat Object.<anonymous> ([22m[2m[0m[36mtests/unit/embeddingService.test.ts[39m[0m[2m:381:23)[22m[2m[22m

[1m[31m  [1m● [22m[1mEmbeddingService › generateMissingEmbeddings › should generate embeddings for expectations without them[39m[22m

    TypeError: mockedOpenAI.embeddings.create.mockResolvedValue is not a function
[2m[22m
[2m    [0m [90m 416 |[39m       [90m// Mock successful batch embedding generation[39m[22m
[2m     [90m 417 |[39m       mockPrisma[33m.[39mcurriculumExpectationEmbedding[33m.[39mfindMany[33m.[39mmockResolvedValue([])[33m;[39m[22m
[2m    [31m[1m>[22m[2m[39m[90m 418 |[39m       mockedOpenAI[33m.[39membeddings[33m.[39mcreate[33m.[39mmockResolvedValue({[22m
[2m     [90m     |[39m                                      [31m[1m^[22m[2m[39m[22m
[2m     [90m 419 |[39m         data[33m:[39m [[22m
[2m     [90m 420 |[39m           { embedding[33m:[39m [[35m0.1[39m[33m,[39m [35m0.2[39m[33m,[39m [35m0.3[39m] }[33m,[39m[22m
[2m     [90m 421 |[39m           { embedding[33m:[39m [[35m0.4[39m[33m,[39m [35m0.5[39m[33m,[39m [35m0.6[39m] }[33m,[39m[0m[22m
[2m[22m
[2m      [2mat Object.<anonymous> ([22m[2m[0m[36mtests/unit/embeddingService.test.ts[39m[0m[2m:418:38)[22m[2m[22m

[1m[31m  [1m● [22m[1mEmbeddingService › searchExpectationsByText › should search expectations by text similarity[39m[22m

    TypeError: mockedOpenAI.embeddings.create.mockResolvedValue is not a function
[2m[22m
[2m    [0m [90m 447 |[39m       [36mconst[39m searchText [33m=[39m [32m'mathematical operations'[39m[33m;[39m[22m
[2m     [90m 448 |[39m       [22m
[2m    [31m[1m>[22m[2m[39m[90m 449 |[39m       mockedOpenAI[33m.[39membeddings[33m.[39mcreate[33m.[39mmockResolvedValue({[22m
[2m     [90m     |[39m                                      [31m[1m^[22m[2m[39m[22m
[2m     [90m 450 |[39m         data[33m:[39m [{ embedding[33m:[39m [[35m0.7[39m[33m,[39m [35m0.3[39m[33m,[39m [35m0.1[39m] }][33m,[39m[22m
[2m     [90m 451 |[39m         usage[33m:[39m { total_tokens[33m:[39m [35m5[39m }[33m,[39m[22m
[2m     [90m 452 |[39m       } [36mas[39m any)[33m;[39m[0m[22m
[2m[22m
[2m      [2mat Object.<anonymous> ([22m[2m[0m[36mtests/unit/embeddingService.test.ts[39m[0m[2m:449:38)[22m[2m[22m

[1m[31m  [1m● [22m[1mEmbeddingService › searchExpectationsByText › should handle OpenAI API errors[39m[22m

    TypeError: mockedOpenAI.embeddings.create.mockRejectedValue is not a function
[2m[22m
[2m    [0m [90m 485 |[39m[22m
[2m     [90m 486 |[39m     it([32m'should handle OpenAI API errors'[39m[33m,[39m [36masync[39m () [33m=>[39m {[22m
[2m    [31m[1m>[22m[2m[39m[90m 487 |[39m       mockedOpenAI[33m.[39membeddings[33m.[39mcreate[33m.[39mmockRejectedValue([36mnew[39m [33mError[39m([32m'API error'[39m))[33m;[39m[22m
[2m     [90m     |[39m                                      [31m[1m^[22m[2m[39m[22m
[2m     [90m 488 |[39m[22m
[2m     [90m 489 |[39m       [36mconst[39m results [33m=[39m [36mawait[39m service[33m.[39msearchExpectationsByText([32m'test'[39m[33m,[39m [35m10[39m[33m,[39m [35m0.7[39m)[33m;[39m[22m
[2m     [90m 490 |[39m[0m[22m
[2m[22m
[2m      [2mat Object.<anonymous> ([22m[2m[0m[36mtests/unit/embeddingService.test.ts[39m[0m[2m:487:38)[22m[2m[22m

[1m[31m  [1m● [22m[1mEmbeddingService › getOrCreateExpectationEmbedding › should return existing embedding if found[39m[22m

    [2mexpect([22m[31mreceived[39m[2m).[22mtoEqual[2m([22m[32mexpected[39m[2m) // deep equality[22m

    Expected: [32m{"embedding": [0.1, 0.2, 0.3], "expectationId": "exp-123", "model": "text-embedding-3-small"}[39m
    Received: [31mnull[39m
[2m[22m
[2m    [0m [90m 504 |[39m       [36mconst[39m result [33m=[39m [36mawait[39m service[33m.[39mgetOrCreateExpectationEmbedding([32m'exp-123'[39m)[33m;[39m[22m
[2m     [90m 505 |[39m[22m
[2m    [31m[1m>[22m[2m[39m[90m 506 |[39m       expect(result)[33m.[39mtoEqual({[22m
[2m     [90m     |[39m                      [31m[1m^[22m[2m[39m[22m
[2m     [90m 507 |[39m         expectationId[33m:[39m [32m'exp-123'[39m[33m,[39m[22m
[2m     [90m 508 |[39m         embedding[33m:[39m [[35m0.1[39m[33m,[39m [35m0.2[39m[33m,[39m [35m0.3[39m][33m,[39m[22m
[2m     [90m 509 |[39m         model[33m:[39m [32m'text-embedding-3-small'[39m[33m,[39m[0m[22m
[2m[22m
[2m      [2mat Object.<anonymous> ([22m[2m[0m[36mtests/unit/embeddingService.test.ts[39m[0m[2m:506:22)[22m[2m[22m

[1m[31m  [1m● [22m[1mEmbeddingService › getOrCreateExpectationEmbedding › should create new embedding if not found[39m[22m

    [2mexpect([22m[31mreceived[39m[2m).[22mtoBe[2m([22m[32mexpected[39m[2m) // Object.is equality[22m

    Expected: [32m"exp-123"[39m
    Received: [31mundefined[39m
[2m[22m
[2m    [0m [90m 529 |[39m[22m
[2m     [90m 530 |[39m       expect(result)[33m.[39mtoBeDefined()[33m;[39m[22m
[2m    [31m[1m>[22m[2m[39m[90m 531 |[39m       expect(result[33m?[39m[33m.[39mexpectationId)[33m.[39mtoBe([32m'exp-123'[39m)[33m;[39m[22m
[2m     [90m     |[39m                                     [31m[1m^[22m[2m[39m[22m
[2m     [90m 532 |[39m       expect(mockedOpenAI[33m.[39membeddings[33m.[39mcreate)[33m.[39mtoHaveBeenCalledWith({[22m
[2m     [90m 533 |[39m         model[33m:[39m [32m'text-embedding-3-small'[39m[33m,[39m[22m
[2m     [90m 534 |[39m         input[33m:[39m [32m'M1.A1: Basic addition'[39m[33m,[39m[0m[22m
[2m[22m
[2m      [2mat Object.<anonymous> ([22m[2m[0m[36mtests/unit/embeddingService.test.ts[39m[0m[2m:531:37)[22m[2m[22m

[1m[31m  [1m● [22m[1mEmbeddingService › getOrCreateExpectationEmbedding › should handle non-existent expectations[39m[22m

    [2mexpect([22m[31mreceived[39m[2m).[22mrejects[2m.[22mtoThrow[2m()[22m

    Received promise resolved instead of rejected
    Resolved to value: [31mnull[39m
[2m[22m
[2m    [0m [90m 541 |[39m       mockPrisma[33m.[39mcurriculumExpectation[33m.[39mfindUnique[33m.[39mmockResolvedValue([36mnull[39m)[33m;[39m[22m
[2m     [90m 542 |[39m[22m
[2m    [31m[1m>[22m[2m[39m[90m 543 |[39m       [36mawait[39m expect(service[33m.[39mgetOrCreateExpectationEmbedding([32m'non-existent'[39m))[33m.[39mrejects[33m.[39mtoThrow([22m
[2m     [90m     |[39m             [31m[1m^[22m[2m[39m[22m
[2m     [90m 544 |[39m         [32m'Expectation non-existent not found'[39m[22m
[2m     [90m 545 |[39m       )[33m;[39m[22m
[2m     [90m 546 |[39m     })[33m;[39m[0m[22m
[2m[22m
[2m      [2mat expect ([22m[2m../node_modules/.pnpm/expect@29.7.0/node_modules/expect/build/index.js[2m:113:15)[22m[2m[22m
[2m      [2mat Object.<anonymous> ([22m[2m[0m[36mtests/unit/embeddingService.test.ts[39m[0m[2m:543:13)[22m[2m[22m

[1m[31m  [1m● [22m[1mEmbeddingService › cleanupOldEmbeddings › should delete embeddings with old models[39m[22m

    [2mexpect([22m[31mreceived[39m[2m).[22mtoBe[2m([22m[32mexpected[39m[2m) // Object.is equality[22m

    Expected: [32m5[39m
    Received: [31m0[39m
[2m[22m
[2m    [0m [90m 553 |[39m       [36mconst[39m deletedCount [33m=[39m [36mawait[39m service[33m.[39mcleanupOldEmbeddings([32m'text-embedding-3-small'[39m)[33m;[39m[22m
[2m     [90m 554 |[39m[22m
[2m    [31m[1m>[22m[2m[39m[90m 555 |[39m       expect(deletedCount)[33m.[39mtoBe([35m5[39m)[33m;[39m[22m
[2m     [90m     |[39m                            [31m[1m^[22m[2m[39m[22m
[2m     [90m 556 |[39m       expect(mockPrisma[33m.[39mcurriculumExpectationEmbedding[33m.[39mdeleteMany)[33m.[39mtoHaveBeenCalledWith({[22m
[2m     [90m 557 |[39m         where[33m:[39m { model[33m:[39m { not[33m:[39m [32m'text-embedding-3-small'[39m } }[33m,[39m[22m
[2m     [90m 558 |[39m       })[33m;[39m[0m[22m
[2m[22m
[2m      [2mat Object.<anonymous> ([22m[2m[0m[36mtests/unit/embeddingService.test.ts[39m[0m[2m:555:28)[22m[2m[22m

[1m[31m  [1m● [22m[1mEmbeddingService › error handling and edge cases › should handle malformed embedding data[39m[22m

    [2mexpect([22m[31mreceived[39m[2m).[22mtoBe[2m([22m[32mexpected[39m[2m) // Object.is equality[22m

    Expected: [32m"invalid-data"[39m
    Received: [31mnull[39m
[2m[22m
[2m    [0m [90m 581 |[39m[22m
[2m     [90m 582 |[39m       [90m// Should handle gracefully, returning whatever is stored[39m[22m
[2m    [31m[1m>[22m[2m[39m[90m 583 |[39m       expect(result)[33m.[39mtoBe([32m'invalid-data'[39m)[33m;[39m[22m
[2m     [90m     |[39m                      [31m[1m^[22m[2m[39m[22m
[2m     [90m 584 |[39m     })[33m;[39m[22m
[2m     [90m 585 |[39m[22m
[2m     [90m 586 |[39m     it([32m'should handle concurrent embedding generation safely'[39m[33m,[39m [36masync[39m () [33m=>[39m {[0m[22m
[2m[22m
[2m      [2mat Object.<anonymous> ([22m[2m[0m[36mtests/unit/embeddingService.test.ts[39m[0m[2m:583:22)[22m[2m[22m

[1m[31m  [1m● [22m[1mEmbeddingService › error handling and edge cases › should handle concurrent embedding generation safely[39m[22m

    TypeError: mockedOpenAI.embeddings.create.mockResolvedValue is not a function
[2m[22m
[2m    [0m [90m 593 |[39m[22m
[2m     [90m 594 |[39m       [90m// Setup OpenAI responses for concurrent requests[39m[22m
[2m    [31m[1m>[22m[2m[39m[90m 595 |[39m       mockedOpenAI[33m.[39membeddings[33m.[39mcreate[33m.[39mmockResolvedValue({[22m
[2m     [90m     |[39m                                      [31m[1m^[22m[2m[39m[22m
[2m     [90m 596 |[39m         data[33m:[39m [{ embedding[33m:[39m [[35m0.1[39m[33m,[39m [35m0.2[39m[33m,[39m [35m0.3[39m[33m,[39m [35m0.4[39m[33m,[39m [35m0.5[39m] }][33m,[39m[22m
[2m     [90m 597 |[39m         usage[33m:[39m { total_tokens[33m:[39m [35m10[39m }[33m,[39m[22m
[2m     [90m 598 |[39m       } [36mas[39m any)[33m;[39m[0m[22m
[2m[22m
[2m      [2mat Object.<anonymous> ([22m[2m[0m[36mtests/unit/embeddingService.test.ts[39m[0m[2m:595:38)[22m[2m[22m

[0m[7m[1m[32m PASS [39m[22m[27m[0m [0m[7m[37m Unit Tests [39m[27m[0m [2mtests/unit/[22m[1maiParentSummaryService.test.ts[22m
{"level":50,"time":1751327601229,"pid":45947,"hostname":"MacBook-Pro-4.local","err":{"type":"ZodError","message":"[\n  {\n    \"code\": \"too_small\",\n    \"minimum\": 8,\n    \"type\": \"string\",\n    \"inclusive\": true,\n    \"exact\": false,\n    \"message\": \"String must contain at least 8 character(s)\",\n    \"path\": [\n      \"password\"\n    ]\n  }\n]","stack":"ZodError: [\n  {\n    \"code\": \"too_small\",\n    \"minimum\": 8,\n    \"type\": \"string\",\n    \"inclusive\": true,\n    \"exact\": false,\n    \"message\": \"String must contain at least 8 character(s)\",\n    \"path\": [\n      \"password\"\n    ]\n  }\n]\n    at Object.get error [as error] (/Users/michaelmcisaac/GitHub/teaching-engine2.0/node_modules/.pnpm/zod@3.25.58/node_modules/zod/dist/esm/v3/types.js:39:31)\n    at ZodObject.parse (/Users/michaelmcisaac/GitHub/teaching-engine2.0/node_modules/.pnpm/zod@3.25.58/node_modules/zod/dist/esm/v3/types.js:114:22)\n    at /Users/michaelmcisaac/GitHub/teaching-engine2.0/server/src/routes/auth.ts:64:56\n    at /Users/michaelmcisaac/GitHub/teaching-engine2.0/server/src/middleware/errorHandler.ts:33:21\n    at Layer.handle [as handle_request] (/Users/michaelmcisaac/GitHub/teaching-engine2.0/node_modules/.pnpm/express@4.21.2/node_modules/express/lib/router/layer.js:95:5)\n    at next (/Users/michaelmcisaac/GitHub/teaching-engine2.0/node_modules/.pnpm/express@4.21.2/node_modules/express/lib/router/route.js:149:13)\n    at Route.dispatch (/Users/michaelmcisaac/GitHub/teaching-engine2.0/node_modules/.pnpm/express@4.21.2/node_modules/express/lib/router/route.js:119:3)\n    at Layer.handle [as handle_request] (/Users/michaelmcisaac/GitHub/teaching-engine2.0/node_modules/.pnpm/express@4.21.2/node_modules/express/lib/router/layer.js:95:5)\n    at /Users/michaelmcisaac/GitHub/teaching-engine2.0/node_modules/.pnpm/express@4.21.2/node_modules/express/lib/router/index.js:284:15\n    at Function.process_params (/Users/michaelmcisaac/GitHub/teaching-engine2.0/node_modules/.pnpm/express@4.21.2/node_modules/express/lib/router/index.js:346:12)\n    at next (/Users/michaelmcisaac/GitHub/teaching-engine2.0/node_modules/.pnpm/express@4.21.2/node_modules/express/lib/router/index.js:280:10)\n    at Function.handle (/Users/michaelmcisaac/GitHub/teaching-engine2.0/node_modules/.pnpm/express@4.21.2/node_modules/express/lib/router/index.js:175:3)\n    at router (/Users/michaelmcisaac/GitHub/teaching-engine2.0/node_modules/.pnpm/express@4.21.2/node_modules/express/lib/router/index.js:47:12)\n    at Layer.handle [as handle_request] (/Users/michaelmcisaac/GitHub/teaching-engine2.0/node_modules/.pnpm/express@4.21.2/node_modules/express/lib/router/layer.js:95:5)\n    at trim_prefix (/Users/michaelmcisaac/GitHub/teaching-engine2.0/node_modules/.pnpm/express@4.21.2/node_modules/express/lib/router/index.js:328:13)\n    at /Users/michaelmcisaac/GitHub/teaching-engine2.0/node_modules/.pnpm/express@4.21.2/node_modules/express/lib/router/index.js:286:9\n    at Function.process_params (/Users/michaelmcisaac/GitHub/teaching-engine2.0/node_modules/.pnpm/express@4.21.2/node_modules/express/lib/router/index.js:346:12)\n    at next (/Users/michaelmcisaac/GitHub/teaching-engine2.0/node_modules/.pnpm/express@4.21.2/node_modules/express/lib/router/index.js:280:10)\n    at /Users/michaelmcisaac/GitHub/teaching-engine2.0/server/src/middleware/rateLimiter.ts:107:5\n    at Layer.handle [as handle_request] (/Users/michaelmcisaac/GitHub/teaching-engine2.0/node_modules/.pnpm/express@4.21.2/node_modules/express/lib/router/layer.js:95:5)\n    at trim_prefix (/Users/michaelmcisaac/GitHub/teaching-engine2.0/node_modules/.pnpm/express@4.21.2/node_modules/express/lib/router/index.js:328:13)\n    at /Users/michaelmcisaac/GitHub/teaching-engine2.0/node_modules/.pnpm/express@4.21.2/node_modules/express/lib/router/index.js:286:9\n    at Function.process_params (/Users/michaelmcisaac/GitHub/teaching-engine2.0/node_modules/.pnpm/express@4.21.2/node_modules/express/lib/router/index.js:346:12)\n    at next (/Users/michaelmcisaac/GitHub/teaching-engine2.0/node_modules/.pnpm/express@4.21.2/node_modules/express/lib/router/index.js:280:10)\n    at urlencodedParser (/Users/michaelmcisaac/GitHub/teaching-engine2.0/node_modules/.pnpm/body-parser@1.20.3/node_modules/body-parser/lib/types/urlencoded.js:85:7)\n    at Layer.handle [as handle_request] (/Users/michaelmcisaac/GitHub/teaching-engine2.0/node_modules/.pnpm/express@4.21.2/node_modules/express/lib/router/layer.js:95:5)\n    at trim_prefix (/Users/michaelmcisaac/GitHub/teaching-engine2.0/node_modules/.pnpm/express@4.21.2/node_modules/express/lib/router/index.js:328:13)\n    at /Users/michaelmcisaac/GitHub/teaching-engine2.0/node_modules/.pnpm/express@4.21.2/node_modules/express/lib/router/index.js:286:9\n    at Function.process_params (/Users/michaelmcisaac/GitHub/teaching-engine2.0/node_modules/.pnpm/express@4.21.2/node_modules/express/lib/router/index.js:346:12)\n    at next (/Users/michaelmcisaac/GitHub/teaching-engine2.0/node_modules/.pnpm/express@4.21.2/node_modules/express/lib/router/index.js:280:10)\n    at /Users/michaelmcisaac/GitHub/teaching-engine2.0/node_modules/.pnpm/body-parser@1.20.3/node_modules/body-parser/lib/read.js:137:5\n    at AsyncResource.runInAsyncScope (node:async_hooks:211:14)\n    at invokeCallback (/Users/michaelmcisaac/GitHub/teaching-engine2.0/node_modules/.pnpm/raw-body@2.5.2/node_modules/raw-body/index.js:238:16)\n    at done (/Users/michaelmcisaac/GitHub/teaching-engine2.0/node_modules/.pnpm/raw-body@2.5.2/node_modules/raw-body/index.js:227:7)\n    at IncomingMessage.onEnd (/Users/michaelmcisaac/GitHub/teaching-engine2.0/node_modules/.pnpm/raw-body@2.5.2/node_modules/raw-body/index.js:287:7)\n    at IncomingMessage.emit (node:events:518:28)\n    at endReadableNT (node:internal/streams/readable:1698:12)\n    at processTicksAndRejections (node:internal/process/task_queues:90:21)","aggregateErrors":[{"type":"Object","message":"String must contain at least 8 character(s)","stack":"","code":"too_small","minimum":8,"inclusive":true,"exact":false,"path":["password"]}],"issues":[{"code":"too_small","minimum":8,"type":"string","inclusive":true,"exact":false,"message":"String must contain at least 8 character(s)","path":["password"]}],"name":"ZodError"},"method":"POST","path":"/api/auth/register","query":{},"ip":"::ffff:127.0.0.1","msg":"Request error"}
{"level":50,"time":1751327601236,"pid":45947,"hostname":"MacBook-Pro-4.local","err":{"type":"ZodError","message":"[\n  {\n    \"code\": \"too_small\",\n    \"minimum\": 8,\n    \"type\": \"string\",\n    \"inclusive\": true,\n    \"exact\": false,\n    \"message\": \"String must contain at least 8 character(s)\",\n    \"path\": [\n      \"password\"\n    ]\n  }\n]","stack":"ZodError: [\n  {\n    \"code\": \"too_small\",\n    \"minimum\": 8,\n    \"type\": \"string\",\n    \"inclusive\": true,\n    \"exact\": false,\n    \"message\": \"String must contain at least 8 character(s)\",\n    \"path\": [\n      \"password\"\n    ]\n  }\n]\n    at Object.get error [as error] (/Users/michaelmcisaac/GitHub/teaching-engine2.0/node_modules/.pnpm/zod@3.25.58/node_modules/zod/dist/esm/v3/types.js:39:31)\n    at ZodObject.parse (/Users/michaelmcisaac/GitHub/teaching-engine2.0/node_modules/.pnpm/zod@3.25.58/node_modules/zod/dist/esm/v3/types.js:114:22)\n    at /Users/michaelmcisaac/GitHub/teaching-engine2.0/server/src/routes/auth.ts:64:56\n    at /Users/michaelmcisaac/GitHub/teaching-engine2.0/server/src/middleware/errorHandler.ts:33:21\n    at Layer.handle [as handle_request] (/Users/michaelmcisaac/GitHub/teaching-engine2.0/node_modules/.pnpm/express@4.21.2/node_modules/express/lib/router/layer.js:95:5)\n    at next (/Users/michaelmcisaac/GitHub/teaching-engine2.0/node_modules/.pnpm/express@4.21.2/node_modules/express/lib/router/route.js:149:13)\n    at Route.dispatch (/Users/michaelmcisaac/GitHub/teaching-engine2.0/node_modules/.pnpm/express@4.21.2/node_modules/express/lib/router/route.js:119:3)\n    at Layer.handle [as handle_request] (/Users/michaelmcisaac/GitHub/teaching-engine2.0/node_modules/.pnpm/express@4.21.2/node_modules/express/lib/router/layer.js:95:5)\n    at /Users/michaelmcisaac/GitHub/teaching-engine2.0/node_modules/.pnpm/express@4.21.2/node_modules/express/lib/router/index.js:284:15\n    at Function.process_params (/Users/michaelmcisaac/GitHub/teaching-engine2.0/node_modules/.pnpm/express@4.21.2/node_modules/express/lib/router/index.js:346:12)\n    at next (/Users/michaelmcisaac/GitHub/teaching-engine2.0/node_modules/.pnpm/express@4.21.2/node_modules/express/lib/router/index.js:280:10)\n    at Function.handle (/Users/michaelmcisaac/GitHub/teaching-engine2.0/node_modules/.pnpm/express@4.21.2/node_modules/express/lib/router/index.js:175:3)\n    at router (/Users/michaelmcisaac/GitHub/teaching-engine2.0/node_modules/.pnpm/express@4.21.2/node_modules/express/lib/router/index.js:47:12)\n    at Layer.handle [as handle_request] (/Users/michaelmcisaac/GitHub/teaching-engine2.0/node_modules/.pnpm/express@4.21.2/node_modules/express/lib/router/layer.js:95:5)\n    at trim_prefix (/Users/michaelmcisaac/GitHub/teaching-engine2.0/node_modules/.pnpm/express@4.21.2/node_modules/express/lib/router/index.js:328:13)\n    at /Users/michaelmcisaac/GitHub/teaching-engine2.0/node_modules/.pnpm/express@4.21.2/node_modules/express/lib/router/index.js:286:9\n    at Function.process_params (/Users/michaelmcisaac/GitHub/teaching-engine2.0/node_modules/.pnpm/express@4.21.2/node_modules/express/lib/router/index.js:346:12)\n    at next (/Users/michaelmcisaac/GitHub/teaching-engine2.0/node_modules/.pnpm/express@4.21.2/node_modules/express/lib/router/index.js:280:10)\n    at /Users/michaelmcisaac/GitHub/teaching-engine2.0/server/src/middleware/rateLimiter.ts:107:5\n    at Layer.handle [as handle_request] (/Users/michaelmcisaac/GitHub/teaching-engine2.0/node_modules/.pnpm/express@4.21.2/node_modules/express/lib/router/layer.js:95:5)\n    at trim_prefix (/Users/michaelmcisaac/GitHub/teaching-engine2.0/node_modules/.pnpm/express@4.21.2/node_modules/express/lib/router/index.js:328:13)\n    at /Users/michaelmcisaac/GitHub/teaching-engine2.0/node_modules/.pnpm/express@4.21.2/node_modules/express/lib/router/index.js:286:9\n    at Function.process_params (/Users/michaelmcisaac/GitHub/teaching-engine2.0/node_modules/.pnpm/express@4.21.2/node_modules/express/lib/router/index.js:346:12)\n    at next (/Users/michaelmcisaac/GitHub/teaching-engine2.0/node_modules/.pnpm/express@4.21.2/node_modules/express/lib/router/index.js:280:10)\n    at urlencodedParser (/Users/michaelmcisaac/GitHub/teaching-engine2.0/node_modules/.pnpm/body-parser@1.20.3/node_modules/body-parser/lib/types/urlencoded.js:85:7)\n    at Layer.handle [as handle_request] (/Users/michaelmcisaac/GitHub/teaching-engine2.0/node_modules/.pnpm/express@4.21.2/node_modules/express/lib/router/layer.js:95:5)\n    at trim_prefix (/Users/michaelmcisaac/GitHub/teaching-engine2.0/node_modules/.pnpm/express@4.21.2/node_modules/express/lib/router/index.js:328:13)\n    at /Users/michaelmcisaac/GitHub/teaching-engine2.0/node_modules/.pnpm/express@4.21.2/node_modules/express/lib/router/index.js:286:9\n    at Function.process_params (/Users/michaelmcisaac/GitHub/teaching-engine2.0/node_modules/.pnpm/express@4.21.2/node_modules/express/lib/router/index.js:346:12)\n    at next (/Users/michaelmcisaac/GitHub/teaching-engine2.0/node_modules/.pnpm/express@4.21.2/node_modules/express/lib/router/index.js:280:10)\n    at /Users/michaelmcisaac/GitHub/teaching-engine2.0/node_modules/.pnpm/body-parser@1.20.3/node_modules/body-parser/lib/read.js:137:5\n    at AsyncResource.runInAsyncScope (node:async_hooks:211:14)\n    at invokeCallback (/Users/michaelmcisaac/GitHub/teaching-engine2.0/node_modules/.pnpm/raw-body@2.5.2/node_modules/raw-body/index.js:238:16)\n    at done (/Users/michaelmcisaac/GitHub/teaching-engine2.0/node_modules/.pnpm/raw-body@2.5.2/node_modules/raw-body/index.js:227:7)\n    at IncomingMessage.onEnd (/Users/michaelmcisaac/GitHub/teaching-engine2.0/node_modules/.pnpm/raw-body@2.5.2/node_modules/raw-body/index.js:287:7)\n    at IncomingMessage.emit (node:events:518:28)\n    at endReadableNT (node:internal/streams/readable:1698:12)\n    at processTicksAndRejections (node:internal/process/task_queues:90:21)","aggregateErrors":[{"type":"Object","message":"String must contain at least 8 character(s)","stack":"","code":"too_small","minimum":8,"inclusive":true,"exact":false,"path":["password"]}],"issues":[{"code":"too_small","minimum":8,"type":"string","inclusive":true,"exact":false,"message":"String must contain at least 8 character(s)","path":["password"]}],"name":"ZodError"},"method":"POST","path":"/api/auth/register","query":{},"ip":"::ffff:127.0.0.1","msg":"Request error"}
{"level":50,"time":1751327601087,"pid":45945,"hostname":"MacBook-Pro-4.local","service":"EmbeddingService","error":{"status":401,"headers":{},"requestID":"req_556a7749224c19466c035404ebc888ba","error":{"message":"Incorrect API key provided: test-api-key. You can find your API key at https://platform.openai.com/account/api-keys.","type":"invalid_request_error","param":null,"code":"invalid_api_key"},"code":"invalid_api_key","param":null,"type":"invalid_request_error"},"msg":"All embedding generation attempts failed"}
{"level":50,"time":1751327601132,"pid":45945,"hostname":"MacBook-Pro-4.local","service":"EmbeddingService","error":{},"msg":"Failed to generate missing embeddings"}
{"level":50,"time":1751327601137,"pid":45945,"hostname":"MacBook-Pro-4.local","service":"EmbeddingService","error":{},"expectationId":"exp-123","msg":"Failed to get or create expectation embedding"}
{"level":50,"time":1751327601156,"pid":45945,"hostname":"MacBook-Pro-4.local","service":"EmbeddingService","error":{},"expectationId":"exp-123","msg":"Failed to get or create expectation embedding"}
{"level":50,"time":1751327601159,"pid":45945,"hostname":"MacBook-Pro-4.local","service":"EmbeddingService","error":{},"expectationId":"non-existent","msg":"Failed to get or create expectation embedding"}
{"level":50,"time":1751327601161,"pid":45945,"hostname":"MacBook-Pro-4.local","service":"EmbeddingService","error":{},"model":"text-embedding-3-small","msg":"Failed to cleanup old embeddings"}
{"level":50,"time":1751327601162,"pid":45945,"hostname":"MacBook-Pro-4.local","service":"EmbeddingService","error":{},"model":"text-embedding-3-small","msg":"Failed to cleanup old embeddings"}
[0m[7m[1m[32m PASS [39m[22m[27m[0m [0m[7m[37m Unit Tests [39m[27m[0m [2mtests/unit/auth/[22m[1mauthentication.test.ts[22m
[0m[7m[1m[32m PASS [39m[22m[27m[0m [0m[7m[37m Unit Tests [39m[27m[0m [2mtests/unit/[22m[1mcurriculumImportService.coverage.test.ts[22m
[0m[7m[1m[32m PASS [39m[22m[27m[0m [0m[7m[37m Unit Tests [39m[27m[0m [2mtests/unit/[22m[1mscenarioTemplateExtractor.simple.test.ts[22m
{"level":40,"time":1751327601455,"pid":45951,"hostname":"MacBook-Pro-4.local","service":"CurriculumImportService","msg":"OpenAI API key not found - AI features will be disabled"}
[0m[7m[1m[31m FAIL [39m[22m[27m[0m [0m[7m[37m Unit Tests [39m[27m[0m [2mtests/unit/jobs/[22m[1mprogressCheck.test.ts[22m
[1m[31m  [1m● [22m[1mProgress Check Job › runProgressCheck › should check unit plans ending within a week[39m[22m

    TypeError: unitPlans is not iterable
[2m[22m
[2m    [0m [90m 18 |[39m     include[33m:[39m { lessonPlans[33m:[39m [36mtrue[39m[33m,[39m user[33m:[39m [36mtrue[39m }[33m,[39m[22m
[2m     [90m 19 |[39m   })[33m;[39m[22m
[2m    [31m[1m>[22m[2m[39m[90m 20 |[39m   [36mfor[39m ([36mconst[39m plan [36mof[39m unitPlans) {[22m
[2m     [90m    |[39m                      [31m[1m^[22m[2m[39m[22m
[2m     [90m 21 |[39m     [36mconst[39m incompleteLessons [33m=[39m plan[33m.[39mlessonPlans[33m.[39mfilter((l) [33m=>[39m l[33m.[39mdate [33m>[39m today)[33m.[39mlength[33m;[39m[22m
[2m     [90m 22 |[39m     [36mif[39m (incompleteLessons [33m>[39m [35m0[39m) {[22m
[2m     [90m 23 |[39m       [36mconst[39m message [33m=[39m [32m`Unit Plan "${plan.title}" is ending soon with ${incompleteLessons} upcoming lessons`[39m[33m;[39m[0m[22m
[2m[22m
[2m      [2mat runProgressCheck ([22m[2msrc/jobs/progressCheck.ts[2m:20:22)[22m[2m[22m
[2m      [2mat Object.<anonymous> ([22m[2m[0m[36mtests/unit/jobs/progressCheck.test.ts[39m[0m[2m:24:7)[22m[2m[22m

[1m[31m  [1m● [22m[1mProgress Check Job › runProgressCheck › should warn about unit plans with upcoming lessons[39m[22m

    TypeError: unitPlans is not iterable
[2m[22m
[2m    [0m [90m 18 |[39m     include[33m:[39m { lessonPlans[33m:[39m [36mtrue[39m[33m,[39m user[33m:[39m [36mtrue[39m }[33m,[39m[22m
[2m     [90m 19 |[39m   })[33m;[39m[22m
[2m    [31m[1m>[22m[2m[39m[90m 20 |[39m   [36mfor[39m ([36mconst[39m plan [36mof[39m unitPlans) {[22m
[2m     [90m    |[39m                      [31m[1m^[22m[2m[39m[22m
[2m     [90m 21 |[39m     [36mconst[39m incompleteLessons [33m=[39m plan[33m.[39mlessonPlans[33m.[39mfilter((l) [33m=>[39m l[33m.[39mdate [33m>[39m today)[33m.[39mlength[33m;[39m[22m
[2m     [90m 22 |[39m     [36mif[39m (incompleteLessons [33m>[39m [35m0[39m) {[22m
[2m     [90m 23 |[39m       [36mconst[39m message [33m=[39m [32m`Unit Plan "${plan.title}" is ending soon with ${incompleteLessons} upcoming lessons`[39m[33m;[39m[0m[22m
[2m[22m
[2m      [2mat runProgressCheck ([22m[2msrc/jobs/progressCheck.ts[2m:20:22)[22m[2m[22m
[2m      [2mat Object.<anonymous> ([22m[2m[0m[36mtests/unit/jobs/progressCheck.test.ts[39m[0m[2m:69:7)[22m[2m[22m

[1m[31m  [1m● [22m[1mProgress Check Job › runProgressCheck › should warn about multiple upcoming lessons[39m[22m

    TypeError: unitPlans is not iterable
[2m[22m
[2m    [0m [90m 18 |[39m     include[33m:[39m { lessonPlans[33m:[39m [36mtrue[39m[33m,[39m user[33m:[39m [36mtrue[39m }[33m,[39m[22m
[2m     [90m 19 |[39m   })[33m;[39m[22m
[2m    [31m[1m>[22m[2m[39m[90m 20 |[39m   [36mfor[39m ([36mconst[39m plan [36mof[39m unitPlans) {[22m
[2m     [90m    |[39m                      [31m[1m^[22m[2m[39m[22m
[2m     [90m 21 |[39m     [36mconst[39m incompleteLessons [33m=[39m plan[33m.[39mlessonPlans[33m.[39mfilter((l) [33m=>[39m l[33m.[39mdate [33m>[39m today)[33m.[39mlength[33m;[39m[22m
[2m     [90m 22 |[39m     [36mif[39m (incompleteLessons [33m>[39m [35m0[39m) {[22m
[2m     [90m 23 |[39m       [36mconst[39m message [33m=[39m [32m`Unit Plan "${plan.title}" is ending soon with ${incompleteLessons} upcoming lessons`[39m[33m;[39m[0m[22m
[2m[22m
[2m      [2mat runProgressCheck ([22m[2msrc/jobs/progressCheck.ts[2m:20:22)[22m[2m[22m
[2m      [2mat Object.<anonymous> ([22m[2m[0m[36mtests/unit/jobs/progressCheck.test.ts[39m[0m[2m:98:7)[22m[2m[22m

[1m[31m  [1m● [22m[1mProgress Check Job › runProgressCheck › should not warn about unit plans with no upcoming lessons[39m[22m

    TypeError: unitPlans is not iterable
[2m[22m
[2m    [0m [90m 18 |[39m     include[33m:[39m { lessonPlans[33m:[39m [36mtrue[39m[33m,[39m user[33m:[39m [36mtrue[39m }[33m,[39m[22m
[2m     [90m 19 |[39m   })[33m;[39m[22m
[2m    [31m[1m>[22m[2m[39m[90m 20 |[39m   [36mfor[39m ([36mconst[39m plan [36mof[39m unitPlans) {[22m
[2m     [90m    |[39m                      [31m[1m^[22m[2m[39m[22m
[2m     [90m 21 |[39m     [36mconst[39m incompleteLessons [33m=[39m plan[33m.[39mlessonPlans[33m.[39mfilter((l) [33m=>[39m l[33m.[39mdate [33m>[39m today)[33m.[39mlength[33m;[39m[22m
[2m     [90m 22 |[39m     [36mif[39m (incompleteLessons [33m>[39m [35m0[39m) {[22m
[2m     [90m 23 |[39m       [36mconst[39m message [33m=[39m [32m`Unit Plan "${plan.title}" is ending soon with ${incompleteLessons} upcoming lessons`[39m[33m;[39m[0m[22m
[2m[22m
[2m      [2mat runProgressCheck ([22m[2msrc/jobs/progressCheck.ts[2m:20:22)[22m[2m[22m
[2m      [2mat Object.<anonymous> ([22m[2m[0m[36mtests/unit/jobs/progressCheck.test.ts[39m[0m[2m:123:7)[22m[2m[22m

[1m[31m  [1m● [22m[1mProgress Check Job › runProgressCheck › should handle unit plans with no lesson plans[39m[22m

    TypeError: unitPlans is not iterable
[2m[22m
[2m    [0m [90m 18 |[39m     include[33m:[39m { lessonPlans[33m:[39m [36mtrue[39m[33m,[39m user[33m:[39m [36mtrue[39m }[33m,[39m[22m
[2m     [90m 19 |[39m   })[33m;[39m[22m
[2m    [31m[1m>[22m[2m[39m[90m 20 |[39m   [36mfor[39m ([36mconst[39m plan [36mof[39m unitPlans) {[22m
[2m     [90m    |[39m                      [31m[1m^[22m[2m[39m[22m
[2m     [90m 21 |[39m     [36mconst[39m incompleteLessons [33m=[39m plan[33m.[39mlessonPlans[33m.[39mfilter((l) [33m=>[39m l[33m.[39mdate [33m>[39m today)[33m.[39mlength[33m;[39m[22m
[2m     [90m 22 |[39m     [36mif[39m (incompleteLessons [33m>[39m [35m0[39m) {[22m
[2m     [90m 23 |[39m       [36mconst[39m message [33m=[39m [32m`Unit Plan "${plan.title}" is ending soon with ${incompleteLessons} upcoming lessons`[39m[33m;[39m[0m[22m
[2m[22m
[2m      [2mat runProgressCheck ([22m[2msrc/jobs/progressCheck.ts[2m:20:22)[22m[2m[22m
[2m      [2mat Object.<anonymous> ([22m[2m[0m[36mtests/unit/jobs/progressCheck.test.ts[39m[0m[2m:144:7)[22m[2m[22m

[1m[31m  [1m● [22m[1mProgress Check Job › runProgressCheck › should handle empty result from database[39m[22m

    TypeError: unitPlans is not iterable
[2m[22m
[2m    [0m [90m 18 |[39m     include[33m:[39m { lessonPlans[33m:[39m [36mtrue[39m[33m,[39m user[33m:[39m [36mtrue[39m }[33m,[39m[22m
[2m     [90m 19 |[39m   })[33m;[39m[22m
[2m    [31m[1m>[22m[2m[39m[90m 20 |[39m   [36mfor[39m ([36mconst[39m plan [36mof[39m unitPlans) {[22m
[2m     [90m    |[39m                      [31m[1m^[22m[2m[39m[22m
[2m     [90m 21 |[39m     [36mconst[39m incompleteLessons [33m=[39m plan[33m.[39mlessonPlans[33m.[39mfilter((l) [33m=>[39m l[33m.[39mdate [33m>[39m today)[33m.[39mlength[33m;[39m[22m
[2m     [90m 22 |[39m     [36mif[39m (incompleteLessons [33m>[39m [35m0[39m) {[22m
[2m     [90m 23 |[39m       [36mconst[39m message [33m=[39m [32m`Unit Plan "${plan.title}" is ending soon with ${incompleteLessons} upcoming lessons`[39m[33m;[39m[0m[22m
[2m[22m
[2m      [2mat runProgressCheck ([22m[2msrc/jobs/progressCheck.ts[2m:20:22)[22m[2m[22m
[2m      [2mat Object.<anonymous> ([22m[2m[0m[36mtests/unit/jobs/progressCheck.test.ts[39m[0m[2m:152:7)[22m[2m[22m

[1m[31m  [1m● [22m[1mProgress Check Job › runProgressCheck › should handle database errors gracefully[39m[22m

    [2mexpect([22m[31mreceived[39m[2m).[22mrejects[2m.[22mtoThrow[2m([22m[32mexpected[39m[2m)[22m

    Expected substring: [32m"Database connection failed"[39m
    Received message:   [31m"unitPlans is not iterable"[39m

        [0m [90m 18 |[39m     include[33m:[39m { lessonPlans[33m:[39m [36mtrue[39m[33m,[39m user[33m:[39m [36mtrue[39m }[33m,[39m
         [90m 19 |[39m   })[33m;[39m
        [31m[1m>[22m[39m[90m 20 |[39m   [36mfor[39m ([36mconst[39m plan [36mof[39m unitPlans) {
         [90m    |[39m                      [31m[1m^[22m[39m
         [90m 21 |[39m     [36mconst[39m incompleteLessons [33m=[39m plan[33m.[39mlessonPlans[33m.[39mfilter((l) [33m=>[39m l[33m.[39mdate [33m>[39m today)[33m.[39mlength[33m;[39m
         [90m 22 |[39m     [36mif[39m (incompleteLessons [33m>[39m [35m0[39m) {
         [90m 23 |[39m       [36mconst[39m message [33m=[39m [32m`Unit Plan "${plan.title}" is ending soon with ${incompleteLessons} upcoming lessons`[39m[33m;[39m[0m

          [2mat runProgressCheck ([22msrc/jobs/progressCheck.ts[2m:20:22)[22m
          [2mat Object.<anonymous> ([22mtests/unit/jobs/progressCheck.test.ts[2m:161:7)[22m
[2m[22m
[2m    [0m [90m 159 |[39m[22m
[2m     [90m 160 |[39m       [90m// Should not throw[39m[22m
[2m    [31m[1m>[22m[2m[39m[90m 161 |[39m       [36mawait[39m expect(runProgressCheck())[33m.[39mrejects[33m.[39mtoThrow([32m'Database connection failed'[39m)[33m;[39m[22m
[2m     [90m     |[39m                                                [31m[1m^[22m[2m[39m[22m
[2m     [90m 162 |[39m     })[33m;[39m[22m
[2m     [90m 163 |[39m[22m
[2m     [90m 164 |[39m     it([32m'should correctly filter lessons by date boundary'[39m[33m,[39m [36masync[39m () [33m=>[39m {[0m[22m
[2m[22m
[2m      [2mat Object.toThrow ([22m[2m../node_modules/.pnpm/expect@29.7.0/node_modules/expect/build/index.js[2m:218:22)[22m[2m[22m
[2m      [2mat Object.<anonymous> ([22m[2m[0m[36mtests/unit/jobs/progressCheck.test.ts[39m[0m[2m:161:48)[22m[2m[22m

[1m[31m  [1m● [22m[1mProgress Check Job › runProgressCheck › should correctly filter lessons by date boundary[39m[22m

    TypeError: unitPlans is not iterable
[2m[22m
[2m    [0m [90m 18 |[39m     include[33m:[39m { lessonPlans[33m:[39m [36mtrue[39m[33m,[39m user[33m:[39m [36mtrue[39m }[33m,[39m[22m
[2m     [90m 19 |[39m   })[33m;[39m[22m
[2m    [31m[1m>[22m[2m[39m[90m 20 |[39m   [36mfor[39m ([36mconst[39m plan [36mof[39m unitPlans) {[22m
[2m     [90m    |[39m                      [31m[1m^[22m[2m[39m[22m
[2m     [90m 21 |[39m     [36mconst[39m incompleteLessons [33m=[39m plan[33m.[39mlessonPlans[33m.[39mfilter((l) [33m=>[39m l[33m.[39mdate [33m>[39m today)[33m.[39mlength[33m;[39m[22m
[2m     [90m 22 |[39m     [36mif[39m (incompleteLessons [33m>[39m [35m0[39m) {[22m
[2m     [90m 23 |[39m       [36mconst[39m message [33m=[39m [32m`Unit Plan "${plan.title}" is ending soon with ${incompleteLessons} upcoming lessons`[39m[33m;[39m[0m[22m
[2m[22m
[2m      [2mat runProgressCheck ([22m[2msrc/jobs/progressCheck.ts[2m:20:22)[22m[2m[22m
[2m      [2mat Object.<anonymous> ([22m[2m[0m[36mtests/unit/jobs/progressCheck.test.ts[39m[0m[2m:188:7)[22m[2m[22m

{"level":50,"time":1751327601749,"pid":45952,"hostname":"MacBook-Pro-4.local","err":{"type":"AuthenticationError","message":"401 Incorrect API key provided: test-api-key. You can find your API key at https://platform.openai.com/account/api-keys.","stack":"Error: 401 Incorrect API key provided: test-api-key. You can find your API key at https://platform.openai.com/account/api-keys.\n    at Function.generate (/Users/michaelmcisaac/GitHub/teaching-engine2.0/node_modules/.pnpm/openai@5.7.0_ws@8.18.2_zod@3.25.58/node_modules/openai/src/core/error.ts:76:14)\n    at OpenAI.makeStatusError (/Users/michaelmcisaac/GitHub/teaching-engine2.0/node_modules/.pnpm/openai@5.7.0_ws@8.18.2_zod@3.25.58/node_modules/openai/src/client.ts:413:28)\n    at OpenAI.makeRequest (/Users/michaelmcisaac/GitHub/teaching-engine2.0/node_modules/.pnpm/openai@5.7.0_ws@8.18.2_zod@3.25.58/node_modules/openai/src/client.ts:634:24)\n    at processTicksAndRejections (node:internal/process/task_queues:105:5)\n    at generateContent (/Users/michaelmcisaac/GitHub/teaching-engine2.0/server/src/services/llmService.ts:107:18)\n    at Object.<anonymous> (/Users/michaelmcisaac/GitHub/teaching-engine2.0/server/tests/unit/llmService.test.ts:37:22)","status":401,"headers":{},"requestID":"req_5170cc66436acdeca99e86262ecd34bf","error":{"type":"Object","message":"Incorrect API key provided: test-api-key. You can find your API key at https://platform.openai.com/account/api-keys.","stack":"","param":null,"code":"invalid_api_key"},"code":"invalid_api_key","param":null},"msg":"LLM content generation failed"}
[0m[7m[1m[31m FAIL [39m[22m[27m[0m [0m[7m[37m Unit Tests [39m[27m[0m [2mtests/unit/jobs/[22m[1mnewsletterTrigger.test.ts[22m
[1m[31m  [1m● [22m[1mNewsletter Trigger Job › checkNewsletterTriggers › should trigger warning for current date midpoint[39m[22m

    [2mexpect([22m[31mjest.fn()[39m[2m).[22mtoHaveBeenCalledWith[2m([22m[32m...expected[39m[2m)[22m

    Expected: [32m"Newsletter trigger for Test Term - Notification model archived"[39m

    Number of calls: [31m0[39m
[2m[22m
[2m    [0m [90m 24 |[39m       [36mawait[39m checkNewsletterTriggers(testMidpoints)[33m;[39m[22m
[2m     [90m 25 |[39m[22m
[2m    [31m[1m>[22m[2m[39m[90m 26 |[39m       expect(mockWarn)[33m.[39mtoHaveBeenCalledWith([22m
[2m     [90m    |[39m                        [31m[1m^[22m[2m[39m[22m
[2m     [90m 27 |[39m         [32m'Newsletter trigger for Test Term - Notification model archived'[39m[22m
[2m     [90m 28 |[39m       )[33m;[39m[22m
[2m     [90m 29 |[39m       expect(mockWarn)[33m.[39mtoHaveBeenCalledTimes([35m1[39m)[33m;[39m[0m[22m
[2m[22m
[2m      [2mat Object.<anonymous> ([22m[2m[0m[36mtests/unit/jobs/newsletterTrigger.test.ts[39m[0m[2m:26:24)[22m[2m[22m

[1m[31m  [1m● [22m[1mNewsletter Trigger Job › checkNewsletterTriggers › should handle multiple matching dates[39m[22m

    [2mexpect([22m[31mjest.fn()[39m[2m).[22mtoHaveBeenCalledWith[2m([22m[32m...expected[39m[2m)[22m

    Expected: [32m"Newsletter trigger for Term A - Notification model archived"[39m

    Number of calls: [31m0[39m
[2m[22m
[2m    [0m [90m 62 |[39m       [36mawait[39m checkNewsletterTriggers(testMidpoints)[33m;[39m[22m
[2m     [90m 63 |[39m[22m
[2m    [31m[1m>[22m[2m[39m[90m 64 |[39m       expect(mockWarn)[33m.[39mtoHaveBeenCalledWith([22m
[2m     [90m    |[39m                        [31m[1m^[22m[2m[39m[22m
[2m     [90m 65 |[39m         [32m'Newsletter trigger for Term A - Notification model archived'[39m[22m
[2m     [90m 66 |[39m       )[33m;[39m[22m
[2m     [90m 67 |[39m       expect(mockWarn)[33m.[39mtoHaveBeenCalledWith([0m[22m
[2m[22m
[2m      [2mat Object.<anonymous> ([22m[2m[0m[36mtests/unit/jobs/newsletterTrigger.test.ts[39m[0m[2m:64:24)[22m[2m[22m

[1m[31m  [1m● [22m[1mNewsletter Trigger Job › checkNewsletterTriggers › should compare dates correctly ignoring time[39m[22m

    [2mexpect([22m[31mjest.fn()[39m[2m).[22mtoHaveBeenCalledWith[2m([22m[32m...expected[39m[2m)[22m

    Expected: [32m"Newsletter trigger for Same Day Different Time - Notification model archived"[39m

    Number of calls: [31m0[39m
[2m[22m
[2m    [0m [90m 88 |[39m       [36mawait[39m checkNewsletterTriggers(testMidpoints)[33m;[39m[22m
[2m     [90m 89 |[39m[22m
[2m    [31m[1m>[22m[2m[39m[90m 90 |[39m       expect(mockWarn)[33m.[39mtoHaveBeenCalledWith([22m
[2m     [90m    |[39m                        [31m[1m^[22m[2m[39m[22m
[2m     [90m 91 |[39m         [32m'Newsletter trigger for Same Day Different Time - Notification model archived'[39m[22m
[2m     [90m 92 |[39m       )[33m;[39m[22m
[2m     [90m 93 |[39m     })[33m;[39m[0m[22m
[2m[22m
[2m      [2mat Object.<anonymous> ([22m[2m[0m[36mtests/unit/jobs/newsletterTrigger.test.ts[39m[0m[2m:90:24)[22m[2m[22m

[0m[7m[1m[32m PASS [39m[22m[27m[0m [0m[7m[37m Unit Tests [39m[27m[0m [2mtests/unit/[22m[1maiParentSummaryService.simple.test.ts[22m
{"level":40,"time":1751327602056,"pid":45949,"hostname":"MacBook-Pro-4.local","service":"EmbeddingService","error":"401 Incorrect API key provided: test-api-key. You can find your API key at https://platform.openai.com/account/api-keys.","attempt":1,"maxRetries":3,"msg":"Embedding generation attempt failed"}
[0m[7m[1m[31m FAIL [39m[22m[27m[0m [0m[7m[37m Unit Tests [39m[27m[0m [2mtests/unit/[22m[1membeddingService.mock-validation.test.ts[22m
[1m[31m  [1m● [22m[1mMock Infrastructure Validation › Module Import Testing › should properly mock OpenAI module when imported[39m[22m

    [2mexpect([22m[31mreceived[39m[2m).[22mtoBe[2m([22m[32mexpected[39m[2m) // Object.is equality[22m

    Expected: [32mtrue[39m
    Received: [31mfalse[39m
[2m[22m
[2m    [0m [90m 92 |[39m       [36mconst[39m instance [33m=[39m [36mnew[39m [33mOpenAI[39m({ apiKey[33m:[39m [32m'test'[39m })[33m;[39m[22m
[2m     [90m 93 |[39m       [22m
[2m    [31m[1m>[22m[2m[39m[90m 94 |[39m       expect(jest[33m.[39misMockFunction(instance[33m.[39membeddings[33m.[39mcreate))[33m.[39mtoBe([36mtrue[39m)[33m;[39m[22m
[2m     [90m    |[39m                                                               [31m[1m^[22m[2m[39m[22m
[2m     [90m 95 |[39m     })[33m;[39m[22m
[2m     [90m 96 |[39m[22m
[2m     [90m 97 |[39m     it([32m'should properly mock database module when imported'[39m[33m,[39m [36masync[39m () [33m=>[39m {[0m[22m
[2m[22m
[2m      [2mat Object.<anonymous> ([22m[2m[0m[36mtests/unit/embeddingService.mock-validation.test.ts[39m[0m[2m:94:63)[22m[2m[22m

{"level":50,"time":1751327602316,"pid":45947,"hostname":"MacBook-Pro-4.local","err":{"type":"ZodError","message":"[\n  {\n    \"code\": \"too_small\",\n    \"minimum\": 8,\n    \"type\": \"string\",\n    \"inclusive\": true,\n    \"exact\": false,\n    \"message\": \"String must contain at least 8 character(s)\",\n    \"path\": [\n      \"newPassword\"\n    ]\n  }\n]","stack":"ZodError: [\n  {\n    \"code\": \"too_small\",\n    \"minimum\": 8,\n    \"type\": \"string\",\n    \"inclusive\": true,\n    \"exact\": false,\n    \"message\": \"String must contain at least 8 character(s)\",\n    \"path\": [\n      \"newPassword\"\n    ]\n  }\n]\n    at Object.get error [as error] (/Users/michaelmcisaac/GitHub/teaching-engine2.0/node_modules/.pnpm/zod@3.25.58/node_modules/zod/dist/esm/v3/types.js:39:31)\n    at ZodObject.parse (/Users/michaelmcisaac/GitHub/teaching-engine2.0/node_modules/.pnpm/zod@3.25.58/node_modules/zod/dist/esm/v3/types.js:114:22)\n    at /Users/michaelmcisaac/GitHub/teaching-engine2.0/server/src/routes/user.ts:53:69\n    at /Users/michaelmcisaac/GitHub/teaching-engine2.0/server/src/middleware/errorHandler.ts:33:21\n    at Layer.handle [as handle_request] (/Users/michaelmcisaac/GitHub/teaching-engine2.0/node_modules/.pnpm/express@4.21.2/node_modules/express/lib/router/layer.js:95:5)\n    at next (/Users/michaelmcisaac/GitHub/teaching-engine2.0/node_modules/.pnpm/express@4.21.2/node_modules/express/lib/router/route.js:149:13)\n    at Route.dispatch (/Users/michaelmcisaac/GitHub/teaching-engine2.0/node_modules/.pnpm/express@4.21.2/node_modules/express/lib/router/route.js:119:3)\n    at Layer.handle [as handle_request] (/Users/michaelmcisaac/GitHub/teaching-engine2.0/node_modules/.pnpm/express@4.21.2/node_modules/express/lib/router/layer.js:95:5)\n    at /Users/michaelmcisaac/GitHub/teaching-engine2.0/node_modules/.pnpm/express@4.21.2/node_modules/express/lib/router/index.js:284:15\n    at Function.process_params (/Users/michaelmcisaac/GitHub/teaching-engine2.0/node_modules/.pnpm/express@4.21.2/node_modules/express/lib/router/index.js:346:12)\n    at next (/Users/michaelmcisaac/GitHub/teaching-engine2.0/node_modules/.pnpm/express@4.21.2/node_modules/express/lib/router/index.js:280:10)\n    at Function.handle (/Users/michaelmcisaac/GitHub/teaching-engine2.0/node_modules/.pnpm/express@4.21.2/node_modules/express/lib/router/index.js:175:3)\n    at router (/Users/michaelmcisaac/GitHub/teaching-engine2.0/node_modules/.pnpm/express@4.21.2/node_modules/express/lib/router/index.js:47:12)\n    at Layer.handle [as handle_request] (/Users/michaelmcisaac/GitHub/teaching-engine2.0/node_modules/.pnpm/express@4.21.2/node_modules/express/lib/router/layer.js:95:5)\n    at trim_prefix (/Users/michaelmcisaac/GitHub/teaching-engine2.0/node_modules/.pnpm/express@4.21.2/node_modules/express/lib/router/index.js:328:13)\n    at /Users/michaelmcisaac/GitHub/teaching-engine2.0/node_modules/.pnpm/express@4.21.2/node_modules/express/lib/router/index.js:286:9\n    at Function.process_params (/Users/michaelmcisaac/GitHub/teaching-engine2.0/node_modules/.pnpm/express@4.21.2/node_modules/express/lib/router/index.js:346:12)\n    at next (/Users/michaelmcisaac/GitHub/teaching-engine2.0/node_modules/.pnpm/express@4.21.2/node_modules/express/lib/router/index.js:280:10)\n    at /Users/michaelmcisaac/GitHub/teaching-engine2.0/server/src/app.ts:45:16\n    at Layer.handle [as handle_request] (/Users/michaelmcisaac/GitHub/teaching-engine2.0/node_modules/.pnpm/express@4.21.2/node_modules/express/lib/router/layer.js:95:5)\n    at trim_prefix (/Users/michaelmcisaac/GitHub/teaching-engine2.0/node_modules/.pnpm/express@4.21.2/node_modules/express/lib/router/index.js:328:13)\n    at /Users/michaelmcisaac/GitHub/teaching-engine2.0/node_modules/.pnpm/express@4.21.2/node_modules/express/lib/router/index.js:286:9\n    at Function.process_params (/Users/michaelmcisaac/GitHub/teaching-engine2.0/node_modules/.pnpm/express@4.21.2/node_modules/express/lib/router/index.js:346:12)\n    at next (/Users/michaelmcisaac/GitHub/teaching-engine2.0/node_modules/.pnpm/express@4.21.2/node_modules/express/lib/router/index.js:280:10)\n    at urlencodedParser (/Users/michaelmcisaac/GitHub/teaching-engine2.0/node_modules/.pnpm/body-parser@1.20.3/node_modules/body-parser/lib/types/urlencoded.js:85:7)\n    at Layer.handle [as handle_request] (/Users/michaelmcisaac/GitHub/teaching-engine2.0/node_modules/.pnpm/express@4.21.2/node_modules/express/lib/router/layer.js:95:5)\n    at trim_prefix (/Users/michaelmcisaac/GitHub/teaching-engine2.0/node_modules/.pnpm/express@4.21.2/node_modules/express/lib/router/index.js:328:13)\n    at /Users/michaelmcisaac/GitHub/teaching-engine2.0/node_modules/.pnpm/express@4.21.2/node_modules/express/lib/router/index.js:286:9\n    at Function.process_params (/Users/michaelmcisaac/GitHub/teaching-engine2.0/node_modules/.pnpm/express@4.21.2/node_modules/express/lib/router/index.js:346:12)\n    at next (/Users/michaelmcisaac/GitHub/teaching-engine2.0/node_modules/.pnpm/express@4.21.2/node_modules/express/lib/router/index.js:280:10)\n    at /Users/michaelmcisaac/GitHub/teaching-engine2.0/node_modules/.pnpm/body-parser@1.20.3/node_modules/body-parser/lib/read.js:137:5\n    at AsyncResource.runInAsyncScope (node:async_hooks:211:14)\n    at invokeCallback (/Users/michaelmcisaac/GitHub/teaching-engine2.0/node_modules/.pnpm/raw-body@2.5.2/node_modules/raw-body/index.js:238:16)\n    at done (/Users/michaelmcisaac/GitHub/teaching-engine2.0/node_modules/.pnpm/raw-body@2.5.2/node_modules/raw-body/index.js:227:7)\n    at IncomingMessage.onEnd (/Users/michaelmcisaac/GitHub/teaching-engine2.0/node_modules/.pnpm/raw-body@2.5.2/node_modules/raw-body/index.js:287:7)\n    at IncomingMessage.emit (node:events:518:28)\n    at endReadableNT (node:internal/streams/readable:1698:12)\n    at processTicksAndRejections (node:internal/process/task_queues:90:21)","aggregateErrors":[{"type":"Object","message":"String must contain at least 8 character(s)","stack":"","code":"too_small","minimum":8,"inclusive":true,"exact":false,"path":["newPassword"]}],"issues":[{"code":"too_small","minimum":8,"type":"string","inclusive":true,"exact":false,"message":"String must contain at least 8 character(s)","path":["newPassword"]}],"name":"ZodError"},"method":"PUT","path":"/api/user/password","query":{},"ip":"::ffff:127.0.0.1","userId":"123","msg":"Request error"}
[0m[7m[1m[31m FAIL [39m[22m[27m[0m [0m[7m[37m Unit Tests [39m[27m[0m [2mtests/unit/[22m[1mauth.refactored.test.ts[22m
[1m[31m  [1m● [22m[1mAuth Middleware - Refactored › Authorization Header Validation › should reject requests without authorization header[39m[22m

    [2mexpect([22m[31mreceived[39m[2m).[22mtoBe[2m([22m[32mexpected[39m[2m) // Object.is equality[22m

    Expected: [32m401[39m
    Received: [31m[Function mockConstructor][39m
[2m[22m
[2m    [0m [90m 444 |[39m [90m   */[39m[22m
[2m     [90m 445 |[39m   [36mstatic[39m assertErrorResponse(response[33m:[39m any[33m,[39m expectedStatus[33m:[39m number[33m,[39m expectedMessage[33m?[39m[33m:[39m string)[33m:[39m [36mvoid[39m {[22m
[2m    [31m[1m>[22m[2m[39m[90m 446 |[39m     expect(response[33m.[39mstatus)[33m.[39mtoBe(expectedStatus)[33m;[39m[22m
[2m     [90m     |[39m                             [31m[1m^[22m[2m[39m[22m
[2m     [90m 447 |[39m     expect(response[33m.[39mbody)[33m.[39mtoHaveProperty([32m'error'[39m)[33m;[39m[22m
[2m     [90m 448 |[39m     [22m
[2m     [90m 449 |[39m     [36mif[39m (expectedMessage) {[0m[22m
[2m[22m
[2m      [2mat Function.assertErrorResponse ([22m[2mtests/utils/testFramework.ts[2m:446:29)[22m[2m[22m
[2m      [2mat Object.<anonymous> ([22m[2m[0m[36mtests/unit/auth.refactored.test.ts[39m[0m[2m:45:24)[22m[2m[22m

[1m[31m  [1m● [22m[1mAuth Middleware - Refactored › Authorization Header Validation › should reject requests with empty authorization header[39m[22m

    [2mexpect([22m[31mreceived[39m[2m).[22mtoBe[2m([22m[32mexpected[39m[2m) // Object.is equality[22m

    Expected: [32m401[39m
    Received: [31m[Function mockConstructor][39m
[2m[22m
[2m    [0m [90m 444 |[39m [90m   */[39m[22m
[2m     [90m 445 |[39m   [36mstatic[39m assertErrorResponse(response[33m:[39m any[33m,[39m expectedStatus[33m:[39m number[33m,[39m expectedMessage[33m?[39m[33m:[39m string)[33m:[39m [36mvoid[39m {[22m
[2m    [31m[1m>[22m[2m[39m[90m 446 |[39m     expect(response[33m.[39mstatus)[33m.[39mtoBe(expectedStatus)[33m;[39m[22m
[2m     [90m     |[39m                             [31m[1m^[22m[2m[39m[22m
[2m     [90m 447 |[39m     expect(response[33m.[39mbody)[33m.[39mtoHaveProperty([32m'error'[39m)[33m;[39m[22m
[2m     [90m 448 |[39m     [22m
[2m     [90m 449 |[39m     [36mif[39m (expectedMessage) {[0m[22m
[2m[22m
[2m      [2mat Function.assertErrorResponse ([22m[2mtests/utils/testFramework.ts[2m:446:29)[22m[2m[22m
[2m      [2mat Object.<anonymous> ([22m[2m[0m[36mtests/unit/auth.refactored.test.ts[39m[0m[2m:58:24)[22m[2m[22m

[1m[31m  [1m● [22m[1mAuth Middleware - Refactored › Authorization Header Validation › should reject requests with malformed authorization header[39m[22m

    [2mexpect([22m[31mreceived[39m[2m).[22mtoBe[2m([22m[32mexpected[39m[2m) // Object.is equality[22m

    Expected: [32m401[39m
    Received: [31m[Function mockConstructor][39m
[2m[22m
[2m    [0m [90m 444 |[39m [90m   */[39m[22m
[2m     [90m 445 |[39m   [36mstatic[39m assertErrorResponse(response[33m:[39m any[33m,[39m expectedStatus[33m:[39m number[33m,[39m expectedMessage[33m?[39m[33m:[39m string)[33m:[39m [36mvoid[39m {[22m
[2m    [31m[1m>[22m[2m[39m[90m 446 |[39m     expect(response[33m.[39mstatus)[33m.[39mtoBe(expectedStatus)[33m;[39m[22m
[2m     [90m     |[39m                             [31m[1m^[22m[2m[39m[22m
[2m     [90m 447 |[39m     expect(response[33m.[39mbody)[33m.[39mtoHaveProperty([32m'error'[39m)[33m;[39m[22m
[2m     [90m 448 |[39m     [22m
[2m     [90m 449 |[39m     [36mif[39m (expectedMessage) {[0m[22m
[2m[22m
[2m      [2mat Function.assertErrorResponse ([22m[2mtests/utils/testFramework.ts[2m:446:29)[22m[2m[22m
[2m      [2mat Object.<anonymous> ([22m[2m[0m[36mtests/unit/auth.refactored.test.ts[39m[0m[2m:71:24)[22m[2m[22m

[1m[31m  [1m● [22m[1mAuth Middleware - Refactored › Token Validation › should accept valid JWT token[39m[22m

    [2mexpect([22m[31mreceived[39m[2m).[22mtoEqual[2m([22m[32mexpected[39m[2m) // deep equality[22m

    [32m- Expected  - 0[39m
    [31m+ Received  + 2[39m

    [2m  Object {[22m
    [31m+   "email": "unknown@example.com",[39m
    [31m+   "id": NaN,[39m
    [2m    "userId": "test-user-123",[22m
    [2m  }[22m
[2m[22m
[2m    [0m [90m 86 |[39m       authMiddleware(req [36mas[39m [33mAuthRequest[39m[33m,[39m res [36mas[39m [33mResponse[39m[33m,[39m next)[33m;[39m[22m
[2m     [90m 87 |[39m[22m
[2m    [31m[1m>[22m[2m[39m[90m 88 |[39m       expect(req[33m.[39muser)[33m.[39mtoEqual({ userId })[33m;[39m[22m
[2m     [90m    |[39m                        [31m[1m^[22m[2m[39m[22m
[2m     [90m 89 |[39m       expect(next)[33m.[39mtoHaveBeenCalledTimes([35m1[39m)[33m;[39m[22m
[2m     [90m 90 |[39m       expect(res[33m.[39mstatus)[33m.[39mnot[33m.[39mtoHaveBeenCalled()[33m;[39m[22m
[2m     [90m 91 |[39m     })[33m;[39m[0m[22m
[2m[22m
[2m      [2mat [22m[2m[0m[36mtests/unit/auth.refactored.test.ts[39m[0m[2m:88:24[22m[2m[22m
[2m      [2mat Object.<anonymous> ([22m[2mtests/utils/testFramework.ts[2m:153:13)[22m[2m[22m

[1m[31m  [1m● [22m[1mAuth Middleware - Refactored › Token Validation › should reject expired tokens[39m[22m

    [2mexpect([22m[31mreceived[39m[2m).[22mtoBe[2m([22m[32mexpected[39m[2m) // Object.is equality[22m

    Expected: [32m401[39m
    Received: [31m[Function mockConstructor][39m
[2m[22m
[2m    [0m [90m 444 |[39m [90m   */[39m[22m
[2m     [90m 445 |[39m   [36mstatic[39m assertErrorResponse(response[33m:[39m any[33m,[39m expectedStatus[33m:[39m number[33m,[39m expectedMessage[33m?[39m[33m:[39m string)[33m:[39m [36mvoid[39m {[22m
[2m    [31m[1m>[22m[2m[39m[90m 446 |[39m     expect(response[33m.[39mstatus)[33m.[39mtoBe(expectedStatus)[33m;[39m[22m
[2m     [90m     |[39m                             [31m[1m^[22m[2m[39m[22m
[2m     [90m 447 |[39m     expect(response[33m.[39mbody)[33m.[39mtoHaveProperty([32m'error'[39m)[33m;[39m[22m
[2m     [90m 448 |[39m     [22m
[2m     [90m 449 |[39m     [36mif[39m (expectedMessage) {[0m[22m
[2m[22m
[2m      [2mat Function.assertErrorResponse ([22m[2mtests/utils/testFramework.ts[2m:446:29)[22m[2m[22m
[2m      [2mat [22m[2m[0m[36mtests/unit/auth.refactored.test.ts[39m[0m[2m:101:24[22m[2m[22m
[2m      [2mat Object.<anonymous> ([22m[2mtests/utils/testFramework.ts[2m:153:13)[22m[2m[22m

[1m[31m  [1m● [22m[1mAuth Middleware - Refactored › Token Validation › should reject invalid tokens[39m[22m

    [2mexpect([22m[31mreceived[39m[2m).[22mtoBe[2m([22m[32mexpected[39m[2m) // Object.is equality[22m

    Expected: [32m401[39m
    Received: [31m[Function mockConstructor][39m
[2m[22m
[2m    [0m [90m 444 |[39m [90m   */[39m[22m
[2m     [90m 445 |[39m   [36mstatic[39m assertErrorResponse(response[33m:[39m any[33m,[39m expectedStatus[33m:[39m number[33m,[39m expectedMessage[33m?[39m[33m:[39m string)[33m:[39m [36mvoid[39m {[22m
[2m    [31m[1m>[22m[2m[39m[90m 446 |[39m     expect(response[33m.[39mstatus)[33m.[39mtoBe(expectedStatus)[33m;[39m[22m
[2m     [90m     |[39m                             [31m[1m^[22m[2m[39m[22m
[2m     [90m 447 |[39m     expect(response[33m.[39mbody)[33m.[39mtoHaveProperty([32m'error'[39m)[33m;[39m[22m
[2m     [90m 448 |[39m     [22m
[2m     [90m 449 |[39m     [36mif[39m (expectedMessage) {[0m[22m
[2m[22m
[2m      [2mat Function.assertErrorResponse ([22m[2mtests/utils/testFramework.ts[2m:446:29)[22m[2m[22m
[2m      [2mat Object.<anonymous> ([22m[2m[0m[36mtests/unit/auth.refactored.test.ts[39m[0m[2m:115:24)[22m[2m[22m

[1m[31m  [1m● [22m[1mAuth Middleware - Refactored › Token Validation › should reject tokens with invalid signature[39m[22m

    ReferenceError: require is not defined
[2m[22m
[2m    [0m [90m 122 |[39m     it([32m'should reject tokens with invalid signature'[39m[33m,[39m () [33m=>[39m {[22m
[2m     [90m 123 |[39m       [90m// Create token with different secret[39m[22m
[2m    [31m[1m>[22m[2m[39m[90m 124 |[39m       [36mconst[39m jwt [33m=[39m require([32m'jsonwebtoken'[39m)[33m;[39m[22m
[2m     [90m     |[39m                   [31m[1m^[22m[2m[39m[22m
[2m     [90m 125 |[39m       [36mconst[39m invalidToken [33m=[39m jwt[33m.[39msign({ userId[33m:[39m [32m'789'[39m }[33m,[39m [32m'wrong-secret'[39m)[33m;[39m[22m
[2m     [90m 126 |[39m       [22m
[2m     [90m 127 |[39m       req[33m.[39mheaders[33m![39m[33m.[39mauthorization [33m=[39m [32m`Bearer ${invalidToken}`[39m[33m;[39m[0m[22m
[2m[22m
[2m      [2mat Object.<anonymous> ([22m[2m[0m[36mtests/unit/auth.refactored.test.ts[39m[0m[2m:124:19)[22m[2m[22m

[1m[31m  [1m● [22m[1mAuth Middleware - Refactored › Token Extraction › should extract user data from valid token[39m[22m

    ReferenceError: require is not defined
[2m[22m
[2m    [0m [90m 147 |[39m       [22m
[2m     [90m 148 |[39m       [90m// Mock JWT to include additional claims[39m[22m
[2m    [31m[1m>[22m[2m[39m[90m 149 |[39m       [36mconst[39m jwt [33m=[39m require([32m'jsonwebtoken'[39m)[33m;[39m[22m
[2m     [90m     |[39m                   [31m[1m^[22m[2m[39m[22m
[2m     [90m 150 |[39m       jest[33m.[39mspyOn(jwt[33m,[39m [32m'verify'[39m)[33m.[39mmockImplementationOnce((token[33m,[39m secret[33m,[39m callback) [33m=>[39m {[22m
[2m     [90m 151 |[39m         callback([36mnull[39m[33m,[39m { userId[33m,[39m [33m...[39madditionalClaims })[33m;[39m[22m
[2m     [90m 152 |[39m       })[33m;[39m[0m[22m
[2m[22m
[2m      [2mat Object.<anonymous> ([22m[2m[0m[36mtests/unit/auth.refactored.test.ts[39m[0m[2m:149:19)[22m[2m[22m

[1m[31m  [1m● [22m[1mAuth Middleware - Refactored › Token Extraction › should handle case-insensitive bearer prefix[39m[22m

    [2mexpect([22m[31mreceived[39m[2m).[22mtoBe[2m([22m[32mexpected[39m[2m) // Object.is equality[22m

    Expected: [32m"case-test-user"[39m
    Received: [31mundefined[39m
[2m[22m
[2m    [0m [90m 172 |[39m         authMiddleware(req [36mas[39m [33mAuthRequest[39m[33m,[39m res [36mas[39m [33mResponse[39m[33m,[39m next)[33m;[39m[22m
[2m     [90m 173 |[39m         [22m
[2m    [31m[1m>[22m[2m[39m[90m 174 |[39m         expect(req[33m.[39muser[33m?[39m[33m.[39muserId)[33m.[39mtoBe(userId)[33m;[39m[22m
[2m     [90m     |[39m                                  [31m[1m^[22m[2m[39m[22m
[2m     [90m 175 |[39m         expect(next)[33m.[39mtoHaveBeenCalled()[33m;[39m[22m
[2m     [90m 176 |[39m         [22m
[2m     [90m 177 |[39m         [90m// Reset for next iteration[39m[0m[22m
[2m[22m
[2m      [2mat [22m[2m[0m[36mtests/unit/auth.refactored.test.ts[39m[0m[2m:174:34[22m[2m[22m
[2m          at Array.forEach (<anonymous>)[22m
[2m      [2mat Object.<anonymous> ([22m[2m[0m[36mtests/unit/auth.refactored.test.ts[39m[0m[2m:169:24)[22m[2m[22m

[1m[31m  [1m● [22m[1mAuth Middleware - Refactored › Environment Configuration › should use JWT_SECRET from environment[39m[22m

    ReferenceError: require is not defined
[2m[22m
[2m    [0m [90m 189 |[39m[22m
[2m     [90m 190 |[39m       [36mconst[39m userId [33m=[39m [32m'env-test-user'[39m[33m;[39m[22m
[2m    [31m[1m>[22m[2m[39m[90m 191 |[39m       [36mconst[39m jwt [33m=[39m require([32m'jsonwebtoken'[39m)[33m;[39m[22m
[2m     [90m     |[39m                   [31m[1m^[22m[2m[39m[22m
[2m     [90m 192 |[39m       [36mconst[39m token [33m=[39m jwt[33m.[39msign({ userId }[33m,[39m customSecret)[33m;[39m[22m
[2m     [90m 193 |[39m       [22m
[2m     [90m 194 |[39m       req[33m.[39mheaders[33m![39m[33m.[39mauthorization [33m=[39m [32m`Bearer ${token}`[39m[33m;[39m[0m[22m
[2m[22m
[2m      [2mat Object.<anonymous> ([22m[2m[0m[36mtests/unit/auth.refactored.test.ts[39m[0m[2m:191:19)[22m[2m[22m

[1m[31m  [1m● [22m[1mAuth Middleware - Refactored › Environment Configuration › should fall back to default secret when JWT_SECRET is not set[39m[22m

    ReferenceError: require is not defined
[2m[22m
[2m    [0m [90m 208 |[39m[22m
[2m     [90m 209 |[39m       [36mconst[39m userId [33m=[39m [32m'fallback-test-user'[39m[33m;[39m[22m
[2m    [31m[1m>[22m[2m[39m[90m 210 |[39m       [36mconst[39m jwt [33m=[39m require([32m'jsonwebtoken'[39m)[33m;[39m[22m
[2m     [90m     |[39m                   [31m[1m^[22m[2m[39m[22m
[2m     [90m 211 |[39m       [36mconst[39m token [33m=[39m jwt[33m.[39msign({ userId }[33m,[39m [32m'secret'[39m)[33m;[39m [90m// Default fallback[39m[22m
[2m     [90m 212 |[39m       [22m
[2m     [90m 213 |[39m       req[33m.[39mheaders[33m![39m[33m.[39mauthorization [33m=[39m [32m`Bearer ${token}`[39m[33m;[39m[0m[22m
[2m[22m
[2m      [2mat Object.<anonymous> ([22m[2m[0m[36mtests/unit/auth.refactored.test.ts[39m[0m[2m:210:19)[22m[2m[22m

[1m[31m  [1m● [22m[1mAuth Middleware - Refactored › Error Handling › should handle JWT decode errors gracefully[39m[22m

    ReferenceError: require is not defined
[2m[22m
[2m    [0m [90m 227 |[39m   describe([32m'Error Handling'[39m[33m,[39m () [33m=>[39m {[22m
[2m     [90m 228 |[39m     it([32m'should handle JWT decode errors gracefully'[39m[33m,[39m () [33m=>[39m {[22m
[2m    [31m[1m>[22m[2m[39m[90m 229 |[39m       [36mconst[39m jwt [33m=[39m require([32m'jsonwebtoken'[39m)[33m;[39m[22m
[2m     [90m     |[39m                   [31m[1m^[22m[2m[39m[22m
[2m     [90m 230 |[39m       jest[33m.[39mspyOn(jwt[33m,[39m [32m'verify'[39m)[33m.[39mmockImplementationOnce(() [33m=>[39m {[22m
[2m     [90m 231 |[39m         [36mthrow[39m [36mnew[39m [33mError[39m([32m'JWT decode failed'[39m)[33m;[39m[22m
[2m     [90m 232 |[39m       })[33m;[39m[0m[22m
[2m[22m
[2m      [2mat Object.<anonymous> ([22m[2m[0m[36mtests/unit/auth.refactored.test.ts[39m[0m[2m:229:19)[22m[2m[22m

[1m[31m  [1m● [22m[1mAuth Middleware - Refactored › Error Handling › should handle missing user ID in token[39m[22m

    ReferenceError: require is not defined
[2m[22m
[2m    [0m [90m 244 |[39m[22m
[2m     [90m 245 |[39m     it([32m'should handle missing user ID in token'[39m[33m,[39m () [33m=>[39m {[22m
[2m    [31m[1m>[22m[2m[39m[90m 246 |[39m       [36mconst[39m jwt [33m=[39m require([32m'jsonwebtoken'[39m)[33m;[39m[22m
[2m     [90m     |[39m                   [31m[1m^[22m[2m[39m[22m
[2m     [90m 247 |[39m       [36mconst[39m tokenWithoutUserId [33m=[39m jwt[33m.[39msign({ role[33m:[39m [32m'admin'[39m }[33m,[39m [32m'secret'[39m)[33m;[39m[22m
[2m     [90m 248 |[39m       [22m
[2m     [90m 249 |[39m       req[33m.[39mheaders[33m![39m[33m.[39mauthorization [33m=[39m [32m`Bearer ${tokenWithoutUserId}`[39m[33m;[39m[0m[22m
[2m[22m
[2m      [2mat Object.<anonymous> ([22m[2m[0m[36mtests/unit/auth.refactored.test.ts[39m[0m[2m:246:19)[22m[2m[22m

[0m[7m[1m[32m PASS [39m[22m[27m[0m [0m[7m[37m Unit Tests [39m[27m[0m [2mtests/unit/[22m[1mphase3-basic.test.ts[22m
[0m[7m[1m[31m FAIL [39m[22m[27m[0m [0m[7m[37m Unit Tests [39m[27m[0m [2mtests/unit/connectors/[22m[1moerConnector.test.ts[22m
[1m[31m  [1m● [22m[1mOERConnector › initialization › should initialize with correct source name[39m[22m

    [2mexpect([22m[31mreceived[39m[2m).[22mtoBe[2m([22m[32mexpected[39m[2m) // Object.is equality[22m

    Expected: [32m"OER"[39m
    Received: [31m"oer"[39m
[2m[22m
[2m    [0m [90m 19 |[39m   describe([32m'initialization'[39m[33m,[39m () [33m=>[39m {[22m
[2m     [90m 20 |[39m     it([32m'should initialize with correct source name'[39m[33m,[39m () [33m=>[39m {[22m
[2m    [31m[1m>[22m[2m[39m[90m 21 |[39m       expect(connector[[32m'sourceName'[39m])[33m.[39mtoBe([32m'OER'[39m)[33m;[39m[22m
[2m     [90m    |[39m                                       [31m[1m^[22m[2m[39m[22m
[2m     [90m 22 |[39m     })[33m;[39m[22m
[2m     [90m 23 |[39m   })[33m;[39m[22m
[2m     [90m 24 |[39m[0m[22m
[2m[22m
[2m      [2mat Object.<anonymous> ([22m[2m[0m[36mtests/unit/connectors/oerConnector.test.ts[39m[0m[2m:21:39)[22m[2m[22m

[1m[31m  [1m● [22m[1mOERConnector › search functionality › should implement search method[39m[22m

    [2mexpect([22m[31mreceived[39m[2m).[22mtoHaveLength[2m([22m[32mexpected[39m[2m)[22m

    Expected length: [32m1[39m
    Received length: [31m0[39m
    Received array:  [31m[][39m
[2m[22m
[2m    [0m [90m 44 |[39m       [36mconst[39m results [33m=[39m [36mawait[39m connector[33m.[39msearch({ query[33m:[39m [32m'math'[39m[33m,[39m grade[33m:[39m [35m3[39m })[33m;[39m[22m
[2m     [90m 45 |[39m       [22m
[2m    [31m[1m>[22m[2m[39m[90m 46 |[39m       expect(results)[33m.[39mtoHaveLength([35m1[39m)[33m;[39m[22m
[2m     [90m    |[39m                       [31m[1m^[22m[2m[39m[22m
[2m     [90m 47 |[39m       expect(results[[35m0[39m][33m.[39msource)[33m.[39mtoBe([32m'OER'[39m)[33m;[39m[22m
[2m     [90m 48 |[39m     })[33m;[39m[22m
[2m     [90m 49 |[39m[0m[22m
[2m[22m
[2m      [2mat Object.<anonymous> ([22m[2m[0m[36mtests/unit/connectors/oerConnector.test.ts[39m[0m[2m:46:23)[22m[2m[22m

[1m[31m  [1m● [22m[1mOERConnector › getActivityDetails › should fetch activity details[39m[22m

    [2mexpect([22m[31mreceived[39m[2m).[22mtoBeTruthy[2m()[22m

    Received: [31mnull[39m
[2m[22m
[2m    [0m [90m 74 |[39m       [36mconst[39m result [33m=[39m [36mawait[39m connector[33m.[39mgetActivityDetails([32m'oer-detail-1'[39m)[33m;[39m[22m
[2m     [90m 75 |[39m       [22m
[2m    [31m[1m>[22m[2m[39m[90m 76 |[39m       expect(result)[33m.[39mtoBeTruthy()[33m;[39m[22m
[2m     [90m    |[39m                      [31m[1m^[22m[2m[39m[22m
[2m     [90m 77 |[39m       expect(result[33m?[39m[33m.[39msource)[33m.[39mtoBe([32m'OER'[39m)[33m;[39m[22m
[2m     [90m 78 |[39m     })[33m;[39m[22m
[2m     [90m 79 |[39m[0m[22m
[2m[22m
[2m      [2mat Object.<anonymous> ([22m[2m[0m[36mtests/unit/connectors/oerConnector.test.ts[39m[0m[2m:76:22)[22m[2m[22m

[0m[7m[1m[32m PASS [39m[22m[27m[0m [0m[7m[37m Unit Tests [39m[27m[0m [2mtests/unit/[22m[1maiParentSummaryService.minimal.test.ts[22m
[0m[7m[1m[32m PASS [39m[22m[27m[0m [0m[7m[37m Unit Tests [39m[27m[0m [2mtests/unit/api/[22m[1mcriticalEndpoints.test.ts[22m
{"level":50,"time":1751327602734,"pid":45947,"hostname":"MacBook-Pro-4.local","err":{"type":"Error","message":"Database connection failed","stack":"Error: Database connection failed\n    at Object.<anonymous> (/Users/michaelmcisaac/GitHub/teaching-engine2.0/server/tests/unit/api/criticalEndpoints.test.ts:453:9)\n    at Promise.then.completed (/Users/michaelmcisaac/GitHub/teaching-engine2.0/node_modules/.pnpm/jest-circus@29.7.0/node_modules/jest-circus/build/utils.js:298:28)\n    at new Promise (<anonymous>)\n    at callAsyncCircusFn (/Users/michaelmcisaac/GitHub/teaching-engine2.0/node_modules/.pnpm/jest-circus@29.7.0/node_modules/jest-circus/build/utils.js:231:10)\n    at _callCircusTest (/Users/michaelmcisaac/GitHub/teaching-engine2.0/node_modules/.pnpm/jest-circus@29.7.0/node_modules/jest-circus/build/run.js:316:40)\n    at processTicksAndRejections (node:internal/process/task_queues:105:5)\n    at _runTest (/Users/michaelmcisaac/GitHub/teaching-engine2.0/node_modules/.pnpm/jest-circus@29.7.0/node_modules/jest-circus/build/run.js:252:3)\n    at _runTestsForDescribeBlock (/Users/michaelmcisaac/GitHub/teaching-engine2.0/node_modules/.pnpm/jest-circus@29.7.0/node_modules/jest-circus/build/run.js:126:9)\n    at _runTestsForDescribeBlock (/Users/michaelmcisaac/GitHub/teaching-engine2.0/node_modules/.pnpm/jest-circus@29.7.0/node_modules/jest-circus/build/run.js:121:9)\n    at _runTestsForDescribeBlock (/Users/michaelmcisaac/GitHub/teaching-engine2.0/node_modules/.pnpm/jest-circus@29.7.0/node_modules/jest-circus/build/run.js:121:9)\n    at run (/Users/michaelmcisaac/GitHub/teaching-engine2.0/node_modules/.pnpm/jest-circus@29.7.0/node_modules/jest-circus/build/run.js:71:3)\n    at runAndTransformResultsToJestFormat (/Users/michaelmcisaac/GitHub/teaching-engine2.0/node_modules/.pnpm/jest-circus@29.7.0/node_modules/jest-circus/build/legacy-code-todo-rewrite/jestAdapterInit.js:122:21)\n    at jestAdapter (/Users/michaelmcisaac/GitHub/teaching-engine2.0/node_modules/.pnpm/jest-circus@29.7.0/node_modules/jest-circus/build/legacy-code-todo-rewrite/jestAdapter.js:79:19)\n    at runTestInternal (/Users/michaelmcisaac/GitHub/teaching-engine2.0/node_modules/.pnpm/jest-runner@29.7.0/node_modules/jest-runner/build/runTest.js:367:16)\n    at runTest (/Users/michaelmcisaac/GitHub/teaching-engine2.0/node_modules/.pnpm/jest-runner@29.7.0/node_modules/jest-runner/build/runTest.js:444:34)\n    at Object.worker (/Users/michaelmcisaac/GitHub/teaching-engine2.0/node_modules/.pnpm/jest-runner@29.7.0/node_modules/jest-runner/build/testWorker.js:106:12)"},"method":"GET","path":"/api/user/profile","query":{},"ip":"::ffff:127.0.0.1","userId":"123","msg":"Request error"}
{"level":50,"time":1751327602741,"pid":45947,"hostname":"MacBook-Pro-4.local","err":{"type":"Error","message":"Unexpected error","stack":"Error: Unexpected error\n    at Object.<anonymous> (/Users/michaelmcisaac/GitHub/teaching-engine2.0/server/tests/unit/api/criticalEndpoints.test.ts:471:15)\n    at /Users/michaelmcisaac/GitHub/teaching-engine2.0/node_modules/.pnpm/jest-mock@29.7.0/node_modules/jest-mock/build/index.js:397:39\n    at Object.<anonymous> (/Users/michaelmcisaac/GitHub/teaching-engine2.0/node_modules/.pnpm/jest-mock@29.7.0/node_modules/jest-mock/build/index.js:404:13)\n    at Object.mockConstructor [as findUnique] (/Users/michaelmcisaac/GitHub/teaching-engine2.0/node_modules/.pnpm/jest-mock@29.7.0/node_modules/jest-mock/build/index.js:148:19)\n    at /Users/michaelmcisaac/GitHub/teaching-engine2.0/server/src/routes/user.ts:30:38\n    at /Users/michaelmcisaac/GitHub/teaching-engine2.0/server/src/middleware/errorHandler.ts:33:21\n    at Layer.handle [as handle_request] (/Users/michaelmcisaac/GitHub/teaching-engine2.0/node_modules/.pnpm/express@4.21.2/node_modules/express/lib/router/layer.js:95:5)\n    at next (/Users/michaelmcisaac/GitHub/teaching-engine2.0/node_modules/.pnpm/express@4.21.2/node_modules/express/lib/router/route.js:149:13)\n    at Route.dispatch (/Users/michaelmcisaac/GitHub/teaching-engine2.0/node_modules/.pnpm/express@4.21.2/node_modules/express/lib/router/route.js:119:3)\n    at Layer.handle [as handle_request] (/Users/michaelmcisaac/GitHub/teaching-engine2.0/node_modules/.pnpm/express@4.21.2/node_modules/express/lib/router/layer.js:95:5)\n    at /Users/michaelmcisaac/GitHub/teaching-engine2.0/node_modules/.pnpm/express@4.21.2/node_modules/express/lib/router/index.js:284:15\n    at Function.process_params (/Users/michaelmcisaac/GitHub/teaching-engine2.0/node_modules/.pnpm/express@4.21.2/node_modules/express/lib/router/index.js:346:12)\n    at next (/Users/michaelmcisaac/GitHub/teaching-engine2.0/node_modules/.pnpm/express@4.21.2/node_modules/express/lib/router/index.js:280:10)\n    at Function.handle (/Users/michaelmcisaac/GitHub/teaching-engine2.0/node_modules/.pnpm/express@4.21.2/node_modules/express/lib/router/index.js:175:3)\n    at router (/Users/michaelmcisaac/GitHub/teaching-engine2.0/node_modules/.pnpm/express@4.21.2/node_modules/express/lib/router/index.js:47:12)\n    at Layer.handle [as handle_request] (/Users/michaelmcisaac/GitHub/teaching-engine2.0/node_modules/.pnpm/express@4.21.2/node_modules/express/lib/router/layer.js:95:5)\n    at trim_prefix (/Users/michaelmcisaac/GitHub/teaching-engine2.0/node_modules/.pnpm/express@4.21.2/node_modules/express/lib/router/index.js:328:13)\n    at /Users/michaelmcisaac/GitHub/teaching-engine2.0/node_modules/.pnpm/express@4.21.2/node_modules/express/lib/router/index.js:286:9\n    at Function.process_params (/Users/michaelmcisaac/GitHub/teaching-engine2.0/node_modules/.pnpm/express@4.21.2/node_modules/express/lib/router/index.js:346:12)\n    at next (/Users/michaelmcisaac/GitHub/teaching-engine2.0/node_modules/.pnpm/express@4.21.2/node_modules/express/lib/router/index.js:280:10)\n    at /Users/michaelmcisaac/GitHub/teaching-engine2.0/server/src/app.ts:45:16\n    at Layer.handle [as handle_request] (/Users/michaelmcisaac/GitHub/teaching-engine2.0/node_modules/.pnpm/express@4.21.2/node_modules/express/lib/router/layer.js:95:5)\n    at trim_prefix (/Users/michaelmcisaac/GitHub/teaching-engine2.0/node_modules/.pnpm/express@4.21.2/node_modules/express/lib/router/index.js:328:13)\n    at /Users/michaelmcisaac/GitHub/teaching-engine2.0/node_modules/.pnpm/express@4.21.2/node_modules/express/lib/router/index.js:286:9\n    at Function.process_params (/Users/michaelmcisaac/GitHub/teaching-engine2.0/node_modules/.pnpm/express@4.21.2/node_modules/express/lib/router/index.js:346:12)\n    at next (/Users/michaelmcisaac/GitHub/teaching-engine2.0/node_modules/.pnpm/express@4.21.2/node_modules/express/lib/router/index.js:280:10)\n    at urlencodedParser (/Users/michaelmcisaac/GitHub/teaching-engine2.0/node_modules/.pnpm/body-parser@1.20.3/node_modules/body-parser/lib/types/urlencoded.js:94:7)\n    at Layer.handle [as handle_request] (/Users/michaelmcisaac/GitHub/teaching-engine2.0/node_modules/.pnpm/express@4.21.2/node_modules/express/lib/router/layer.js:95:5)\n    at trim_prefix (/Users/michaelmcisaac/GitHub/teaching-engine2.0/node_modules/.pnpm/express@4.21.2/node_modules/express/lib/router/index.js:328:13)\n    at /Users/michaelmcisaac/GitHub/teaching-engine2.0/node_modules/.pnpm/express@4.21.2/node_modules/express/lib/router/index.js:286:9\n    at Function.process_params (/Users/michaelmcisaac/GitHub/teaching-engine2.0/node_modules/.pnpm/express@4.21.2/node_modules/express/lib/router/index.js:346:12)\n    at next (/Users/michaelmcisaac/GitHub/teaching-engine2.0/node_modules/.pnpm/express@4.21.2/node_modules/express/lib/router/index.js:280:10)\n    at jsonParser (/Users/michaelmcisaac/GitHub/teaching-engine2.0/node_modules/.pnpm/body-parser@1.20.3/node_modules/body-parser/lib/types/json.js:113:7)\n    at Layer.handle [as handle_request] (/Users/michaelmcisaac/GitHub/teaching-engine2.0/node_modules/.pnpm/express@4.21.2/node_modules/express/lib/router/layer.js:95:5)\n    at trim_prefix (/Users/michaelmcisaac/GitHub/teaching-engine2.0/node_modules/.pnpm/express@4.21.2/node_modules/express/lib/router/index.js:328:13)\n    at /Users/michaelmcisaac/GitHub/teaching-engine2.0/node_modules/.pnpm/express@4.21.2/node_modules/express/lib/router/index.js:286:9\n    at Function.process_params (/Users/michaelmcisaac/GitHub/teaching-engine2.0/node_modules/.pnpm/express@4.21.2/node_modules/express/lib/router/index.js:346:12)\n    at next (/Users/michaelmcisaac/GitHub/teaching-engine2.0/node_modules/.pnpm/express@4.21.2/node_modules/express/lib/router/index.js:280:10)\n    at cors (/Users/michaelmcisaac/GitHub/teaching-engine2.0/node_modules/.pnpm/cors@2.8.5/node_modules/cors/lib/index.js:188:7)\n    at /Users/michaelmcisaac/GitHub/teaching-engine2.0/node_modules/.pnpm/cors@2.8.5/node_modules/cors/lib/index.js:224:17\n    at originCallback (/Users/michaelmcisaac/GitHub/teaching-engine2.0/node_modules/.pnpm/cors@2.8.5/node_modules/cors/lib/index.js:214:15)\n    at /Users/michaelmcisaac/GitHub/teaching-engine2.0/node_modules/.pnpm/cors@2.8.5/node_modules/cors/lib/index.js:219:13\n    at optionsCallback (/Users/michaelmcisaac/GitHub/teaching-engine2.0/node_modules/.pnpm/cors@2.8.5/node_modules/cors/lib/index.js:199:9)\n    at corsMiddleware (/Users/michaelmcisaac/GitHub/teaching-engine2.0/node_modules/.pnpm/cors@2.8.5/node_modules/cors/lib/index.js:204:7)\n    at Layer.handle [as handle_request] (/Users/michaelmcisaac/GitHub/teaching-engine2.0/node_modules/.pnpm/express@4.21.2/node_modules/express/lib/router/layer.js:95:5)\n    at trim_prefix (/Users/michaelmcisaac/GitHub/teaching-engine2.0/node_modules/.pnpm/express@4.21.2/node_modules/express/lib/router/index.js:328:13)\n    at /Users/michaelmcisaac/GitHub/teaching-engine2.0/node_modules/.pnpm/express@4.21.2/node_modules/express/lib/router/index.js:286:9\n    at Function.process_params (/Users/michaelmcisaac/GitHub/teaching-engine2.0/node_modules/.pnpm/express@4.21.2/node_modules/express/lib/router/index.js:346:12)\n    at next (/Users/michaelmcisaac/GitHub/teaching-engine2.0/node_modules/.pnpm/express@4.21.2/node_modules/express/lib/router/index.js:280:10)\n    at expressInit (/Users/michaelmcisaac/GitHub/teaching-engine2.0/node_modules/.pnpm/express@4.21.2/node_modules/express/lib/middleware/init.js:40:5)\n    at Layer.handle [as handle_request] (/Users/michaelmcisaac/GitHub/teaching-engine2.0/node_modules/.pnpm/express@4.21.2/node_modules/express/lib/router/layer.js:95:5)\n    at trim_prefix (/Users/michaelmcisaac/GitHub/teaching-engine2.0/node_modules/.pnpm/express@4.21.2/node_modules/express/lib/router/index.js:328:13)\n    at /Users/michaelmcisaac/GitHub/teaching-engine2.0/node_modules/.pnpm/express@4.21.2/node_modules/express/lib/router/index.js:286:9\n    at Function.process_params (/Users/michaelmcisaac/GitHub/teaching-engine2.0/node_modules/.pnpm/express@4.21.2/node_modules/express/lib/router/index.js:346:12)\n    at next (/Users/michaelmcisaac/GitHub/teaching-engine2.0/node_modules/.pnpm/express@4.21.2/node_modules/express/lib/router/index.js:280:10)\n    at query (/Users/michaelmcisaac/GitHub/teaching-engine2.0/node_modules/.pnpm/express@4.21.2/node_modules/express/lib/middleware/query.js:45:5)\n    at Layer.handle [as handle_request] (/Users/michaelmcisaac/GitHub/teaching-engine2.0/node_modules/.pnpm/express@4.21.2/node_modules/express/lib/router/layer.js:95:5)\n    at trim_prefix (/Users/michaelmcisaac/GitHub/teaching-engine2.0/node_modules/.pnpm/express@4.21.2/node_modules/express/lib/router/index.js:328:13)\n    at /Users/michaelmcisaac/GitHub/teaching-engine2.0/node_modules/.pnpm/express@4.21.2/node_modules/express/lib/router/index.js:286:9\n    at Function.process_params (/Users/michaelmcisaac/GitHub/teaching-engine2.0/node_modules/.pnpm/express@4.21.2/node_modules/express/lib/router/index.js:346:12)\n    at next (/Users/michaelmcisaac/GitHub/teaching-engine2.0/node_modules/.pnpm/express@4.21.2/node_modules/express/lib/router/index.js:280:10)\n    at Function.handle (/Users/michaelmcisaac/GitHub/teaching-engine2.0/node_modules/.pnpm/express@4.21.2/node_modules/express/lib/router/index.js:175:3)\n    at Function.handle (/Users/michaelmcisaac/GitHub/teaching-engine2.0/node_modules/.pnpm/express@4.21.2/node_modules/express/lib/application.js:181:10)\n    at Server.app (/Users/michaelmcisaac/GitHub/teaching-engine2.0/node_modules/.pnpm/express@4.21.2/node_modules/express/lib/express.js:39:9)\n    at Server.emit (node:events:518:28)\n    at parserOnIncoming (node:_http_server:1153:12)\n    at HTTPParser.parserOnHeadersComplete (node:_http_common:117:17)"},"method":"GET","path":"/api/user/profile","query":{},"ip":"::ffff:127.0.0.1","userId":"123","msg":"Request error"}
{"level":50,"time":1751327602744,"pid":45952,"hostname":"MacBook-Pro-4.local","err":{"type":"AuthenticationError","message":"401 Incorrect API key provided: test-api-key. You can find your API key at https://platform.openai.com/account/api-keys.","stack":"Error: 401 Incorrect API key provided: test-api-key. You can find your API key at https://platform.openai.com/account/api-keys.\n    at Function.generate (/Users/michaelmcisaac/GitHub/teaching-engine2.0/node_modules/.pnpm/openai@5.7.0_ws@8.18.2_zod@3.25.58/node_modules/openai/src/core/error.ts:76:14)\n    at OpenAI.makeStatusError (/Users/michaelmcisaac/GitHub/teaching-engine2.0/node_modules/.pnpm/openai@5.7.0_ws@8.18.2_zod@3.25.58/node_modules/openai/src/client.ts:413:28)\n    at OpenAI.makeRequest (/Users/michaelmcisaac/GitHub/teaching-engine2.0/node_modules/.pnpm/openai@5.7.0_ws@8.18.2_zod@3.25.58/node_modules/openai/src/client.ts:634:24)\n    at processTicksAndRejections (node:internal/process/task_queues:105:5)\n    at generateContent (/Users/michaelmcisaac/GitHub/teaching-engine2.0/server/src/services/llmService.ts:107:18)\n    at Object.<anonymous> (/Users/michaelmcisaac/GitHub/teaching-engine2.0/server/tests/unit/llmService.test.ts:52:22)","status":401,"headers":{},"requestID":"req_c77893a71cd7716f7bae0cf75d3853b2","error":{"type":"Object","message":"Incorrect API key provided: test-api-key. You can find your API key at https://platform.openai.com/account/api-keys.","stack":"","param":null,"code":"invalid_api_key"},"code":"invalid_api_key","param":null},"msg":"LLM content generation failed"}
{"level":50,"time":1751327602746,"pid":45947,"hostname":"MacBook-Pro-4.local","err":{"type":"Error","message":"Detailed error message","stack":"Error: Detailed error message\n    at Object.<anonymous> (/Users/michaelmcisaac/GitHub/teaching-engine2.0/server/tests/unit/api/criticalEndpoints.test.ts:490:9)\n    at Promise.then.completed (/Users/michaelmcisaac/GitHub/teaching-engine2.0/node_modules/.pnpm/jest-circus@29.7.0/node_modules/jest-circus/build/utils.js:298:28)\n    at new Promise (<anonymous>)\n    at callAsyncCircusFn (/Users/michaelmcisaac/GitHub/teaching-engine2.0/node_modules/.pnpm/jest-circus@29.7.0/node_modules/jest-circus/build/utils.js:231:10)\n    at _callCircusTest (/Users/michaelmcisaac/GitHub/teaching-engine2.0/node_modules/.pnpm/jest-circus@29.7.0/node_modules/jest-circus/build/run.js:316:40)\n    at processTicksAndRejections (node:internal/process/task_queues:105:5)\n    at _runTest (/Users/michaelmcisaac/GitHub/teaching-engine2.0/node_modules/.pnpm/jest-circus@29.7.0/node_modules/jest-circus/build/run.js:252:3)\n    at _runTestsForDescribeBlock (/Users/michaelmcisaac/GitHub/teaching-engine2.0/node_modules/.pnpm/jest-circus@29.7.0/node_modules/jest-circus/build/run.js:126:9)\n    at _runTestsForDescribeBlock (/Users/michaelmcisaac/GitHub/teaching-engine2.0/node_modules/.pnpm/jest-circus@29.7.0/node_modules/jest-circus/build/run.js:121:9)\n    at _runTestsForDescribeBlock (/Users/michaelmcisaac/GitHub/teaching-engine2.0/node_modules/.pnpm/jest-circus@29.7.0/node_modules/jest-circus/build/run.js:121:9)\n    at run (/Users/michaelmcisaac/GitHub/teaching-engine2.0/node_modules/.pnpm/jest-circus@29.7.0/node_modules/jest-circus/build/run.js:71:3)\n    at runAndTransformResultsToJestFormat (/Users/michaelmcisaac/GitHub/teaching-engine2.0/node_modules/.pnpm/jest-circus@29.7.0/node_modules/jest-circus/build/legacy-code-todo-rewrite/jestAdapterInit.js:122:21)\n    at jestAdapter (/Users/michaelmcisaac/GitHub/teaching-engine2.0/node_modules/.pnpm/jest-circus@29.7.0/node_modules/jest-circus/build/legacy-code-todo-rewrite/jestAdapter.js:79:19)\n    at runTestInternal (/Users/michaelmcisaac/GitHub/teaching-engine2.0/node_modules/.pnpm/jest-runner@29.7.0/node_modules/jest-runner/build/runTest.js:367:16)\n    at runTest (/Users/michaelmcisaac/GitHub/teaching-engine2.0/node_modules/.pnpm/jest-runner@29.7.0/node_modules/jest-runner/build/runTest.js:444:34)\n    at Object.worker (/Users/michaelmcisaac/GitHub/teaching-engine2.0/node_modules/.pnpm/jest-runner@29.7.0/node_modules/jest-runner/build/testWorker.js:106:12)"},"method":"GET","path":"/api/user/profile","query":{},"ip":"::ffff:127.0.0.1","userId":"123","msg":"Request error"}
{"level":40,"time":1751327603239,"pid":45949,"hostname":"MacBook-Pro-4.local","service":"EmbeddingService","error":"401 Incorrect API key provided: test-api-key. You can find your API key at https://platform.openai.com/account/api-keys.","attempt":2,"maxRetries":3,"msg":"Embedding generation attempt failed"}
[0m[7m[1m[31m FAIL [39m[22m[27m[0m [0m[7m[37m Unit Tests [39m[27m[0m [2mtests/unit/connectors/[22m[1mbaseConnector.test.ts[22m
[1m[31m  [1m● [22m[1mBaseConnector › transformToExternalActivity › should transform activity data correctly[39m[22m

    [2mexpect([22m[31mreceived[39m[2m).[22mtoEqual[2m([22m[32mexpected[39m[2m) // deep equality[22m

    [32m- Expected  -  6[39m
    [31m+ Received  + 21[39m

    [2m  Object {[22m
    [31m+   "activityType": "worksheet",[39m
    [31m+   "curriculumTags": Array [],[39m
    [2m    "description": "A test activity description",[22m
    [31m+   "duration": null,[39m
    [2m    "externalId": "test-activity",[22m
    [32m-   "rawData": Object {[39m
    [32m-     "description": "A test activity description",[39m
    [32m-     "externalId": "test-activity",[39m
    [32m-     "title": "Test Activity",[39m
    [32m-     "url": "https://example.com/activity",[39m
    [32m-   },[39m
    [31m+   "gradeMax": 1,[39m
    [31m+   "gradeMin": 1,[39m
    [31m+   "groupSize": null,[39m
    [31m+   "internalRating": null,[39m
    [31m+   "internalReviews": null,[39m
    [31m+   "isActive": true,[39m
    [31m+   "isFree": true,[39m
    [31m+   "language": "en",[39m
    [31m+   "lastVerified": 2025-06-30T23:53:21.537Z,[39m
    [31m+   "learningGoals": null,[39m
    [31m+   "license": null,[39m
    [31m+   "materials": Array [],[39m
    [31m+   "price": null,[39m
    [2m    "source": "test",[22m
    [31m+   "sourceRating": null,[39m
    [31m+   "sourceReviews": null,[39m
    [31m+   "subject": "general",[39m
    [31m+   "technology": null,[39m
    [31m+   "thumbnailUrl": null,[39m
    [2m    "title": "Test Activity",[22m
    [2m    "url": "https://example.com/activity",[22m
    [2m  }[22m
[2m[22m
[2m    [0m [90m 88 |[39m       [36mconst[39m result [33m=[39m connector[33m.[39mtransformToExternalActivity(activityData[33m,[39m rawData)[33m;[39m[22m
[2m     [90m 89 |[39m[22m
[2m    [31m[1m>[22m[2m[39m[90m 90 |[39m       expect(result)[33m.[39mtoEqual({[22m
[2m     [90m    |[39m                      [31m[1m^[22m[2m[39m[22m
[2m     [90m 91 |[39m         externalId[33m:[39m [32m'test-activity'[39m[33m,[39m[22m
[2m     [90m 92 |[39m         source[33m:[39m [32m'test'[39m[33m,[39m[22m
[2m     [90m 93 |[39m         title[33m:[39m [32m'Test Activity'[39m[33m,[39m[0m[22m
[2m[22m
[2m      [2mat Object.<anonymous> ([22m[2m[0m[36mtests/unit/connectors/baseConnector.test.ts[39m[0m[2m:90:22)[22m[2m[22m

[1m[31m  [1m● [22m[1mBaseConnector › fetchWithTimeout › should make successful HTTP request[39m[22m

    [2mexpect([22m[31mjest.fn()[39m[2m).[22mtoHaveBeenCalledWith[2m([22m[32m...expected[39m[2m)[22m

    [32m- Expected[39m
    [31m+ Received[39m

      [2m"https://example.com"[22m,
    [32m- Object {}[39m
    [31m+ Object {[39m
    [31m+   "signal": AbortSignal {[39m
    [31m+     Symbol(kEvents): Map {},[39m
    [31m+     Symbol(events.maxEventTargetListeners): 0,[39m
    [31m+     Symbol(events.maxEventTargetListenersWarned): false,[39m
    [31m+     Symbol(kHandlers): Map {},[39m
    [31m+     Symbol(kAborted): false,[39m
    [31m+     Symbol(kReason): undefined,[39m
    [31m+     Symbol(kComposite): false,[39m
    [31m+   },[39m
    [31m+ }[39m,

    Number of calls: [31m1[39m
[2m[22m
[2m    [0m [90m 135 |[39m       [36mconst[39m result [33m=[39m [36mawait[39m promise[33m;[39m[22m
[2m     [90m 136 |[39m[22m
[2m    [31m[1m>[22m[2m[39m[90m 137 |[39m       expect(global[33m.[39mfetch)[33m.[39mtoHaveBeenCalledWith([32m'https://example.com'[39m[33m,[39m {})[33m;[39m[22m
[2m     [90m     |[39m                            [31m[1m^[22m[2m[39m[22m
[2m     [90m 138 |[39m       expect(result)[33m.[39mtoBe(mockResponse)[33m;[39m[22m
[2m     [90m 139 |[39m     })[33m;[39m[22m
[2m     [90m 140 |[39m[0m[22m
[2m[22m
[2m      [2mat Object.<anonymous> ([22m[2m[0m[36mtests/unit/connectors/baseConnector.test.ts[39m[0m[2m:137:28)[22m[2m[22m

[1m[31m  [1m● [22m[1mBaseConnector › fetchWithTimeout › should timeout after specified duration[39m[22m

    thrown: "Exceeded timeout of 2000 ms for a test.
    Add a timeout value to this test to increase the timeout, if this is a long-running test. See https://jestjs.io/docs/api#testname-fn-timeout."
[2m[22m
[2m    [0m [90m 139 |[39m     })[33m;[39m[22m
[2m     [90m 140 |[39m[22m
[2m    [31m[1m>[22m[2m[39m[90m 141 |[39m     it([32m'should timeout after specified duration'[39m[33m,[39m [36masync[39m () [33m=>[39m {[22m
[2m     [90m     |[39m     [31m[1m^[22m[2m[39m[22m
[2m     [90m 142 |[39m       (global[33m.[39mfetch [36mas[39m jest[33m.[39m[33mMock[39m)[33m.[39mmockImplementation(() [33m=>[39m [36mnew[39m [33mPromise[39m(() [33m=>[39m {}))[33m;[39m [90m// Never resolves[39m[22m
[2m     [90m 143 |[39m[22m
[2m     [90m 144 |[39m       [36mconst[39m promise [33m=[39m connector[[32m'fetchWithTimeout'[39m]([32m'https://example.com'[39m[33m,[39m {}[33m,[39m [35m1000[39m)[33m;[39m[0m[22m
[2m[22m
[2m      [2mat [22m[2m[0m[36mtests/unit/connectors/baseConnector.test.ts[39m[0m[2m:141:5[22m[2m[22m
[2m      [2mat [22m[2m[0m[36mtests/unit/connectors/baseConnector.test.ts[39m[0m[2m:121:3[22m[2m[22m
[2m      [2mat [22m[2m[0m[36mtests/unit/connectors/baseConnector.test.ts[39m[0m[2m:46:1[22m[2m[22m

[1m[31m  [1m● [22m[1mBaseConnector › search method › should implement search method[39m[22m

    [2mexpect([22m[31mreceived[39m[2m).[22mtoEqual[2m([22m[32mexpected[39m[2m) // deep equality[22m

    [32m- Expected  -  6[39m
    [31m+ Received  + 21[39m

    [2m  Object {[22m
    [31m+   "activityType": "worksheet",[39m
    [31m+   "curriculumTags": Array [],[39m
    [2m    "description": "A test activity",[22m
    [31m+   "duration": null,[39m
    [2m    "externalId": "test-1",[22m
    [32m-   "rawData": Object {[39m
    [32m-     "description": "A test activity",[39m
    [32m-     "externalId": "test-1",[39m
    [32m-     "title": "Test Activity",[39m
    [32m-     "url": "https://test.com/activity/1",[39m
    [32m-   },[39m
    [31m+   "gradeMax": 1,[39m
    [31m+   "gradeMin": 1,[39m
    [31m+   "groupSize": null,[39m
    [31m+   "internalRating": null,[39m
    [31m+   "internalReviews": null,[39m
    [31m+   "isActive": true,[39m
    [31m+   "isFree": true,[39m
    [31m+   "language": "en",[39m
    [31m+   "lastVerified": 2025-06-30T23:53:23.568Z,[39m
    [31m+   "learningGoals": null,[39m
    [31m+   "license": null,[39m
    [31m+   "materials": Array [],[39m
    [31m+   "price": null,[39m
    [2m    "source": "test",[22m
    [31m+   "sourceRating": null,[39m
    [31m+   "sourceReviews": null,[39m
    [31m+   "subject": "general",[39m
    [31m+   "technology": null,[39m
    [31m+   "thumbnailUrl": null,[39m
    [2m    "title": "Test Activity",[22m
    [2m    "url": "https://test.com/activity/1",[22m
    [2m  }[22m
[2m[22m
[2m    [0m [90m 193 |[39m       [22m
[2m     [90m 194 |[39m       expect(results)[33m.[39mtoHaveLength([35m1[39m)[33m;[39m[22m
[2m    [31m[1m>[22m[2m[39m[90m 195 |[39m       expect(results[[35m0[39m])[33m.[39mtoEqual({[22m
[2m     [90m     |[39m                          [31m[1m^[22m[2m[39m[22m
[2m     [90m 196 |[39m         externalId[33m:[39m [32m'test-1'[39m[33m,[39m[22m
[2m     [90m 197 |[39m         source[33m:[39m [32m'test'[39m[33m,[39m[22m
[2m     [90m 198 |[39m         title[33m:[39m [32m'Test Activity'[39m[33m,[39m[0m[22m
[2m[22m
[2m      [2mat Object.<anonymous> ([22m[2m[0m[36mtests/unit/connectors/baseConnector.test.ts[39m[0m[2m:195:26)[22m[2m[22m

[1m[31m  [1m● [22m[1mBaseConnector › getActivityDetails method › should get activity details by external ID[39m[22m

    [2mexpect([22m[31mreceived[39m[2m).[22mtoEqual[2m([22m[32mexpected[39m[2m) // deep equality[22m

    [32m- Expected  -  6[39m
    [31m+ Received  + 21[39m

    [2m  Object {[22m
    [31m+   "activityType": "worksheet",[39m
    [31m+   "curriculumTags": Array [],[39m
    [2m    "description": "A detailed test activity",[22m
    [31m+   "duration": null,[39m
    [2m    "externalId": "test-1",[22m
    [32m-   "rawData": Object {[39m
    [32m-     "description": "A detailed test activity",[39m
    [32m-     "externalId": "test-1",[39m
    [32m-     "title": "Test Activity Detailed",[39m
    [32m-     "url": "https://test.com/activity/1",[39m
    [32m-   },[39m
    [31m+   "gradeMax": 1,[39m
    [31m+   "gradeMin": 1,[39m
    [31m+   "groupSize": null,[39m
    [31m+   "internalRating": null,[39m
    [31m+   "internalReviews": null,[39m
    [31m+   "isActive": true,[39m
    [31m+   "isFree": true,[39m
    [31m+   "language": "en",[39m
    [31m+   "lastVerified": 2025-06-30T23:53:23.570Z,[39m
    [31m+   "learningGoals": null,[39m
    [31m+   "license": null,[39m
    [31m+   "materials": Array [],[39m
    [31m+   "price": null,[39m
    [2m    "source": "test",[22m
    [31m+   "sourceRating": null,[39m
    [31m+   "sourceReviews": null,[39m
    [31m+   "subject": "general",[39m
    [31m+   "technology": null,[39m
    [31m+   "thumbnailUrl": null,[39m
    [2m    "title": "Test Activity Detailed",[22m
    [2m    "url": "https://test.com/activity/1",[22m
    [2m  }[22m
[2m[22m
[2m    [0m [90m 213 |[39m       [36mconst[39m result [33m=[39m [36mawait[39m connector[33m.[39mgetActivityDetails([32m'test-1'[39m)[33m;[39m[22m
[2m     [90m 214 |[39m       [22m
[2m    [31m[1m>[22m[2m[39m[90m 215 |[39m       expect(result)[33m.[39mtoEqual({[22m
[2m     [90m     |[39m                      [31m[1m^[22m[2m[39m[22m
[2m     [90m 216 |[39m         externalId[33m:[39m [32m'test-1'[39m[33m,[39m[22m
[2m     [90m 217 |[39m         source[33m:[39m [32m'test'[39m[33m,[39m[22m
[2m     [90m 218 |[39m         title[33m:[39m [32m'Test Activity Detailed'[39m[33m,[39m[0m[22m
[2m[22m
[2m      [2mat Object.<anonymous> ([22m[2m[0m[36mtests/unit/connectors/baseConnector.test.ts[39m[0m[2m:215:22)[22m[2m[22m

{"level":50,"time":1751327603753,"pid":45952,"hostname":"MacBook-Pro-4.local","err":{"type":"AuthenticationError","message":"401 Incorrect API key provided: test-api-key. You can find your API key at https://platform.openai.com/account/api-keys.","stack":"Error: 401 Incorrect API key provided: test-api-key. You can find your API key at https://platform.openai.com/account/api-keys.\n    at Function.generate (/Users/michaelmcisaac/GitHub/teaching-engine2.0/node_modules/.pnpm/openai@5.7.0_ws@8.18.2_zod@3.25.58/node_modules/openai/src/core/error.ts:76:14)\n    at OpenAI.makeStatusError (/Users/michaelmcisaac/GitHub/teaching-engine2.0/node_modules/.pnpm/openai@5.7.0_ws@8.18.2_zod@3.25.58/node_modules/openai/src/client.ts:413:28)\n    at OpenAI.makeRequest (/Users/michaelmcisaac/GitHub/teaching-engine2.0/node_modules/.pnpm/openai@5.7.0_ws@8.18.2_zod@3.25.58/node_modules/openai/src/client.ts:634:24)\n    at processTicksAndRejections (node:internal/process/task_queues:105:5)\n    at generateContent (/Users/michaelmcisaac/GitHub/teaching-engine2.0/server/src/services/llmService.ts:107:18)\n    at generateBilingualContent (/Users/michaelmcisaac/GitHub/teaching-engine2.0/server/src/services/llmService.ts:138:19)\n    at /Users/michaelmcisaac/GitHub/teaching-engine2.0/server/tests/unit/llmService.test.ts:113:24","status":401,"headers":{},"requestID":"req_3ac0d3fcbb21b9a63047af07aabae3be","error":{"type":"Object","message":"Incorrect API key provided: test-api-key. You can find your API key at https://platform.openai.com/account/api-keys.","stack":"","param":null,"code":"invalid_api_key"},"code":"invalid_api_key","param":null},"msg":"LLM content generation failed"}
{"level":50,"time":1751327603801,"pid":45952,"hostname":"MacBook-Pro-4.local","err":{"type":"AuthenticationError","message":"401 Incorrect API key provided: test-api-key. You can find your API key at https://platform.openai.com/account/api-keys.","stack":"Error: 401 Incorrect API key provided: test-api-key. You can find your API key at https://platform.openai.com/account/api-keys.\n    at Function.generate (/Users/michaelmcisaac/GitHub/teaching-engine2.0/node_modules/.pnpm/openai@5.7.0_ws@8.18.2_zod@3.25.58/node_modules/openai/src/core/error.ts:76:14)\n    at OpenAI.makeStatusError (/Users/michaelmcisaac/GitHub/teaching-engine2.0/node_modules/.pnpm/openai@5.7.0_ws@8.18.2_zod@3.25.58/node_modules/openai/src/client.ts:413:28)\n    at OpenAI.makeRequest (/Users/michaelmcisaac/GitHub/teaching-engine2.0/node_modules/.pnpm/openai@5.7.0_ws@8.18.2_zod@3.25.58/node_modules/openai/src/client.ts:634:24)\n    at processTicksAndRejections (node:internal/process/task_queues:105:5)\n    at generateContent (/Users/michaelmcisaac/GitHub/teaching-engine2.0/server/src/services/llmService.ts:107:18)\n    at Object.<anonymous> (/Users/michaelmcisaac/GitHub/teaching-engine2.0/server/tests/unit/llmService.test.ts:204:7)","status":401,"headers":{},"requestID":"req_23147a576253d2c9a59ab8bd03bedaaa","error":{"type":"Object","message":"Incorrect API key provided: test-api-key. You can find your API key at https://platform.openai.com/account/api-keys.","stack":"","param":null,"code":"invalid_api_key"},"code":"invalid_api_key","param":null},"msg":"LLM content generation failed"}
{"level":50,"time":1751327604740,"pid":45952,"hostname":"MacBook-Pro-4.local","err":{"type":"AuthenticationError","message":"401 Incorrect API key provided: test-api-key. You can find your API key at https://platform.openai.com/account/api-keys.","stack":"Error: 401 Incorrect API key provided: test-api-key. You can find your API key at https://platform.openai.com/account/api-keys.\n    at Function.generate (/Users/michaelmcisaac/GitHub/teaching-engine2.0/node_modules/.pnpm/openai@5.7.0_ws@8.18.2_zod@3.25.58/node_modules/openai/src/core/error.ts:76:14)\n    at OpenAI.makeStatusError (/Users/michaelmcisaac/GitHub/teaching-engine2.0/node_modules/.pnpm/openai@5.7.0_ws@8.18.2_zod@3.25.58/node_modules/openai/src/client.ts:413:28)\n    at OpenAI.makeRequest (/Users/michaelmcisaac/GitHub/teaching-engine2.0/node_modules/.pnpm/openai@5.7.0_ws@8.18.2_zod@3.25.58/node_modules/openai/src/client.ts:634:24)\n    at processTicksAndRejections (node:internal/process/task_queues:105:5)\n    at generateContent (/Users/michaelmcisaac/GitHub/teaching-engine2.0/server/src/services/llmService.ts:107:18)\n    at Object.<anonymous> (/Users/michaelmcisaac/GitHub/teaching-engine2.0/server/tests/unit/llmService.test.ts:225:22)","status":401,"headers":{},"requestID":"req_83e198b28ce4fed088498b437874be4f","error":{"type":"Object","message":"Incorrect API key provided: test-api-key. You can find your API key at https://platform.openai.com/account/api-keys.","stack":"","param":null,"code":"invalid_api_key"},"code":"invalid_api_key","param":null},"msg":"LLM content generation failed"}
{"level":40,"time":1751327605374,"pid":45949,"hostname":"MacBook-Pro-4.local","service":"EmbeddingService","error":"401 Incorrect API key provided: test-api-key. You can find your API key at https://platform.openai.com/account/api-keys.","attempt":3,"maxRetries":3,"msg":"Embedding generation attempt failed"}
{"level":50,"time":1751327605374,"pid":45949,"hostname":"MacBook-Pro-4.local","service":"EmbeddingService","error":{"status":401,"headers":{},"requestID":"req_d615f05be25b06b4919f4dacbf923f85","error":{"message":"Incorrect API key provided: test-api-key. You can find your API key at https://platform.openai.com/account/api-keys.","type":"invalid_request_error","param":null,"code":"invalid_api_key"},"code":"invalid_api_key","param":null,"type":"invalid_request_error"},"msg":"All embedding generation attempts failed"}
{"level":30,"time":1751327605394,"pid":45949,"hostname":"MacBook-Pro-4.local","service":"EmbeddingService","batchIndex":1,"totalBatches":1,"batchSize":2,"msg":"Processing embedding batch"}
{"level":50,"time":1751327605395,"pid":45949,"hostname":"MacBook-Pro-4.local","service":"EmbeddingService","error":{},"batchIndex":1,"msg":"Failed to process embedding batch"}
{"level":50,"time":1751327605396,"pid":45949,"hostname":"MacBook-Pro-4.local","service":"EmbeddingService","error":{},"msg":"Failed to generate missing embeddings"}
{"level":40,"time":1751327605574,"pid":45949,"hostname":"MacBook-Pro-4.local","service":"EmbeddingService","error":"401 Incorrect API key provided: test-api-key. You can find your API key at https://platform.openai.com/account/api-keys.","attempt":1,"maxRetries":3,"msg":"Embedding generation attempt failed"}
{"level":50,"time":1751327605738,"pid":45952,"hostname":"MacBook-Pro-4.local","err":{"type":"AuthenticationError","message":"401 Incorrect API key provided: test-api-key. You can find your API key at https://platform.openai.com/account/api-keys.","stack":"Error: 401 Incorrect API key provided: test-api-key. You can find your API key at https://platform.openai.com/account/api-keys.\n    at Function.generate (/Users/michaelmcisaac/GitHub/teaching-engine2.0/node_modules/.pnpm/openai@5.7.0_ws@8.18.2_zod@3.25.58/node_modules/openai/src/core/error.ts:76:14)\n    at OpenAI.makeStatusError (/Users/michaelmcisaac/GitHub/teaching-engine2.0/node_modules/.pnpm/openai@5.7.0_ws@8.18.2_zod@3.25.58/node_modules/openai/src/client.ts:413:28)\n    at OpenAI.makeRequest (/Users/michaelmcisaac/GitHub/teaching-engine2.0/node_modules/.pnpm/openai@5.7.0_ws@8.18.2_zod@3.25.58/node_modules/openai/src/client.ts:634:24)\n    at processTicksAndRejections (node:internal/process/task_queues:105:5)\n    at generateContent (/Users/michaelmcisaac/GitHub/teaching-engine2.0/server/src/services/llmService.ts:107:18)\n    at Object.<anonymous> (/Users/michaelmcisaac/GitHub/teaching-engine2.0/server/tests/unit/llmService.test.ts:234:22)","status":401,"headers":{},"requestID":"req_e794e3d7a601f832c53b2531c2e3422d","error":{"type":"Object","message":"Incorrect API key provided: test-api-key. You can find your API key at https://platform.openai.com/account/api-keys.","stack":"","param":null,"code":"invalid_api_key"},"code":"invalid_api_key","param":null},"msg":"LLM content generation failed"}
{"level":40,"time":1751327606661,"pid":45949,"hostname":"MacBook-Pro-4.local","service":"EmbeddingService","error":"401 Incorrect API key provided: test-api-key. You can find your API key at https://platform.openai.com/account/api-keys.","attempt":2,"maxRetries":3,"msg":"Embedding generation attempt failed"}
{"level":50,"time":1751327606729,"pid":45952,"hostname":"MacBook-Pro-4.local","err":{"type":"AuthenticationError","message":"401 Incorrect API key provided: test-api-key. You can find your API key at https://platform.openai.com/account/api-keys.","stack":"Error: 401 Incorrect API key provided: test-api-key. You can find your API key at https://platform.openai.com/account/api-keys.\n    at Function.generate (/Users/michaelmcisaac/GitHub/teaching-engine2.0/node_modules/.pnpm/openai@5.7.0_ws@8.18.2_zod@3.25.58/node_modules/openai/src/core/error.ts:76:14)\n    at OpenAI.makeStatusError (/Users/michaelmcisaac/GitHub/teaching-engine2.0/node_modules/.pnpm/openai@5.7.0_ws@8.18.2_zod@3.25.58/node_modules/openai/src/client.ts:413:28)\n    at OpenAI.makeRequest (/Users/michaelmcisaac/GitHub/teaching-engine2.0/node_modules/.pnpm/openai@5.7.0_ws@8.18.2_zod@3.25.58/node_modules/openai/src/client.ts:634:24)\n    at processTicksAndRejections (node:internal/process/task_queues:105:5)\n    at generateContent (/Users/michaelmcisaac/GitHub/teaching-engine2.0/server/src/services/llmService.ts:107:18)\n    at Object.<anonymous> (/Users/michaelmcisaac/GitHub/teaching-engine2.0/server/tests/unit/llmService.test.ts:249:22)","status":401,"headers":{},"requestID":"req_abacb9e3c6d06cf4ab03304628339798","error":{"type":"Object","message":"Incorrect API key provided: test-api-key. You can find your API key at https://platform.openai.com/account/api-keys.","stack":"","param":null,"code":"invalid_api_key"},"code":"invalid_api_key","param":null},"msg":"LLM content generation failed"}
{"level":50,"time":1751327607753,"pid":45952,"hostname":"MacBook-Pro-4.local","err":{"type":"AuthenticationError","message":"401 Incorrect API key provided: test-api-key. You can find your API key at https://platform.openai.com/account/api-keys.","stack":"Error: 401 Incorrect API key provided: test-api-key. You can find your API key at https://platform.openai.com/account/api-keys.\n    at Function.generate (/Users/michaelmcisaac/GitHub/teaching-engine2.0/node_modules/.pnpm/openai@5.7.0_ws@8.18.2_zod@3.25.58/node_modules/openai/src/core/error.ts:76:14)\n    at OpenAI.makeStatusError (/Users/michaelmcisaac/GitHub/teaching-engine2.0/node_modules/.pnpm/openai@5.7.0_ws@8.18.2_zod@3.25.58/node_modules/openai/src/client.ts:413:28)\n    at OpenAI.makeRequest (/Users/michaelmcisaac/GitHub/teaching-engine2.0/node_modules/.pnpm/openai@5.7.0_ws@8.18.2_zod@3.25.58/node_modules/openai/src/client.ts:634:24)\n    at processTicksAndRejections (node:internal/process/task_queues:105:5)\n    at generateContent (/Users/michaelmcisaac/GitHub/teaching-engine2.0/server/src/services/llmService.ts:107:18)\n    at Object.<anonymous> (/Users/michaelmcisaac/GitHub/teaching-engine2.0/server/tests/unit/llmService.test.ts:265:7)","status":401,"headers":{},"requestID":"req_43696032bb3fae3e25b881124f654d8d","error":{"type":"Object","message":"Incorrect API key provided: test-api-key. You can find your API key at https://platform.openai.com/account/api-keys.","stack":"","param":null,"code":"invalid_api_key"},"code":"invalid_api_key","param":null},"msg":"LLM content generation failed"}
{"level":40,"time":1751327608848,"pid":45949,"hostname":"MacBook-Pro-4.local","service":"EmbeddingService","error":"401 Incorrect API key provided: test-api-key. You can find your API key at https://platform.openai.com/account/api-keys.","attempt":3,"maxRetries":3,"msg":"Embedding generation attempt failed"}
{"level":50,"time":1751327608848,"pid":45949,"hostname":"MacBook-Pro-4.local","service":"EmbeddingService","error":{"status":401,"headers":{},"requestID":"req_728c4c25d76c4e14952f418bc6fd1c27","error":{"message":"Incorrect API key provided: test-api-key. You can find your API key at https://platform.openai.com/account/api-keys.","type":"invalid_request_error","param":null,"code":"invalid_api_key"},"code":"invalid_api_key","param":null,"type":"invalid_request_error"},"msg":"All embedding generation attempts failed"}
{"level":40,"time":1751327608934,"pid":45949,"hostname":"MacBook-Pro-4.local","service":"EmbeddingService","error":"401 Incorrect API key provided: test-api-key. You can find your API key at https://platform.openai.com/account/api-keys.","attempt":1,"maxRetries":3,"msg":"Embedding generation attempt failed"}
{"level":50,"time":1751327609005,"pid":45952,"hostname":"MacBook-Pro-4.local","err":{"type":"AuthenticationError","message":"401 Incorrect API key provided: test-api-key. You can find your API key at https://platform.openai.com/account/api-keys.","stack":"Error: 401 Incorrect API key provided: test-api-key. You can find your API key at https://platform.openai.com/account/api-keys.\n    at Function.generate (/Users/michaelmcisaac/GitHub/teaching-engine2.0/node_modules/.pnpm/openai@5.7.0_ws@8.18.2_zod@3.25.58/node_modules/openai/src/core/error.ts:76:14)\n    at OpenAI.makeStatusError (/Users/michaelmcisaac/GitHub/teaching-engine2.0/node_modules/.pnpm/openai@5.7.0_ws@8.18.2_zod@3.25.58/node_modules/openai/src/client.ts:413:28)\n    at OpenAI.makeRequest (/Users/michaelmcisaac/GitHub/teaching-engine2.0/node_modules/.pnpm/openai@5.7.0_ws@8.18.2_zod@3.25.58/node_modules/openai/src/client.ts:634:24)\n    at processTicksAndRejections (node:internal/process/task_queues:105:5)\n    at generateContent (/Users/michaelmcisaac/GitHub/teaching-engine2.0/server/src/services/llmService.ts:107:18)\n    at Object.<anonymous> (/Users/michaelmcisaac/GitHub/teaching-engine2.0/server/tests/unit/llmService.test.ts:267:7)","status":401,"headers":{},"requestID":"req_96ec9c5f018606601df9457f9337a863","error":{"type":"Object","message":"Incorrect API key provided: test-api-key. You can find your API key at https://platform.openai.com/account/api-keys.","stack":"","param":null,"code":"invalid_api_key"},"code":"invalid_api_key","param":null},"msg":"LLM content generation failed"}
{"level":40,"time":1751327610055,"pid":45949,"hostname":"MacBook-Pro-4.local","service":"EmbeddingService","error":"401 Incorrect API key provided: test-api-key. You can find your API key at https://platform.openai.com/account/api-keys.","attempt":2,"maxRetries":3,"msg":"Embedding generation attempt failed"}
[0m[7m[1m[31m FAIL [39m[22m[27m[0m [0m[7m[37m Unit Tests [39m[27m[0m [2mtests/unit/[22m[1mllmService.test.ts[22m ([0m[1m[41m10.115 s[49m[22m[0m)
[1m[31m  [1m● [22m[1mLLMService › generateContent › should generate content with user prompt only[39m[22m

    [2mexpect([22m[31mreceived[39m[2m).[22mtoBe[2m([22m[32mexpected[39m[2m) // Object.is equality[22m

    Expected: [32m"[7mAI content generation is not available. Please configure OPENAI_API_KEY environment variable[27m."[39m
    Received: [31m"[7mFailed to generate content. Please try again later[27m."[39m
[2m[22m
[2m    [0m [90m 29 |[39m         [36mconst[39m { generateContent[33m:[39m generateContentNoKey } [33m=[39m [36mawait[39m [36mimport[39m([32m'../../src/services/llmService'[39m)[33m;[39m[22m
[2m     [90m 30 |[39m         [36mconst[39m result [33m=[39m [36mawait[39m generateContentNoKey([32m'test prompt'[39m)[33m;[39m[22m
[2m    [31m[1m>[22m[2m[39m[90m 31 |[39m         expect(result)[33m.[39mtoBe([32m'AI content generation is not available. Please configure OPENAI_API_KEY environment variable.'[39m)[33m;[39m[22m
[2m     [90m    |[39m                        [31m[1m^[22m[2m[39m[22m
[2m     [90m 32 |[39m       })[33m;[39m[22m
[2m     [90m 33 |[39m     })[33m;[39m[22m
[2m     [90m 34 |[39m[0m[22m
[2m[22m
[2m      [2mat [22m[2m[0m[36mtests/unit/llmService.test.ts[39m[0m[2m:31:24[22m[2m[22m

[1m[31m  [1m● [22m[1mLLMService › generateContent › should generate content with user prompt only[39m[22m

    [2mexpect([22m[31mreceived[39m[2m).[22mtoBe[2m([22m[32mexpected[39m[2m) // Object.is equality[22m

    Expected: [32m"[7mMock[27m generate[7md[27m content"[39m
    Received: [31m"[7mFailed to[27m generate content[7m. Please try again later.[27m"[39m
[2m[22m
[2m    [0m [90m 37 |[39m       [36mconst[39m result [33m=[39m [36mawait[39m generateContent(prompt)[33m;[39m[22m
[2m     [90m 38 |[39m       [22m
[2m    [31m[1m>[22m[2m[39m[90m 39 |[39m       expect(result)[33m.[39mtoBe([32m'Mock generated content'[39m)[33m;[39m[22m
[2m     [90m    |[39m                      [31m[1m^[22m[2m[39m[22m
[2m     [90m 40 |[39m       expect(openai[33m?[39m[33m.[39mchat[33m.[39mcompletions[33m.[39mcreate)[33m.[39mtoHaveBeenCalledWith(expect[33m.[39mobjectContaining({[22m
[2m     [90m 41 |[39m         model[33m:[39m [32m'gpt-3.5-turbo'[39m[33m,[39m[22m
[2m     [90m 42 |[39m         messages[33m:[39m expect[33m.[39marrayContaining([[0m[22m
[2m[22m
[2m      [2mat Object.<anonymous> ([22m[2m[0m[36mtests/unit/llmService.test.ts[39m[0m[2m:39:22)[22m[2m[22m

[1m[31m  [1m● [22m[1mLLMService › generateContent › should generate content with system message[39m[22m

    [2mexpect([22m[31mreceived[39m[2m).[22mtoBe[2m([22m[32mexpected[39m[2m) // Object.is equality[22m

    Expected: [32m"[7mMock[27m generate[7md[27m content"[39m
    Received: [31m"[7mFailed to[27m generate content[7m. Please try again later.[27m"[39m
[2m[22m
[2m    [0m [90m 52 |[39m       [36mconst[39m result [33m=[39m [36mawait[39m generateContent(prompt[33m,[39m systemMessage)[33m;[39m[22m
[2m     [90m 53 |[39m       [22m
[2m    [31m[1m>[22m[2m[39m[90m 54 |[39m       expect(result)[33m.[39mtoBe([32m'Mock generated content'[39m)[33m;[39m[22m
[2m     [90m    |[39m                      [31m[1m^[22m[2m[39m[22m
[2m     [90m 55 |[39m       expect(openai[33m?[39m[33m.[39mchat[33m.[39mcompletions[33m.[39mcreate)[33m.[39mtoHaveBeenCalledWith(expect[33m.[39mobjectContaining({[22m
[2m     [90m 56 |[39m         messages[33m:[39m expect[33m.[39marrayContaining([[22m
[2m     [90m 57 |[39m           expect[33m.[39mobjectContaining({ role[33m:[39m [32m'system'[39m[33m,[39m content[33m:[39m systemMessage })[33m,[39m[0m[22m
[2m[22m
[2m      [2mat Object.<anonymous> ([22m[2m[0m[36mtests/unit/llmService.test.ts[39m[0m[2m:54:22)[22m[2m[22m

[1m[31m  [1m● [22m[1mLLMService › generateContent › should handle missing content gracefully[39m[22m

    TypeError: mockCreate.mockResolvedValueOnce is not a function
[2m[22m
[2m    [0m [90m 64 |[39m       [90m// Mock empty response[39m[22m
[2m     [90m 65 |[39m       [36mconst[39m mockCreate [33m=[39m openai[33m?[39m[33m.[39mchat[33m.[39mcompletions[33m.[39mcreate [36mas[39m jest[33m.[39m[33mMockedFunction[39m[33m<[39m[33many[39m[33m>[39m[33m;[39m[22m
[2m    [31m[1m>[22m[2m[39m[90m 66 |[39m       mockCreate[33m.[39mmockResolvedValueOnce({[22m
[2m     [90m    |[39m                  [31m[1m^[22m[2m[39m[22m
[2m     [90m 67 |[39m         choices[33m:[39m [{ message[33m:[39m { content[33m:[39m [32m''[39m } }][22m
[2m     [90m 68 |[39m       })[33m;[39m[22m
[2m     [90m 69 |[39m       [0m[22m
[2m[22m
[2m      [2mat Object.<anonymous> ([22m[2m[0m[36mtests/unit/llmService.test.ts[39m[0m[2m:66:18)[22m[2m[22m

[1m[31m  [1m● [22m[1mLLMService › generateContent › should handle API errors gracefully[39m[22m

    TypeError: mockCreate.mockRejectedValueOnce is not a function
[2m[22m
[2m    [0m [90m 76 |[39m       [90m// Mock API error[39m[22m
[2m     [90m 77 |[39m       [36mconst[39m mockCreate [33m=[39m openai[33m?[39m[33m.[39mchat[33m.[39mcompletions[33m.[39mcreate [36mas[39m jest[33m.[39m[33mMockedFunction[39m[33m<[39m[33many[39m[33m>[39m[33m;[39m[22m
[2m    [31m[1m>[22m[2m[39m[90m 78 |[39m       mockCreate[33m.[39mmockRejectedValueOnce([36mnew[39m [33mError[39m([32m'API Error'[39m))[33m;[39m[22m
[2m     [90m    |[39m                  [31m[1m^[22m[2m[39m[22m
[2m     [90m 79 |[39m       [22m
[2m     [90m 80 |[39m       [36mconst[39m result [33m=[39m [36mawait[39m generateContent([32m'test prompt'[39m)[33m;[39m[22m
[2m     [90m 81 |[39m       [0m[22m
[2m[22m
[2m      [2mat Object.<anonymous> ([22m[2m[0m[36mtests/unit/llmService.test.ts[39m[0m[2m:78:18)[22m[2m[22m

[1m[31m  [1m● [22m[1mLLMService › generateContent › should handle network timeouts[39m[22m

    TypeError: mockCreate.mockRejectedValueOnce is not a function
[2m[22m
[2m    [0m [90m 86 |[39m       [90m// Mock timeout error[39m[22m
[2m     [90m 87 |[39m       [36mconst[39m mockCreate [33m=[39m openai[33m?[39m[33m.[39mchat[33m.[39mcompletions[33m.[39mcreate [36mas[39m jest[33m.[39m[33mMockedFunction[39m[33m<[39m[33many[39m[33m>[39m[33m;[39m[22m
[2m    [31m[1m>[22m[2m[39m[90m 88 |[39m       mockCreate[33m.[39mmockRejectedValueOnce([36mnew[39m [33mError[39m([32m'Request timeout'[39m))[33m;[39m[22m
[2m     [90m    |[39m                  [31m[1m^[22m[2m[39m[22m
[2m     [90m 89 |[39m       [22m
[2m     [90m 90 |[39m       [36mconst[39m result [33m=[39m [36mawait[39m generateContent([32m'test prompt'[39m)[33m;[39m[22m
[2m     [90m 91 |[39m       [0m[22m
[2m[22m
[2m      [2mat Object.<anonymous> ([22m[2m[0m[36mtests/unit/llmService.test.ts[39m[0m[2m:88:18)[22m[2m[22m

[1m[31m  [1m● [22m[1mLLMService › generateContent › should handle invalid API responses[39m[22m

    TypeError: mockCreate.mockResolvedValueOnce is not a function
[2m[22m
[2m    [0m [90m  96 |[39m       [90m// Mock invalid response[39m[22m
[2m     [90m  97 |[39m       [36mconst[39m mockCreate [33m=[39m openai[33m?[39m[33m.[39mchat[33m.[39mcompletions[33m.[39mcreate [36mas[39m jest[33m.[39m[33mMockedFunction[39m[33m<[39m[33many[39m[33m>[39m[33m;[39m[22m
[2m    [31m[1m>[22m[2m[39m[90m  98 |[39m       mockCreate[33m.[39mmockResolvedValueOnce({[22m
[2m     [90m     |[39m                  [31m[1m^[22m[2m[39m[22m
[2m     [90m  99 |[39m         choices[33m:[39m [{ message[33m:[39m [36mnull[39m }][22m
[2m     [90m 100 |[39m       })[33m;[39m[22m
[2m     [90m 101 |[39m       [0m[22m
[2m[22m
[2m      [2mat Object.<anonymous> ([22m[2m[0m[36mtests/unit/llmService.test.ts[39m[0m[2m:98:18)[22m[2m[22m

[1m[31m  [1m● [22m[1mLLMService › generateBilingualContent › should generate and parse bilingual content correctly[39m[22m

    TypeError: mockCreate.mockResolvedValueOnce is not a function
[2m[22m
[2m    [0m [90m 123 |[39m       [90m// Mock response with bilingual format[39m[22m
[2m     [90m 124 |[39m       [36mconst[39m mockCreate [33m=[39m openai[33m?[39m[33m.[39mchat[33m.[39mcompletions[33m.[39mcreate [36mas[39m jest[33m.[39m[33mMockedFunction[39m[33m<[39m[33many[39m[33m>[39m[33m;[39m[22m
[2m    [31m[1m>[22m[2m[39m[90m 125 |[39m       mockCreate[33m.[39mmockResolvedValueOnce({[22m
[2m     [90m     |[39m                  [31m[1m^[22m[2m[39m[22m
[2m     [90m 126 |[39m         choices[33m:[39m [{[22m
[2m     [90m 127 |[39m           message[33m:[39m {[22m
[2m     [90m 128 |[39m             content[33m:[39m [32m'FRENCH:\nContenu en français\n\nENGLISH:\nContent in English'[39m[0m[22m
[2m[22m
[2m      [2mat Object.<anonymous> ([22m[2m[0m[36mtests/unit/llmService.test.ts[39m[0m[2m:125:18)[22m[2m[22m

[1m[31m  [1m● [22m[1mLLMService › generateBilingualContent › should handle case-insensitive language markers[39m[22m

    TypeError: mockCreate.mockResolvedValueOnce is not a function
[2m[22m
[2m    [0m [90m 141 |[39m     it([32m'should handle case-insensitive language markers'[39m[33m,[39m [36masync[39m () [33m=>[39m {[22m
[2m     [90m 142 |[39m       [36mconst[39m mockCreate [33m=[39m openai[33m?[39m[33m.[39mchat[33m.[39mcompletions[33m.[39mcreate [36mas[39m jest[33m.[39m[33mMockedFunction[39m[33m<[39m[33many[39m[33m>[39m[33m;[39m[22m
[2m    [31m[1m>[22m[2m[39m[90m 143 |[39m       mockCreate[33m.[39mmockResolvedValueOnce({[22m
[2m     [90m     |[39m                  [31m[1m^[22m[2m[39m[22m
[2m     [90m 144 |[39m         choices[33m:[39m [{[22m
[2m     [90m 145 |[39m           message[33m:[39m {[22m
[2m     [90m 146 |[39m             content[33m:[39m [32m'french:\nContenu français\n\nenglish:\nEnglish content'[39m[0m[22m
[2m[22m
[2m      [2mat Object.<anonymous> ([22m[2m[0m[36mtests/unit/llmService.test.ts[39m[0m[2m:143:18)[22m[2m[22m

[1m[31m  [1m● [22m[1mLLMService › generateBilingualContent › should handle missing language sections[39m[22m

    TypeError: mockCreate.mockResolvedValueOnce is not a function
[2m[22m
[2m    [0m [90m 157 |[39m     it([32m'should handle missing language sections'[39m[33m,[39m [36masync[39m () [33m=>[39m {[22m
[2m     [90m 158 |[39m       [36mconst[39m mockCreate [33m=[39m openai[33m?[39m[33m.[39mchat[33m.[39mcompletions[33m.[39mcreate [36mas[39m jest[33m.[39m[33mMockedFunction[39m[33m<[39m[33many[39m[33m>[39m[33m;[39m[22m
[2m    [31m[1m>[22m[2m[39m[90m 159 |[39m       mockCreate[33m.[39mmockResolvedValueOnce({[22m
[2m     [90m     |[39m                  [31m[1m^[22m[2m[39m[22m
[2m     [90m 160 |[39m         choices[33m:[39m [{[22m
[2m     [90m 161 |[39m           message[33m:[39m {[22m
[2m     [90m 162 |[39m             content[33m:[39m [32m'Only content without language markers'[39m[0m[22m
[2m[22m
[2m      [2mat Object.<anonymous> ([22m[2m[0m[36mtests/unit/llmService.test.ts[39m[0m[2m:159:18)[22m[2m[22m

[1m[31m  [1m● [22m[1mLLMService › generateBilingualContent › should handle only French section present[39m[22m

    TypeError: mockCreate.mockResolvedValueOnce is not a function
[2m[22m
[2m    [0m [90m 173 |[39m     it([32m'should handle only French section present'[39m[33m,[39m [36masync[39m () [33m=>[39m {[22m
[2m     [90m 174 |[39m       [36mconst[39m mockCreate [33m=[39m openai[33m?[39m[33m.[39mchat[33m.[39mcompletions[33m.[39mcreate [36mas[39m jest[33m.[39m[33mMockedFunction[39m[33m<[39m[33many[39m[33m>[39m[33m;[39m[22m
[2m    [31m[1m>[22m[2m[39m[90m 175 |[39m       mockCreate[33m.[39mmockResolvedValueOnce({[22m
[2m     [90m     |[39m                  [31m[1m^[22m[2m[39m[22m
[2m     [90m 176 |[39m         choices[33m:[39m [{[22m
[2m     [90m 177 |[39m           message[33m:[39m {[22m
[2m     [90m 178 |[39m             content[33m:[39m [32m'FRENCH:\nContenu en français seulement'[39m[0m[22m
[2m[22m
[2m      [2mat Object.<anonymous> ([22m[2m[0m[36mtests/unit/llmService.test.ts[39m[0m[2m:175:18)[22m[2m[22m

[1m[31m  [1m● [22m[1mLLMService › generateBilingualContent › should handle API errors gracefully[39m[22m

    TypeError: mockCreate.mockRejectedValueOnce is not a function
[2m[22m
[2m    [0m [90m 189 |[39m     it([32m'should handle API errors gracefully'[39m[33m,[39m [36masync[39m () [33m=>[39m {[22m
[2m     [90m 190 |[39m       [36mconst[39m mockCreate [33m=[39m openai[33m?[39m[33m.[39mchat[33m.[39mcompletions[33m.[39mcreate [36mas[39m jest[33m.[39m[33mMockedFunction[39m[33m<[39m[33many[39m[33m>[39m[33m;[39m[22m
[2m    [31m[1m>[22m[2m[39m[90m 191 |[39m       mockCreate[33m.[39mmockRejectedValueOnce([36mnew[39m [33mError[39m([32m'API Error'[39m))[33m;[39m[22m
[2m     [90m     |[39m                  [31m[1m^[22m[2m[39m[22m
[2m     [90m 192 |[39m       [22m
[2m     [90m 193 |[39m       [36mconst[39m result [33m=[39m [36mawait[39m generateBilingualContent([32m'test prompt'[39m)[33m;[39m[22m
[2m     [90m 194 |[39m       [0m[22m
[2m[22m
[2m      [2mat Object.<anonymous> ([22m[2m[0m[36mtests/unit/llmService.test.ts[39m[0m[2m:191:18)[22m[2m[22m

[1m[31m  [1m● [22m[1mLLMService › Token limit handling › should respect max_tokens parameter[39m[22m

    [2mexpect([22m[31mreceived[39m[2m).[22mtoEqual[2m([22m[32mexpected[39m[2m) // deep equality[22m

    [32m- Expected  - 2[39m
    [31m+ Received  + 2[39m

    [2m  Object {[22m
    [32m-   "english": "AI content generation is not available. Please configure OPENAI_API_KEY environment variable.",[39m
    [32m-   "french": "AI content generation is not available. Please configure OPENAI_API_KEY environment variable.",[39m
    [31m+   "english": "Failed to generate content. Please try again later.",[39m
    [31m+   "french": "Failed to generate content. Please try again later.",[39m
    [2m  }[22m
[2m[22m
[2m    [0m [90m 113 |[39m         [36mconst[39m result [33m=[39m [36mawait[39m generateBilingualContentNoKey([32m'test prompt'[39m)[33m;[39m[22m
[2m     [90m 114 |[39m         [22m
[2m    [31m[1m>[22m[2m[39m[90m 115 |[39m         expect(result)[33m.[39mtoEqual({[22m
[2m     [90m     |[39m                        [31m[1m^[22m[2m[39m[22m
[2m     [90m 116 |[39m           french[33m:[39m [32m'AI content generation is not available. Please configure OPENAI_API_KEY environment variable.'[39m[33m,[39m[22m
[2m     [90m 117 |[39m           english[33m:[39m [32m'AI content generation is not available. Please configure OPENAI_API_KEY environment variable.'[39m[22m
[2m     [90m 118 |[39m         })[33m;[39m[0m[22m
[2m[22m
[2m      [2mat [22m[2m[0m[36mtests/unit/llmService.test.ts[39m[0m[2m:115:24[22m[2m[22m

[1m[31m  [1m● [22m[1mLLMService › Token limit handling › should respect max_tokens parameter[39m[22m

    [2mexpect([22m[31mreceived[39m[2m).[22mtoHaveBeenCalledWith[2m([22m[32m...expected[39m[2m)[22m

    [1mMatcher error[22m: [31mreceived[39m value must be a mock or spy function

    Received has type:  function
    Received has value: [31m[Function create][39m
[2m[22m
[2m    [0m [90m 204 |[39m       [36mawait[39m generateContent([32m'test prompt'[39m)[33m;[39m[22m
[2m     [90m 205 |[39m       [22m
[2m    [31m[1m>[22m[2m[39m[90m 206 |[39m       expect(openai[33m?[39m[33m.[39mchat[33m.[39mcompletions[33m.[39mcreate)[33m.[39mtoHaveBeenCalledWith([22m
[2m     [90m     |[39m                                               [31m[1m^[22m[2m[39m[22m
[2m     [90m 207 |[39m         expect[33m.[39mobjectContaining({[22m
[2m     [90m 208 |[39m           max_tokens[33m:[39m expect[33m.[39many([33mNumber[39m)[22m
[2m     [90m 209 |[39m         })[0m[22m
[2m[22m
[2m      [2mat Object.<anonymous> ([22m[2m[0m[36mtests/unit/llmService.test.ts[39m[0m[2m:206:47)[22m[2m[22m

[1m[31m  [1m● [22m[1mLLMService › Token limit handling › should handle token limit exceeded errors[39m[22m

    TypeError: mockCreate.mockRejectedValueOnce is not a function
[2m[22m
[2m    [0m [90m 213 |[39m     it([32m'should handle token limit exceeded errors'[39m[33m,[39m [36masync[39m () [33m=>[39m {[22m
[2m     [90m 214 |[39m       [36mconst[39m mockCreate [33m=[39m openai[33m?[39m[33m.[39mchat[33m.[39mcompletions[33m.[39mcreate [36mas[39m jest[33m.[39m[33mMockedFunction[39m[33m<[39m[33many[39m[33m>[39m[33m;[39m[22m
[2m    [31m[1m>[22m[2m[39m[90m 215 |[39m       mockCreate[33m.[39mmockRejectedValueOnce([36mnew[39m [33mError[39m([32m'Token limit exceeded'[39m))[33m;[39m[22m
[2m     [90m     |[39m                  [31m[1m^[22m[2m[39m[22m
[2m     [90m 216 |[39m       [22m
[2m     [90m 217 |[39m       [36mconst[39m result [33m=[39m [36mawait[39m generateContent([32m'very long prompt'[39m)[33m;[39m[22m
[2m     [90m 218 |[39m       [0m[22m
[2m[22m
[2m      [2mat Object.<anonymous> ([22m[2m[0m[36mtests/unit/llmService.test.ts[39m[0m[2m:215:18)[22m[2m[22m

[1m[31m  [1m● [22m[1mLLMService › Prompt validation › should handle empty prompts[39m[22m

    [2mexpect([22m[31mreceived[39m[2m).[22mtoHaveBeenCalled[2m()[22m

    [1mMatcher error[22m: [31mreceived[39m value must be a mock or spy function

    Received has type:  function
    Received has value: [31m[Function create][39m
[2m[22m
[2m    [0m [90m 226 |[39m       [22m
[2m     [90m 227 |[39m       expect(result)[33m.[39mtoBeTruthy()[33m;[39m [90m// Should still return something[39m[22m
[2m    [31m[1m>[22m[2m[39m[90m 228 |[39m       expect(openai[33m?[39m[33m.[39mchat[33m.[39mcompletions[33m.[39mcreate)[33m.[39mtoHaveBeenCalled()[33m;[39m[22m
[2m     [90m     |[39m                                               [31m[1m^[22m[2m[39m[22m
[2m     [90m 229 |[39m     })[33m;[39m[22m
[2m     [90m 230 |[39m[22m
[2m     [90m 231 |[39m     it([32m'should handle very long prompts'[39m[33m,[39m [36masync[39m () [33m=>[39m {[0m[22m
[2m[22m
[2m      [2mat Object.<anonymous> ([22m[2m[0m[36mtests/unit/llmService.test.ts[39m[0m[2m:228:47)[22m[2m[22m

[1m[31m  [1m● [22m[1mLLMService › Prompt validation › should handle very long prompts[39m[22m

    [2mexpect([22m[31mreceived[39m[2m).[22mtoHaveBeenCalledWith[2m([22m[32m...expected[39m[2m)[22m

    [1mMatcher error[22m: [31mreceived[39m value must be a mock or spy function

    Received has type:  function
    Received has value: [31m[Function create][39m
[2m[22m
[2m    [0m [90m 235 |[39m       [22m
[2m     [90m 236 |[39m       expect(result)[33m.[39mtoBeTruthy()[33m;[39m[22m
[2m    [31m[1m>[22m[2m[39m[90m 237 |[39m       expect(openai[33m?[39m[33m.[39mchat[33m.[39mcompletions[33m.[39mcreate)[33m.[39mtoHaveBeenCalledWith([22m
[2m     [90m     |[39m                                               [31m[1m^[22m[2m[39m[22m
[2m     [90m 238 |[39m         expect[33m.[39mobjectContaining({[22m
[2m     [90m 239 |[39m           messages[33m:[39m expect[33m.[39marrayContaining([[22m
[2m     [90m 240 |[39m             expect[33m.[39mobjectContaining({ content[33m:[39m longPrompt })[0m[22m
[2m[22m
[2m      [2mat Object.<anonymous> ([22m[2m[0m[36mtests/unit/llmService.test.ts[39m[0m[2m:237:47)[22m[2m[22m

[1m[31m  [1m● [22m[1mLLMService › Prompt validation › should handle special characters in prompts[39m[22m

    [2mexpect([22m[31mreceived[39m[2m).[22mtoHaveBeenCalledWith[2m([22m[32m...expected[39m[2m)[22m

    [1mMatcher error[22m: [31mreceived[39m value must be a mock or spy function

    Received has type:  function
    Received has value: [31m[Function create][39m
[2m[22m
[2m    [0m [90m 250 |[39m       [22m
[2m     [90m 251 |[39m       expect(result)[33m.[39mtoBeTruthy()[33m;[39m[22m
[2m    [31m[1m>[22m[2m[39m[90m 252 |[39m       expect(openai[33m?[39m[33m.[39mchat[33m.[39mcompletions[33m.[39mcreate)[33m.[39mtoHaveBeenCalledWith([22m
[2m     [90m     |[39m                                               [31m[1m^[22m[2m[39m[22m
[2m     [90m 253 |[39m         expect[33m.[39mobjectContaining({[22m
[2m     [90m 254 |[39m           messages[33m:[39m expect[33m.[39marrayContaining([[22m
[2m     [90m 255 |[39m             expect[33m.[39mobjectContaining({ content[33m:[39m specialPrompt })[0m[22m
[2m[22m
[2m      [2mat Object.<anonymous> ([22m[2m[0m[36mtests/unit/llmService.test.ts[39m[0m[2m:252:47)[22m[2m[22m

[1m[31m  [1m● [22m[1mLLMService › Rate limiting in test environment › should track API usage during tests[39m[22m

    [2mexpect([22m[31mreceived[39m[2m).[22mtoHaveBeenCalledTimes[2m([22m[32mexpected[39m[2m)[22m

    [1mMatcher error[22m: [31mreceived[39m value must be a mock or spy function

    Received has type:  function
    Received has value: [31m[Function create][39m
[2m[22m
[2m    [0m [90m 269 |[39m       [36mawait[39m generateContent([32m'test 3'[39m)[33m;[39m[22m
[2m     [90m 270 |[39m       [22m
[2m    [31m[1m>[22m[2m[39m[90m 271 |[39m       expect(openai[33m?[39m[33m.[39mchat[33m.[39mcompletions[33m.[39mcreate)[33m.[39mtoHaveBeenCalledTimes([35m3[39m)[33m;[39m[22m
[2m     [90m     |[39m                                               [31m[1m^[22m[2m[39m[22m
[2m     [90m 272 |[39m     })[33m;[39m[22m
[2m     [90m 273 |[39m   })[33m;[39m[22m
[2m     [90m 274 |[39m[0m[22m
[2m[22m
[2m      [2mat Object.<anonymous> ([22m[2m[0m[36mtests/unit/llmService.test.ts[39m[0m[2m:271:47)[22m[2m[22m

[1m[31m  [1m● [22m[1mLLMService › Service availability › should handle mock function calls[39m[22m

    [2mexpect([22m[31mreceived[39m[2m).[22mtoBe[2m([22m[32mexpected[39m[2m) // Object.is equality[22m

    Expected: [32m"[7mf[27mun[7mction[27m"[39m
    Received: [31m"un[7mdefined[27m"[39m
[2m[22m
[2m    [0m [90m 283 |[39m       [36mconst[39m mockCreate [33m=[39m openai[33m?[39m[33m.[39mchat[33m.[39mcompletions[33m.[39mcreate [36mas[39m jest[33m.[39m[33mMockedFunction[39m[33m<[39m[33many[39m[33m>[39m[33m;[39m[22m
[2m     [90m 284 |[39m       expect(mockCreate)[33m.[39mtoBeDefined()[33m;[39m[22m
[2m    [31m[1m>[22m[2m[39m[90m 285 |[39m       expect([36mtypeof[39m mockCreate[33m.[39mmockResolvedValue)[33m.[39mtoBe([32m'function'[39m)[33m;[39m[22m
[2m     [90m     |[39m                                                   [31m[1m^[22m[2m[39m[22m
[2m     [90m 286 |[39m       expect([36mtypeof[39m mockCreate[33m.[39mmockRejectedValue)[33m.[39mtoBe([32m'function'[39m)[33m;[39m[22m
[2m     [90m 287 |[39m     })[33m;[39m[22m
[2m     [90m 288 |[39m[0m[22m
[2m[22m
[2m      [2mat Object.<anonymous> ([22m[2m[0m[36mtests/unit/llmService.test.ts[39m[0m[2m:285:51)[22m[2m[22m

[1m[31m  [1m● [22m[1mLLMService › Service availability › should support async mock functions[39m[22m

    TypeError: mockCreate.mockResolvedValueOnce is not a function
[2m[22m
[2m    [0m [90m 289 |[39m     it([32m'should support async mock functions'[39m[33m,[39m [36masync[39m () [33m=>[39m {[22m
[2m     [90m 290 |[39m       [36mconst[39m mockCreate [33m=[39m openai[33m?[39m[33m.[39mchat[33m.[39mcompletions[33m.[39mcreate [36mas[39m jest[33m.[39m[33mMockedFunction[39m[33m<[39m[33many[39m[33m>[39m[33m;[39m[22m
[2m    [31m[1m>[22m[2m[39m[90m 291 |[39m       mockCreate[33m.[39mmockResolvedValueOnce({[22m
[2m     [90m     |[39m                  [31m[1m^[22m[2m[39m[22m
[2m     [90m 292 |[39m         choices[33m:[39m [{ message[33m:[39m { content[33m:[39m [32m'Custom test response'[39m } }][22m
[2m     [90m 293 |[39m       })[33m;[39m[22m
[2m     [90m 294 |[39m       [0m[22m
[2m[22m
[2m      [2mat Object.<anonymous> ([22m[2m[0m[36mtests/unit/llmService.test.ts[39m[0m[2m:291:18)[22m[2m[22m

{"level":50,"time":1751327610256,"pid":45952,"hostname":"MacBook-Pro-4.local","err":{"type":"AuthenticationError","message":"401 Incorrect API key provided: test-api-key. You can find your API key at https://platform.openai.com/account/api-keys.","stack":"Error: 401 Incorrect API key provided: test-api-key. You can find your API key at https://platform.openai.com/account/api-keys.\n    at Function.generate (/Users/michaelmcisaac/GitHub/teaching-engine2.0/node_modules/.pnpm/openai@5.7.0_ws@8.18.2_zod@3.25.58/node_modules/openai/src/core/error.ts:76:14)\n    at OpenAI.makeStatusError (/Users/michaelmcisaac/GitHub/teaching-engine2.0/node_modules/.pnpm/openai@5.7.0_ws@8.18.2_zod@3.25.58/node_modules/openai/src/client.ts:413:28)\n    at OpenAI.makeRequest (/Users/michaelmcisaac/GitHub/teaching-engine2.0/node_modules/.pnpm/openai@5.7.0_ws@8.18.2_zod@3.25.58/node_modules/openai/src/client.ts:634:24)\n    at processTicksAndRejections (node:internal/process/task_queues:105:5)\n    at generateContent (/Users/michaelmcisaac/GitHub/teaching-engine2.0/server/src/services/llmService.ts:107:18)\n    at Object.<anonymous> (/Users/michaelmcisaac/GitHub/teaching-engine2.0/server/tests/unit/llmService.test.ts:269:7)","status":401,"headers":{},"requestID":"req_343708b1aeaf00042f7b0748f4034c29","error":{"type":"Object","message":"Incorrect API key provided: test-api-key. You can find your API key at https://platform.openai.com/account/api-keys.","stack":"","param":null,"code":"invalid_api_key"},"code":"invalid_api_key","param":null},"msg":"LLM content generation failed"}
[0m[7m[1m[31m FAIL [39m[22m[27m[0m [0m[7m[37m Unit Tests [39m[27m[0m [2mtests/unit/[22m[1membeddingService.fast.test.ts[22m ([0m[1m[41m10.785 s[49m[22m[0m)
[1m[31m  [1m● [22m[1mEmbeddingService - Fast Tests › Core functionality › should generate embeddings[39m[22m

    [2mexpect([22m[31mreceived[39m[2m).[22mtoEqual[2m([22m[32mexpected[39m[2m) // deep equality[22m

    Expected: [32m{"embedding": [0.1, 0.1, 0.1, 0.1, 0.1, 0.1, 0.1, 0.1, 0.1, 0.1, …], "expectationId": "test-outcome-1", "model": "text-embedding-3-small"}[39m
    Received: [31mnull[39m
[2m[22m
[2m    [0m [90m 66 |[39m       [36mconst[39m result [33m=[39m [36mawait[39m service[33m.[39mgenerateEmbedding([32m'test-outcome-1'[39m[33m,[39m [32m'Test description for embedding'[39m)[33m;[39m[22m
[2m     [90m 67 |[39m       [22m
[2m    [31m[1m>[22m[2m[39m[90m 68 |[39m       expect(result)[33m.[39mtoEqual({[22m
[2m     [90m    |[39m                      [31m[1m^[22m[2m[39m[22m
[2m     [90m 69 |[39m         expectationId[33m:[39m [32m'test-outcome-1'[39m[33m,[39m[22m
[2m     [90m 70 |[39m         embedding[33m:[39m mockEmbedding[33m,[39m[22m
[2m     [90m 71 |[39m         model[33m:[39m [32m'text-embedding-3-small'[39m[0m[22m
[2m[22m
[2m      [2mat Object.<anonymous> ([22m[2m[0m[36mtests/unit/embeddingService.fast.test.ts[39m[0m[2m:68:22)[22m[2m[22m

[1m[31m  [1m● [22m[1mEmbeddingService - Fast Tests › Core functionality › should find similar expectations[39m[22m

    [2mexpect([22m[31mreceived[39m[2m).[22mtoHaveLength[2m([22m[32mexpected[39m[2m)[22m

    Expected length: [32m2[39m
    Received length: [31m0[39m
    Received array:  [31m[][39m
[2m[22m
[2m    [0m [90m 121 |[39m       [36mconst[39m results [33m=[39m [36mawait[39m service[33m.[39mfindSimilarExpectations([32m'test-outcome'[39m[33m,[39m [35m0.8[39m[33m,[39m [35m5[39m)[33m;[39m[22m
[2m     [90m 122 |[39m       [22m
[2m    [31m[1m>[22m[2m[39m[90m 123 |[39m       expect(results)[33m.[39mtoHaveLength([35m2[39m)[33m;[39m[22m
[2m     [90m     |[39m                       [31m[1m^[22m[2m[39m[22m
[2m     [90m 124 |[39m       expect(mockPrisma[33m.[39mcurriculumExpectationEmbedding[33m.[39mfindMany)[33m.[39mtoHaveBeenCalled()[33m;[39m[22m
[2m     [90m 125 |[39m     })[33m;[39m[22m
[2m     [90m 126 |[39m[0m[22m
[2m[22m
[2m      [2mat Object.<anonymous> ([22m[2m[0m[36mtests/unit/embeddingService.fast.test.ts[39m[0m[2m:123:23)[22m[2m[22m

[1m[31m  [1m● [22m[1mEmbeddingService - Fast Tests › Batch operations › should generate batch embeddings[39m[22m

    [2mexpect([22m[31mreceived[39m[2m).[22mtoHaveLength[2m([22m[32mexpected[39m[2m)[22m

    Expected length: [32m2[39m
    Received length: [31m0[39m
    Received array:  [31m[][39m
[2m[22m
[2m    [0m [90m 139 |[39m       [36mconst[39m results [33m=[39m [36mawait[39m service[33m.[39mgenerateBatchEmbeddings(expectations)[33m;[39m[22m
[2m     [90m 140 |[39m       [22m
[2m    [31m[1m>[22m[2m[39m[90m 141 |[39m       expect(results)[33m.[39mtoHaveLength([35m2[39m)[33m;[39m[22m
[2m     [90m     |[39m                       [31m[1m^[22m[2m[39m[22m
[2m     [90m 142 |[39m       expect(mockOpenAI[33m.[39membeddings[33m.[39mcreate)[33m.[39mtoHaveBeenCalledTimes([35m1[39m)[33m;[39m [90m// Batch call[39m[22m
[2m     [90m 143 |[39m     })[33m;[39m[22m
[2m     [90m 144 |[39m[0m[22m
[2m[22m
[2m      [2mat Object.<anonymous> ([22m[2m[0m[36mtests/unit/embeddingService.fast.test.ts[39m[0m[2m:141:23)[22m[2m[22m

[1m[31m  [1m● [22m[1mEmbeddingService - Fast Tests › Batch operations › should generate missing embeddings[39m[22m

    [2mexpect([22m[31mreceived[39m[2m).[22mtoBe[2m([22m[32mexpected[39m[2m) // Object.is equality[22m

    Expected: [32m2[39m
    Received: [31m0[39m
[2m[22m
[2m    [0m [90m 151 |[39m       [36mconst[39m count [33m=[39m [36mawait[39m service[33m.[39mgenerateMissingEmbeddings()[33m;[39m[22m
[2m     [90m 152 |[39m       [22m
[2m    [31m[1m>[22m[2m[39m[90m 153 |[39m       expect(count)[33m.[39mtoBe([35m2[39m)[33m;[39m[22m
[2m     [90m     |[39m                     [31m[1m^[22m[2m[39m[22m
[2m     [90m 154 |[39m       expect(mockPrisma[33m.[39mcurriculumExpectationEmbedding[33m.[39mcreateMany)[33m.[39mtoHaveBeenCalled()[33m;[39m[22m
[2m     [90m 155 |[39m     })[33m;[39m[22m
[2m     [90m 156 |[39m   })[33m;[39m[0m[22m
[2m[22m
[2m      [2mat Object.<anonymous> ([22m[2m[0m[36mtests/unit/embeddingService.fast.test.ts[39m[0m[2m:153:21)[22m[2m[22m

[1m[31m  [1m● [22m[1mEmbeddingService - Fast Tests › Search functionality › should search expectations by text[39m[22m

    [2mexpect([22m[31mjest.fn()[39m[2m).[22mtoHaveBeenCalled[2m()[22m

    Expected number of calls: >= [32m1[39m
    Received number of calls:    [31m0[39m
[2m[22m
[2m    [0m [90m 175 |[39m       [22m
[2m     [90m 176 |[39m       expect([33mArray[39m[33m.[39misArray(searchResults))[33m.[39mtoBe([36mtrue[39m)[33m;[39m[22m
[2m    [31m[1m>[22m[2m[39m[90m 177 |[39m       expect(mockOpenAI[33m.[39membeddings[33m.[39mcreate)[33m.[39mtoHaveBeenCalled()[33m;[39m[22m
[2m     [90m     |[39m                                            [31m[1m^[22m[2m[39m[22m
[2m     [90m 178 |[39m     })[33m;[39m[22m
[2m     [90m 179 |[39m   })[33m;[39m[22m
[2m     [90m 180 |[39m[0m[22m
[2m[22m
[2m      [2mat Object.<anonymous> ([22m[2m[0m[36mtests/unit/embeddingService.fast.test.ts[39m[0m[2m:177:44)[22m[2m[22m

{"level":40,"time":1751327612219,"pid":45949,"hostname":"MacBook-Pro-4.local","service":"EmbeddingService","error":"401 Incorrect API key provided: test-api-key. You can find your API key at https://platform.openai.com/account/api-keys.","attempt":3,"maxRetries":3,"msg":"Embedding generation attempt failed"}
{"level":50,"time":1751327612219,"pid":45949,"hostname":"MacBook-Pro-4.local","service":"EmbeddingService","error":{"status":401,"headers":{},"requestID":"req_bc95e98f6c1ac58734cfe0751e3a921c","error":{"message":"Incorrect API key provided: test-api-key. You can find your API key at https://platform.openai.com/account/api-keys.","type":"invalid_request_error","param":null,"code":"invalid_api_key"},"code":"invalid_api_key","param":null,"type":"invalid_request_error"},"msg":"All embedding generation attempts failed"}
{"level":50,"time":1751327612221,"pid":45949,"hostname":"MacBook-Pro-4.local","service":"EmbeddingService","error":{},"expectationId":"test","msg":"Failed to get or create expectation embedding"}
[0m[7m[1m[31m FAIL [39m[22m[27m[0m [0m[7m[37m Unit Tests [39m[27m[0m [2mtests/unit/connectors/[22m[1mcurriculumWebConnector.test.ts[22m ([0m[1m[41m30.705 s[49m[22m[0m)
[1m[31m  [1m● [22m[1mCurriculumWebConnector › search functionality › should implement search method[39m[22m

    [2mexpect([22m[31mreceived[39m[2m).[22mtoHaveLength[2m([22m[32mexpected[39m[2m)[22m

    Expected length: [32m1[39m
    Received length: [31m0[39m
    Received array:  [31m[][39m
[2m[22m
[2m    [0m [90m 45 |[39m       [36mconst[39m results [33m=[39m [36mawait[39m connector[33m.[39msearch({ query[33m:[39m [32m'math'[39m[33m,[39m grade[33m:[39m [35m3[39m })[33m;[39m[22m
[2m     [90m 46 |[39m       [22m
[2m    [31m[1m>[22m[2m[39m[90m 47 |[39m       expect(results)[33m.[39mtoHaveLength([35m1[39m)[33m;[39m[22m
[2m     [90m    |[39m                       [31m[1m^[22m[2m[39m[22m
[2m     [90m 48 |[39m       expect(results[[35m0[39m][33m.[39mtitle)[33m.[39mtoBe([32m'Math Lesson'[39m)[33m;[39m[22m
[2m     [90m 49 |[39m       expect(results[[35m0[39m][33m.[39msource)[33m.[39mtoBe([32m'CurriculumWeb'[39m)[33m;[39m[22m
[2m     [90m 50 |[39m     })[33m;[39m[0m[22m
[2m[22m
[2m      [2mat Object.<anonymous> ([22m[2m[0m[36mtests/unit/connectors/curriculumWebConnector.test.ts[39m[0m[2m:47:23)[22m[2m[22m

[1m[31m  [1m● [22m[1mCurriculumWebConnector › getActivityDetails › should fetch detailed activity information[39m[22m

    [2mexpect([22m[31mreceived[39m[2m).[22mtoBeTruthy[2m()[22m

    Received: [31mnull[39m
[2m[22m
[2m    [0m [90m 104 |[39m       [36mconst[39m result [33m=[39m [36mawait[39m connector[33m.[39mgetActivityDetails([32m'curr-detail-1'[39m)[33m;[39m[22m
[2m     [90m 105 |[39m       [22m
[2m    [31m[1m>[22m[2m[39m[90m 106 |[39m       expect(result)[33m.[39mtoBeTruthy()[33m;[39m[22m
[2m     [90m     |[39m                      [31m[1m^[22m[2m[39m[22m
[2m     [90m 107 |[39m       expect(result[33m?[39m[33m.[39mtitle)[33m.[39mtoBe([32m'Detailed Math Lesson'[39m)[33m;[39m[22m
[2m     [90m 108 |[39m       expect(result[33m?[39m[33m.[39msource)[33m.[39mtoBe([32m'CurriculumWeb'[39m)[33m;[39m[22m
[2m     [90m 109 |[39m     })[33m;[39m[0m[22m
[2m[22m
[2m      [2mat Object.<anonymous> ([22m[2m[0m[36mtests/unit/connectors/curriculumWebConnector.test.ts[39m[0m[2m:106:22)[22m[2m[22m

[0m[7m[1m[31m FAIL [39m[22m[27m[0m [0m[7m[37m Unit Tests [39m[27m[0m [2mtests/unit/connectors/[22m[1meducationWebConnector.test.ts[22m ([0m[1m[41m56.632 s[49m[22m[0m)
[1m[31m  [1m● [22m[1mEducationWebConnector › search functionality › should implement search method[39m[22m

    thrown: "Exceeded timeout of 8000 ms for a test.
    Add a timeout value to this test to increase the timeout, if this is a long-running test. See https://jestjs.io/docs/api#testname-fn-timeout."
[2m[22m
[2m    [0m [90m 24 |[39m[22m
[2m     [90m 25 |[39m   describe([32m'search functionality'[39m[33m,[39m () [33m=>[39m {[22m
[2m    [31m[1m>[22m[2m[39m[90m 26 |[39m     it([32m'should implement search method'[39m[33m,[39m [36masync[39m () [33m=>[39m {[22m
[2m     [90m    |[39m     [31m[1m^[22m[2m[39m[22m
[2m     [90m 27 |[39m       [36mconst[39m mockApiResponse [33m=[39m {[22m
[2m     [90m 28 |[39m         json[33m:[39m jest[33m.[39mfn()[33m.[39mmockResolvedValue({[22m
[2m     [90m 29 |[39m           activities[33m:[39m [[0m[22m
[2m[22m
[2m      [2mat [22m[2m[0m[36mtests/unit/connectors/educationWebConnector.test.ts[39m[0m[2m:26:5[22m[2m[22m
[2m      [2mat [22m[2m[0m[36mtests/unit/connectors/educationWebConnector.test.ts[39m[0m[2m:25:3[22m[2m[22m
[2m      [2mat [22m[2m[0m[36mtests/unit/connectors/educationWebConnector.test.ts[39m[0m[2m:7:1[22m[2m[22m

[1m[31m  [1m● [22m[1mEducationWebConnector › search functionality › should handle empty search results[39m[22m

    thrown: "Exceeded timeout of 8000 ms for a test.
    Add a timeout value to this test to increase the timeout, if this is a long-running test. See https://jestjs.io/docs/api#testname-fn-timeout."
[2m[22m
[2m    [0m [90m 49 |[39m     })[33m;[39m[22m
[2m     [90m 50 |[39m[22m
[2m    [31m[1m>[22m[2m[39m[90m 51 |[39m     it([32m'should handle empty search results'[39m[33m,[39m [36masync[39m () [33m=>[39m {[22m
[2m     [90m    |[39m     [31m[1m^[22m[2m[39m[22m
[2m     [90m 52 |[39m       [36mconst[39m mockApiResponse [33m=[39m {[22m
[2m     [90m 53 |[39m         json[33m:[39m jest[33m.[39mfn()[33m.[39mmockResolvedValue({ activities[33m:[39m [] })[22m
[2m     [90m 54 |[39m       }[33m;[39m[0m[22m
[2m[22m
[2m      [2mat [22m[2m[0m[36mtests/unit/connectors/educationWebConnector.test.ts[39m[0m[2m:51:5[22m[2m[22m
[2m      [2mat [22m[2m[0m[36mtests/unit/connectors/educationWebConnector.test.ts[39m[0m[2m:25:3[22m[2m[22m
[2m      [2mat [22m[2m[0m[36mtests/unit/connectors/educationWebConnector.test.ts[39m[0m[2m:7:1[22m[2m[22m

[1m[31m  [1m● [22m[1mEducationWebConnector › search functionality › should transform search results correctly[39m[22m

    thrown: "Exceeded timeout of 8000 ms for a test.
    Add a timeout value to this test to increase the timeout, if this is a long-running test. See https://jestjs.io/docs/api#testname-fn-timeout."
[2m[22m
[2m    [0m [90m 61 |[39m     })[33m;[39m[22m
[2m     [90m 62 |[39m[22m
[2m    [31m[1m>[22m[2m[39m[90m 63 |[39m     it([32m'should transform search results correctly'[39m[33m,[39m [36masync[39m () [33m=>[39m {[22m
[2m     [90m    |[39m     [31m[1m^[22m[2m[39m[22m
[2m     [90m 64 |[39m       [36mconst[39m mockActivity [33m=[39m {[22m
[2m     [90m 65 |[39m         id[33m:[39m [32m'edu-transform-test'[39m[33m,[39m[22m
[2m     [90m 66 |[39m         name[33m:[39m [32m'Reading Comprehension'[39m[33m,[39m[0m[22m
[2m[22m
[2m      [2mat [22m[2m[0m[36mtests/unit/connectors/educationWebConnector.test.ts[39m[0m[2m:63:5[22m[2m[22m
[2m      [2mat [22m[2m[0m[36mtests/unit/connectors/educationWebConnector.test.ts[39m[0m[2m:25:3[22m[2m[22m
[2m      [2mat [22m[2m[0m[36mtests/unit/connectors/educationWebConnector.test.ts[39m[0m[2m:7:1[22m[2m[22m

[1m[31m  [1m● [22m[1mEducationWebConnector › getActivityDetails › should fetch and return detailed activity information[39m[22m

    [2mexpect([22m[31mreceived[39m[2m).[22mtoBeTruthy[2m()[22m

    Received: [31mnull[39m
[2m[22m
[2m    [0m [90m 111 |[39m       [36mconst[39m result [33m=[39m [36mawait[39m connector[33m.[39mgetActivityDetails([32m'edu-detail-1'[39m)[33m;[39m[22m
[2m     [90m 112 |[39m       [22m
[2m    [31m[1m>[22m[2m[39m[90m 113 |[39m       expect(result)[33m.[39mtoBeTruthy()[33m;[39m[22m
[2m     [90m     |[39m                      [31m[1m^[22m[2m[39m[22m
[2m     [90m 114 |[39m       expect(result[33m?[39m[33m.[39mtitle)[33m.[39mtoBe([32m'Advanced Science Lab'[39m)[33m;[39m[22m
[2m     [90m 115 |[39m       expect(result[33m?[39m[33m.[39msource)[33m.[39mtoBe([32m'EducationWeb'[39m)[33m;[39m[22m
[2m     [90m 116 |[39m     })[33m;[39m[0m[22m
[2m[22m
[2m      [2mat Object.<anonymous> ([22m[2m[0m[36mtests/unit/connectors/educationWebConnector.test.ts[39m[0m[2m:113:22)[22m[2m[22m

[1m[31m  [1m● [22m[1mEducationWebConnector › API integration › should construct correct API URLs[39m[22m

    thrown: "Exceeded timeout of 8000 ms for a test.
    Add a timeout value to this test to increase the timeout, if this is a long-running test. See https://jestjs.io/docs/api#testname-fn-timeout."
[2m[22m
[2m    [0m [90m 128 |[39m[22m
[2m     [90m 129 |[39m   describe([32m'API integration'[39m[33m,[39m () [33m=>[39m {[22m
[2m    [31m[1m>[22m[2m[39m[90m 130 |[39m     it([32m'should construct correct API URLs'[39m[33m,[39m [36masync[39m () [33m=>[39m {[22m
[2m     [90m     |[39m     [31m[1m^[22m[2m[39m[22m
[2m     [90m 131 |[39m       [36mconst[39m mockApiResponse [33m=[39m {[22m
[2m     [90m 132 |[39m         json[33m:[39m jest[33m.[39mfn()[33m.[39mmockResolvedValue({ activities[33m:[39m [] })[22m
[2m     [90m 133 |[39m       }[33m;[39m[0m[22m
[2m[22m
[2m      [2mat [22m[2m[0m[36mtests/unit/connectors/educationWebConnector.test.ts[39m[0m[2m:130:5[22m[2m[22m
[2m      [2mat [22m[2m[0m[36mtests/unit/connectors/educationWebConnector.test.ts[39m[0m[2m:129:3[22m[2m[22m
[2m      [2mat [22m[2m[0m[36mtests/unit/connectors/educationWebConnector.test.ts[39m[0m[2m:7:1[22m[2m[22m

[1m[31m  [1m● [22m[1mEducationWebConnector › API integration › should include proper headers in requests[39m[22m

    thrown: "Exceeded timeout of 8000 ms for a test.
    Add a timeout value to this test to increase the timeout, if this is a long-running test. See https://jestjs.io/docs/api#testname-fn-timeout."
[2m[22m
[2m    [0m [90m 143 |[39m     })[33m;[39m[22m
[2m     [90m 144 |[39m[22m
[2m    [31m[1m>[22m[2m[39m[90m 145 |[39m     it([32m'should include proper headers in requests'[39m[33m,[39m [36masync[39m () [33m=>[39m {[22m
[2m     [90m     |[39m     [31m[1m^[22m[2m[39m[22m
[2m     [90m 146 |[39m       [36mconst[39m mockApiResponse [33m=[39m {[22m
[2m     [90m 147 |[39m         json[33m:[39m jest[33m.[39mfn()[33m.[39mmockResolvedValue({ activities[33m:[39m [] })[22m
[2m     [90m 148 |[39m       }[33m;[39m[0m[22m
[2m[22m
[2m      [2mat [22m[2m[0m[36mtests/unit/connectors/educationWebConnector.test.ts[39m[0m[2m:145:5[22m[2m[22m
[2m      [2mat [22m[2m[0m[36mtests/unit/connectors/educationWebConnector.test.ts[39m[0m[2m:129:3[22m[2m[22m
[2m      [2mat [22m[2m[0m[36mtests/unit/connectors/educationWebConnector.test.ts[39m[0m[2m:7:1[22m[2m[22m

[1m[31m  [1m● [22m[1mEducationWebConnector › error resilience › should handle API rate limiting[39m[22m

    thrown: "Exceeded timeout of 8000 ms for a test.
    Add a timeout value to this test to increase the timeout, if this is a long-running test. See https://jestjs.io/docs/api#testname-fn-timeout."
[2m[22m
[2m    [0m [90m 164 |[39m[22m
[2m     [90m 165 |[39m   describe([32m'error resilience'[39m[33m,[39m () [33m=>[39m {[22m
[2m    [31m[1m>[22m[2m[39m[90m 166 |[39m     it([32m'should handle API rate limiting'[39m[33m,[39m [36masync[39m () [33m=>[39m {[22m
[2m     [90m     |[39m     [31m[1m^[22m[2m[39m[22m
[2m     [90m 167 |[39m       (global[33m.[39mfetch [36mas[39m jest[33m.[39m[33mMock[39m)[33m.[39mmockResolvedValue({[22m
[2m     [90m 168 |[39m         status[33m:[39m [35m429[39m[33m,[39m[22m
[2m     [90m 169 |[39m         json[33m:[39m jest[33m.[39mfn()[33m.[39mmockResolvedValue({ error[33m:[39m [32m'Rate limited'[39m })[0m[22m
[2m[22m
[2m      [2mat [22m[2m[0m[36mtests/unit/connectors/educationWebConnector.test.ts[39m[0m[2m:166:5[22m[2m[22m
[2m      [2mat [22m[2m[0m[36mtests/unit/connectors/educationWebConnector.test.ts[39m[0m[2m:165:3[22m[2m[22m
[2m      [2mat [22m[2m[0m[36mtests/unit/connectors/educationWebConnector.test.ts[39m[0m[2m:7:1[22m[2m[22m

[1m[31m  [1m● [22m[1mEducationWebConnector › error resilience › should handle server errors[39m[22m

    thrown: "Exceeded timeout of 8000 ms for a test.
    Add a timeout value to this test to increase the timeout, if this is a long-running test. See https://jestjs.io/docs/api#testname-fn-timeout."
[2m[22m
[2m    [0m [90m 175 |[39m     })[33m;[39m[22m
[2m     [90m 176 |[39m[22m
[2m    [31m[1m>[22m[2m[39m[90m 177 |[39m     it([32m'should handle server errors'[39m[33m,[39m [36masync[39m () [33m=>[39m {[22m
[2m     [90m     |[39m     [31m[1m^[22m[2m[39m[22m
[2m     [90m 178 |[39m       (global[33m.[39mfetch [36mas[39m jest[33m.[39m[33mMock[39m)[33m.[39mmockResolvedValue({[22m
[2m     [90m 179 |[39m         status[33m:[39m [35m500[39m[33m,[39m[22m
[2m     [90m 180 |[39m         json[33m:[39m jest[33m.[39mfn()[33m.[39mmockRejectedValue([36mnew[39m [33mError[39m([32m'Server error'[39m))[0m[22m
[2m[22m
[2m      [2mat [22m[2m[0m[36mtests/unit/connectors/educationWebConnector.test.ts[39m[0m[2m:177:5[22m[2m[22m
[2m      [2mat [22m[2m[0m[36mtests/unit/connectors/educationWebConnector.test.ts[39m[0m[2m:165:3[22m[2m[22m
[2m      [2mat [22m[2m[0m[36mtests/unit/connectors/educationWebConnector.test.ts[39m[0m[2m:7:1[22m[2m[22m

[33mA worker process has failed to exit gracefully and has been force exited. This is likely caused by tests leaking due to improper teardown. Try running with --detectOpenHandles to find leaks. Active timers can also cause this, ensure that .unref() was called on them.[39m
[1mSummary of all failing tests[22m
[0m[7m[1m[31m FAIL [39m[22m[27m[0m [2mtests/unit/[22m[1mnewsletterService.test.ts[22m
[1m[31m  [1m● [22m[1mNewsletterService › generateNewsletterContent › successful generation › should generate newsletter with all sections when all options enabled[39m[22m

    ReferenceError: require is not defined
[2m[22m
[2m    [0m [90m 86 |[39m [90m// Mock OpenAI module - must be hoisted[39m[22m
[2m     [90m 87 |[39m jest[33m.[39mmock([32m'openai'[39m[33m,[39m () [33m=>[39m {[22m
[2m    [31m[1m>[22m[2m[39m[90m 88 |[39m   [36mconst[39m { mockOpenAI } [33m=[39m require([32m'../mocks/openai.mock.js'[39m)[33m;[39m[22m
[2m     [90m    |[39m                          [31m[1m^[22m[2m[39m[22m
[2m     [90m 89 |[39m   [36mreturn[39m {[22m
[2m     [90m 90 |[39m     __esModule[33m:[39m [36mtrue[39m[33m,[39m[22m
[2m     [90m 91 |[39m     [36mdefault[39m[33m:[39m jest[33m.[39mfn()[33m.[39mmockImplementation(() [33m=>[39m mockOpenAI)[33m,[39m[0m[22m
[2m[22m
[2m      [2mat [22m[2mtests/setup/unified-mock-setup.ts[2m:88:26[22m[2m[22m
[2m      [2mat Object.<anonymous> ([22m[2m[0m[36mtests/unit/newsletterService.test.ts[39m[0m[2m:52:33)[22m[2m[22m

[1m[31m  [1m● [22m[1mNewsletterService › generateNewsletterContent › successful generation › should handle different tones appropriately[39m[22m

    ReferenceError: require is not defined
[2m[22m
[2m    [0m [90m 86 |[39m [90m// Mock OpenAI module - must be hoisted[39m[22m
[2m     [90m 87 |[39m jest[33m.[39mmock([32m'openai'[39m[33m,[39m () [33m=>[39m {[22m
[2m    [31m[1m>[22m[2m[39m[90m 88 |[39m   [36mconst[39m { mockOpenAI } [33m=[39m require([32m'../mocks/openai.mock.js'[39m)[33m;[39m[22m
[2m     [90m    |[39m                          [31m[1m^[22m[2m[39m[22m
[2m     [90m 89 |[39m   [36mreturn[39m {[22m
[2m     [90m 90 |[39m     __esModule[33m:[39m [36mtrue[39m[33m,[39m[22m
[2m     [90m 91 |[39m     [36mdefault[39m[33m:[39m jest[33m.[39mfn()[33m.[39mmockImplementation(() [33m=>[39m mockOpenAI)[33m,[39m[0m[22m
[2m[22m
[2m      [2mat [22m[2mtests/setup/unified-mock-setup.ts[2m:88:26[22m[2m[22m
[2m      [2mat Object.<anonymous> ([22m[2m[0m[36mtests/unit/newsletterService.test.ts[39m[0m[2m:171:33)[22m[2m[22m

[1m[31m  [1m● [22m[1mNewsletterService › generateNewsletterContent › successful generation › should include only requested sections based on options[39m[22m

    ReferenceError: require is not defined
[2m[22m
[2m    [0m [90m 86 |[39m [90m// Mock OpenAI module - must be hoisted[39m[22m
[2m     [90m 87 |[39m jest[33m.[39mmock([32m'openai'[39m[33m,[39m () [33m=>[39m {[22m
[2m    [31m[1m>[22m[2m[39m[90m 88 |[39m   [36mconst[39m { mockOpenAI } [33m=[39m require([32m'../mocks/openai.mock.js'[39m)[33m;[39m[22m
[2m     [90m    |[39m                          [31m[1m^[22m[2m[39m[22m
[2m     [90m 89 |[39m   [36mreturn[39m {[22m
[2m     [90m 90 |[39m     __esModule[33m:[39m [36mtrue[39m[33m,[39m[22m
[2m     [90m 91 |[39m     [36mdefault[39m[33m:[39m jest[33m.[39mfn()[33m.[39mmockImplementation(() [33m=>[39m mockOpenAI)[33m,[39m[0m[22m
[2m[22m
[2m      [2mat [22m[2mtests/setup/unified-mock-setup.ts[2m:88:26[22m[2m[22m
[2m      [2mat Object.<anonymous> ([22m[2m[0m[36mtests/unit/newsletterService.test.ts[39m[0m[2m:232:33)[22m[2m[22m

[1m[31m  [1m● [22m[1mNewsletterService › generateNewsletterContent › successful generation › should handle focus areas[39m[22m

    ReferenceError: require is not defined
[2m[22m
[2m    [0m [90m 86 |[39m [90m// Mock OpenAI module - must be hoisted[39m[22m
[2m     [90m 87 |[39m jest[33m.[39mmock([32m'openai'[39m[33m,[39m () [33m=>[39m {[22m
[2m    [31m[1m>[22m[2m[39m[90m 88 |[39m   [36mconst[39m { mockOpenAI } [33m=[39m require([32m'../mocks/openai.mock.js'[39m)[33m;[39m[22m
[2m     [90m    |[39m                          [31m[1m^[22m[2m[39m[22m
[2m     [90m 89 |[39m   [36mreturn[39m {[22m
[2m     [90m 90 |[39m     __esModule[33m:[39m [36mtrue[39m[33m,[39m[22m
[2m     [90m 91 |[39m     [36mdefault[39m[33m:[39m jest[33m.[39mfn()[33m.[39mmockImplementation(() [33m=>[39m mockOpenAI)[33m,[39m[0m[22m
[2m[22m
[2m      [2mat [22m[2mtests/setup/unified-mock-setup.ts[2m:88:26[22m[2m[22m
[2m      [2mat Object.<anonymous> ([22m[2m[0m[36mtests/unit/newsletterService.test.ts[39m[0m[2m:275:33)[22m[2m[22m

[1m[31m  [1m● [22m[1mNewsletterService › generateNewsletterContent › successful generation › should handle multiple students[39m[22m

    ReferenceError: require is not defined
[2m[22m
[2m    [0m [90m 86 |[39m [90m// Mock OpenAI module - must be hoisted[39m[22m
[2m     [90m 87 |[39m jest[33m.[39mmock([32m'openai'[39m[33m,[39m () [33m=>[39m {[22m
[2m    [31m[1m>[22m[2m[39m[90m 88 |[39m   [36mconst[39m { mockOpenAI } [33m=[39m require([32m'../mocks/openai.mock.js'[39m)[33m;[39m[22m
[2m     [90m    |[39m                          [31m[1m^[22m[2m[39m[22m
[2m     [90m 89 |[39m   [36mreturn[39m {[22m
[2m     [90m 90 |[39m     __esModule[33m:[39m [36mtrue[39m[33m,[39m[22m
[2m     [90m 91 |[39m     [36mdefault[39m[33m:[39m jest[33m.[39mfn()[33m.[39mmockImplementation(() [33m=>[39m mockOpenAI)[33m,[39m[0m[22m
[2m[22m
[2m      [2mat [22m[2mtests/setup/unified-mock-setup.ts[2m:88:26[22m[2m[22m
[2m      [2mat Object.<anonymous> ([22m[2m[0m[36mtests/unit/newsletterService.test.ts[39m[0m[2m:310:33)[22m[2m[22m

[1m[31m  [1m● [22m[1mNewsletterService › generateNewsletterContent › error handling › should fall back to template when OpenAI fails[39m[22m

    ReferenceError: require is not defined
[2m[22m
[2m    [0m [90m 86 |[39m [90m// Mock OpenAI module - must be hoisted[39m[22m
[2m     [90m 87 |[39m jest[33m.[39mmock([32m'openai'[39m[33m,[39m () [33m=>[39m {[22m
[2m    [31m[1m>[22m[2m[39m[90m 88 |[39m   [36mconst[39m { mockOpenAI } [33m=[39m require([32m'../mocks/openai.mock.js'[39m)[33m;[39m[22m
[2m     [90m    |[39m                          [31m[1m^[22m[2m[39m[22m
[2m     [90m 89 |[39m   [36mreturn[39m {[22m
[2m     [90m 90 |[39m     __esModule[33m:[39m [36mtrue[39m[33m,[39m[22m
[2m     [90m 91 |[39m     [36mdefault[39m[33m:[39m jest[33m.[39mfn()[33m.[39mmockImplementation(() [33m=>[39m mockOpenAI)[33m,[39m[0m[22m
[2m[22m
[2m      [2mat [22m[2mtests/setup/unified-mock-setup.ts[2m:88:26[22m[2m[22m
[2m      [2mat Object.<anonymous> ([22m[2m[0m[36mtests/unit/newsletterService.test.ts[39m[0m[2m:372:33)[22m[2m[22m

[1m[31m  [1m● [22m[1mNewsletterService › generateNewsletterContent › error handling › should handle empty response from OpenAI[39m[22m

    ReferenceError: require is not defined
[2m[22m
[2m    [0m [90m 86 |[39m [90m// Mock OpenAI module - must be hoisted[39m[22m
[2m     [90m 87 |[39m jest[33m.[39mmock([32m'openai'[39m[33m,[39m () [33m=>[39m {[22m
[2m    [31m[1m>[22m[2m[39m[90m 88 |[39m   [36mconst[39m { mockOpenAI } [33m=[39m require([32m'../mocks/openai.mock.js'[39m)[33m;[39m[22m
[2m     [90m    |[39m                          [31m[1m^[22m[2m[39m[22m
[2m     [90m 89 |[39m   [36mreturn[39m {[22m
[2m     [90m 90 |[39m     __esModule[33m:[39m [36mtrue[39m[33m,[39m[22m
[2m     [90m 91 |[39m     [36mdefault[39m[33m:[39m jest[33m.[39mfn()[33m.[39mmockImplementation(() [33m=>[39m mockOpenAI)[33m,[39m[0m[22m
[2m[22m
[2m      [2mat [22m[2mtests/setup/unified-mock-setup.ts[2m:88:26[22m[2m[22m
[2m      [2mat Object.<anonymous> ([22m[2m[0m[36mtests/unit/newsletterService.test.ts[39m[0m[2m:399:33)[22m[2m[22m

[1m[31m  [1m● [22m[1mNewsletterService › generateNewsletterContent › error handling › should handle invalid JSON response[39m[22m

    ReferenceError: require is not defined
[2m[22m
[2m    [0m [90m 86 |[39m [90m// Mock OpenAI module - must be hoisted[39m[22m
[2m     [90m 87 |[39m jest[33m.[39mmock([32m'openai'[39m[33m,[39m () [33m=>[39m {[22m
[2m    [31m[1m>[22m[2m[39m[90m 88 |[39m   [36mconst[39m { mockOpenAI } [33m=[39m require([32m'../mocks/openai.mock.js'[39m)[33m;[39m[22m
[2m     [90m    |[39m                          [31m[1m^[22m[2m[39m[22m
[2m     [90m 89 |[39m   [36mreturn[39m {[22m
[2m     [90m 90 |[39m     __esModule[33m:[39m [36mtrue[39m[33m,[39m[22m
[2m     [90m 91 |[39m     [36mdefault[39m[33m:[39m jest[33m.[39mfn()[33m.[39mmockImplementation(() [33m=>[39m mockOpenAI)[33m,[39m[0m[22m
[2m[22m
[2m      [2mat [22m[2mtests/setup/unified-mock-setup.ts[2m:88:26[22m[2m[22m
[2m      [2mat Object.<anonymous> ([22m[2m[0m[36mtests/unit/newsletterService.test.ts[39m[0m[2m:436:33)[22m[2m[22m

[1m[31m  [1m● [22m[1mNewsletterService › generateNewsletterContent › error handling › should handle missing sections in response[39m[22m

    ReferenceError: require is not defined
[2m[22m
[2m    [0m [90m 86 |[39m [90m// Mock OpenAI module - must be hoisted[39m[22m
[2m     [90m 87 |[39m jest[33m.[39mmock([32m'openai'[39m[33m,[39m () [33m=>[39m {[22m
[2m    [31m[1m>[22m[2m[39m[90m 88 |[39m   [36mconst[39m { mockOpenAI } [33m=[39m require([32m'../mocks/openai.mock.js'[39m)[33m;[39m[22m
[2m     [90m    |[39m                          [31m[1m^[22m[2m[39m[22m
[2m     [90m 89 |[39m   [36mreturn[39m {[22m
[2m     [90m 90 |[39m     __esModule[33m:[39m [36mtrue[39m[33m,[39m[22m
[2m     [90m 91 |[39m     [36mdefault[39m[33m:[39m jest[33m.[39mfn()[33m.[39mmockImplementation(() [33m=>[39m mockOpenAI)[33m,[39m[0m[22m
[2m[22m
[2m      [2mat [22m[2mtests/setup/unified-mock-setup.ts[2m:88:26[22m[2m[22m
[2m      [2mat Object.<anonymous> ([22m[2m[0m[36mtests/unit/newsletterService.test.ts[39m[0m[2m:468:33)[22m[2m[22m

[1m[31m  [1m● [22m[1mNewsletterService › generateNewsletterContent › error handling › should handle incomplete section data[39m[22m

    ReferenceError: require is not defined
[2m[22m
[2m    [0m [90m 86 |[39m [90m// Mock OpenAI module - must be hoisted[39m[22m
[2m     [90m 87 |[39m jest[33m.[39mmock([32m'openai'[39m[33m,[39m () [33m=>[39m {[22m
[2m    [31m[1m>[22m[2m[39m[90m 88 |[39m   [36mconst[39m { mockOpenAI } [33m=[39m require([32m'../mocks/openai.mock.js'[39m)[33m;[39m[22m
[2m     [90m    |[39m                          [31m[1m^[22m[2m[39m[22m
[2m     [90m 89 |[39m   [36mreturn[39m {[22m
[2m     [90m 90 |[39m     __esModule[33m:[39m [36mtrue[39m[33m,[39m[22m
[2m     [90m 91 |[39m     [36mdefault[39m[33m:[39m jest[33m.[39mfn()[33m.[39mmockImplementation(() [33m=>[39m mockOpenAI)[33m,[39m[0m[22m
[2m[22m
[2m      [2mat [22m[2mtests/setup/unified-mock-setup.ts[2m:88:26[22m[2m[22m
[2m      [2mat Object.<anonymous> ([22m[2m[0m[36mtests/unit/newsletterService.test.ts[39m[0m[2m:499:33)[22m[2m[22m

[1m[31m  [1m● [22m[1mNewsletterService › generateNewsletterContent › content generation with complex data › should handle rich daybook entries[39m[22m

    ReferenceError: require is not defined
[2m[22m
[2m    [0m [90m 86 |[39m [90m// Mock OpenAI module - must be hoisted[39m[22m
[2m     [90m 87 |[39m jest[33m.[39mmock([32m'openai'[39m[33m,[39m () [33m=>[39m {[22m
[2m    [31m[1m>[22m[2m[39m[90m 88 |[39m   [36mconst[39m { mockOpenAI } [33m=[39m require([32m'../mocks/openai.mock.js'[39m)[33m;[39m[22m
[2m     [90m    |[39m                          [31m[1m^[22m[2m[39m[22m
[2m     [90m 89 |[39m   [36mreturn[39m {[22m
[2m     [90m 90 |[39m     __esModule[33m:[39m [36mtrue[39m[33m,[39m[22m
[2m     [90m 91 |[39m     [36mdefault[39m[33m:[39m jest[33m.[39mfn()[33m.[39mmockImplementation(() [33m=>[39m mockOpenAI)[33m,[39m[0m[22m
[2m[22m
[2m      [2mat [22m[2mtests/setup/unified-mock-setup.ts[2m:88:26[22m[2m[22m
[2m      [2mat Object.<anonymous> ([22m[2m[0m[36mtests/unit/newsletterService.test.ts[39m[0m[2m:553:33)[22m[2m[22m

[1m[31m  [1m● [22m[1mNewsletterService › generateNewsletterContent › content generation with complex data › should handle students with multiple artifacts and reflections[39m[22m

    ReferenceError: require is not defined
[2m[22m
[2m    [0m [90m 86 |[39m [90m// Mock OpenAI module - must be hoisted[39m[22m
[2m     [90m 87 |[39m jest[33m.[39mmock([32m'openai'[39m[33m,[39m () [33m=>[39m {[22m
[2m    [31m[1m>[22m[2m[39m[90m 88 |[39m   [36mconst[39m { mockOpenAI } [33m=[39m require([32m'../mocks/openai.mock.js'[39m)[33m;[39m[22m
[2m     [90m    |[39m                          [31m[1m^[22m[2m[39m[22m
[2m     [90m 89 |[39m   [36mreturn[39m {[22m
[2m     [90m 90 |[39m     __esModule[33m:[39m [36mtrue[39m[33m,[39m[22m
[2m     [90m 91 |[39m     [36mdefault[39m[33m:[39m jest[33m.[39mfn()[33m.[39mmockImplementation(() [33m=>[39m mockOpenAI)[33m,[39m[0m[22m
[2m[22m
[2m      [2mat [22m[2mtests/setup/unified-mock-setup.ts[2m:88:26[22m[2m[22m
[2m      [2mat Object.<anonymous> ([22m[2m[0m[36mtests/unit/newsletterService.test.ts[39m[0m[2m:621:33)[22m[2m[22m

[1m[31m  [1m● [22m[1mNewsletterService › generateNewsletterContent › fallback newsletter generation › should generate appropriate fallback content[39m[22m

    ReferenceError: require is not defined
[2m[22m
[2m    [0m [90m 86 |[39m [90m// Mock OpenAI module - must be hoisted[39m[22m
[2m     [90m 87 |[39m jest[33m.[39mmock([32m'openai'[39m[33m,[39m () [33m=>[39m {[22m
[2m    [31m[1m>[22m[2m[39m[90m 88 |[39m   [36mconst[39m { mockOpenAI } [33m=[39m require([32m'../mocks/openai.mock.js'[39m)[33m;[39m[22m
[2m     [90m    |[39m                          [31m[1m^[22m[2m[39m[22m
[2m     [90m 89 |[39m   [36mreturn[39m {[22m
[2m     [90m 90 |[39m     __esModule[33m:[39m [36mtrue[39m[33m,[39m[22m
[2m     [90m 91 |[39m     [36mdefault[39m[33m:[39m jest[33m.[39mfn()[33m.[39mmockImplementation(() [33m=>[39m mockOpenAI)[33m,[39m[0m[22m
[2m[22m
[2m      [2mat [22m[2mtests/setup/unified-mock-setup.ts[2m:88:26[22m[2m[22m
[2m      [2mat Object.<anonymous> ([22m[2m[0m[36mtests/unit/newsletterService.test.ts[39m[0m[2m:712:33)[22m[2m[22m

[1m[31m  [1m● [22m[1mNewsletterService › generateNewsletterContent › fallback newsletter generation › should include focus areas in fallback[39m[22m

    ReferenceError: require is not defined
[2m[22m
[2m    [0m [90m 86 |[39m [90m// Mock OpenAI module - must be hoisted[39m[22m
[2m     [90m 87 |[39m jest[33m.[39mmock([32m'openai'[39m[33m,[39m () [33m=>[39m {[22m
[2m    [31m[1m>[22m[2m[39m[90m 88 |[39m   [36mconst[39m { mockOpenAI } [33m=[39m require([32m'../mocks/openai.mock.js'[39m)[33m;[39m[22m
[2m     [90m    |[39m                          [31m[1m^[22m[2m[39m[22m
[2m     [90m 89 |[39m   [36mreturn[39m {[22m
[2m     [90m 90 |[39m     __esModule[33m:[39m [36mtrue[39m[33m,[39m[22m
[2m     [90m 91 |[39m     [36mdefault[39m[33m:[39m jest[33m.[39mfn()[33m.[39mmockImplementation(() [33m=>[39m mockOpenAI)[33m,[39m[0m[22m
[2m[22m
[2m      [2mat [22m[2mtests/setup/unified-mock-setup.ts[2m:88:26[22m[2m[22m
[2m      [2mat Object.<anonymous> ([22m[2m[0m[36mtests/unit/newsletterService.test.ts[39m[0m[2m:759:33)[22m[2m[22m

[1m[31m  [1m● [22m[1mNewsletterService › generateNewsletterContent › date formatting › should format dates appropriately for different locales[39m[22m

    ReferenceError: require is not defined
[2m[22m
[2m    [0m [90m 86 |[39m [90m// Mock OpenAI module - must be hoisted[39m[22m
[2m     [90m 87 |[39m jest[33m.[39mmock([32m'openai'[39m[33m,[39m () [33m=>[39m {[22m
[2m    [31m[1m>[22m[2m[39m[90m 88 |[39m   [36mconst[39m { mockOpenAI } [33m=[39m require([32m'../mocks/openai.mock.js'[39m)[33m;[39m[22m
[2m     [90m    |[39m                          [31m[1m^[22m[2m[39m[22m
[2m     [90m 89 |[39m   [36mreturn[39m {[22m
[2m     [90m 90 |[39m     __esModule[33m:[39m [36mtrue[39m[33m,[39m[22m
[2m     [90m 91 |[39m     [36mdefault[39m[33m:[39m jest[33m.[39mfn()[33m.[39mmockImplementation(() [33m=>[39m mockOpenAI)[33m,[39m[0m[22m
[2m[22m
[2m      [2mat [22m[2mtests/setup/unified-mock-setup.ts[2m:88:26[22m[2m[22m
[2m      [2mat Object.<anonymous> ([22m[2m[0m[36mtests/unit/newsletterService.test.ts[39m[0m[2m:817:33)[22m[2m[22m

[0m[7m[1m[31m FAIL [39m[22m[27m[0m [2mtests/unit/[22m[1maiPlanningAssistant.test.ts[22m
[1m[31m  [1m● [22m[1mAIPlanningAssistantService › initialization › should initialize without OpenAI API key[39m[22m

    [2mexpect([22m[31mreceived[39m[2m).[22mtoHaveBeenCalledWith[2m([22m[32m...expected[39m[2m)[22m

    [1mMatcher error[22m: [31mreceived[39m value must be a mock or spy function

    Received has type:  function
    Received has value: [31m[Function LOG][39m
[2m[22m
[2m    [0m [90m 32 |[39m     it([32m'should initialize without OpenAI API key'[39m[33m,[39m () [33m=>[39m {[22m
[2m     [90m 33 |[39m       service [33m=[39m [36mnew[39m [33mAIPlanningAssistantService[39m()[33m;[39m[22m
[2m    [31m[1m>[22m[2m[39m[90m 34 |[39m       expect(mockLogger[33m.[39mwarn)[33m.[39mtoHaveBeenCalledWith([22m
[2m     [90m    |[39m                               [31m[1m^[22m[2m[39m[22m
[2m     [90m 35 |[39m         [32m'OpenAI API key not found - AI planning assistance will be disabled'[39m[33m,[39m[22m
[2m     [90m 36 |[39m       )[33m;[39m[22m
[2m     [90m 37 |[39m     })[33m;[39m[0m[22m
[2m[22m
[2m      [2mat Object.<anonymous> ([22m[2m[0m[36mtests/unit/aiPlanningAssistant.test.ts[39m[0m[2m:34:31)[22m[2m[22m

[1m[31m  [1m● [22m[1mAIPlanningAssistantService › initialization › should initialize with OpenAI API key[39m[22m

    [2mexpect([22m[31mreceived[39m[2m).[22mtoHaveBeenCalledWith[2m([22m[32m...expected[39m[2m)[22m

    [1mMatcher error[22m: [31mreceived[39m value must be a mock or spy function

    Received has type:  function
    Received has value: [31m[Function OpenAI][39m
[2m[22m
[2m    [0m [90m 40 |[39m       process[33m.[39menv[33m.[39m[33mOPENAI_API_KEY[39m [33m=[39m [32m'test-api-key'[39m[33m;[39m[22m
[2m     [90m 41 |[39m       service [33m=[39m [36mnew[39m [33mAIPlanningAssistantService[39m()[33m;[39m[22m
[2m    [31m[1m>[22m[2m[39m[90m 42 |[39m       expect(mockOpenAI)[33m.[39mtoHaveBeenCalledWith({ apiKey[33m:[39m [32m'test-api-key'[39m })[33m;[39m[22m
[2m     [90m    |[39m                          [31m[1m^[22m[2m[39m[22m
[2m     [90m 43 |[39m     })[33m;[39m[22m
[2m     [90m 44 |[39m   })[33m;[39m[22m
[2m     [90m 45 |[39m[0m[22m
[2m[22m
[2m      [2mat Object.<anonymous> ([22m[2m[0m[36mtests/unit/aiPlanningAssistant.test.ts[39m[0m[2m:42:26)[22m[2m[22m

[1m[31m  [1m● [22m[1mAIPlanningAssistantService › generateLongRangeGoals › should generate long-range goals successfully[39m[22m

    TypeError: mockOpenAI.mockImplementation is not a function
[2m[22m
[2m    [0m [90m 48 |[39m       process[33m.[39menv[33m.[39m[33mOPENAI_API_KEY[39m [33m=[39m [32m'test-api-key'[39m[33m;[39m[22m
[2m     [90m 49 |[39m[22m
[2m    [31m[1m>[22m[2m[39m[90m 50 |[39m       mockOpenAI[33m.[39mmockImplementation([22m
[2m     [90m    |[39m                  [31m[1m^[22m[2m[39m[22m
[2m     [90m 51 |[39m         () [33m=>[39m[22m
[2m     [90m 52 |[39m           ({[22m
[2m     [90m 53 |[39m             chat[33m:[39m {[0m[22m
[2m[22m
[2m      [2mat Object.<anonymous> ([22m[2m[0m[36mtests/unit/aiPlanningAssistant.test.ts[39m[0m[2m:50:18)[22m[2m[22m

[1m[31m  [1m● [22m[1mAIPlanningAssistantService › generateLongRangeGoals › should handle missing focus areas[39m[22m

    TypeError: mockOpenAI.mockImplementation is not a function
[2m[22m
[2m    [0m [90m 48 |[39m       process[33m.[39menv[33m.[39m[33mOPENAI_API_KEY[39m [33m=[39m [32m'test-api-key'[39m[33m;[39m[22m
[2m     [90m 49 |[39m[22m
[2m    [31m[1m>[22m[2m[39m[90m 50 |[39m       mockOpenAI[33m.[39mmockImplementation([22m
[2m     [90m    |[39m                  [31m[1m^[22m[2m[39m[22m
[2m     [90m 51 |[39m         () [33m=>[39m[22m
[2m     [90m 52 |[39m           ({[22m
[2m     [90m 53 |[39m             chat[33m:[39m {[0m[22m
[2m[22m
[2m      [2mat Object.<anonymous> ([22m[2m[0m[36mtests/unit/aiPlanningAssistant.test.ts[39m[0m[2m:50:18)[22m[2m[22m

[1m[31m  [1m● [22m[1mAIPlanningAssistantService › generateLongRangeGoals › should handle API errors gracefully[39m[22m

    TypeError: mockOpenAI.mockImplementation is not a function
[2m[22m
[2m    [0m [90m 48 |[39m       process[33m.[39menv[33m.[39m[33mOPENAI_API_KEY[39m [33m=[39m [32m'test-api-key'[39m[33m;[39m[22m
[2m     [90m 49 |[39m[22m
[2m    [31m[1m>[22m[2m[39m[90m 50 |[39m       mockOpenAI[33m.[39mmockImplementation([22m
[2m     [90m    |[39m                  [31m[1m^[22m[2m[39m[22m
[2m     [90m 51 |[39m         () [33m=>[39m[22m
[2m     [90m 52 |[39m           ({[22m
[2m     [90m 53 |[39m             chat[33m:[39m {[0m[22m
[2m[22m
[2m      [2mat Object.<anonymous> ([22m[2m[0m[36mtests/unit/aiPlanningAssistant.test.ts[39m[0m[2m:50:18)[22m[2m[22m

[1m[31m  [1m● [22m[1mAIPlanningAssistantService › generateLongRangeGoals › should handle invalid JSON response[39m[22m

    TypeError: mockOpenAI.mockImplementation is not a function
[2m[22m
[2m    [0m [90m 48 |[39m       process[33m.[39menv[33m.[39m[33mOPENAI_API_KEY[39m [33m=[39m [32m'test-api-key'[39m[33m;[39m[22m
[2m     [90m 49 |[39m[22m
[2m    [31m[1m>[22m[2m[39m[90m 50 |[39m       mockOpenAI[33m.[39mmockImplementation([22m
[2m     [90m    |[39m                  [31m[1m^[22m[2m[39m[22m
[2m     [90m 51 |[39m         () [33m=>[39m[22m
[2m     [90m 52 |[39m           ({[22m
[2m     [90m 53 |[39m             chat[33m:[39m {[0m[22m
[2m[22m
[2m      [2mat Object.<anonymous> ([22m[2m[0m[36mtests/unit/aiPlanningAssistant.test.ts[39m[0m[2m:50:18)[22m[2m[22m

[1m[31m  [1m● [22m[1mAIPlanningAssistantService › generateLongRangeGoals › should handle missing API key[39m[22m

    TypeError: mockOpenAI.mockImplementation is not a function
[2m[22m
[2m    [0m [90m 48 |[39m       process[33m.[39menv[33m.[39m[33mOPENAI_API_KEY[39m [33m=[39m [32m'test-api-key'[39m[33m;[39m[22m
[2m     [90m 49 |[39m[22m
[2m    [31m[1m>[22m[2m[39m[90m 50 |[39m       mockOpenAI[33m.[39mmockImplementation([22m
[2m     [90m    |[39m                  [31m[1m^[22m[2m[39m[22m
[2m     [90m 51 |[39m         () [33m=>[39m[22m
[2m     [90m 52 |[39m           ({[22m
[2m     [90m 53 |[39m             chat[33m:[39m {[0m[22m
[2m[22m
[2m      [2mat Object.<anonymous> ([22m[2m[0m[36mtests/unit/aiPlanningAssistant.test.ts[39m[0m[2m:50:18)[22m[2m[22m

[1m[31m  [1m● [22m[1mAIPlanningAssistantService › generateLongRangeGoals › should handle empty response content[39m[22m

    TypeError: mockOpenAI.mockImplementation is not a function
[2m[22m
[2m    [0m [90m 48 |[39m       process[33m.[39menv[33m.[39m[33mOPENAI_API_KEY[39m [33m=[39m [32m'test-api-key'[39m[33m;[39m[22m
[2m     [90m 49 |[39m[22m
[2m    [31m[1m>[22m[2m[39m[90m 50 |[39m       mockOpenAI[33m.[39mmockImplementation([22m
[2m     [90m    |[39m                  [31m[1m^[22m[2m[39m[22m
[2m     [90m 51 |[39m         () [33m=>[39m[22m
[2m     [90m 52 |[39m           ({[22m
[2m     [90m 53 |[39m             chat[33m:[39m {[0m[22m
[2m[22m
[2m      [2mat Object.<anonymous> ([22m[2m[0m[36mtests/unit/aiPlanningAssistant.test.ts[39m[0m[2m:50:18)[22m[2m[22m

[1m[31m  [1m● [22m[1mAIPlanningAssistantService › generateUnitBigIdeas › should generate unit big ideas successfully[39m[22m

    TypeError: mockOpenAI.mockImplementation is not a function
[2m[22m
[2m    [0m [90m 226 |[39m       process[33m.[39menv[33m.[39m[33mOPENAI_API_KEY[39m [33m=[39m [32m'test-api-key'[39m[33m;[39m[22m
[2m     [90m 227 |[39m[22m
[2m    [31m[1m>[22m[2m[39m[90m 228 |[39m       mockOpenAI[33m.[39mmockImplementation([22m
[2m     [90m     |[39m                  [31m[1m^[22m[2m[39m[22m
[2m     [90m 229 |[39m         () [33m=>[39m[22m
[2m     [90m 230 |[39m           ({[22m
[2m     [90m 231 |[39m             chat[33m:[39m {[0m[22m
[2m[22m
[2m      [2mat Object.<anonymous> ([22m[2m[0m[36mtests/unit/aiPlanningAssistant.test.ts[39m[0m[2m:228:18)[22m[2m[22m

[1m[31m  [1m● [22m[1mAIPlanningAssistantService › generateUnitBigIdeas › should handle empty curriculum expectations[39m[22m

    TypeError: mockOpenAI.mockImplementation is not a function
[2m[22m
[2m    [0m [90m 226 |[39m       process[33m.[39menv[33m.[39m[33mOPENAI_API_KEY[39m [33m=[39m [32m'test-api-key'[39m[33m;[39m[22m
[2m     [90m 227 |[39m[22m
[2m    [31m[1m>[22m[2m[39m[90m 228 |[39m       mockOpenAI[33m.[39mmockImplementation([22m
[2m     [90m     |[39m                  [31m[1m^[22m[2m[39m[22m
[2m     [90m 229 |[39m         () [33m=>[39m[22m
[2m     [90m 230 |[39m           ({[22m
[2m     [90m 231 |[39m             chat[33m:[39m {[0m[22m
[2m[22m
[2m      [2mat Object.<anonymous> ([22m[2m[0m[36mtests/unit/aiPlanningAssistant.test.ts[39m[0m[2m:228:18)[22m[2m[22m

[1m[31m  [1m● [22m[1mAIPlanningAssistantService › generateLessonActivities › should generate lesson activities with materials[39m[22m

    TypeError: mockOpenAI.mockImplementation is not a function
[2m[22m
[2m    [0m [90m 321 |[39m       process[33m.[39menv[33m.[39m[33mOPENAI_API_KEY[39m [33m=[39m [32m'test-api-key'[39m[33m;[39m[22m
[2m     [90m 322 |[39m[22m
[2m    [31m[1m>[22m[2m[39m[90m 323 |[39m       mockOpenAI[33m.[39mmockImplementation([22m
[2m     [90m     |[39m                  [31m[1m^[22m[2m[39m[22m
[2m     [90m 324 |[39m         () [33m=>[39m[22m
[2m     [90m 325 |[39m           ({[22m
[2m     [90m 326 |[39m             chat[33m:[39m {[0m[22m
[2m[22m
[2m      [2mat Object.<anonymous> ([22m[2m[0m[36mtests/unit/aiPlanningAssistant.test.ts[39m[0m[2m:323:18)[22m[2m[22m

[1m[31m  [1m● [22m[1mAIPlanningAssistantService › generateLessonActivities › should generate activities without materials[39m[22m

    TypeError: mockOpenAI.mockImplementation is not a function
[2m[22m
[2m    [0m [90m 321 |[39m       process[33m.[39menv[33m.[39m[33mOPENAI_API_KEY[39m [33m=[39m [32m'test-api-key'[39m[33m;[39m[22m
[2m     [90m 322 |[39m[22m
[2m    [31m[1m>[22m[2m[39m[90m 323 |[39m       mockOpenAI[33m.[39mmockImplementation([22m
[2m     [90m     |[39m                  [31m[1m^[22m[2m[39m[22m
[2m     [90m 324 |[39m         () [33m=>[39m[22m
[2m     [90m 325 |[39m           ({[22m
[2m     [90m 326 |[39m             chat[33m:[39m {[0m[22m
[2m[22m
[2m      [2mat Object.<anonymous> ([22m[2m[0m[36mtests/unit/aiPlanningAssistant.test.ts[39m[0m[2m:323:18)[22m[2m[22m

[1m[31m  [1m● [22m[1mAIPlanningAssistantService › generateMaterialsList › should generate materials list for activities[39m[22m

    TypeError: mockOpenAI.mockImplementation is not a function
[2m[22m
[2m    [0m [90m 409 |[39m       process[33m.[39menv[33m.[39m[33mOPENAI_API_KEY[39m [33m=[39m [32m'test-api-key'[39m[33m;[39m[22m
[2m     [90m 410 |[39m[22m
[2m    [31m[1m>[22m[2m[39m[90m 411 |[39m       mockOpenAI[33m.[39mmockImplementation([22m
[2m     [90m     |[39m                  [31m[1m^[22m[2m[39m[22m
[2m     [90m 412 |[39m         () [33m=>[39m[22m
[2m     [90m 413 |[39m           ({[22m
[2m     [90m 414 |[39m             chat[33m:[39m {[0m[22m
[2m[22m
[2m      [2mat Object.<anonymous> ([22m[2m[0m[36mtests/unit/aiPlanningAssistant.test.ts[39m[0m[2m:411:18)[22m[2m[22m

[1m[31m  [1m● [22m[1mAIPlanningAssistantService › generateAssessmentStrategies › should generate varied assessment strategies[39m[22m

    TypeError: mockOpenAI.mockImplementation is not a function
[2m[22m
[2m    [0m [90m 470 |[39m       process[33m.[39menv[33m.[39m[33mOPENAI_API_KEY[39m [33m=[39m [32m'test-api-key'[39m[33m;[39m[22m
[2m     [90m 471 |[39m[22m
[2m    [31m[1m>[22m[2m[39m[90m 472 |[39m       mockOpenAI[33m.[39mmockImplementation([22m
[2m     [90m     |[39m                  [31m[1m^[22m[2m[39m[22m
[2m     [90m 473 |[39m         () [33m=>[39m[22m
[2m     [90m 474 |[39m           ({[22m
[2m     [90m 475 |[39m             chat[33m:[39m {[0m[22m
[2m[22m
[2m      [2mat Object.<anonymous> ([22m[2m[0m[36mtests/unit/aiPlanningAssistant.test.ts[39m[0m[2m:472:18)[22m[2m[22m

[1m[31m  [1m● [22m[1mAIPlanningAssistantService › generateReflectionPrompts › should generate reflection prompts with previous reflections context[39m[22m

    TypeError: mockOpenAI.mockImplementation is not a function
[2m[22m
[2m    [0m [90m 522 |[39m       process[33m.[39menv[33m.[39m[33mOPENAI_API_KEY[39m [33m=[39m [32m'test-api-key'[39m[33m;[39m[22m
[2m     [90m 523 |[39m[22m
[2m    [31m[1m>[22m[2m[39m[90m 524 |[39m       mockOpenAI[33m.[39mmockImplementation([22m
[2m     [90m     |[39m                  [31m[1m^[22m[2m[39m[22m
[2m     [90m 525 |[39m         () [33m=>[39m[22m
[2m     [90m 526 |[39m           ({[22m
[2m     [90m 527 |[39m             chat[33m:[39m {[0m[22m
[2m[22m
[2m      [2mat Object.<anonymous> ([22m[2m[0m[36mtests/unit/aiPlanningAssistant.test.ts[39m[0m[2m:524:18)[22m[2m[22m

[1m[31m  [1m● [22m[1mAIPlanningAssistantService › generateReflectionPrompts › should generate prompts without previous reflections[39m[22m

    TypeError: mockOpenAI.mockImplementation is not a function
[2m[22m
[2m    [0m [90m 522 |[39m       process[33m.[39menv[33m.[39m[33mOPENAI_API_KEY[39m [33m=[39m [32m'test-api-key'[39m[33m;[39m[22m
[2m     [90m 523 |[39m[22m
[2m    [31m[1m>[22m[2m[39m[90m 524 |[39m       mockOpenAI[33m.[39mmockImplementation([22m
[2m     [90m     |[39m                  [31m[1m^[22m[2m[39m[22m
[2m     [90m 525 |[39m         () [33m=>[39m[22m
[2m     [90m 526 |[39m           ({[22m
[2m     [90m 527 |[39m             chat[33m:[39m {[0m[22m
[2m[22m
[2m      [2mat Object.<anonymous> ([22m[2m[0m[36mtests/unit/aiPlanningAssistant.test.ts[39m[0m[2m:524:18)[22m[2m[22m

[1m[31m  [1m● [22m[1mAIPlanningAssistantService › getCurriculumAlignedSuggestions › should generate curriculum-aligned activities[39m[22m

    TypeError: mockOpenAI.mockImplementation is not a function
[2m[22m
[2m    [0m [90m 611 |[39m       process[33m.[39menv[33m.[39m[33mOPENAI_API_KEY[39m [33m=[39m [32m'test-api-key'[39m[33m;[39m[22m
[2m     [90m 612 |[39m[22m
[2m    [31m[1m>[22m[2m[39m[90m 613 |[39m       mockOpenAI[33m.[39mmockImplementation([22m
[2m     [90m     |[39m                  [31m[1m^[22m[2m[39m[22m
[2m     [90m 614 |[39m         () [33m=>[39m[22m
[2m     [90m 615 |[39m           ({[22m
[2m     [90m 616 |[39m             chat[33m:[39m {[0m[22m
[2m[22m
[2m      [2mat Object.<anonymous> ([22m[2m[0m[36mtests/unit/aiPlanningAssistant.test.ts[39m[0m[2m:613:18)[22m[2m[22m

[1m[31m  [1m● [22m[1mAIPlanningAssistantService › getCurriculumAlignedSuggestions › should generate assessments when requested[39m[22m

    TypeError: mockOpenAI.mockImplementation is not a function
[2m[22m
[2m    [0m [90m 611 |[39m       process[33m.[39menv[33m.[39m[33mOPENAI_API_KEY[39m [33m=[39m [32m'test-api-key'[39m[33m;[39m[22m
[2m     [90m 612 |[39m[22m
[2m    [31m[1m>[22m[2m[39m[90m 613 |[39m       mockOpenAI[33m.[39mmockImplementation([22m
[2m     [90m     |[39m                  [31m[1m^[22m[2m[39m[22m
[2m     [90m 614 |[39m         () [33m=>[39m[22m
[2m     [90m 615 |[39m           ({[22m
[2m     [90m 616 |[39m             chat[33m:[39m {[0m[22m
[2m[22m
[2m      [2mat Object.<anonymous> ([22m[2m[0m[36mtests/unit/aiPlanningAssistant.test.ts[39m[0m[2m:613:18)[22m[2m[22m

[1m[31m  [1m● [22m[1mAIPlanningAssistantService › getCurriculumAlignedSuggestions › should generate resources when requested[39m[22m

    TypeError: mockOpenAI.mockImplementation is not a function
[2m[22m
[2m    [0m [90m 611 |[39m       process[33m.[39menv[33m.[39m[33mOPENAI_API_KEY[39m [33m=[39m [32m'test-api-key'[39m[33m;[39m[22m
[2m     [90m 612 |[39m[22m
[2m    [31m[1m>[22m[2m[39m[90m 613 |[39m       mockOpenAI[33m.[39mmockImplementation([22m
[2m     [90m     |[39m                  [31m[1m^[22m[2m[39m[22m
[2m     [90m 614 |[39m         () [33m=>[39m[22m
[2m     [90m 615 |[39m           ({[22m
[2m     [90m 616 |[39m             chat[33m:[39m {[0m[22m
[2m[22m
[2m      [2mat Object.<anonymous> ([22m[2m[0m[36mtests/unit/aiPlanningAssistant.test.ts[39m[0m[2m:613:18)[22m[2m[22m

[1m[31m  [1m● [22m[1mAIPlanningAssistantService › getCurriculumAlignedSuggestions › should handle empty expectation IDs[39m[22m

    TypeError: mockOpenAI.mockImplementation is not a function
[2m[22m
[2m    [0m [90m 611 |[39m       process[33m.[39menv[33m.[39m[33mOPENAI_API_KEY[39m [33m=[39m [32m'test-api-key'[39m[33m;[39m[22m
[2m     [90m 612 |[39m[22m
[2m    [31m[1m>[22m[2m[39m[90m 613 |[39m       mockOpenAI[33m.[39mmockImplementation([22m
[2m     [90m     |[39m                  [31m[1m^[22m[2m[39m[22m
[2m     [90m 614 |[39m         () [33m=>[39m[22m
[2m     [90m 615 |[39m           ({[22m
[2m     [90m 616 |[39m             chat[33m:[39m {[0m[22m
[2m[22m
[2m      [2mat Object.<anonymous> ([22m[2m[0m[36mtests/unit/aiPlanningAssistant.test.ts[39m[0m[2m:613:18)[22m[2m[22m

[1m[31m  [1m● [22m[1mAIPlanningAssistantService › getCurriculumAlignedSuggestions › should handle no expectations found[39m[22m

    TypeError: mockOpenAI.mockImplementation is not a function
[2m[22m
[2m    [0m [90m 611 |[39m       process[33m.[39menv[33m.[39m[33mOPENAI_API_KEY[39m [33m=[39m [32m'test-api-key'[39m[33m;[39m[22m
[2m     [90m 612 |[39m[22m
[2m    [31m[1m>[22m[2m[39m[90m 613 |[39m       mockOpenAI[33m.[39mmockImplementation([22m
[2m     [90m     |[39m                  [31m[1m^[22m[2m[39m[22m
[2m     [90m 614 |[39m         () [33m=>[39m[22m
[2m     [90m 615 |[39m           ({[22m
[2m     [90m 616 |[39m             chat[33m:[39m {[0m[22m
[2m[22m
[2m      [2mat Object.<anonymous> ([22m[2m[0m[36mtests/unit/aiPlanningAssistant.test.ts[39m[0m[2m:613:18)[22m[2m[22m

[1m[31m  [1m● [22m[1mAIPlanningAssistantService › getCurriculumAlignedSuggestions › should handle invalid JSON response[39m[22m

    TypeError: mockOpenAI.mockImplementation is not a function
[2m[22m
[2m    [0m [90m 611 |[39m       process[33m.[39menv[33m.[39m[33mOPENAI_API_KEY[39m [33m=[39m [32m'test-api-key'[39m[33m;[39m[22m
[2m     [90m 612 |[39m[22m
[2m    [31m[1m>[22m[2m[39m[90m 613 |[39m       mockOpenAI[33m.[39mmockImplementation([22m
[2m     [90m     |[39m                  [31m[1m^[22m[2m[39m[22m
[2m     [90m 614 |[39m         () [33m=>[39m[22m
[2m     [90m 615 |[39m           ({[22m
[2m     [90m 616 |[39m             chat[33m:[39m {[0m[22m
[2m[22m
[2m      [2mat Object.<anonymous> ([22m[2m[0m[36mtests/unit/aiPlanningAssistant.test.ts[39m[0m[2m:613:18)[22m[2m[22m

[1m[31m  [1m● [22m[1mAIPlanningAssistantService › getCurriculumAlignedSuggestions › should handle non-array JSON response[39m[22m

    TypeError: mockOpenAI.mockImplementation is not a function
[2m[22m
[2m    [0m [90m 611 |[39m       process[33m.[39menv[33m.[39m[33mOPENAI_API_KEY[39m [33m=[39m [32m'test-api-key'[39m[33m;[39m[22m
[2m     [90m 612 |[39m[22m
[2m    [31m[1m>[22m[2m[39m[90m 613 |[39m       mockOpenAI[33m.[39mmockImplementation([22m
[2m     [90m     |[39m                  [31m[1m^[22m[2m[39m[22m
[2m     [90m 614 |[39m         () [33m=>[39m[22m
[2m     [90m 615 |[39m           ({[22m
[2m     [90m 616 |[39m             chat[33m:[39m {[0m[22m
[2m[22m
[2m      [2mat Object.<anonymous> ([22m[2m[0m[36mtests/unit/aiPlanningAssistant.test.ts[39m[0m[2m:613:18)[22m[2m[22m

[1m[31m  [1m● [22m[1mAIPlanningAssistantService › getServiceHealth › should report healthy when API test succeeds[39m[22m

    TypeError: mockOpenAI.mockImplementation is not a function
[2m[22m
[2m    [0m [90m 845 |[39m       mockCreate[33m.[39mmockResolvedValue(mockResponse)[33m;[39m[22m
[2m     [90m 846 |[39m[22m
[2m    [31m[1m>[22m[2m[39m[90m 847 |[39m       mockOpenAI[33m.[39mmockImplementation([22m
[2m     [90m     |[39m                  [31m[1m^[22m[2m[39m[22m
[2m     [90m 848 |[39m         () [33m=>[39m[22m
[2m     [90m 849 |[39m           ({[22m
[2m     [90m 850 |[39m             chat[33m:[39m {[0m[22m
[2m[22m
[2m      [2mat Object.<anonymous> ([22m[2m[0m[36mtests/unit/aiPlanningAssistant.test.ts[39m[0m[2m:847:18)[22m[2m[22m

[1m[31m  [1m● [22m[1mAIPlanningAssistantService › getServiceHealth › should report unhealthy when API test fails[39m[22m

    TypeError: mockOpenAI.mockImplementation is not a function
[2m[22m
[2m    [0m [90m 878 |[39m       mockCreate[33m.[39mmockRejectedValue(error)[33m;[39m[22m
[2m     [90m 879 |[39m[22m
[2m    [31m[1m>[22m[2m[39m[90m 880 |[39m       mockOpenAI[33m.[39mmockImplementation([22m
[2m     [90m     |[39m                  [31m[1m^[22m[2m[39m[22m
[2m     [90m 881 |[39m         () [33m=>[39m[22m
[2m     [90m 882 |[39m           ({[22m
[2m     [90m 883 |[39m             chat[33m:[39m {[0m[22m
[2m[22m
[2m      [2mat Object.<anonymous> ([22m[2m[0m[36mtests/unit/aiPlanningAssistant.test.ts[39m[0m[2m:880:18)[22m[2m[22m

[1m[31m  [1m● [22m[1mAIPlanningAssistantService › getServiceHealth › should handle non-Error exceptions in health check[39m[22m

    TypeError: mockOpenAI.mockImplementation is not a function
[2m[22m
[2m    [0m [90m 906 |[39m       mockCreate[33m.[39mmockRejectedValue([32m'String error'[39m)[33m;[39m[22m
[2m     [90m 907 |[39m[22m
[2m    [31m[1m>[22m[2m[39m[90m 908 |[39m       mockOpenAI[33m.[39mmockImplementation([22m
[2m     [90m     |[39m                  [31m[1m^[22m[2m[39m[22m
[2m     [90m 909 |[39m         () [33m=>[39m[22m
[2m     [90m 910 |[39m           ({[22m
[2m     [90m 911 |[39m             chat[33m:[39m {[0m[22m
[2m[22m
[2m      [2mat Object.<anonymous> ([22m[2m[0m[36mtests/unit/aiPlanningAssistant.test.ts[39m[0m[2m:908:18)[22m[2m[22m

[1m[31m  [1m● [22m[1mAIPlanningAssistantService › getServiceHealth › should report unhealthy when API returns empty content[39m[22m

    TypeError: mockOpenAI.mockImplementation is not a function
[2m[22m
[2m    [0m [90m 942 |[39m       mockCreate[33m.[39mmockResolvedValue(mockResponse)[33m;[39m[22m
[2m     [90m 943 |[39m[22m
[2m    [31m[1m>[22m[2m[39m[90m 944 |[39m       mockOpenAI[33m.[39mmockImplementation([22m
[2m     [90m     |[39m                  [31m[1m^[22m[2m[39m[22m
[2m     [90m 945 |[39m         () [33m=>[39m[22m
[2m     [90m 946 |[39m           ({[22m
[2m     [90m 947 |[39m             chat[33m:[39m {[0m[22m
[2m[22m
[2m      [2mat Object.<anonymous> ([22m[2m[0m[36mtests/unit/aiPlanningAssistant.test.ts[39m[0m[2m:944:18)[22m[2m[22m

[0m[7m[1m[31m FAIL [39m[22m[27m[0m [2mtests/unit/[22m[1mcurriculumImportService.comprehensive.test.ts[22m
[1m[31m  [1m● [22m[1mCurriculumImportService - Comprehensive Tests › parsePDF › should parse PDF content successfully[39m[22m

    PDF parsing failed: pdf is not a function
[2m[22m
[2m    [0m [90m 275 |[39m     } [36mcatch[39m (error) {[22m
[2m     [90m 276 |[39m       [36mthis[39m[33m.[39mlogger[33m.[39merror({ error }[33m,[39m [32m'Failed to parse PDF'[39m)[33m;[39m[22m
[2m    [31m[1m>[22m[2m[39m[90m 277 |[39m       [36mthrow[39m [36mnew[39m [33mError[39m([22m
[2m     [90m     |[39m             [31m[1m^[22m[2m[39m[22m
[2m     [90m 278 |[39m         [32m`PDF parsing failed: ${error instanceof Error ? error.message : 'Unknown error'}`[39m[33m,[39m[22m
[2m     [90m 279 |[39m       )[33m;[39m[22m
[2m     [90m 280 |[39m     }[0m[22m
[2m[22m
[2m      [2mat CurriculumImportService.parsePDF ([22m[2msrc/services/curriculumImportService.ts[2m:277:13)[22m[2m[22m
[2m      [2mat Object.<anonymous> ([22m[2m[0m[36mtests/unit/curriculumImportService.comprehensive.test.ts[39m[0m[2m:277:22)[22m[2m[22m

[1m[31m  [1m● [22m[1mCurriculumImportService - Comprehensive Tests › parsePDF › should handle empty PDF[39m[22m

    [2mexpect([22m[31mreceived[39m[2m).[22mrejects[2m.[22mtoThrow[2m([22m[32mexpected[39m[2m)[22m

    Expected substring: [32m"PDF appears to be empty or too short"[39m
    Received message:   [31m"PDF parsing failed: pdf is not a function"[39m

        [0m [90m 275 |[39m     } [36mcatch[39m (error) {
         [90m 276 |[39m       [36mthis[39m[33m.[39mlogger[33m.[39merror({ error }[33m,[39m [32m'Failed to parse PDF'[39m)[33m;[39m
        [31m[1m>[22m[39m[90m 277 |[39m       [36mthrow[39m [36mnew[39m [33mError[39m(
         [90m     |[39m             [31m[1m^[22m[39m
         [90m 278 |[39m         [32m`PDF parsing failed: ${error instanceof Error ? error.message : 'Unknown error'}`[39m[33m,[39m
         [90m 279 |[39m       )[33m;[39m
         [90m 280 |[39m     }[0m

          [2mat CurriculumImportService.parsePDF ([22msrc/services/curriculumImportService.ts[2m:277:13)[22m
          [2mat Object.<anonymous> ([22mtests/unit/curriculumImportService.comprehensive.test.ts[2m:289:28)[22m
[2m[22m
[2m    [0m [90m 287 |[39m[22m
[2m     [90m 288 |[39m       [36mconst[39m buffer [33m=[39m [33mBuffer[39m[33m.[39m[36mfrom[39m([32m''[39m)[33m;[39m[22m
[2m    [31m[1m>[22m[2m[39m[90m 289 |[39m       [36mawait[39m expect(service[33m.[39mparsePDF(buffer))[33m.[39mrejects[33m.[39mtoThrow([22m
[2m     [90m     |[39m                                                      [31m[1m^[22m[2m[39m[22m
[2m     [90m 290 |[39m         [32m'PDF appears to be empty or too short'[39m[33m,[39m[22m
[2m     [90m 291 |[39m       )[33m;[39m[22m
[2m     [90m 292 |[39m     })[33m;[39m[0m[22m
[2m[22m
[2m      [2mat Object.toThrow ([22m[2m../node_modules/.pnpm/expect@29.7.0/node_modules/expect/build/index.js[2m:218:22)[22m[2m[22m
[2m      [2mat Object.<anonymous> ([22m[2m[0m[36mtests/unit/curriculumImportService.comprehensive.test.ts[39m[0m[2m:289:54)[22m[2m[22m

[1m[31m  [1m● [22m[1mCurriculumImportService - Comprehensive Tests › parsePDF › should handle PDF parsing errors[39m[22m

    [2mexpect([22m[31mreceived[39m[2m).[22mrejects[2m.[22mtoThrow[2m([22m[32mexpected[39m[2m)[22m

    Expected substring: [32m"PDF parsing failed: Invalid PDF"[39m
    Received message:   [31m"PDF parsing failed: pdf is not a function"[39m

        [0m [90m 275 |[39m     } [36mcatch[39m (error) {
         [90m 276 |[39m       [36mthis[39m[33m.[39mlogger[33m.[39merror({ error }[33m,[39m [32m'Failed to parse PDF'[39m)[33m;[39m
        [31m[1m>[22m[39m[90m 277 |[39m       [36mthrow[39m [36mnew[39m [33mError[39m(
         [90m     |[39m             [31m[1m^[22m[39m
         [90m 278 |[39m         [32m`PDF parsing failed: ${error instanceof Error ? error.message : 'Unknown error'}`[39m[33m,[39m
         [90m 279 |[39m       )[33m;[39m
         [90m 280 |[39m     }[0m

          [2mat CurriculumImportService.parsePDF ([22msrc/services/curriculumImportService.ts[2m:277:13)[22m
          [2mat Object.<anonymous> ([22mtests/unit/curriculumImportService.comprehensive.test.ts[2m:298:28)[22m
[2m[22m
[2m    [0m [90m 296 |[39m[22m
[2m     [90m 297 |[39m       [36mconst[39m buffer [33m=[39m [33mBuffer[39m[33m.[39m[36mfrom[39m([32m'invalid'[39m)[33m;[39m[22m
[2m    [31m[1m>[22m[2m[39m[90m 298 |[39m       [36mawait[39m expect(service[33m.[39mparsePDF(buffer))[33m.[39mrejects[33m.[39mtoThrow([32m'PDF parsing failed: Invalid PDF'[39m)[33m;[39m[22m
[2m     [90m     |[39m                                                      [31m[1m^[22m[2m[39m[22m
[2m     [90m 299 |[39m     })[33m;[39m[22m
[2m     [90m 300 |[39m[22m
[2m     [90m 301 |[39m     it([32m'should handle large PDFs by chunking'[39m[33m,[39m [36masync[39m () [33m=>[39m {[0m[22m
[2m[22m
[2m      [2mat Object.toThrow ([22m[2m../node_modules/.pnpm/expect@29.7.0/node_modules/expect/build/index.js[2m:218:22)[22m[2m[22m
[2m      [2mat Object.<anonymous> ([22m[2m[0m[36mtests/unit/curriculumImportService.comprehensive.test.ts[39m[0m[2m:298:54)[22m[2m[22m

[1m[31m  [1m● [22m[1mCurriculumImportService - Comprehensive Tests › parsePDF › should handle large PDFs by chunking[39m[22m

    PDF parsing failed: pdf is not a function
[2m[22m
[2m    [0m [90m 275 |[39m     } [36mcatch[39m (error) {[22m
[2m     [90m 276 |[39m       [36mthis[39m[33m.[39mlogger[33m.[39merror({ error }[33m,[39m [32m'Failed to parse PDF'[39m)[33m;[39m[22m
[2m    [31m[1m>[22m[2m[39m[90m 277 |[39m       [36mthrow[39m [36mnew[39m [33mError[39m([22m
[2m     [90m     |[39m             [31m[1m^[22m[2m[39m[22m
[2m     [90m 278 |[39m         [32m`PDF parsing failed: ${error instanceof Error ? error.message : 'Unknown error'}`[39m[33m,[39m[22m
[2m     [90m 279 |[39m       )[33m;[39m[22m
[2m     [90m 280 |[39m     }[0m[22m
[2m[22m
[2m      [2mat CurriculumImportService.parsePDF ([22m[2msrc/services/curriculumImportService.ts[2m:277:13)[22m[2m[22m
[2m      [2mat Object.<anonymous> ([22m[2m[0m[36mtests/unit/curriculumImportService.comprehensive.test.ts[39m[0m[2m:327:36)[22m[2m[22m

[1m[31m  [1m● [22m[1mCurriculumImportService - Comprehensive Tests › parseDOCX › should parse DOCX content successfully[39m[22m

    DOCX parsing failed: Can't find end of central directory : is this a zip file ? If it is, see https://stuk.github.io/jszip/documentation/howto/read_zip.html
[2m[22m
[2m    [0m [90m 314 |[39m     } [36mcatch[39m (error) {[22m
[2m     [90m 315 |[39m       [36mthis[39m[33m.[39mlogger[33m.[39merror({ error }[33m,[39m [32m'Failed to parse DOCX'[39m)[33m;[39m[22m
[2m    [31m[1m>[22m[2m[39m[90m 316 |[39m       [36mthrow[39m [36mnew[39m [33mError[39m([22m
[2m     [90m     |[39m             [31m[1m^[22m[2m[39m[22m
[2m     [90m 317 |[39m         [32m`DOCX parsing failed: ${error instanceof Error ? error.message : 'Unknown error'}`[39m[33m,[39m[22m
[2m     [90m 318 |[39m       )[33m;[39m[22m
[2m     [90m 319 |[39m     }[0m[22m
[2m[22m
[2m      [2mat CurriculumImportService.parseDOCX ([22m[2msrc/services/curriculumImportService.ts[2m:316:13)[22m[2m[22m
[2m      [2mat Object.<anonymous> ([22m[2m[0m[36mtests/unit/curriculumImportService.comprehensive.test.ts[39m[0m[2m:379:22)[22m[2m[22m

[1m[31m  [1m● [22m[1mCurriculumImportService - Comprehensive Tests › parseDOCX › should handle empty DOCX[39m[22m

    [2mexpect([22m[31mreceived[39m[2m).[22mrejects[2m.[22mtoThrow[2m([22m[32mexpected[39m[2m)[22m

    Expected substring: [32m"DOCX appears to be empty or too short"[39m
    Received message:   [31m"DOCX parsing failed: End of data reached (data length = 0, asked index = 4). Corrupted zip ?"[39m

        [0m [90m 314 |[39m     } [36mcatch[39m (error) {
         [90m 315 |[39m       [36mthis[39m[33m.[39mlogger[33m.[39merror({ error }[33m,[39m [32m'Failed to parse DOCX'[39m)[33m;[39m
        [31m[1m>[22m[39m[90m 316 |[39m       [36mthrow[39m [36mnew[39m [33mError[39m(
         [90m     |[39m             [31m[1m^[22m[39m
         [90m 317 |[39m         [32m`DOCX parsing failed: ${error instanceof Error ? error.message : 'Unknown error'}`[39m[33m,[39m
         [90m 318 |[39m       )[33m;[39m
         [90m 319 |[39m     }[0m

          [2mat CurriculumImportService.parseDOCX ([22msrc/services/curriculumImportService.ts[2m:316:13)[22m
          [2mat Object.<anonymous> ([22mtests/unit/curriculumImportService.comprehensive.test.ts[2m:390:7)[22m
[2m[22m
[2m    [0m [90m 388 |[39m[22m
[2m     [90m 389 |[39m       [36mconst[39m buffer [33m=[39m [33mBuffer[39m[33m.[39m[36mfrom[39m([32m''[39m)[33m;[39m[22m
[2m    [31m[1m>[22m[2m[39m[90m 390 |[39m       [36mawait[39m expect(service[33m.[39mparseDOCX(buffer))[33m.[39mrejects[33m.[39mtoThrow([22m
[2m     [90m     |[39m                                                       [31m[1m^[22m[2m[39m[22m
[2m     [90m 391 |[39m         [32m'DOCX appears to be empty or too short'[39m[33m,[39m[22m
[2m     [90m 392 |[39m       )[33m;[39m[22m
[2m     [90m 393 |[39m     })[33m;[39m[0m[22m
[2m[22m
[2m      [2mat Object.toThrow ([22m[2m../node_modules/.pnpm/expect@29.7.0/node_modules/expect/build/index.js[2m:218:22)[22m[2m[22m
[2m      [2mat Object.<anonymous> ([22m[2m[0m[36mtests/unit/curriculumImportService.comprehensive.test.ts[39m[0m[2m:390:55)[22m[2m[22m

[1m[31m  [1m● [22m[1mCurriculumImportService - Comprehensive Tests › parseDOCX › should handle DOCX parsing errors[39m[22m

    [2mexpect([22m[31mreceived[39m[2m).[22mrejects[2m.[22mtoThrow[2m([22m[32mexpected[39m[2m)[22m

    Expected substring: [32m"DOCX parsing failed: Invalid DOCX"[39m
    Received message:   [31m"DOCX parsing failed: Can't find end of central directory : is this a zip file ? If it is, see https://stuk.github.io/jszip/documentation/howto/read_zip.html"[39m

        [0m [90m 314 |[39m     } [36mcatch[39m (error) {
         [90m 315 |[39m       [36mthis[39m[33m.[39mlogger[33m.[39merror({ error }[33m,[39m [32m'Failed to parse DOCX'[39m)[33m;[39m
        [31m[1m>[22m[39m[90m 316 |[39m       [36mthrow[39m [36mnew[39m [33mError[39m(
         [90m     |[39m             [31m[1m^[22m[39m
         [90m 317 |[39m         [32m`DOCX parsing failed: ${error instanceof Error ? error.message : 'Unknown error'}`[39m[33m,[39m
         [90m 318 |[39m       )[33m;[39m
         [90m 319 |[39m     }[0m

          [2mat CurriculumImportService.parseDOCX ([22msrc/services/curriculumImportService.ts[2m:316:13)[22m
          [2mat Object.<anonymous> ([22mtests/unit/curriculumImportService.comprehensive.test.ts[2m:399:7)[22m
[2m[22m
[2m    [0m [90m 397 |[39m[22m
[2m     [90m 398 |[39m       [36mconst[39m buffer [33m=[39m [33mBuffer[39m[33m.[39m[36mfrom[39m([32m'invalid'[39m)[33m;[39m[22m
[2m    [31m[1m>[22m[2m[39m[90m 399 |[39m       [36mawait[39m expect(service[33m.[39mparseDOCX(buffer))[33m.[39mrejects[33m.[39mtoThrow([32m'DOCX parsing failed: Invalid DOCX'[39m)[33m;[39m[22m
[2m     [90m     |[39m                                                       [31m[1m^[22m[2m[39m[22m
[2m     [90m 400 |[39m     })[33m;[39m[22m
[2m     [90m 401 |[39m   })[33m;[39m[22m
[2m     [90m 402 |[39m[0m[22m
[2m[22m
[2m      [2mat Object.toThrow ([22m[2m../node_modules/.pnpm/expect@29.7.0/node_modules/expect/build/index.js[2m:218:22)[22m[2m[22m
[2m      [2mat Object.<anonymous> ([22m[2m[0m[36mtests/unit/curriculumImportService.comprehensive.test.ts[39m[0m[2m:399:55)[22m[2m[22m

[1m[31m  [1m● [22m[1mCurriculumImportService - Comprehensive Tests › parseUploadedFile › should parse uploaded PDF file[39m[22m

    PDF parsing failed: pdf is not a function
[2m[22m
[2m    [0m [90m 275 |[39m     } [36mcatch[39m (error) {[22m
[2m     [90m 276 |[39m       [36mthis[39m[33m.[39mlogger[33m.[39merror({ error }[33m,[39m [32m'Failed to parse PDF'[39m)[33m;[39m[22m
[2m    [31m[1m>[22m[2m[39m[90m 277 |[39m       [36mthrow[39m [36mnew[39m [33mError[39m([22m
[2m     [90m     |[39m             [31m[1m^[22m[2m[39m[22m
[2m     [90m 278 |[39m         [32m`PDF parsing failed: ${error instanceof Error ? error.message : 'Unknown error'}`[39m[33m,[39m[22m
[2m     [90m 279 |[39m       )[33m;[39m[22m
[2m     [90m 280 |[39m     }[0m[22m
[2m[22m
[2m      [2mat CurriculumImportService.parsePDF ([22m[2msrc/services/curriculumImportService.ts[2m:277:13)[22m[2m[22m
[2m      [2mat CurriculumImportService.parseUploadedFile ([22m[2msrc/services/curriculumImportService.ts[2m:710:35)[22m[2m[22m
[2m      [2mat Object.<anonymous> ([22m[2m[0m[36mtests/unit/curriculumImportService.comprehensive.test.ts[39m[0m[2m:611:22)[22m[2m[22m

[1m[31m  [1m● [22m[1mCurriculumImportService - Comprehensive Tests › parseUploadedFile › should parse uploaded DOCX file[39m[22m

    DOCX parsing failed: Can't find end of central directory : is this a zip file ? If it is, see https://stuk.github.io/jszip/documentation/howto/read_zip.html
[2m[22m
[2m    [0m [90m 314 |[39m     } [36mcatch[39m (error) {[22m
[2m     [90m 315 |[39m       [36mthis[39m[33m.[39mlogger[33m.[39merror({ error }[33m,[39m [32m'Failed to parse DOCX'[39m)[33m;[39m[22m
[2m    [31m[1m>[22m[2m[39m[90m 316 |[39m       [36mthrow[39m [36mnew[39m [33mError[39m([22m
[2m     [90m     |[39m             [31m[1m^[22m[2m[39m[22m
[2m     [90m 317 |[39m         [32m`DOCX parsing failed: ${error instanceof Error ? error.message : 'Unknown error'}`[39m[33m,[39m[22m
[2m     [90m 318 |[39m       )[33m;[39m[22m
[2m     [90m 319 |[39m     }[0m[22m
[2m[22m
[2m      [2mat CurriculumImportService.parseDOCX ([22m[2msrc/services/curriculumImportService.ts[2m:316:13)[22m[2m[22m
[2m      [2mat CurriculumImportService.parseUploadedFile ([22m[2msrc/services/curriculumImportService.ts[2m:712:24)[22m[2m[22m
[2m      [2mat Object.<anonymous> ([22m[2m[0m[36mtests/unit/curriculumImportService.comprehensive.test.ts[39m[0m[2m:660:22)[22m[2m[22m

[1m[31m  [1m● [22m[1mCurriculumImportService - Comprehensive Tests › CSV Parsing Edge Cases › should handle CSV with newlines in quoted fields[39m[22m

    [2mexpect([22m[31mreceived[39m[2m).[22mtoMatch[2m([22m[32mexpected[39m[2m)[22m

    Expected pattern: [32m/Test with.*newline/[39m
    Received string:  [31m"Test with"[39m
[2m[22m
[2m    [0m [90m 923 |[39m[22m
[2m     [90m 924 |[39m       [36mconst[39m result [33m=[39m service[33m.[39mparseCSV(csv)[33m;[39m[22m
[2m    [31m[1m>[22m[2m[39m[90m 925 |[39m       expect(result[[35m0[39m][33m.[39mdescription)[33m.[39mtoMatch([35m/Test with.*newline/[39m)[33m;[39m[22m
[2m     [90m     |[39m                                     [31m[1m^[22m[2m[39m[22m
[2m     [90m 926 |[39m     })[33m;[39m[22m
[2m     [90m 927 |[39m[22m
[2m     [90m 928 |[39m     it([32m'should handle CSV with Unicode characters'[39m[33m,[39m () [33m=>[39m {[0m[22m
[2m[22m
[2m      [2mat Object.<anonymous> ([22m[2m[0m[36mtests/unit/curriculumImportService.comprehensive.test.ts[39m[0m[2m:925:37)[22m[2m[22m

[1m[31m  [1m● [22m[1mCurriculumImportService - Comprehensive Tests › Error Recovery and Logging › should handle partial failures gracefully[39m[22m

    Invalid code
[2m[22m
[2m    [0m [90m 1047 |[39m       mockPrismaClient[33m.[39mcurriculumExpectation[33m.[39mcreate[22m
[2m     [90m 1048 |[39m         [33m.[39mmockResolvedValueOnce({} [36mas[39m any)[22m
[2m    [31m[1m>[22m[2m[39m[90m 1049 |[39m         [33m.[39mmockRejectedValueOnce([36mnew[39m [33mError[39m([32m'Invalid code'[39m))[22m
[2m     [90m      |[39m                                [31m[1m^[22m[2m[39m[22m
[2m     [90m 1050 |[39m         [33m.[39mmockResolvedValueOnce({} [36mas[39m any)[33m;[39m[22m
[2m     [90m 1051 |[39m       mockPrismaClient[33m.[39mcurriculumImport[33m.[39mupdate[33m.[39mmockResolvedValue({} [36mas[39m any)[33m;[39m[22m
[2m     [90m 1052 |[39m[0m[22m
[2m[22m
[2m      [2mat Object.<anonymous> ([22m[2m[0m[36mtests/unit/curriculumImportService.comprehensive.test.ts[39m[0m[2m:1049:32)[22m[2m[22m

[0m[7m[1m[31m FAIL [39m[22m[27m[0m [2mtests/unit/[22m[1mcontactValidationCorrected.test.ts[22m
[1m[31m  [1m● [22m[1mContact Validation - Corrected Implementation Tests › validatePhoneNumber - Real Behavior › should reject international numbers that are too short or long[39m[22m

    [2mexpect([22m[31mreceived[39m[2m).[22mtoBe[2m([22m[32mexpected[39m[2m) // Object.is equality[22m

    Expected: [32mfalse[39m
    Received: [31mtrue[39m
[2m[22m
[2m    [0m [90m 133 |[39m       [90m// Test a number that's actually too long (over 15 digits)[39m[22m
[2m     [90m 134 |[39m       [36mconst[39m tooLong [33m=[39m validatePhoneNumber([32m'+44 1234567890123456789'[39m)[33m;[39m[22m
[2m    [31m[1m>[22m[2m[39m[90m 135 |[39m       expect(tooLong[33m.[39misValid)[33m.[39mtoBe([36mfalse[39m)[33m;[39m[22m
[2m     [90m     |[39m                               [31m[1m^[22m[2m[39m[22m
[2m     [90m 136 |[39m       expect(tooLong[33m.[39merrors)[33m.[39mtoContain([32m'International number must be 7-15 digits'[39m)[33m;[39m[22m
[2m     [90m 137 |[39m     })[33m;[39m[22m
[2m     [90m 138 |[39m[0m[22m
[2m[22m
[2m      [2mat Object.<anonymous> ([22m[2m[0m[36mtests/unit/contactValidationCorrected.test.ts[39m[0m[2m:135:31)[22m[2m[22m

[1m[31m  [1m● [22m[1mContact Validation - Corrected Implementation Tests › validatePhoneNumber - Real Behavior › should handle basic digit validation[39m[22m

    [2mexpect([22m[31mreceived[39m[2m).[22mtoBe[2m([22m[32mexpected[39m[2m) // Object.is equality[22m

    Expected: [32mfalse[39m
    Received: [31mtrue[39m
[2m[22m
[2m    [0m [90m 144 |[39m       [90m// Test a number that's actually too long for basic validation[39m[22m
[2m     [90m 145 |[39m       [36mconst[39m tooLong [33m=[39m validatePhoneNumber([32m'12345678901234567890'[39m)[33m;[39m[22m
[2m    [31m[1m>[22m[2m[39m[90m 146 |[39m       expect(tooLong[33m.[39misValid)[33m.[39mtoBe([36mfalse[39m)[33m;[39m[22m
[2m     [90m     |[39m                               [31m[1m^[22m[2m[39m[22m
[2m     [90m 147 |[39m       expect(tooLong[33m.[39merrors)[33m.[39mtoContain([32m'Phone number too long'[39m)[33m;[39m[22m
[2m     [90m 148 |[39m     })[33m;[39m[22m
[2m     [90m 149 |[39m[0m[22m
[2m[22m
[2m      [2mat Object.<anonymous> ([22m[2m[0m[36mtests/unit/contactValidationCorrected.test.ts[39m[0m[2m:146:31)[22m[2m[22m

[1m[31m  [1m● [22m[1mContact Validation - Corrected Implementation Tests › validatePhoneNumber - Real Behavior › should accept basic 7-11 digit numbers[39m[22m

    [2mexpect([22m[31mreceived[39m[2m).[22mtoBe[2m([22m[32mexpected[39m[2m) // Object.is equality[22m

    Expected: [32mtrue[39m
    Received: [31mfalse[39m
[2m[22m
[2m    [0m [90m 154 |[39m[22m
[2m     [90m 155 |[39m       [36mconst[39m tenDigits [33m=[39m validatePhoneNumber([32m'1234567890'[39m)[33m;[39m[22m
[2m    [31m[1m>[22m[2m[39m[90m 156 |[39m       expect(tenDigits[33m.[39misValid)[33m.[39mtoBe([36mtrue[39m)[33m;[39m[22m
[2m     [90m     |[39m                                 [31m[1m^[22m[2m[39m[22m
[2m     [90m 157 |[39m     })[33m;[39m[22m
[2m     [90m 158 |[39m[22m
[2m     [90m 159 |[39m     it([32m'should handle non-string inputs'[39m[33m,[39m () [33m=>[39m {[0m[22m
[2m[22m
[2m      [2mat Object.<anonymous> ([22m[2m[0m[36mtests/unit/contactValidationCorrected.test.ts[39m[0m[2m:156:33)[22m[2m[22m

[1m[31m  [1m● [22m[1mContact Validation - Corrected Implementation Tests › validateEmail - Real Behavior › should reject invalid email formats[39m[22m

    [2mexpect([22m[31mreceived[39m[2m).[22mtoBe[2m([22m[32mexpected[39m[2m) // Object.is equality[22m

    Expected: [32mfalse[39m
    Received: [31mtrue[39m
[2m[22m
[2m    [0m [90m 198 |[39m       invalidEmails[33m.[39mforEach((email) [33m=>[39m {[22m
[2m     [90m 199 |[39m         [36mconst[39m result [33m=[39m validateEmail(email)[33m;[39m[22m
[2m    [31m[1m>[22m[2m[39m[90m 200 |[39m         expect(result[33m.[39misValid)[33m.[39mtoBe([36mfalse[39m)[33m;[39m[22m
[2m     [90m     |[39m                                [31m[1m^[22m[2m[39m[22m
[2m     [90m 201 |[39m         expect(result[33m.[39merrors)[33m.[39mtoContain([32m'Invalid email format'[39m)[33m;[39m[22m
[2m     [90m 202 |[39m       })[33m;[39m[22m
[2m     [90m 203 |[39m     })[33m;[39m[0m[22m
[2m[22m
[2m      [2mat [22m[2m[0m[36mtests/unit/contactValidationCorrected.test.ts[39m[0m[2m:200:32[22m[2m[22m
[2m          at Array.forEach (<anonymous>)[22m
[2m      [2mat Object.<anonymous> ([22m[2m[0m[36mtests/unit/contactValidationCorrected.test.ts[39m[0m[2m:198:21)[22m[2m[22m

[1m[31m  [1m● [22m[1mContact Validation - Corrected Implementation Tests › parseContactString - Real Behavior › should parse contact string with name and phone[39m[22m

    [2mexpect([22m[31mreceived[39m[2m).[22mtoBe[2m([22m[32mexpected[39m[2m) // Object.is equality[22m

    Expected: [32m"John Doe"[39m
    Received: [31m"John Doe[7m 911[27m"[39m
[2m[22m
[2m    [0m [90m 330 |[39m     it([32m'should parse contact string with name and phone'[39m[33m,[39m () [33m=>[39m {[22m
[2m     [90m 331 |[39m       [36mconst[39m result [33m=[39m parseContactString([32m'John Doe 911'[39m)[33m;[39m[22m
[2m    [31m[1m>[22m[2m[39m[90m 332 |[39m       expect(result[33m.[39mname)[33m.[39mtoBe([32m'John Doe'[39m)[33m;[39m[22m
[2m     [90m     |[39m                           [31m[1m^[22m[2m[39m[22m
[2m     [90m 333 |[39m       expect(result[33m.[39mphone[33m?[39m[33m.[39misValid)[33m.[39mtoBe([36mtrue[39m)[33m;[39m[22m
[2m     [90m 334 |[39m       expect(result[33m.[39memail)[33m.[39mtoBeUndefined()[33m;[39m[22m
[2m     [90m 335 |[39m     })[33m;[39m[0m[22m
[2m[22m
[2m      [2mat Object.<anonymous> ([22m[2m[0m[36mtests/unit/contactValidationCorrected.test.ts[39m[0m[2m:332:27)[22m[2m[22m

[1m[31m  [1m● [22m[1mContact Validation - Corrected Implementation Tests › parseContactString - Real Behavior › should clean up names with separators[39m[22m

    [2mexpect([22m[31mreceived[39m[2m).[22mtoBe[2m([22m[32mexpected[39m[2m) // Object.is equality[22m

    Expected: [32m"John Doe"[39m
    Received: [31m"John Doe[7m - 911[27m"[39m
[2m[22m
[2m    [0m [90m 363 |[39m       tests[33m.[39mforEach((str) [33m=>[39m {[22m
[2m     [90m 364 |[39m         [36mconst[39m result [33m=[39m parseContactString(str)[33m;[39m[22m
[2m    [31m[1m>[22m[2m[39m[90m 365 |[39m         expect(result[33m.[39mname)[33m.[39mtoBe([32m'John Doe'[39m)[33m;[39m[22m
[2m     [90m     |[39m                             [31m[1m^[22m[2m[39m[22m
[2m     [90m 366 |[39m         expect(result[33m.[39mphone[33m?[39m[33m.[39misValid)[33m.[39mtoBe([36mtrue[39m)[33m;[39m[22m
[2m     [90m 367 |[39m       })[33m;[39m[22m
[2m     [90m 368 |[39m     })[33m;[39m[0m[22m
[2m[22m
[2m      [2mat [22m[2m[0m[36mtests/unit/contactValidationCorrected.test.ts[39m[0m[2m:365:29[22m[2m[22m
[2m          at Array.forEach (<anonymous>)[22m
[2m      [2mat Object.<anonymous> ([22m[2m[0m[36mtests/unit/contactValidationCorrected.test.ts[39m[0m[2m:363:13)[22m[2m[22m

[1m[31m  [1m● [22m[1mContact Validation - Corrected Implementation Tests › parseContactString - Real Behavior › should handle complex contact strings[39m[22m

    [2mexpect([22m[31mreceived[39m[2m).[22mtoBe[2m([22m[32mexpected[39m[2m) // Object.is equality[22m

    Expected: [32m"Dr. Jane Smith"[39m
    Received: [31m"Dr. Jane Smith[7m 911[27m"[39m
[2m[22m
[2m    [0m [90m 370 |[39m     it([32m'should handle complex contact strings'[39m[33m,[39m () [33m=>[39m {[22m
[2m     [90m 371 |[39m       [36mconst[39m result [33m=[39m parseContactString([32m'Dr. Jane Smith 911 jane@example.com'[39m)[33m;[39m[22m
[2m    [31m[1m>[22m[2m[39m[90m 372 |[39m       expect(result[33m.[39mname)[33m.[39mtoBe([32m'Dr. Jane Smith'[39m)[33m;[39m[22m
[2m     [90m     |[39m                           [31m[1m^[22m[2m[39m[22m
[2m     [90m 373 |[39m       expect(result[33m.[39mphone[33m?[39m[33m.[39misValid)[33m.[39mtoBe([36mtrue[39m)[33m;[39m[22m
[2m     [90m 374 |[39m       expect(result[33m.[39memail[33m?[39m[33m.[39misValid)[33m.[39mtoBe([36mtrue[39m)[33m;[39m[22m
[2m     [90m 375 |[39m     })[33m;[39m[0m[22m
[2m[22m
[2m      [2mat Object.<anonymous> ([22m[2m[0m[36mtests/unit/contactValidationCorrected.test.ts[39m[0m[2m:372:27)[22m[2m[22m

[1m[31m  [1m● [22m[1mContact Validation - Corrected Implementation Tests › Edge Cases and Error Handling › should handle very long contact strings[39m[22m

    [2mexpect([22m[31mreceived[39m[2m).[22mtoBe[2m([22m[32mexpected[39m[2m) // Object.is equality[22m

    Expected: [32mtrue[39m
    Received: [31mundefined[39m
[2m[22m
[2m    [0m [90m 517 |[39m       [36mconst[39m result [33m=[39m parseContactString(contactString)[33m;[39m[22m
[2m     [90m 518 |[39m[22m
[2m    [31m[1m>[22m[2m[39m[90m 519 |[39m       expect(result[33m.[39mphone[33m?[39m[33m.[39misValid)[33m.[39mtoBe([36mtrue[39m)[33m;[39m[22m
[2m     [90m     |[39m                                     [31m[1m^[22m[2m[39m[22m
[2m     [90m 520 |[39m       expect(result[33m.[39mname)[33m.[39mtoBe(longName)[33m;[39m[22m
[2m     [90m 521 |[39m     })[33m;[39m[22m
[2m     [90m 522 |[39m   })[33m;[39m[0m[22m
[2m[22m
[2m      [2mat Object.<anonymous> ([22m[2m[0m[36mtests/unit/contactValidationCorrected.test.ts[39m[0m[2m:519:37)[22m[2m[22m

[1m[31m  [1m● [22m[1mContact Validation - Corrected Implementation Tests › Format Helper Functions Coverage › should test formatInternationalNumber function through validation[39m[22m

    [2mexpect([22m[31mreceived[39m[2m).[22mtoContain[2m([22m[32mexpected[39m[2m) // indexOf[22m

    Expected substring: [32m"+44"[39m
    Received string:    [31m"234-567-8901"[39m
[2m[22m
[2m    [0m [90m 534 |[39m         [36mconst[39m result [33m=[39m validatePhoneNumber(phone)[33m;[39m[22m
[2m     [90m 535 |[39m         [36mif[39m (result[33m.[39misValid) {[22m
[2m    [31m[1m>[22m[2m[39m[90m 536 |[39m           expect(result[33m.[39mformatted)[33m.[39mtoContain([32m'+44'[39m)[33m;[39m[22m
[2m     [90m     |[39m                                    [31m[1m^[22m[2m[39m[22m
[2m     [90m 537 |[39m         }[22m
[2m     [90m 538 |[39m       })[33m;[39m[22m
[2m     [90m 539 |[39m     })[33m;[39m[0m[22m
[2m[22m
[2m      [2mat [22m[2m[0m[36mtests/unit/contactValidationCorrected.test.ts[39m[0m[2m:536:36[22m[2m[22m
[2m          at Array.forEach (<anonymous>)[22m
[2m      [2mat Object.<anonymous> ([22m[2m[0m[36mtests/unit/contactValidationCorrected.test.ts[39m[0m[2m:533:26)[22m[2m[22m

[0m[7m[1m[31m FAIL [39m[22m[27m[0m [2mtests/unit/[22m[1mcontactParsingAdvanced.test.ts[22m
[1m[31m  [1m● [22m[1mAdvanced Contact Parsing and Validation › Real-World Phone Number Validation › should reject invalid phone number formats[39m[22m

    [2mexpect([22m[31mreceived[39m[2m).[22mtoBe[2m([22m[32mexpected[39m[2m) // Object.is equality[22m

    Expected: [32mfalse[39m
    Received: [31mtrue[39m
[2m[22m
[2m    [0m [90m 104 |[39m       invalidPhones[33m.[39mforEach((phone) [33m=>[39m {[22m
[2m     [90m 105 |[39m         [36mconst[39m result [33m=[39m validatePhoneNumber(phone [36mas[39m any)[33m;[39m[22m
[2m    [31m[1m>[22m[2m[39m[90m 106 |[39m         expect(result[33m.[39misValid)[33m.[39mtoBe([36mfalse[39m)[33m;[39m[22m
[2m     [90m     |[39m                                [31m[1m^[22m[2m[39m[22m
[2m     [90m 107 |[39m         expect(result[33m.[39merrors)[33m.[39mtoBeTruthy()[33m;[39m[22m
[2m     [90m 108 |[39m         expect(result[33m.[39merrors[33m![39m[33m.[39mlength)[33m.[39mtoBeGreaterThan([35m0[39m)[33m;[39m[22m
[2m     [90m 109 |[39m       })[33m;[39m[0m[22m
[2m[22m
[2m      [2mat [22m[2m[0m[36mtests/unit/contactParsingAdvanced.test.ts[39m[0m[2m:106:32[22m[2m[22m
[2m          at Array.forEach (<anonymous>)[22m
[2m      [2mat Object.<anonymous> ([22m[2m[0m[36mtests/unit/contactParsingAdvanced.test.ts[39m[0m[2m:104:21)[22m[2m[22m

[1m[31m  [1m● [22m[1mAdvanced Contact Parsing and Validation › Real-World Email Validation › should validate school email formats[39m[22m

    [2mexpect([22m[31mreceived[39m[2m).[22mtoBe[2m([22m[32mexpected[39m[2m) // Object.is equality[22m

    Expected: [32mtrue[39m
    Received: [31mfalse[39m
[2m[22m
[2m    [0m [90m 124 |[39m       schoolEmails[33m.[39mforEach((email) [33m=>[39m {[22m
[2m     [90m 125 |[39m         [36mconst[39m result [33m=[39m validateEmail(email)[33m;[39m[22m
[2m    [31m[1m>[22m[2m[39m[90m 126 |[39m         expect(result[33m.[39misValid)[33m.[39mtoBe([36mtrue[39m)[33m;[39m[22m
[2m     [90m     |[39m                                [31m[1m^[22m[2m[39m[22m
[2m     [90m 127 |[39m         expect(result[33m.[39mformatted)[33m.[39mtoBe(email[33m.[39mtoLowerCase())[33m;[39m[22m
[2m     [90m 128 |[39m       })[33m;[39m[22m
[2m     [90m 129 |[39m     })[33m;[39m[0m[22m
[2m[22m
[2m      [2mat [22m[2m[0m[36mtests/unit/contactParsingAdvanced.test.ts[39m[0m[2m:126:32[22m[2m[22m
[2m          at Array.forEach (<anonymous>)[22m
[2m      [2mat Object.<anonymous> ([22m[2m[0m[36mtests/unit/contactParsingAdvanced.test.ts[39m[0m[2m:124:20)[22m[2m[22m

[1m[31m  [1m● [22m[1mAdvanced Contact Parsing and Validation › Real-World Email Validation › should reject malformed emails[39m[22m

    [2mexpect([22m[31mreceived[39m[2m).[22mtoBe[2m([22m[32mexpected[39m[2m) // Object.is equality[22m

    Expected: [32mfalse[39m
    Received: [31mtrue[39m
[2m[22m
[2m    [0m [90m 144 |[39m       invalidEmails[33m.[39mforEach((email) [33m=>[39m {[22m
[2m     [90m 145 |[39m         [36mconst[39m result [33m=[39m validateEmail(email)[33m;[39m[22m
[2m    [31m[1m>[22m[2m[39m[90m 146 |[39m         expect(result[33m.[39misValid)[33m.[39mtoBe([36mfalse[39m)[33m;[39m[22m
[2m     [90m     |[39m                                [31m[1m^[22m[2m[39m[22m
[2m     [90m 147 |[39m         expect(result[33m.[39merrors)[33m.[39mtoContain([32m'Invalid email format'[39m)[33m;[39m[22m
[2m     [90m 148 |[39m       })[33m;[39m[22m
[2m     [90m 149 |[39m     })[33m;[39m[0m[22m
[2m[22m
[2m      [2mat [22m[2m[0m[36mtests/unit/contactParsingAdvanced.test.ts[39m[0m[2m:146:32[22m[2m[22m
[2m          at Array.forEach (<anonymous>)[22m
[2m      [2mat Object.<anonymous> ([22m[2m[0m[36mtests/unit/contactParsingAdvanced.test.ts[39m[0m[2m:144:21)[22m[2m[22m

[1m[31m  [1m● [22m[1mAdvanced Contact Parsing and Validation › Contact String Parsing › should parse complex contact strings with names, phones, and emails[39m[22m

    [2mexpect([22m[31mreceived[39m[2m).[22mtoBe[2m([22m[32mexpected[39m[2m) // Object.is equality[22m

    Expected: [32m"José García-López"[39m
    Received: [31m"José García-López[7mjose.garcia@école.qc.ca[27m"[39m
[2m[22m
[2m    [0m [90m 199 |[39m       complexContacts[33m.[39mforEach(({ input[33m,[39m expectedName[33m,[39m shouldHavePhone[33m,[39m shouldHaveEmail }) [33m=>[39m {[22m
[2m     [90m 200 |[39m         [36mconst[39m result [33m=[39m parseContactString(input)[33m;[39m[22m
[2m    [31m[1m>[22m[2m[39m[90m 201 |[39m         expect(result[33m.[39mname)[33m.[39mtoBe(expectedName)[33m;[39m[22m
[2m     [90m     |[39m                             [31m[1m^[22m[2m[39m[22m
[2m     [90m 202 |[39m[22m
[2m     [90m 203 |[39m         [36mif[39m (shouldHavePhone) {[22m
[2m     [90m 204 |[39m           expect(result[33m.[39mphone)[33m.[39mtoBeTruthy()[33m;[39m[0m[22m
[2m[22m
[2m      [2mat [22m[2m[0m[36mtests/unit/contactParsingAdvanced.test.ts[39m[0m[2m:201:29[22m[2m[22m
[2m          at Array.forEach (<anonymous>)[22m
[2m      [2mat Object.<anonymous> ([22m[2m[0m[36mtests/unit/contactParsingAdvanced.test.ts[39m[0m[2m:199:23)[22m[2m[22m

[1m[31m  [1m● [22m[1mAdvanced Contact Parsing and Validation › Contact String Parsing › should handle various contact string separators[39m[22m

    [2mexpect([22m[31mreceived[39m[2m).[22mtoBe[2m([22m[32mexpected[39m[2m) // Object.is equality[22m

    Expected: [32m"John Smith"[39m
    Received: [31m"John Smith[7m /[27m"[39m
[2m[22m
[2m    [0m [90m 225 |[39m       separatorTests[33m.[39mforEach((contactStr) [33m=>[39m {[22m
[2m     [90m 226 |[39m         [36mconst[39m result [33m=[39m parseContactString(contactStr)[33m;[39m[22m
[2m    [31m[1m>[22m[2m[39m[90m 227 |[39m         expect(result[33m.[39mname)[33m.[39mtoBe([32m'John Smith'[39m)[33m;[39m[22m
[2m     [90m     |[39m                             [31m[1m^[22m[2m[39m[22m
[2m     [90m 228 |[39m         expect(result[33m.[39mphone[33m?[39m[33m.[39misValid)[33m.[39mtoBe([36mtrue[39m)[33m;[39m[22m
[2m     [90m 229 |[39m       })[33m;[39m[22m
[2m     [90m 230 |[39m     })[33m;[39m[0m[22m
[2m[22m
[2m      [2mat [22m[2m[0m[36mtests/unit/contactParsingAdvanced.test.ts[39m[0m[2m:227:29[22m[2m[22m
[2m          at Array.forEach (<anonymous>)[22m
[2m      [2mat Object.<anonymous> ([22m[2m[0m[36mtests/unit/contactParsingAdvanced.test.ts[39m[0m[2m:225:22)[22m[2m[22m

[1m[31m  [1m● [22m[1mAdvanced Contact Parsing and Validation › Contact String Parsing › should handle malformed contact strings gracefully[39m[22m

    [2mexpect([22m[31mreceived[39m[2m).[22mtoContain[2m([22m[32mexpected[39m[2m) // indexOf[22m

    Expected value: [32m"Contact string is required"[39m
    Received array: [31m["Name is required", "Either phone number or email is required"][39m
[2m[22m
[2m    [0m [90m 245 |[39m         [36mif[39m (str [33m===[39m [32m''[39m [33m||[39m str [33m===[39m [32m'   '[39m [33m||[39m str [33m===[39m [36mnull[39m [33m||[39m str [33m===[39m undefined) {[22m
[2m     [90m 246 |[39m           expect(result[33m.[39misValid)[33m.[39mtoBe([36mfalse[39m)[33m;[39m[22m
[2m    [31m[1m>[22m[2m[39m[90m 247 |[39m           expect(result[33m.[39merrors)[33m.[39mtoContain([32m'Contact string is required'[39m)[33m;[39m[22m
[2m     [90m     |[39m                                 [31m[1m^[22m[2m[39m[22m
[2m     [90m 248 |[39m         } [36melse[39m [36mif[39m (str [33m===[39m [32m'Just a name'[39m) {[22m
[2m     [90m 249 |[39m           expect(result[33m.[39misValid)[33m.[39mtoBe([36mfalse[39m)[33m;[39m[22m
[2m     [90m 250 |[39m           expect(result[33m.[39merrors)[33m.[39mtoContain([32m'Either phone number or email is required'[39m)[33m;[39m[0m[22m
[2m[22m
[2m      [2mat [22m[2m[0m[36mtests/unit/contactParsingAdvanced.test.ts[39m[0m[2m:247:33[22m[2m[22m
[2m          at Array.forEach (<anonymous>)[22m
[2m      [2mat Object.<anonymous> ([22m[2m[0m[36mtests/unit/contactParsingAdvanced.test.ts[39m[0m[2m:243:24)[22m[2m[22m

[1m[31m  [1m● [22m[1mAdvanced Contact Parsing and Validation › International and Unicode Support › should handle emoji and special characters in contact strings[39m[22m

    [2mexpect([22m[31mreceived[39m[2m).[22mtoBe[2m([22m[32mexpected[39m[2m) // Object.is equality[22m

    Expected: [32mtrue[39m
    Received: [31mundefined[39m
[2m[22m
[2m    [0m [90m 408 |[39m         [36mconst[39m result [33m=[39m parseContactString(contactStr)[33m;[39m[22m
[2m     [90m 409 |[39m         expect(result[33m.[39mname)[33m.[39mtoBeTruthy()[33m;[39m[22m
[2m    [31m[1m>[22m[2m[39m[90m 410 |[39m         expect(result[33m.[39mphone[33m?[39m[33m.[39misValid)[33m.[39mtoBe([36mtrue[39m)[33m;[39m[22m
[2m     [90m     |[39m                                       [31m[1m^[22m[2m[39m[22m
[2m     [90m 411 |[39m       })[33m;[39m[22m
[2m     [90m 412 |[39m     })[33m;[39m[22m
[2m     [90m 413 |[39m[0m[22m
[2m[22m
[2m      [2mat [22m[2m[0m[36mtests/unit/contactParsingAdvanced.test.ts[39m[0m[2m:410:39[22m[2m[22m
[2m          at Array.forEach (<anonymous>)[22m
[2m      [2mat Object.<anonymous> ([22m[2m[0m[36mtests/unit/contactParsingAdvanced.test.ts[39m[0m[2m:407:20)[22m[2m[22m

[1m[31m  [1m● [22m[1mAdvanced Contact Parsing and Validation › International and Unicode Support › should validate international domain emails[39m[22m

    [2mexpect([22m[31mreceived[39m[2m).[22mtoBe[2m([22m[32mexpected[39m[2m) // Object.is equality[22m

    Expected: [32mtrue[39m
    Received: [31mfalse[39m
[2m[22m
[2m    [0m [90m 424 |[39m         [36mconst[39m result [33m=[39m validateEmail(email)[33m;[39m[22m
[2m     [90m 425 |[39m         [90m// These should work with the current regex[39m[22m
[2m    [31m[1m>[22m[2m[39m[90m 426 |[39m         expect(result[33m.[39misValid)[33m.[39mtoBe([36mtrue[39m)[33m;[39m[22m
[2m     [90m     |[39m                                [31m[1m^[22m[2m[39m[22m
[2m     [90m 427 |[39m       })[33m;[39m[22m
[2m     [90m 428 |[39m     })[33m;[39m[22m
[2m     [90m 429 |[39m   })[33m;[39m[0m[22m
[2m[22m
[2m      [2mat [22m[2m[0m[36mtests/unit/contactParsingAdvanced.test.ts[39m[0m[2m:426:32[22m[2m[22m
[2m          at Array.forEach (<anonymous>)[22m
[2m      [2mat Object.<anonymous> ([22m[2m[0m[36mtests/unit/contactParsingAdvanced.test.ts[39m[0m[2m:423:32)[22m[2m[22m

[1m[31m  [1m● [22m[1mAdvanced Contact Parsing and Validation › Edge Cases and Error Handling › should handle multiple phone numbers in contact string[39m[22m

    [2mexpect([22m[31mreceived[39m[2m).[22mtoBe[2m([22m[32mexpected[39m[2m) // Object.is equality[22m

    Expected: [32m"John Smith"[39m
    Received: [31m"John Smith[7mor 647-555-5678[27m"[39m
[2m[22m
[2m    [0m [90m 445 |[39m       [90m// Should extract the first phone number found[39m[22m
[2m     [90m 446 |[39m       expect(result[33m.[39mphone[33m?[39m[33m.[39misValid)[33m.[39mtoBe([36mtrue[39m)[33m;[39m[22m
[2m    [31m[1m>[22m[2m[39m[90m 447 |[39m       expect(result[33m.[39mname)[33m.[39mtoBe([32m'John Smith'[39m)[33m;[39m[22m
[2m     [90m     |[39m                           [31m[1m^[22m[2m[39m[22m
[2m     [90m 448 |[39m     })[33m;[39m[22m
[2m     [90m 449 |[39m[22m
[2m     [90m 450 |[39m     it([32m'should handle contacts with no names (phone/email only)'[39m[33m,[39m () [33m=>[39m {[0m[22m
[2m[22m
[2m      [2mat Object.<anonymous> ([22m[2m[0m[36mtests/unit/contactParsingAdvanced.test.ts[39m[0m[2m:447:27)[22m[2m[22m

[0m[7m[1m[31m FAIL [39m[22m[27m[0m [2mtests/unit/[22m[1mgptPlanningAgent.test.ts[22m
[1m[31m  [1m● [22m[1mGPTPlanningAgentService › processMessage › should process a simple message successfully[39m[22m

    TypeError: mockCreateCompletion.mockResolvedValueOnce is not a function
[2m[22m
[2m    [0m [90m 72 |[39m       [90m// Mock intent analysis[39m[22m
[2m     [90m 73 |[39m       mockCreateCompletion[22m
[2m    [31m[1m>[22m[2m[39m[90m 74 |[39m         [33m.[39mmockResolvedValueOnce({[22m
[2m     [90m    |[39m          [31m[1m^[22m[2m[39m[22m
[2m     [90m 75 |[39m           choices[33m:[39m [{[22m
[2m     [90m 76 |[39m             message[33m:[39m {[22m
[2m     [90m 77 |[39m               content[33m:[39m [32m'Primary intent: Generate lesson activities\nKey entities: math\nRequired actions: suggest activities\nFollow-up: What grade level?'[39m[0m[22m
[2m[22m
[2m      [2mat Object.<anonymous> ([22m[2m[0m[36mtests/unit/gptPlanningAgent.test.ts[39m[0m[2m:74:10)[22m[2m[22m

[1m[31m  [1m● [22m[1mGPTPlanningAgentService › processMessage › should handle messages with actions[39m[22m

    TypeError: mockCreateCompletion.mockResolvedValueOnce is not a function
[2m[22m
[2m    [0m [90m 109 |[39m       [22m
[2m     [90m 110 |[39m       mockCreateCompletion[22m
[2m    [31m[1m>[22m[2m[39m[90m 111 |[39m         [33m.[39mmockResolvedValueOnce({[22m
[2m     [90m     |[39m          [31m[1m^[22m[2m[39m[22m
[2m     [90m 112 |[39m           choices[33m:[39m [{[22m
[2m     [90m 113 |[39m             message[33m:[39m { content[33m:[39m [32m'Intent: generate activities for fractions'[39m }[22m
[2m     [90m 114 |[39m           }][0m[22m
[2m[22m
[2m      [2mat Object.<anonymous> ([22m[2m[0m[36mtests/unit/gptPlanningAgent.test.ts[39m[0m[2m:111:10)[22m[2m[22m

[1m[31m  [1m● [22m[1mGPTPlanningAgentService › processMessage › should handle API errors gracefully[39m[22m

    TypeError: mockCreateCompletion.mockRejectedValueOnce is not a function
[2m[22m
[2m    [0m [90m 151 |[39m[22m
[2m     [90m 152 |[39m     it([32m'should handle API errors gracefully'[39m[33m,[39m [36masync[39m () [33m=>[39m {[22m
[2m    [31m[1m>[22m[2m[39m[90m 153 |[39m       mockCreateCompletion[33m.[39mmockRejectedValueOnce([36mnew[39m [33mError[39m([32m'API Error'[39m))[33m;[39m[22m
[2m     [90m     |[39m                            [31m[1m^[22m[2m[39m[22m
[2m     [90m 154 |[39m[22m
[2m     [90m 155 |[39m       [36mconst[39m result [33m=[39m [36mawait[39m service[33m.[39mprocessMessage(sessionId[33m,[39m [32m'test message'[39m)[33m;[39m[22m
[2m     [90m 156 |[39m[0m[22m
[2m[22m
[2m      [2mat Object.<anonymous> ([22m[2m[0m[36mtests/unit/gptPlanningAgent.test.ts[39m[0m[2m:153:28)[22m[2m[22m

[1m[31m  [1m● [22m[1mGPTPlanningAgentService › processMessage › should maintain conversation context[39m[22m

    TypeError: mockCreateCompletion.mockResolvedValueOnce is not a function
[2m[22m
[2m    [0m [90m 164 |[39m       [90m// First message[39m[22m
[2m     [90m 165 |[39m       mockCreateCompletion[22m
[2m    [31m[1m>[22m[2m[39m[90m 166 |[39m         [33m.[39mmockResolvedValueOnce({ choices[33m:[39m [{ message[33m:[39m { content[33m:[39m [32m'Analysis 1'[39m } }] })[22m
[2m     [90m     |[39m          [31m[1m^[22m[2m[39m[22m
[2m     [90m 167 |[39m         [33m.[39mmockResolvedValueOnce({[22m
[2m     [90m 168 |[39m           choices[33m:[39m [{[22m
[2m     [90m 169 |[39m             message[33m:[39m {[0m[22m
[2m[22m
[2m      [2mat Object.<anonymous> ([22m[2m[0m[36mtests/unit/gptPlanningAgent.test.ts[39m[0m[2m:166:10)[22m[2m[22m

[1m[31m  [1m● [22m[1mGPTPlanningAgentService › processMessage › should limit conversation history to 10 messages[39m[22m

    TypeError: mockCreateCompletion.mockResolvedValueOnce is not a function
[2m[22m
[2m    [0m [90m 203 |[39m       [36mfor[39m ([36mlet[39m i [33m=[39m [35m0[39m[33m;[39m i [33m<[39m [35m12[39m[33m;[39m i[33m++[39m) {[22m
[2m     [90m 204 |[39m         mockCreateCompletion[22m
[2m    [31m[1m>[22m[2m[39m[90m 205 |[39m           [33m.[39mmockResolvedValueOnce({ choices[33m:[39m [{ message[33m:[39m { content[33m:[39m [32m'Analysis'[39m } }] })[22m
[2m     [90m     |[39m            [31m[1m^[22m[2m[39m[22m
[2m     [90m 206 |[39m           [33m.[39mmockResolvedValueOnce({[22m
[2m     [90m 207 |[39m             choices[33m:[39m [{[22m
[2m     [90m 208 |[39m               message[33m:[39m {[0m[22m
[2m[22m
[2m      [2mat Object.<anonymous> ([22m[2m[0m[36mtests/unit/gptPlanningAgent.test.ts[39m[0m[2m:205:12)[22m[2m[22m

[1m[31m  [1m● [22m[1mGPTPlanningAgentService › getConversationHistory › should return conversation history with timestamps[39m[22m

    TypeError: mockCreateCompletion.mockResolvedValueOnce is not a function
[2m[22m
[2m    [0m [90m 246 |[39m       [90m// Add a message[39m[22m
[2m     [90m 247 |[39m       mockCreateCompletion[22m
[2m    [31m[1m>[22m[2m[39m[90m 248 |[39m         [33m.[39mmockResolvedValueOnce({ choices[33m:[39m [{ message[33m:[39m { content[33m:[39m [32m'Analysis'[39m } }] })[22m
[2m     [90m     |[39m          [31m[1m^[22m[2m[39m[22m
[2m     [90m 249 |[39m         [33m.[39mmockResolvedValueOnce({[22m
[2m     [90m 250 |[39m           choices[33m:[39m [{[22m
[2m     [90m 251 |[39m             message[33m:[39m {[0m[22m
[2m[22m
[2m      [2mat Object.<anonymous> ([22m[2m[0m[36mtests/unit/gptPlanningAgent.test.ts[39m[0m[2m:248:10)[22m[2m[22m

[1m[31m  [1m● [22m[1mGPTPlanningAgentService › getQuickActions › should suggest lesson planning for unit plans with few lessons[39m[22m

    TypeError: upcomingUnitPlans is not iterable
[2m[22m
[2m    [0m [90m 394 |[39m[22m
[2m     [90m 395 |[39m     [90m// Suggest lesson planning for upcoming unit plans with few lessons[39m[22m
[2m    [31m[1m>[22m[2m[39m[90m 396 |[39m     [36mfor[39m ([36mconst[39m unitPlan [36mof[39m upcomingUnitPlans) {[22m
[2m     [90m     |[39m                            [31m[1m^[22m[2m[39m[22m
[2m     [90m 397 |[39m       [36mif[39m (unitPlan[33m.[39mlessonPlans[33m.[39mlength [33m<[39m [35m3[39m) {[22m
[2m     [90m 398 |[39m         suggestions[33m.[39mpush({[22m
[2m     [90m 399 |[39m           label[33m:[39m [32m`Create lesson plans for "${unitPlan.title}"`[39m[33m,[39m[0m[22m
[2m[22m
[2m      [2mat GPTPlanningAgentService.getQuickActions ([22m[2msrc/services/gptPlanningAgent.ts[2m:396:28)[22m[2m[22m
[2m      [2mat Object.<anonymous> ([22m[2m[0m[36mtests/unit/gptPlanningAgent.test.ts[39m[0m[2m:300:27)[22m[2m[22m

[1m[31m  [1m● [22m[1mGPTPlanningAgentService › getQuickActions › should suggest weekly planning on Thursday or later[39m[22m

    TypeError: Date.now is not a function
[2m[22m
[2m    [0m [90m 382 |[39m         startDate[33m:[39m {[22m
[2m     [90m 383 |[39m           gte[33m:[39m [36mnew[39m [33mDate[39m()[33m,[39m[22m
[2m    [31m[1m>[22m[2m[39m[90m 384 |[39m           lte[33m:[39m [36mnew[39m [33mDate[39m([33mDate[39m[33m.[39mnow() [33m+[39m [35m30[39m [33m*[39m [35m24[39m [33m*[39m [35m60[39m [33m*[39m [35m60[39m [33m*[39m [35m1000[39m)[33m,[39m [90m// Next 30 days[39m[22m
[2m     [90m     |[39m                              [31m[1m^[22m[2m[39m[22m
[2m     [90m 385 |[39m         }[33m,[39m[22m
[2m     [90m 386 |[39m       }[33m,[39m[22m
[2m     [90m 387 |[39m       include[33m:[39m {[0m[22m
[2m[22m
[2m      [2mat GPTPlanningAgentService.getQuickActions ([22m[2msrc/services/gptPlanningAgent.ts[2m:384:30)[22m[2m[22m
[2m      [2mat Object.<anonymous> ([22m[2m[0m[36mtests/unit/gptPlanningAgent.test.ts[39m[0m[2m:325:41)[22m[2m[22m

[1m[31m  [1m● [22m[1mGPTPlanningAgentService › getQuickActions › should always include coverage analysis[39m[22m

    TypeError: upcomingUnitPlans is not iterable
[2m[22m
[2m    [0m [90m 394 |[39m[22m
[2m     [90m 395 |[39m     [90m// Suggest lesson planning for upcoming unit plans with few lessons[39m[22m
[2m    [31m[1m>[22m[2m[39m[90m 396 |[39m     [36mfor[39m ([36mconst[39m unitPlan [36mof[39m upcomingUnitPlans) {[22m
[2m     [90m     |[39m                            [31m[1m^[22m[2m[39m[22m
[2m     [90m 397 |[39m       [36mif[39m (unitPlan[33m.[39mlessonPlans[33m.[39mlength [33m<[39m [35m3[39m) {[22m
[2m     [90m 398 |[39m         suggestions[33m.[39mpush({[22m
[2m     [90m 399 |[39m           label[33m:[39m [32m`Create lesson plans for "${unitPlan.title}"`[39m[33m,[39m[0m[22m
[2m[22m
[2m      [2mat GPTPlanningAgentService.getQuickActions ([22m[2msrc/services/gptPlanningAgent.ts[2m:396:28)[22m[2m[22m
[2m      [2mat Object.<anonymous> ([22m[2m[0m[36mtests/unit/gptPlanningAgent.test.ts[39m[0m[2m:343:27)[22m[2m[22m

[1m[31m  [1m● [22m[1mGPTPlanningAgentService › getQuickActions › should limit suggestions to 4[39m[22m

    TypeError: upcomingUnitPlans is not iterable
[2m[22m
[2m    [0m [90m 394 |[39m[22m
[2m     [90m 395 |[39m     [90m// Suggest lesson planning for upcoming unit plans with few lessons[39m[22m
[2m    [31m[1m>[22m[2m[39m[90m 396 |[39m     [36mfor[39m ([36mconst[39m unitPlan [36mof[39m upcomingUnitPlans) {[22m
[2m     [90m     |[39m                            [31m[1m^[22m[2m[39m[22m
[2m     [90m 397 |[39m       [36mif[39m (unitPlan[33m.[39mlessonPlans[33m.[39mlength [33m<[39m [35m3[39m) {[22m
[2m     [90m 398 |[39m         suggestions[33m.[39mpush({[22m
[2m     [90m 399 |[39m           label[33m:[39m [32m`Create lesson plans for "${unitPlan.title}"`[39m[33m,[39m[0m[22m
[2m[22m
[2m      [2mat GPTPlanningAgentService.getQuickActions ([22m[2msrc/services/gptPlanningAgent.ts[2m:396:28)[22m[2m[22m
[2m      [2mat Object.<anonymous> ([22m[2m[0m[36mtests/unit/gptPlanningAgent.test.ts[39m[0m[2m:368:27)[22m[2m[22m

[1m[31m  [1m● [22m[1mGPTPlanningAgentService › Action execution › should execute generate_activity action[39m[22m

    TypeError: mockCreateCompletion.mockResolvedValueOnce is not a function
[2m[22m
[2m    [0m [90m 416 |[39m     it([32m'should execute generate_activity action'[39m[33m,[39m [36masync[39m () [33m=>[39m {[22m
[2m     [90m 417 |[39m       mockCreateCompletion[22m
[2m    [31m[1m>[22m[2m[39m[90m 418 |[39m         [33m.[39mmockResolvedValueOnce({ choices[33m:[39m [{ message[33m:[39m { content[33m:[39m [32m'Analysis'[39m } }] })[22m
[2m     [90m     |[39m          [31m[1m^[22m[2m[39m[22m
[2m     [90m 419 |[39m         [33m.[39mmockResolvedValueOnce({[22m
[2m     [90m 420 |[39m           choices[33m:[39m [{[22m
[2m     [90m 421 |[39m             message[33m:[39m {[0m[22m
[2m[22m
[2m      [2mat Object.<anonymous> ([22m[2m[0m[36mtests/unit/gptPlanningAgent.test.ts[39m[0m[2m:418:10)[22m[2m[22m

[1m[31m  [1m● [22m[1mGPTPlanningAgentService › Action execution › should execute generate_plan action[39m[22m

    TypeError: mockCreateCompletion.mockResolvedValueOnce is not a function
[2m[22m
[2m    [0m [90m 444 |[39m     it([32m'should execute generate_plan action'[39m[33m,[39m [36masync[39m () [33m=>[39m {[22m
[2m     [90m 445 |[39m       mockCreateCompletion[22m
[2m    [31m[1m>[22m[2m[39m[90m 446 |[39m         [33m.[39mmockResolvedValueOnce({ choices[33m:[39m [{ message[33m:[39m { content[33m:[39m [32m'Analysis'[39m } }] })[22m
[2m     [90m     |[39m          [31m[1m^[22m[2m[39m[22m
[2m     [90m 447 |[39m         [33m.[39mmockResolvedValueOnce({[22m
[2m     [90m 448 |[39m           choices[33m:[39m [{[22m
[2m     [90m 449 |[39m             message[33m:[39m {[0m[22m
[2m[22m
[2m      [2mat Object.<anonymous> ([22m[2m[0m[36mtests/unit/gptPlanningAgent.test.ts[39m[0m[2m:446:10)[22m[2m[22m

[1m[31m  [1m● [22m[1mGPTPlanningAgentService › Action execution › should execute analyze_coverage action[39m[22m

    TypeError: mockCreateCompletion.mockResolvedValueOnce is not a function
[2m[22m
[2m    [0m [90m 472 |[39m     it([32m'should execute analyze_coverage action'[39m[33m,[39m [36masync[39m () [33m=>[39m {[22m
[2m     [90m 473 |[39m       mockCreateCompletion[22m
[2m    [31m[1m>[22m[2m[39m[90m 474 |[39m         [33m.[39mmockResolvedValueOnce({ choices[33m:[39m [{ message[33m:[39m { content[33m:[39m [32m'Analysis'[39m } }] })[22m
[2m     [90m     |[39m          [31m[1m^[22m[2m[39m[22m
[2m     [90m 475 |[39m         [33m.[39mmockResolvedValueOnce({[22m
[2m     [90m 476 |[39m           choices[33m:[39m [{[22m
[2m     [90m 477 |[39m             message[33m:[39m {[0m[22m
[2m[22m
[2m      [2mat Object.<anonymous> ([22m[2m[0m[36mtests/unit/gptPlanningAgent.test.ts[39m[0m[2m:474:10)[22m[2m[22m

[1m[31m  [1m● [22m[1mGPTPlanningAgentService › Action execution › should handle unknown action types[39m[22m

    TypeError: mockCreateCompletion.mockResolvedValueOnce is not a function
[2m[22m
[2m    [0m [90m 500 |[39m     it([32m'should handle unknown action types'[39m[33m,[39m [36masync[39m () [33m=>[39m {[22m
[2m     [90m 501 |[39m       mockCreateCompletion[22m
[2m    [31m[1m>[22m[2m[39m[90m 502 |[39m         [33m.[39mmockResolvedValueOnce({ choices[33m:[39m [{ message[33m:[39m { content[33m:[39m [32m'Analysis'[39m } }] })[22m
[2m     [90m     |[39m          [31m[1m^[22m[2m[39m[22m
[2m     [90m 503 |[39m         [33m.[39mmockResolvedValueOnce({[22m
[2m     [90m 504 |[39m           choices[33m:[39m [{[22m
[2m     [90m 505 |[39m             message[33m:[39m {[0m[22m
[2m[22m
[2m      [2mat Object.<anonymous> ([22m[2m[0m[36mtests/unit/gptPlanningAgent.test.ts[39m[0m[2m:502:10)[22m[2m[22m

[1m[31m  [1m● [22m[1mGPTPlanningAgentService › Action execution › should handle action execution errors[39m[22m

    TypeError: mockCreateCompletion.mockResolvedValueOnce is not a function
[2m[22m
[2m    [0m [90m 526 |[39m[22m
[2m     [90m 527 |[39m       mockCreateCompletion[22m
[2m    [31m[1m>[22m[2m[39m[90m 528 |[39m         [33m.[39mmockResolvedValueOnce({ choices[33m:[39m [{ message[33m:[39m { content[33m:[39m [32m'Analysis'[39m } }] })[22m
[2m     [90m     |[39m          [31m[1m^[22m[2m[39m[22m
[2m     [90m 529 |[39m         [33m.[39mmockResolvedValueOnce({[22m
[2m     [90m 530 |[39m           choices[33m:[39m [{[22m
[2m     [90m 531 |[39m             message[33m:[39m {[0m[22m
[2m[22m
[2m      [2mat Object.<anonymous> ([22m[2m[0m[36mtests/unit/gptPlanningAgent.test.ts[39m[0m[2m:528:10)[22m[2m[22m

[1m[31m  [1m● [22m[1mGPTPlanningAgentService › Fallback responses › should provide activity-related fallback[39m[22m

    TypeError: mockCreateCompletion.mockResolvedValueOnce is not a function
[2m[22m
[2m    [0m [90m 557 |[39m     it([32m'should provide activity-related fallback'[39m[33m,[39m [36masync[39m () [33m=>[39m {[22m
[2m     [90m 558 |[39m       mockCreateCompletion[22m
[2m    [31m[1m>[22m[2m[39m[90m 559 |[39m         [33m.[39mmockResolvedValueOnce({ choices[33m:[39m [{ message[33m:[39m { content[33m:[39m [32m'Analysis'[39m } }] })[22m
[2m     [90m     |[39m          [31m[1m^[22m[2m[39m[22m
[2m     [90m 560 |[39m         [33m.[39mmockRejectedValueOnce([36mnew[39m [33mError[39m([32m'Response generation failed'[39m))[33m;[39m[22m
[2m     [90m 561 |[39m[22m
[2m     [90m 562 |[39m       [36mconst[39m result [33m=[39m [36mawait[39m service[33m.[39mprocessMessage(sessionId[33m,[39m [32m'I need an activity for tomorrow'[39m)[33m;[39m[0m[22m
[2m[22m
[2m      [2mat Object.<anonymous> ([22m[2m[0m[36mtests/unit/gptPlanningAgent.test.ts[39m[0m[2m:559:10)[22m[2m[22m

[1m[31m  [1m● [22m[1mGPTPlanningAgentService › Fallback responses › should provide planning-related fallback[39m[22m

    TypeError: mockCreateCompletion.mockResolvedValueOnce is not a function
[2m[22m
[2m    [0m [90m 568 |[39m     it([32m'should provide planning-related fallback'[39m[33m,[39m [36masync[39m () [33m=>[39m {[22m
[2m     [90m 569 |[39m       mockCreateCompletion[22m
[2m    [31m[1m>[22m[2m[39m[90m 570 |[39m         [33m.[39mmockResolvedValueOnce({ choices[33m:[39m [{ message[33m:[39m { content[33m:[39m [32m'Analysis'[39m } }] })[22m
[2m     [90m     |[39m          [31m[1m^[22m[2m[39m[22m
[2m     [90m 571 |[39m         [33m.[39mmockRejectedValueOnce([36mnew[39m [33mError[39m([32m'Response generation failed'[39m))[33m;[39m[22m
[2m     [90m 572 |[39m[22m
[2m     [90m 573 |[39m       [36mconst[39m result [33m=[39m [36mawait[39m service[33m.[39mprocessMessage(sessionId[33m,[39m [32m'Help me plan next week'[39m)[33m;[39m[0m[22m
[2m[22m
[2m      [2mat Object.<anonymous> ([22m[2m[0m[36mtests/unit/gptPlanningAgent.test.ts[39m[0m[2m:570:10)[22m[2m[22m

[1m[31m  [1m● [22m[1mGPTPlanningAgentService › Fallback responses › should provide coverage-related fallback[39m[22m

    TypeError: mockCreateCompletion.mockResolvedValueOnce is not a function
[2m[22m
[2m    [0m [90m 578 |[39m     it([32m'should provide coverage-related fallback'[39m[33m,[39m [36masync[39m () [33m=>[39m {[22m
[2m     [90m 579 |[39m       mockCreateCompletion[22m
[2m    [31m[1m>[22m[2m[39m[90m 580 |[39m         [33m.[39mmockResolvedValueOnce({ choices[33m:[39m [{ message[33m:[39m { content[33m:[39m [32m'Analysis'[39m } }] })[22m
[2m     [90m     |[39m          [31m[1m^[22m[2m[39m[22m
[2m     [90m 581 |[39m         [33m.[39mmockRejectedValueOnce([36mnew[39m [33mError[39m([32m'Response generation failed'[39m))[33m;[39m[22m
[2m     [90m 582 |[39m[22m
[2m     [90m 583 |[39m       [36mconst[39m result [33m=[39m [36mawait[39m service[33m.[39mprocessMessage(sessionId[33m,[39m [32m'Check my curriculum coverage'[39m)[33m;[39m[0m[22m
[2m[22m
[2m      [2mat Object.<anonymous> ([22m[2m[0m[36mtests/unit/gptPlanningAgent.test.ts[39m[0m[2m:580:10)[22m[2m[22m

[1m[31m  [1m● [22m[1mGPTPlanningAgentService › Fallback responses › should provide help-related fallback[39m[22m

    TypeError: mockCreateCompletion.mockResolvedValueOnce is not a function
[2m[22m
[2m    [0m [90m 588 |[39m     it([32m'should provide help-related fallback'[39m[33m,[39m [36masync[39m () [33m=>[39m {[22m
[2m     [90m 589 |[39m       mockCreateCompletion[22m
[2m    [31m[1m>[22m[2m[39m[90m 590 |[39m         [33m.[39mmockResolvedValueOnce({ choices[33m:[39m [{ message[33m:[39m { content[33m:[39m [32m'Analysis'[39m } }] })[22m
[2m     [90m     |[39m          [31m[1m^[22m[2m[39m[22m
[2m     [90m 591 |[39m         [33m.[39mmockRejectedValueOnce([36mnew[39m [33mError[39m([32m'Response generation failed'[39m))[33m;[39m[22m
[2m     [90m 592 |[39m[22m
[2m     [90m 593 |[39m       [36mconst[39m result [33m=[39m [36mawait[39m service[33m.[39mprocessMessage(sessionId[33m,[39m [32m'I need help'[39m)[33m;[39m[0m[22m
[2m[22m
[2m      [2mat Object.<anonymous> ([22m[2m[0m[36mtests/unit/gptPlanningAgent.test.ts[39m[0m[2m:590:10)[22m[2m[22m

[1m[31m  [1m● [22m[1mGPTPlanningAgentService › Fallback responses › should provide generic fallback for unrecognized input[39m[22m

    TypeError: mockCreateCompletion.mockResolvedValueOnce is not a function
[2m[22m
[2m    [0m [90m 599 |[39m     it([32m'should provide generic fallback for unrecognized input'[39m[33m,[39m [36masync[39m () [33m=>[39m {[22m
[2m     [90m 600 |[39m       mockCreateCompletion[22m
[2m    [31m[1m>[22m[2m[39m[90m 601 |[39m         [33m.[39mmockResolvedValueOnce({ choices[33m:[39m [{ message[33m:[39m { content[33m:[39m [32m'Analysis'[39m } }] })[22m
[2m     [90m     |[39m          [31m[1m^[22m[2m[39m[22m
[2m     [90m 602 |[39m         [33m.[39mmockRejectedValueOnce([36mnew[39m [33mError[39m([32m'Response generation failed'[39m))[33m;[39m[22m
[2m     [90m 603 |[39m[22m
[2m     [90m 604 |[39m       [36mconst[39m result [33m=[39m [36mawait[39m service[33m.[39mprocessMessage(sessionId[33m,[39m [32m'Random unrelated message'[39m)[33m;[39m[0m[22m
[2m[22m
[2m      [2mat Object.<anonymous> ([22m[2m[0m[36mtests/unit/gptPlanningAgent.test.ts[39m[0m[2m:601:10)[22m[2m[22m

[1m[31m  [1m● [22m[1mGPTPlanningAgentService › Helper methods › should calculate next Monday correctly[39m[22m

    [2mexpect([22m[31mreceived[39m[2m).[22mtoBe[2m([22m[32mexpected[39m[2m) // Object.is equality[22m

    Expected: [32m"2024-01-[7m15[27m"[39m
    Received: [31m"2024-01-[7m09[27m"[39m
[2m[22m
[2m    [0m [90m 624 |[39m         jest[33m.[39mspyOn(global[33m,[39m [32m'Date'[39m)[33m.[39mmockImplementation(() [33m=>[39m day [36mas[39m any)[33m;[39m[22m
[2m     [90m 625 |[39m         [36mconst[39m nextMonday [33m=[39m service[[32m'getNextMonday'[39m]()[33m;[39m[22m
[2m    [31m[1m>[22m[2m[39m[90m 626 |[39m         expect(nextMonday)[33m.[39mtoBe(expected)[33m;[39m[22m
[2m     [90m     |[39m                            [31m[1m^[22m[2m[39m[22m
[2m     [90m 627 |[39m         jest[33m.[39mrestoreAllMocks()[33m;[39m[22m
[2m     [90m 628 |[39m       })[33m;[39m[22m
[2m     [90m 629 |[39m     })[33m;[39m[0m[22m
[2m[22m
[2m      [2mat [22m[2m[0m[36mtests/unit/gptPlanningAgent.test.ts[39m[0m[2m:626:28[22m[2m[22m
[2m          at Array.forEach (<anonymous>)[22m
[2m      [2mat Object.<anonymous> ([22m[2m[0m[36mtests/unit/gptPlanningAgent.test.ts[39m[0m[2m:623:17)[22m[2m[22m

[0m[7m[1m[31m FAIL [39m[22m[27m[0m [2mtests/unit/[22m[1mllmService.comprehensive.test.ts[22m
[1m[31m  [1m● [22m[1mLLMService Comprehensive Unit Tests › generateContent - Core Functionality › should return placeholder content when no API key is configured[39m[22m

    TypeError: mockGenerateContent.mockResolvedValue is not a function
[2m[22m
[2m    [0m [90m 41 |[39m     [22m
[2m     [90m 42 |[39m     [90m// Setup default mock implementations[39m[22m
[2m    [31m[1m>[22m[2m[39m[90m 43 |[39m     mockGenerateContent[33m.[39mmockResolvedValue([32m'Mock generated content'[39m)[33m;[39m[22m
[2m     [90m    |[39m                         [31m[1m^[22m[2m[39m[22m
[2m     [90m 44 |[39m     mockGenerateBilingualContent[33m.[39mmockResolvedValue({[22m
[2m     [90m 45 |[39m       english[33m:[39m [32m'Mock English content'[39m[33m,[39m[22m
[2m     [90m 46 |[39m       french[33m:[39m [32m'Mock French content'[39m[33m,[39m[0m[22m
[2m[22m
[2m      [2mat Object.<anonymous> ([22m[2m[0m[36mtests/unit/llmService.comprehensive.test.ts[39m[0m[2m:43:25)[22m[2m[22m

[1m[31m  [1m● [22m[1mLLMService Comprehensive Unit Tests › generateContent - Core Functionality › should generate content with user prompt only[39m[22m

    TypeError: mockGenerateContent.mockResolvedValue is not a function
[2m[22m
[2m    [0m [90m 41 |[39m     [22m
[2m     [90m 42 |[39m     [90m// Setup default mock implementations[39m[22m
[2m    [31m[1m>[22m[2m[39m[90m 43 |[39m     mockGenerateContent[33m.[39mmockResolvedValue([32m'Mock generated content'[39m)[33m;[39m[22m
[2m     [90m    |[39m                         [31m[1m^[22m[2m[39m[22m
[2m     [90m 44 |[39m     mockGenerateBilingualContent[33m.[39mmockResolvedValue({[22m
[2m     [90m 45 |[39m       english[33m:[39m [32m'Mock English content'[39m[33m,[39m[22m
[2m     [90m 46 |[39m       french[33m:[39m [32m'Mock French content'[39m[33m,[39m[0m[22m
[2m[22m
[2m      [2mat Object.<anonymous> ([22m[2m[0m[36mtests/unit/llmService.comprehensive.test.ts[39m[0m[2m:43:25)[22m[2m[22m

[1m[31m  [1m● [22m[1mLLMService Comprehensive Unit Tests › generateContent - Core Functionality › should generate content with system message[39m[22m

    TypeError: mockGenerateContent.mockResolvedValue is not a function
[2m[22m
[2m    [0m [90m 41 |[39m     [22m
[2m     [90m 42 |[39m     [90m// Setup default mock implementations[39m[22m
[2m    [31m[1m>[22m[2m[39m[90m 43 |[39m     mockGenerateContent[33m.[39mmockResolvedValue([32m'Mock generated content'[39m)[33m;[39m[22m
[2m     [90m    |[39m                         [31m[1m^[22m[2m[39m[22m
[2m     [90m 44 |[39m     mockGenerateBilingualContent[33m.[39mmockResolvedValue({[22m
[2m     [90m 45 |[39m       english[33m:[39m [32m'Mock English content'[39m[33m,[39m[22m
[2m     [90m 46 |[39m       french[33m:[39m [32m'Mock French content'[39m[33m,[39m[0m[22m
[2m[22m
[2m      [2mat Object.<anonymous> ([22m[2m[0m[36mtests/unit/llmService.comprehensive.test.ts[39m[0m[2m:43:25)[22m[2m[22m

[1m[31m  [1m● [22m[1mLLMService Comprehensive Unit Tests › generateContent - Core Functionality › should handle educational prompts correctly[39m[22m

    TypeError: mockGenerateContent.mockResolvedValue is not a function
[2m[22m
[2m    [0m [90m 41 |[39m     [22m
[2m     [90m 42 |[39m     [90m// Setup default mock implementations[39m[22m
[2m    [31m[1m>[22m[2m[39m[90m 43 |[39m     mockGenerateContent[33m.[39mmockResolvedValue([32m'Mock generated content'[39m)[33m;[39m[22m
[2m     [90m    |[39m                         [31m[1m^[22m[2m[39m[22m
[2m     [90m 44 |[39m     mockGenerateBilingualContent[33m.[39mmockResolvedValue({[22m
[2m     [90m 45 |[39m       english[33m:[39m [32m'Mock English content'[39m[33m,[39m[22m
[2m     [90m 46 |[39m       french[33m:[39m [32m'Mock French content'[39m[33m,[39m[0m[22m
[2m[22m
[2m      [2mat Object.<anonymous> ([22m[2m[0m[36mtests/unit/llmService.comprehensive.test.ts[39m[0m[2m:43:25)[22m[2m[22m

[1m[31m  [1m● [22m[1mLLMService Comprehensive Unit Tests › generateContent - Core Functionality › should handle curriculum-specific prompts[39m[22m

    TypeError: mockGenerateContent.mockResolvedValue is not a function
[2m[22m
[2m    [0m [90m 41 |[39m     [22m
[2m     [90m 42 |[39m     [90m// Setup default mock implementations[39m[22m
[2m    [31m[1m>[22m[2m[39m[90m 43 |[39m     mockGenerateContent[33m.[39mmockResolvedValue([32m'Mock generated content'[39m)[33m;[39m[22m
[2m     [90m    |[39m                         [31m[1m^[22m[2m[39m[22m
[2m     [90m 44 |[39m     mockGenerateBilingualContent[33m.[39mmockResolvedValue({[22m
[2m     [90m 45 |[39m       english[33m:[39m [32m'Mock English content'[39m[33m,[39m[22m
[2m     [90m 46 |[39m       french[33m:[39m [32m'Mock French content'[39m[33m,[39m[0m[22m
[2m[22m
[2m      [2mat Object.<anonymous> ([22m[2m[0m[36mtests/unit/llmService.comprehensive.test.ts[39m[0m[2m:43:25)[22m[2m[22m

[1m[31m  [1m● [22m[1mLLMService Comprehensive Unit Tests › generateContent - Error Handling › should handle missing content gracefully[39m[22m

    TypeError: mockGenerateContent.mockResolvedValue is not a function
[2m[22m
[2m    [0m [90m 41 |[39m     [22m
[2m     [90m 42 |[39m     [90m// Setup default mock implementations[39m[22m
[2m    [31m[1m>[22m[2m[39m[90m 43 |[39m     mockGenerateContent[33m.[39mmockResolvedValue([32m'Mock generated content'[39m)[33m;[39m[22m
[2m     [90m    |[39m                         [31m[1m^[22m[2m[39m[22m
[2m     [90m 44 |[39m     mockGenerateBilingualContent[33m.[39mmockResolvedValue({[22m
[2m     [90m 45 |[39m       english[33m:[39m [32m'Mock English content'[39m[33m,[39m[22m
[2m     [90m 46 |[39m       french[33m:[39m [32m'Mock French content'[39m[33m,[39m[0m[22m
[2m[22m
[2m      [2mat Object.<anonymous> ([22m[2m[0m[36mtests/unit/llmService.comprehensive.test.ts[39m[0m[2m:43:25)[22m[2m[22m

[1m[31m  [1m● [22m[1mLLMService Comprehensive Unit Tests › generateContent - Error Handling › should handle API errors gracefully[39m[22m

    TypeError: mockGenerateContent.mockResolvedValue is not a function
[2m[22m
[2m    [0m [90m 41 |[39m     [22m
[2m     [90m 42 |[39m     [90m// Setup default mock implementations[39m[22m
[2m    [31m[1m>[22m[2m[39m[90m 43 |[39m     mockGenerateContent[33m.[39mmockResolvedValue([32m'Mock generated content'[39m)[33m;[39m[22m
[2m     [90m    |[39m                         [31m[1m^[22m[2m[39m[22m
[2m     [90m 44 |[39m     mockGenerateBilingualContent[33m.[39mmockResolvedValue({[22m
[2m     [90m 45 |[39m       english[33m:[39m [32m'Mock English content'[39m[33m,[39m[22m
[2m     [90m 46 |[39m       french[33m:[39m [32m'Mock French content'[39m[33m,[39m[0m[22m
[2m[22m
[2m      [2mat Object.<anonymous> ([22m[2m[0m[36mtests/unit/llmService.comprehensive.test.ts[39m[0m[2m:43:25)[22m[2m[22m

[1m[31m  [1m● [22m[1mLLMService Comprehensive Unit Tests › generateContent - Error Handling › should handle network timeouts[39m[22m

    TypeError: mockGenerateContent.mockResolvedValue is not a function
[2m[22m
[2m    [0m [90m 41 |[39m     [22m
[2m     [90m 42 |[39m     [90m// Setup default mock implementations[39m[22m
[2m    [31m[1m>[22m[2m[39m[90m 43 |[39m     mockGenerateContent[33m.[39mmockResolvedValue([32m'Mock generated content'[39m)[33m;[39m[22m
[2m     [90m    |[39m                         [31m[1m^[22m[2m[39m[22m
[2m     [90m 44 |[39m     mockGenerateBilingualContent[33m.[39mmockResolvedValue({[22m
[2m     [90m 45 |[39m       english[33m:[39m [32m'Mock English content'[39m[33m,[39m[22m
[2m     [90m 46 |[39m       french[33m:[39m [32m'Mock French content'[39m[33m,[39m[0m[22m
[2m[22m
[2m      [2mat Object.<anonymous> ([22m[2m[0m[36mtests/unit/llmService.comprehensive.test.ts[39m[0m[2m:43:25)[22m[2m[22m

[1m[31m  [1m● [22m[1mLLMService Comprehensive Unit Tests › generateContent - Error Handling › should handle rate limit errors[39m[22m

    TypeError: mockGenerateContent.mockResolvedValue is not a function
[2m[22m
[2m    [0m [90m 41 |[39m     [22m
[2m     [90m 42 |[39m     [90m// Setup default mock implementations[39m[22m
[2m    [31m[1m>[22m[2m[39m[90m 43 |[39m     mockGenerateContent[33m.[39mmockResolvedValue([32m'Mock generated content'[39m)[33m;[39m[22m
[2m     [90m    |[39m                         [31m[1m^[22m[2m[39m[22m
[2m     [90m 44 |[39m     mockGenerateBilingualContent[33m.[39mmockResolvedValue({[22m
[2m     [90m 45 |[39m       english[33m:[39m [32m'Mock English content'[39m[33m,[39m[22m
[2m     [90m 46 |[39m       french[33m:[39m [32m'Mock French content'[39m[33m,[39m[0m[22m
[2m[22m
[2m      [2mat Object.<anonymous> ([22m[2m[0m[36mtests/unit/llmService.comprehensive.test.ts[39m[0m[2m:43:25)[22m[2m[22m

[1m[31m  [1m● [22m[1mLLMService Comprehensive Unit Tests › generateContent - Error Handling › should handle authentication errors[39m[22m

    TypeError: mockGenerateContent.mockResolvedValue is not a function
[2m[22m
[2m    [0m [90m 41 |[39m     [22m
[2m     [90m 42 |[39m     [90m// Setup default mock implementations[39m[22m
[2m    [31m[1m>[22m[2m[39m[90m 43 |[39m     mockGenerateContent[33m.[39mmockResolvedValue([32m'Mock generated content'[39m)[33m;[39m[22m
[2m     [90m    |[39m                         [31m[1m^[22m[2m[39m[22m
[2m     [90m 44 |[39m     mockGenerateBilingualContent[33m.[39mmockResolvedValue({[22m
[2m     [90m 45 |[39m       english[33m:[39m [32m'Mock English content'[39m[33m,[39m[22m
[2m     [90m 46 |[39m       french[33m:[39m [32m'Mock French content'[39m[33m,[39m[0m[22m
[2m[22m
[2m      [2mat Object.<anonymous> ([22m[2m[0m[36mtests/unit/llmService.comprehensive.test.ts[39m[0m[2m:43:25)[22m[2m[22m

[1m[31m  [1m● [22m[1mLLMService Comprehensive Unit Tests › generateBilingualContent - Core Functionality › should return placeholder content in both languages when no API key[39m[22m

    TypeError: mockGenerateContent.mockResolvedValue is not a function
[2m[22m
[2m    [0m [90m 41 |[39m     [22m
[2m     [90m 42 |[39m     [90m// Setup default mock implementations[39m[22m
[2m    [31m[1m>[22m[2m[39m[90m 43 |[39m     mockGenerateContent[33m.[39mmockResolvedValue([32m'Mock generated content'[39m)[33m;[39m[22m
[2m     [90m    |[39m                         [31m[1m^[22m[2m[39m[22m
[2m     [90m 44 |[39m     mockGenerateBilingualContent[33m.[39mmockResolvedValue({[22m
[2m     [90m 45 |[39m       english[33m:[39m [32m'Mock English content'[39m[33m,[39m[22m
[2m     [90m 46 |[39m       french[33m:[39m [32m'Mock French content'[39m[33m,[39m[0m[22m
[2m[22m
[2m      [2mat Object.<anonymous> ([22m[2m[0m[36mtests/unit/llmService.comprehensive.test.ts[39m[0m[2m:43:25)[22m[2m[22m

[1m[31m  [1m● [22m[1mLLMService Comprehensive Unit Tests › generateBilingualContent - Core Functionality › should generate and parse bilingual content correctly[39m[22m

    TypeError: mockGenerateContent.mockResolvedValue is not a function
[2m[22m
[2m    [0m [90m 41 |[39m     [22m
[2m     [90m 42 |[39m     [90m// Setup default mock implementations[39m[22m
[2m    [31m[1m>[22m[2m[39m[90m 43 |[39m     mockGenerateContent[33m.[39mmockResolvedValue([32m'Mock generated content'[39m)[33m;[39m[22m
[2m     [90m    |[39m                         [31m[1m^[22m[2m[39m[22m
[2m     [90m 44 |[39m     mockGenerateBilingualContent[33m.[39mmockResolvedValue({[22m
[2m     [90m 45 |[39m       english[33m:[39m [32m'Mock English content'[39m[33m,[39m[22m
[2m     [90m 46 |[39m       french[33m:[39m [32m'Mock French content'[39m[33m,[39m[0m[22m
[2m[22m
[2m      [2mat Object.<anonymous> ([22m[2m[0m[36mtests/unit/llmService.comprehensive.test.ts[39m[0m[2m:43:25)[22m[2m[22m

[1m[31m  [1m● [22m[1mLLMService Comprehensive Unit Tests › generateBilingualContent - Core Functionality › should handle ETFO bilingual requirements[39m[22m

    TypeError: mockGenerateContent.mockResolvedValue is not a function
[2m[22m
[2m    [0m [90m 41 |[39m     [22m
[2m     [90m 42 |[39m     [90m// Setup default mock implementations[39m[22m
[2m    [31m[1m>[22m[2m[39m[90m 43 |[39m     mockGenerateContent[33m.[39mmockResolvedValue([32m'Mock generated content'[39m)[33m;[39m[22m
[2m     [90m    |[39m                         [31m[1m^[22m[2m[39m[22m
[2m     [90m 44 |[39m     mockGenerateBilingualContent[33m.[39mmockResolvedValue({[22m
[2m     [90m 45 |[39m       english[33m:[39m [32m'Mock English content'[39m[33m,[39m[22m
[2m     [90m 46 |[39m       french[33m:[39m [32m'Mock French content'[39m[33m,[39m[0m[22m
[2m[22m
[2m      [2mat Object.<anonymous> ([22m[2m[0m[36mtests/unit/llmService.comprehensive.test.ts[39m[0m[2m:43:25)[22m[2m[22m

[1m[31m  [1m● [22m[1mLLMService Comprehensive Unit Tests › generateBilingualContent - Core Functionality › should call generateContent with bilingual system message[39m[22m

    TypeError: mockGenerateContent.mockResolvedValue is not a function
[2m[22m
[2m    [0m [90m 41 |[39m     [22m
[2m     [90m 42 |[39m     [90m// Setup default mock implementations[39m[22m
[2m    [31m[1m>[22m[2m[39m[90m 43 |[39m     mockGenerateContent[33m.[39mmockResolvedValue([32m'Mock generated content'[39m)[33m;[39m[22m
[2m     [90m    |[39m                         [31m[1m^[22m[2m[39m[22m
[2m     [90m 44 |[39m     mockGenerateBilingualContent[33m.[39mmockResolvedValue({[22m
[2m     [90m 45 |[39m       english[33m:[39m [32m'Mock English content'[39m[33m,[39m[22m
[2m     [90m 46 |[39m       french[33m:[39m [32m'Mock French content'[39m[33m,[39m[0m[22m
[2m[22m
[2m      [2mat Object.<anonymous> ([22m[2m[0m[36mtests/unit/llmService.comprehensive.test.ts[39m[0m[2m:43:25)[22m[2m[22m

[1m[31m  [1m● [22m[1mLLMService Comprehensive Unit Tests › generateBilingualContent - Error Handling › should handle API errors gracefully[39m[22m

    TypeError: mockGenerateContent.mockResolvedValue is not a function
[2m[22m
[2m    [0m [90m 41 |[39m     [22m
[2m     [90m 42 |[39m     [90m// Setup default mock implementations[39m[22m
[2m    [31m[1m>[22m[2m[39m[90m 43 |[39m     mockGenerateContent[33m.[39mmockResolvedValue([32m'Mock generated content'[39m)[33m;[39m[22m
[2m     [90m    |[39m                         [31m[1m^[22m[2m[39m[22m
[2m     [90m 44 |[39m     mockGenerateBilingualContent[33m.[39mmockResolvedValue({[22m
[2m     [90m 45 |[39m       english[33m:[39m [32m'Mock English content'[39m[33m,[39m[22m
[2m     [90m 46 |[39m       french[33m:[39m [32m'Mock French content'[39m[33m,[39m[0m[22m
[2m[22m
[2m      [2mat Object.<anonymous> ([22m[2m[0m[36mtests/unit/llmService.comprehensive.test.ts[39m[0m[2m:43:25)[22m[2m[22m

[1m[31m  [1m● [22m[1mLLMService Comprehensive Unit Tests › generateBilingualContent - Error Handling › should handle missing language sections[39m[22m

    TypeError: mockGenerateContent.mockResolvedValue is not a function
[2m[22m
[2m    [0m [90m 41 |[39m     [22m
[2m     [90m 42 |[39m     [90m// Setup default mock implementations[39m[22m
[2m    [31m[1m>[22m[2m[39m[90m 43 |[39m     mockGenerateContent[33m.[39mmockResolvedValue([32m'Mock generated content'[39m)[33m;[39m[22m
[2m     [90m    |[39m                         [31m[1m^[22m[2m[39m[22m
[2m     [90m 44 |[39m     mockGenerateBilingualContent[33m.[39mmockResolvedValue({[22m
[2m     [90m 45 |[39m       english[33m:[39m [32m'Mock English content'[39m[33m,[39m[22m
[2m     [90m 46 |[39m       french[33m:[39m [32m'Mock French content'[39m[33m,[39m[0m[22m
[2m[22m
[2m      [2mat Object.<anonymous> ([22m[2m[0m[36mtests/unit/llmService.comprehensive.test.ts[39m[0m[2m:43:25)[22m[2m[22m

[1m[31m  [1m● [22m[1mLLMService Comprehensive Unit Tests › generateBilingualContent - Error Handling › should handle partial content generation[39m[22m

    TypeError: mockGenerateContent.mockResolvedValue is not a function
[2m[22m
[2m    [0m [90m 41 |[39m     [22m
[2m     [90m 42 |[39m     [90m// Setup default mock implementations[39m[22m
[2m    [31m[1m>[22m[2m[39m[90m 43 |[39m     mockGenerateContent[33m.[39mmockResolvedValue([32m'Mock generated content'[39m)[33m;[39m[22m
[2m     [90m    |[39m                         [31m[1m^[22m[2m[39m[22m
[2m     [90m 44 |[39m     mockGenerateBilingualContent[33m.[39mmockResolvedValue({[22m
[2m     [90m 45 |[39m       english[33m:[39m [32m'Mock English content'[39m[33m,[39m[22m
[2m     [90m 46 |[39m       french[33m:[39m [32m'Mock French content'[39m[33m,[39m[0m[22m
[2m[22m
[2m      [2mat Object.<anonymous> ([22m[2m[0m[36mtests/unit/llmService.comprehensive.test.ts[39m[0m[2m:43:25)[22m[2m[22m

[1m[31m  [1m● [22m[1mLLMService Comprehensive Unit Tests › Token Management and Rate Limiting › should respect max_tokens parameter[39m[22m

    TypeError: mockGenerateContent.mockResolvedValue is not a function
[2m[22m
[2m    [0m [90m 41 |[39m     [22m
[2m     [90m 42 |[39m     [90m// Setup default mock implementations[39m[22m
[2m    [31m[1m>[22m[2m[39m[90m 43 |[39m     mockGenerateContent[33m.[39mmockResolvedValue([32m'Mock generated content'[39m)[33m;[39m[22m
[2m     [90m    |[39m                         [31m[1m^[22m[2m[39m[22m
[2m     [90m 44 |[39m     mockGenerateBilingualContent[33m.[39mmockResolvedValue({[22m
[2m     [90m 45 |[39m       english[33m:[39m [32m'Mock English content'[39m[33m,[39m[22m
[2m     [90m 46 |[39m       french[33m:[39m [32m'Mock French content'[39m[33m,[39m[0m[22m
[2m[22m
[2m      [2mat Object.<anonymous> ([22m[2m[0m[36mtests/unit/llmService.comprehensive.test.ts[39m[0m[2m:43:25)[22m[2m[22m

[1m[31m  [1m● [22m[1mLLMService Comprehensive Unit Tests › Token Management and Rate Limiting › should handle token limit exceeded errors[39m[22m

    TypeError: mockGenerateContent.mockResolvedValue is not a function
[2m[22m
[2m    [0m [90m 41 |[39m     [22m
[2m     [90m 42 |[39m     [90m// Setup default mock implementations[39m[22m
[2m    [31m[1m>[22m[2m[39m[90m 43 |[39m     mockGenerateContent[33m.[39mmockResolvedValue([32m'Mock generated content'[39m)[33m;[39m[22m
[2m     [90m    |[39m                         [31m[1m^[22m[2m[39m[22m
[2m     [90m 44 |[39m     mockGenerateBilingualContent[33m.[39mmockResolvedValue({[22m
[2m     [90m 45 |[39m       english[33m:[39m [32m'Mock English content'[39m[33m,[39m[22m
[2m     [90m 46 |[39m       french[33m:[39m [32m'Mock French content'[39m[33m,[39m[0m[22m
[2m[22m
[2m      [2mat Object.<anonymous> ([22m[2m[0m[36mtests/unit/llmService.comprehensive.test.ts[39m[0m[2m:43:25)[22m[2m[22m

[1m[31m  [1m● [22m[1mLLMService Comprehensive Unit Tests › Token Management and Rate Limiting › should track token usage for billing[39m[22m

    TypeError: mockGenerateContent.mockResolvedValue is not a function
[2m[22m
[2m    [0m [90m 41 |[39m     [22m
[2m     [90m 42 |[39m     [90m// Setup default mock implementations[39m[22m
[2m    [31m[1m>[22m[2m[39m[90m 43 |[39m     mockGenerateContent[33m.[39mmockResolvedValue([32m'Mock generated content'[39m)[33m;[39m[22m
[2m     [90m    |[39m                         [31m[1m^[22m[2m[39m[22m
[2m     [90m 44 |[39m     mockGenerateBilingualContent[33m.[39mmockResolvedValue({[22m
[2m     [90m 45 |[39m       english[33m:[39m [32m'Mock English content'[39m[33m,[39m[22m
[2m     [90m 46 |[39m       french[33m:[39m [32m'Mock French content'[39m[33m,[39m[0m[22m
[2m[22m
[2m      [2mat Object.<anonymous> ([22m[2m[0m[36mtests/unit/llmService.comprehensive.test.ts[39m[0m[2m:43:25)[22m[2m[22m

[1m[31m  [1m● [22m[1mLLMService Comprehensive Unit Tests › Token Management and Rate Limiting › should track API usage during tests[39m[22m

    TypeError: mockGenerateContent.mockResolvedValue is not a function
[2m[22m
[2m    [0m [90m 41 |[39m     [22m
[2m     [90m 42 |[39m     [90m// Setup default mock implementations[39m[22m
[2m    [31m[1m>[22m[2m[39m[90m 43 |[39m     mockGenerateContent[33m.[39mmockResolvedValue([32m'Mock generated content'[39m)[33m;[39m[22m
[2m     [90m    |[39m                         [31m[1m^[22m[2m[39m[22m
[2m     [90m 44 |[39m     mockGenerateBilingualContent[33m.[39mmockResolvedValue({[22m
[2m     [90m 45 |[39m       english[33m:[39m [32m'Mock English content'[39m[33m,[39m[22m
[2m     [90m 46 |[39m       french[33m:[39m [32m'Mock French content'[39m[33m,[39m[0m[22m
[2m[22m
[2m      [2mat Object.<anonymous> ([22m[2m[0m[36mtests/unit/llmService.comprehensive.test.ts[39m[0m[2m:43:25)[22m[2m[22m

[1m[31m  [1m● [22m[1mLLMService Comprehensive Unit Tests › Token Management and Rate Limiting › should implement exponential backoff on retries[39m[22m

    TypeError: mockGenerateContent.mockResolvedValue is not a function
[2m[22m
[2m    [0m [90m 41 |[39m     [22m
[2m     [90m 42 |[39m     [90m// Setup default mock implementations[39m[22m
[2m    [31m[1m>[22m[2m[39m[90m 43 |[39m     mockGenerateContent[33m.[39mmockResolvedValue([32m'Mock generated content'[39m)[33m;[39m[22m
[2m     [90m    |[39m                         [31m[1m^[22m[2m[39m[22m
[2m     [90m 44 |[39m     mockGenerateBilingualContent[33m.[39mmockResolvedValue({[22m
[2m     [90m 45 |[39m       english[33m:[39m [32m'Mock English content'[39m[33m,[39m[22m
[2m     [90m 46 |[39m       french[33m:[39m [32m'Mock French content'[39m[33m,[39m[0m[22m
[2m[22m
[2m      [2mat Object.<anonymous> ([22m[2m[0m[36mtests/unit/llmService.comprehensive.test.ts[39m[0m[2m:43:25)[22m[2m[22m

[1m[31m  [1m● [22m[1mLLMService Comprehensive Unit Tests › Input Validation and Safety › should handle empty prompts[39m[22m

    TypeError: mockGenerateContent.mockResolvedValue is not a function
[2m[22m
[2m    [0m [90m 41 |[39m     [22m
[2m     [90m 42 |[39m     [90m// Setup default mock implementations[39m[22m
[2m    [31m[1m>[22m[2m[39m[90m 43 |[39m     mockGenerateContent[33m.[39mmockResolvedValue([32m'Mock generated content'[39m)[33m;[39m[22m
[2m     [90m    |[39m                         [31m[1m^[22m[2m[39m[22m
[2m     [90m 44 |[39m     mockGenerateBilingualContent[33m.[39mmockResolvedValue({[22m
[2m     [90m 45 |[39m       english[33m:[39m [32m'Mock English content'[39m[33m,[39m[22m
[2m     [90m 46 |[39m       french[33m:[39m [32m'Mock French content'[39m[33m,[39m[0m[22m
[2m[22m
[2m      [2mat Object.<anonymous> ([22m[2m[0m[36mtests/unit/llmService.comprehensive.test.ts[39m[0m[2m:43:25)[22m[2m[22m

[1m[31m  [1m● [22m[1mLLMService Comprehensive Unit Tests › Input Validation and Safety › should handle very long prompts[39m[22m

    TypeError: mockGenerateContent.mockResolvedValue is not a function
[2m[22m
[2m    [0m [90m 41 |[39m     [22m
[2m     [90m 42 |[39m     [90m// Setup default mock implementations[39m[22m
[2m    [31m[1m>[22m[2m[39m[90m 43 |[39m     mockGenerateContent[33m.[39mmockResolvedValue([32m'Mock generated content'[39m)[33m;[39m[22m
[2m     [90m    |[39m                         [31m[1m^[22m[2m[39m[22m
[2m     [90m 44 |[39m     mockGenerateBilingualContent[33m.[39mmockResolvedValue({[22m
[2m     [90m 45 |[39m       english[33m:[39m [32m'Mock English content'[39m[33m,[39m[22m
[2m     [90m 46 |[39m       french[33m:[39m [32m'Mock French content'[39m[33m,[39m[0m[22m
[2m[22m
[2m      [2mat Object.<anonymous> ([22m[2m[0m[36mtests/unit/llmService.comprehensive.test.ts[39m[0m[2m:43:25)[22m[2m[22m

[1m[31m  [1m● [22m[1mLLMService Comprehensive Unit Tests › Input Validation and Safety › should handle special characters in prompts[39m[22m

    TypeError: mockGenerateContent.mockResolvedValue is not a function
[2m[22m
[2m    [0m [90m 41 |[39m     [22m
[2m     [90m 42 |[39m     [90m// Setup default mock implementations[39m[22m
[2m    [31m[1m>[22m[2m[39m[90m 43 |[39m     mockGenerateContent[33m.[39mmockResolvedValue([32m'Mock generated content'[39m)[33m;[39m[22m
[2m     [90m    |[39m                         [31m[1m^[22m[2m[39m[22m
[2m     [90m 44 |[39m     mockGenerateBilingualContent[33m.[39mmockResolvedValue({[22m
[2m     [90m 45 |[39m       english[33m:[39m [32m'Mock English content'[39m[33m,[39m[22m
[2m     [90m 46 |[39m       french[33m:[39m [32m'Mock French content'[39m[33m,[39m[0m[22m
[2m[22m
[2m      [2mat Object.<anonymous> ([22m[2m[0m[36mtests/unit/llmService.comprehensive.test.ts[39m[0m[2m:43:25)[22m[2m[22m

[1m[31m  [1m● [22m[1mLLMService Comprehensive Unit Tests › Input Validation and Safety › should sanitize malicious input[39m[22m

    TypeError: mockGenerateContent.mockResolvedValue is not a function
[2m[22m
[2m    [0m [90m 41 |[39m     [22m
[2m     [90m 42 |[39m     [90m// Setup default mock implementations[39m[22m
[2m    [31m[1m>[22m[2m[39m[90m 43 |[39m     mockGenerateContent[33m.[39mmockResolvedValue([32m'Mock generated content'[39m)[33m;[39m[22m
[2m     [90m    |[39m                         [31m[1m^[22m[2m[39m[22m
[2m     [90m 44 |[39m     mockGenerateBilingualContent[33m.[39mmockResolvedValue({[22m
[2m     [90m 45 |[39m       english[33m:[39m [32m'Mock English content'[39m[33m,[39m[22m
[2m     [90m 46 |[39m       french[33m:[39m [32m'Mock French content'[39m[33m,[39m[0m[22m
[2m[22m
[2m      [2mat Object.<anonymous> ([22m[2m[0m[36mtests/unit/llmService.comprehensive.test.ts[39m[0m[2m:43:25)[22m[2m[22m

[1m[31m  [1m● [22m[1mLLMService Comprehensive Unit Tests › Input Validation and Safety › should filter inappropriate content[39m[22m

    TypeError: mockGenerateContent.mockResolvedValue is not a function
[2m[22m
[2m    [0m [90m 41 |[39m     [22m
[2m     [90m 42 |[39m     [90m// Setup default mock implementations[39m[22m
[2m    [31m[1m>[22m[2m[39m[90m 43 |[39m     mockGenerateContent[33m.[39mmockResolvedValue([32m'Mock generated content'[39m)[33m;[39m[22m
[2m     [90m    |[39m                         [31m[1m^[22m[2m[39m[22m
[2m     [90m 44 |[39m     mockGenerateBilingualContent[33m.[39mmockResolvedValue({[22m
[2m     [90m 45 |[39m       english[33m:[39m [32m'Mock English content'[39m[33m,[39m[22m
[2m     [90m 46 |[39m       french[33m:[39m [32m'Mock French content'[39m[33m,[39m[0m[22m
[2m[22m
[2m      [2mat Object.<anonymous> ([22m[2m[0m[36mtests/unit/llmService.comprehensive.test.ts[39m[0m[2m:43:25)[22m[2m[22m

[1m[31m  [1m● [22m[1mLLMService Comprehensive Unit Tests › Input Validation and Safety › should ensure educational appropriateness[39m[22m

    TypeError: mockGenerateContent.mockResolvedValue is not a function
[2m[22m
[2m    [0m [90m 41 |[39m     [22m
[2m     [90m 42 |[39m     [90m// Setup default mock implementations[39m[22m
[2m    [31m[1m>[22m[2m[39m[90m 43 |[39m     mockGenerateContent[33m.[39mmockResolvedValue([32m'Mock generated content'[39m)[33m;[39m[22m
[2m     [90m    |[39m                         [31m[1m^[22m[2m[39m[22m
[2m     [90m 44 |[39m     mockGenerateBilingualContent[33m.[39mmockResolvedValue({[22m
[2m     [90m 45 |[39m       english[33m:[39m [32m'Mock English content'[39m[33m,[39m[22m
[2m     [90m 46 |[39m       french[33m:[39m [32m'Mock French content'[39m[33m,[39m[0m[22m
[2m[22m
[2m      [2mat Object.<anonymous> ([22m[2m[0m[36mtests/unit/llmService.comprehensive.test.ts[39m[0m[2m:43:25)[22m[2m[22m

[1m[31m  [1m● [22m[1mLLMService Comprehensive Unit Tests › Service Availability and Health › should properly mock llmService functions[39m[22m

    TypeError: mockGenerateContent.mockResolvedValue is not a function
[2m[22m
[2m    [0m [90m 41 |[39m     [22m
[2m     [90m 42 |[39m     [90m// Setup default mock implementations[39m[22m
[2m    [31m[1m>[22m[2m[39m[90m 43 |[39m     mockGenerateContent[33m.[39mmockResolvedValue([32m'Mock generated content'[39m)[33m;[39m[22m
[2m     [90m    |[39m                         [31m[1m^[22m[2m[39m[22m
[2m     [90m 44 |[39m     mockGenerateBilingualContent[33m.[39mmockResolvedValue({[22m
[2m     [90m 45 |[39m       english[33m:[39m [32m'Mock English content'[39m[33m,[39m[22m
[2m     [90m 46 |[39m       french[33m:[39m [32m'Mock French content'[39m[33m,[39m[0m[22m
[2m[22m
[2m      [2mat Object.<anonymous> ([22m[2m[0m[36mtests/unit/llmService.comprehensive.test.ts[39m[0m[2m:43:25)[22m[2m[22m

[1m[31m  [1m● [22m[1mLLMService Comprehensive Unit Tests › Service Availability and Health › should support async mock functions[39m[22m

    TypeError: mockGenerateContent.mockResolvedValue is not a function
[2m[22m
[2m    [0m [90m 41 |[39m     [22m
[2m     [90m 42 |[39m     [90m// Setup default mock implementations[39m[22m
[2m    [31m[1m>[22m[2m[39m[90m 43 |[39m     mockGenerateContent[33m.[39mmockResolvedValue([32m'Mock generated content'[39m)[33m;[39m[22m
[2m     [90m    |[39m                         [31m[1m^[22m[2m[39m[22m
[2m     [90m 44 |[39m     mockGenerateBilingualContent[33m.[39mmockResolvedValue({[22m
[2m     [90m 45 |[39m       english[33m:[39m [32m'Mock English content'[39m[33m,[39m[22m
[2m     [90m 46 |[39m       french[33m:[39m [32m'Mock French content'[39m[33m,[39m[0m[22m
[2m[22m
[2m      [2mat Object.<anonymous> ([22m[2m[0m[36mtests/unit/llmService.comprehensive.test.ts[39m[0m[2m:43:25)[22m[2m[22m

[1m[31m  [1m● [22m[1mLLMService Comprehensive Unit Tests › Service Availability and Health › should handle service unavailability gracefully[39m[22m

    TypeError: mockGenerateContent.mockResolvedValue is not a function
[2m[22m
[2m    [0m [90m 41 |[39m     [22m
[2m     [90m 42 |[39m     [90m// Setup default mock implementations[39m[22m
[2m    [31m[1m>[22m[2m[39m[90m 43 |[39m     mockGenerateContent[33m.[39mmockResolvedValue([32m'Mock generated content'[39m)[33m;[39m[22m
[2m     [90m    |[39m                         [31m[1m^[22m[2m[39m[22m
[2m     [90m 44 |[39m     mockGenerateBilingualContent[33m.[39mmockResolvedValue({[22m
[2m     [90m 45 |[39m       english[33m:[39m [32m'Mock English content'[39m[33m,[39m[22m
[2m     [90m 46 |[39m       french[33m:[39m [32m'Mock French content'[39m[33m,[39m[0m[22m
[2m[22m
[2m      [2mat Object.<anonymous> ([22m[2m[0m[36mtests/unit/llmService.comprehensive.test.ts[39m[0m[2m:43:25)[22m[2m[22m

[1m[31m  [1m● [22m[1mLLMService Comprehensive Unit Tests › Service Availability and Health › should validate mock function signatures[39m[22m

    TypeError: mockGenerateContent.mockResolvedValue is not a function
[2m[22m
[2m    [0m [90m 41 |[39m     [22m
[2m     [90m 42 |[39m     [90m// Setup default mock implementations[39m[22m
[2m    [31m[1m>[22m[2m[39m[90m 43 |[39m     mockGenerateContent[33m.[39mmockResolvedValue([32m'Mock generated content'[39m)[33m;[39m[22m
[2m     [90m    |[39m                         [31m[1m^[22m[2m[39m[22m
[2m     [90m 44 |[39m     mockGenerateBilingualContent[33m.[39mmockResolvedValue({[22m
[2m     [90m 45 |[39m       english[33m:[39m [32m'Mock English content'[39m[33m,[39m[22m
[2m     [90m 46 |[39m       french[33m:[39m [32m'Mock French content'[39m[33m,[39m[0m[22m
[2m[22m
[2m      [2mat Object.<anonymous> ([22m[2m[0m[36mtests/unit/llmService.comprehensive.test.ts[39m[0m[2m:43:25)[22m[2m[22m

[1m[31m  [1m● [22m[1mLLMService Comprehensive Unit Tests › Service Availability and Health › should handle network connectivity issues[39m[22m

    TypeError: mockGenerateContent.mockResolvedValue is not a function
[2m[22m
[2m    [0m [90m 41 |[39m     [22m
[2m     [90m 42 |[39m     [90m// Setup default mock implementations[39m[22m
[2m    [31m[1m>[22m[2m[39m[90m 43 |[39m     mockGenerateContent[33m.[39mmockResolvedValue([32m'Mock generated content'[39m)[33m;[39m[22m
[2m     [90m    |[39m                         [31m[1m^[22m[2m[39m[22m
[2m     [90m 44 |[39m     mockGenerateBilingualContent[33m.[39mmockResolvedValue({[22m
[2m     [90m 45 |[39m       english[33m:[39m [32m'Mock English content'[39m[33m,[39m[22m
[2m     [90m 46 |[39m       french[33m:[39m [32m'Mock French content'[39m[33m,[39m[0m[22m
[2m[22m
[2m      [2mat Object.<anonymous> ([22m[2m[0m[36mtests/unit/llmService.comprehensive.test.ts[39m[0m[2m:43:25)[22m[2m[22m

[1m[31m  [1m● [22m[1mLLMService Comprehensive Unit Tests › Service Availability and Health › should handle service degradation gracefully[39m[22m

    TypeError: mockGenerateContent.mockResolvedValue is not a function
[2m[22m
[2m    [0m [90m 41 |[39m     [22m
[2m     [90m 42 |[39m     [90m// Setup default mock implementations[39m[22m
[2m    [31m[1m>[22m[2m[39m[90m 43 |[39m     mockGenerateContent[33m.[39mmockResolvedValue([32m'Mock generated content'[39m)[33m;[39m[22m
[2m     [90m    |[39m                         [31m[1m^[22m[2m[39m[22m
[2m     [90m 44 |[39m     mockGenerateBilingualContent[33m.[39mmockResolvedValue({[22m
[2m     [90m 45 |[39m       english[33m:[39m [32m'Mock English content'[39m[33m,[39m[22m
[2m     [90m 46 |[39m       french[33m:[39m [32m'Mock French content'[39m[33m,[39m[0m[22m
[2m[22m
[2m      [2mat Object.<anonymous> ([22m[2m[0m[36mtests/unit/llmService.comprehensive.test.ts[39m[0m[2m:43:25)[22m[2m[22m

[1m[31m  [1m● [22m[1mLLMService Comprehensive Unit Tests › Educational Content Quality › should generate curriculum-aligned content[39m[22m

    TypeError: mockGenerateContent.mockResolvedValue is not a function
[2m[22m
[2m    [0m [90m 41 |[39m     [22m
[2m     [90m 42 |[39m     [90m// Setup default mock implementations[39m[22m
[2m    [31m[1m>[22m[2m[39m[90m 43 |[39m     mockGenerateContent[33m.[39mmockResolvedValue([32m'Mock generated content'[39m)[33m;[39m[22m
[2m     [90m    |[39m                         [31m[1m^[22m[2m[39m[22m
[2m     [90m 44 |[39m     mockGenerateBilingualContent[33m.[39mmockResolvedValue({[22m
[2m     [90m 45 |[39m       english[33m:[39m [32m'Mock English content'[39m[33m,[39m[22m
[2m     [90m 46 |[39m       french[33m:[39m [32m'Mock French content'[39m[33m,[39m[0m[22m
[2m[22m
[2m      [2mat Object.<anonymous> ([22m[2m[0m[36mtests/unit/llmService.comprehensive.test.ts[39m[0m[2m:43:25)[22m[2m[22m

[1m[31m  [1m● [22m[1mLLMService Comprehensive Unit Tests › Educational Content Quality › should maintain bilingual content quality[39m[22m

    TypeError: mockGenerateContent.mockResolvedValue is not a function
[2m[22m
[2m    [0m [90m 41 |[39m     [22m
[2m     [90m 42 |[39m     [90m// Setup default mock implementations[39m[22m
[2m    [31m[1m>[22m[2m[39m[90m 43 |[39m     mockGenerateContent[33m.[39mmockResolvedValue([32m'Mock generated content'[39m)[33m;[39m[22m
[2m     [90m    |[39m                         [31m[1m^[22m[2m[39m[22m
[2m     [90m 44 |[39m     mockGenerateBilingualContent[33m.[39mmockResolvedValue({[22m
[2m     [90m 45 |[39m       english[33m:[39m [32m'Mock English content'[39m[33m,[39m[22m
[2m     [90m 46 |[39m       french[33m:[39m [32m'Mock French content'[39m[33m,[39m[0m[22m
[2m[22m
[2m      [2mat Object.<anonymous> ([22m[2m[0m[36mtests/unit/llmService.comprehensive.test.ts[39m[0m[2m:43:25)[22m[2m[22m

[1m[31m  [1m● [22m[1mLLMService Comprehensive Unit Tests › Educational Content Quality › should generate grade-appropriate content[39m[22m

    TypeError: mockGenerateContent.mockResolvedValue is not a function
[2m[22m
[2m    [0m [90m 41 |[39m     [22m
[2m     [90m 42 |[39m     [90m// Setup default mock implementations[39m[22m
[2m    [31m[1m>[22m[2m[39m[90m 43 |[39m     mockGenerateContent[33m.[39mmockResolvedValue([32m'Mock generated content'[39m)[33m;[39m[22m
[2m     [90m    |[39m                         [31m[1m^[22m[2m[39m[22m
[2m     [90m 44 |[39m     mockGenerateBilingualContent[33m.[39mmockResolvedValue({[22m
[2m     [90m 45 |[39m       english[33m:[39m [32m'Mock English content'[39m[33m,[39m[22m
[2m     [90m 46 |[39m       french[33m:[39m [32m'Mock French content'[39m[33m,[39m[0m[22m
[2m[22m
[2m      [2mat Object.<anonymous> ([22m[2m[0m[36mtests/unit/llmService.comprehensive.test.ts[39m[0m[2m:43:25)[22m[2m[22m

[1m[31m  [1m● [22m[1mLLMService Comprehensive Unit Tests › Educational Content Quality › should handle subject-specific requirements[39m[22m

    TypeError: mockGenerateContent.mockResolvedValue is not a function
[2m[22m
[2m    [0m [90m 41 |[39m     [22m
[2m     [90m 42 |[39m     [90m// Setup default mock implementations[39m[22m
[2m    [31m[1m>[22m[2m[39m[90m 43 |[39m     mockGenerateContent[33m.[39mmockResolvedValue([32m'Mock generated content'[39m)[33m;[39m[22m
[2m     [90m    |[39m                         [31m[1m^[22m[2m[39m[22m
[2m     [90m 44 |[39m     mockGenerateBilingualContent[33m.[39mmockResolvedValue({[22m
[2m     [90m 45 |[39m       english[33m:[39m [32m'Mock English content'[39m[33m,[39m[22m
[2m     [90m 46 |[39m       french[33m:[39m [32m'Mock French content'[39m[33m,[39m[0m[22m
[2m[22m
[2m      [2mat Object.<anonymous> ([22m[2m[0m[36mtests/unit/llmService.comprehensive.test.ts[39m[0m[2m:43:25)[22m[2m[22m

[1m[31m  [1m● [22m[1mLLMService Comprehensive Unit Tests › Educational Content Quality › should generate accessible content for diverse learners[39m[22m

    TypeError: mockGenerateContent.mockResolvedValue is not a function
[2m[22m
[2m    [0m [90m 41 |[39m     [22m
[2m     [90m 42 |[39m     [90m// Setup default mock implementations[39m[22m
[2m    [31m[1m>[22m[2m[39m[90m 43 |[39m     mockGenerateContent[33m.[39mmockResolvedValue([32m'Mock generated content'[39m)[33m;[39m[22m
[2m     [90m    |[39m                         [31m[1m^[22m[2m[39m[22m
[2m     [90m 44 |[39m     mockGenerateBilingualContent[33m.[39mmockResolvedValue({[22m
[2m     [90m 45 |[39m       english[33m:[39m [32m'Mock English content'[39m[33m,[39m[22m
[2m     [90m 46 |[39m       french[33m:[39m [32m'Mock French content'[39m[33m,[39m[0m[22m
[2m[22m
[2m      [2mat Object.<anonymous> ([22m[2m[0m[36mtests/unit/llmService.comprehensive.test.ts[39m[0m[2m:43:25)[22m[2m[22m

[1m[31m  [1m● [22m[1mLLMService Comprehensive Unit Tests › Performance and Reliability › should handle concurrent requests efficiently[39m[22m

    TypeError: mockGenerateContent.mockResolvedValue is not a function
[2m[22m
[2m    [0m [90m 41 |[39m     [22m
[2m     [90m 42 |[39m     [90m// Setup default mock implementations[39m[22m
[2m    [31m[1m>[22m[2m[39m[90m 43 |[39m     mockGenerateContent[33m.[39mmockResolvedValue([32m'Mock generated content'[39m)[33m;[39m[22m
[2m     [90m    |[39m                         [31m[1m^[22m[2m[39m[22m
[2m     [90m 44 |[39m     mockGenerateBilingualContent[33m.[39mmockResolvedValue({[22m
[2m     [90m 45 |[39m       english[33m:[39m [32m'Mock English content'[39m[33m,[39m[22m
[2m     [90m 46 |[39m       french[33m:[39m [32m'Mock French content'[39m[33m,[39m[0m[22m
[2m[22m
[2m      [2mat Object.<anonymous> ([22m[2m[0m[36mtests/unit/llmService.comprehensive.test.ts[39m[0m[2m:43:25)[22m[2m[22m

[1m[31m  [1m● [22m[1mLLMService Comprehensive Unit Tests › Performance and Reliability › should maintain consistent response format[39m[22m

    TypeError: mockGenerateContent.mockResolvedValue is not a function
[2m[22m
[2m    [0m [90m 41 |[39m     [22m
[2m     [90m 42 |[39m     [90m// Setup default mock implementations[39m[22m
[2m    [31m[1m>[22m[2m[39m[90m 43 |[39m     mockGenerateContent[33m.[39mmockResolvedValue([32m'Mock generated content'[39m)[33m;[39m[22m
[2m     [90m    |[39m                         [31m[1m^[22m[2m[39m[22m
[2m     [90m 44 |[39m     mockGenerateBilingualContent[33m.[39mmockResolvedValue({[22m
[2m     [90m 45 |[39m       english[33m:[39m [32m'Mock English content'[39m[33m,[39m[22m
[2m     [90m 46 |[39m       french[33m:[39m [32m'Mock French content'[39m[33m,[39m[0m[22m
[2m[22m
[2m      [2mat Object.<anonymous> ([22m[2m[0m[36mtests/unit/llmService.comprehensive.test.ts[39m[0m[2m:43:25)[22m[2m[22m

[1m[31m  [1m● [22m[1mLLMService Comprehensive Unit Tests › Performance and Reliability › should maintain consistent bilingual response format[39m[22m

    TypeError: mockGenerateContent.mockResolvedValue is not a function
[2m[22m
[2m    [0m [90m 41 |[39m     [22m
[2m     [90m 42 |[39m     [90m// Setup default mock implementations[39m[22m
[2m    [31m[1m>[22m[2m[39m[90m 43 |[39m     mockGenerateContent[33m.[39mmockResolvedValue([32m'Mock generated content'[39m)[33m;[39m[22m
[2m     [90m    |[39m                         [31m[1m^[22m[2m[39m[22m
[2m     [90m 44 |[39m     mockGenerateBilingualContent[33m.[39mmockResolvedValue({[22m
[2m     [90m 45 |[39m       english[33m:[39m [32m'Mock English content'[39m[33m,[39m[22m
[2m     [90m 46 |[39m       french[33m:[39m [32m'Mock French content'[39m[33m,[39m[0m[22m
[2m[22m
[2m      [2mat Object.<anonymous> ([22m[2m[0m[36mtests/unit/llmService.comprehensive.test.ts[39m[0m[2m:43:25)[22m[2m[22m

[1m[31m  [1m● [22m[1mLLMService Comprehensive Unit Tests › Performance and Reliability › should handle rapid successive calls[39m[22m

    TypeError: mockGenerateContent.mockResolvedValue is not a function
[2m[22m
[2m    [0m [90m 41 |[39m     [22m
[2m     [90m 42 |[39m     [90m// Setup default mock implementations[39m[22m
[2m    [31m[1m>[22m[2m[39m[90m 43 |[39m     mockGenerateContent[33m.[39mmockResolvedValue([32m'Mock generated content'[39m)[33m;[39m[22m
[2m     [90m    |[39m                         [31m[1m^[22m[2m[39m[22m
[2m     [90m 44 |[39m     mockGenerateBilingualContent[33m.[39mmockResolvedValue({[22m
[2m     [90m 45 |[39m       english[33m:[39m [32m'Mock English content'[39m[33m,[39m[22m
[2m     [90m 46 |[39m       french[33m:[39m [32m'Mock French content'[39m[33m,[39m[0m[22m
[2m[22m
[2m      [2mat Object.<anonymous> ([22m[2m[0m[36mtests/unit/llmService.comprehensive.test.ts[39m[0m[2m:43:25)[22m[2m[22m

[0m[7m[1m[31m FAIL [39m[22m[27m[0m [2mtests/unit/[22m[1mcontactValidation.simplified.test.ts[22m
[1m[31m  [1m● [22m[1mContact Validation Utilities - Simplified for Coverage › validatePhoneNumber › should validate North American format numbers[39m[22m

    [2mexpect([22m[31mreceived[39m[2m).[22mtoBe[2m([22m[32mexpected[39m[2m) // Object.is equality[22m

    Expected: [32mtrue[39m
    Received: [31mfalse[39m
[2m[22m
[2m    [0m [90m 41 |[39m       validNumbers[33m.[39mforEach((phone) [33m=>[39m {[22m
[2m     [90m 42 |[39m         [36mconst[39m result [33m=[39m validatePhoneNumber(phone)[33m;[39m[22m
[2m    [31m[1m>[22m[2m[39m[90m 43 |[39m         expect(result[33m.[39misValid)[33m.[39mtoBe([36mtrue[39m)[33m;[39m[22m
[2m     [90m    |[39m                                [31m[1m^[22m[2m[39m[22m
[2m     [90m 44 |[39m         expect(result[33m.[39mcountryCode)[33m.[39mtoBe([32m'1'[39m)[33m;[39m[22m
[2m     [90m 45 |[39m         expect(result[33m.[39mareaCode)[33m.[39mtoBe([32m'555'[39m)[33m;[39m[22m
[2m     [90m 46 |[39m       })[33m;[39m[0m[22m
[2m[22m
[2m      [2mat [22m[2m[0m[36mtests/unit/contactValidation.simplified.test.ts[39m[0m[2m:43:32[22m[2m[22m
[2m          at Array.forEach (<anonymous>)[22m
[2m      [2mat Object.<anonymous> ([22m[2m[0m[36mtests/unit/contactValidation.simplified.test.ts[39m[0m[2m:41:20)[22m[2m[22m

[1m[31m  [1m● [22m[1mContact Validation Utilities - Simplified for Coverage › validatePhoneNumber › should extract extensions[39m[22m

    [2mexpect([22m[31mreceived[39m[2m).[22mtoBe[2m([22m[32mexpected[39m[2m) // Object.is equality[22m

    Expected: [32mtrue[39m
    Received: [31mfalse[39m
[2m[22m
[2m    [0m [90m 56 |[39m       phonesWithExt[33m.[39mforEach((phone) [33m=>[39m {[22m
[2m     [90m 57 |[39m         [36mconst[39m result [33m=[39m validatePhoneNumber(phone)[33m;[39m[22m
[2m    [31m[1m>[22m[2m[39m[90m 58 |[39m         expect(result[33m.[39misValid)[33m.[39mtoBe([36mtrue[39m)[33m;[39m[22m
[2m     [90m    |[39m                                [31m[1m^[22m[2m[39m[22m
[2m     [90m 59 |[39m         expect(result[33m.[39mextension)[33m.[39mtoBeTruthy()[33m;[39m[22m
[2m     [90m 60 |[39m       })[33m;[39m[22m
[2m     [90m 61 |[39m     })[33m;[39m[0m[22m
[2m[22m
[2m      [2mat [22m[2m[0m[36mtests/unit/contactValidation.simplified.test.ts[39m[0m[2m:58:32[22m[2m[22m
[2m          at Array.forEach (<anonymous>)[22m
[2m      [2mat Object.<anonymous> ([22m[2m[0m[36mtests/unit/contactValidation.simplified.test.ts[39m[0m[2m:56:21)[22m[2m[22m

[1m[31m  [1m● [22m[1mContact Validation Utilities - Simplified for Coverage › validatePhoneNumber › should validate international numbers[39m[22m

    [2mexpect([22m[31mreceived[39m[2m).[22mtoBe[2m([22m[32mexpected[39m[2m) // Object.is equality[22m

    Expected: [32mtrue[39m
    Received: [31mfalse[39m
[2m[22m
[2m    [0m [90m 66 |[39m       intlNumbers[33m.[39mforEach((phone) [33m=>[39m {[22m
[2m     [90m 67 |[39m         [36mconst[39m result [33m=[39m validatePhoneNumber(phone)[33m;[39m[22m
[2m    [31m[1m>[22m[2m[39m[90m 68 |[39m         expect(result[33m.[39misValid)[33m.[39mtoBe([36mtrue[39m)[33m;[39m[22m
[2m     [90m    |[39m                                [31m[1m^[22m[2m[39m[22m
[2m     [90m 69 |[39m         expect(result[33m.[39mcountryCode)[33m.[39mtoBeTruthy()[33m;[39m[22m
[2m     [90m 70 |[39m       })[33m;[39m[22m
[2m     [90m 71 |[39m     })[33m;[39m[0m[22m
[2m[22m
[2m      [2mat [22m[2m[0m[36mtests/unit/contactValidation.simplified.test.ts[39m[0m[2m:68:32[22m[2m[22m
[2m          at Array.forEach (<anonymous>)[22m
[2m      [2mat Object.<anonymous> ([22m[2m[0m[36mtests/unit/contactValidation.simplified.test.ts[39m[0m[2m:66:19)[22m[2m[22m

[1m[31m  [1m● [22m[1mContact Validation Utilities - Simplified for Coverage › validatePhoneNumber › should handle basic 7-11 digit numbers[39m[22m

    [2mexpect([22m[31mreceived[39m[2m).[22mtoBe[2m([22m[32mexpected[39m[2m) // Object.is equality[22m

    Expected: [32mtrue[39m
    Received: [31mfalse[39m
[2m[22m
[2m    [0m [90m 94 |[39m[22m
[2m     [90m 95 |[39m       [36mconst[39m result10 [33m=[39m validatePhoneNumber([32m'5551234567'[39m)[33m;[39m[22m
[2m    [31m[1m>[22m[2m[39m[90m 96 |[39m       expect(result10[33m.[39misValid)[33m.[39mtoBe([36mtrue[39m)[33m;[39m[22m
[2m     [90m    |[39m                                [31m[1m^[22m[2m[39m[22m
[2m     [90m 97 |[39m     })[33m;[39m[22m
[2m     [90m 98 |[39m   })[33m;[39m[22m
[2m     [90m 99 |[39m[0m[22m
[2m[22m
[2m      [2mat Object.<anonymous> ([22m[2m[0m[36mtests/unit/contactValidation.simplified.test.ts[39m[0m[2m:96:32)[22m[2m[22m

[1m[31m  [1m● [22m[1mContact Validation Utilities - Simplified for Coverage › validateEmail › should reject invalid email formats[39m[22m

    [2mexpect([22m[31mreceived[39m[2m).[22mtoBe[2m([22m[32mexpected[39m[2m) // Object.is equality[22m

    Expected: [32mfalse[39m
    Received: [31mtrue[39m
[2m[22m
[2m    [0m [90m 120 |[39m       invalidEmails[33m.[39mforEach((email) [33m=>[39m {[22m
[2m     [90m 121 |[39m         [36mconst[39m result [33m=[39m validateEmail(email)[33m;[39m[22m
[2m    [31m[1m>[22m[2m[39m[90m 122 |[39m         expect(result[33m.[39misValid)[33m.[39mtoBe([36mfalse[39m)[33m;[39m[22m
[2m     [90m     |[39m                                [31m[1m^[22m[2m[39m[22m
[2m     [90m 123 |[39m         expect(result[33m.[39merrors)[33m.[39mtoContain([32m'Invalid email format'[39m)[33m;[39m[22m
[2m     [90m 124 |[39m       })[33m;[39m[22m
[2m     [90m 125 |[39m     })[33m;[39m[0m[22m
[2m[22m
[2m      [2mat [22m[2m[0m[36mtests/unit/contactValidation.simplified.test.ts[39m[0m[2m:122:32[22m[2m[22m
[2m          at Array.forEach (<anonymous>)[22m
[2m      [2mat Object.<anonymous> ([22m[2m[0m[36mtests/unit/contactValidation.simplified.test.ts[39m[0m[2m:120:21)[22m[2m[22m

[1m[31m  [1m● [22m[1mContact Validation Utilities - Simplified for Coverage › validateContact › should validate complete contact information[39m[22m

    [2mexpect([22m[31mreceived[39m[2m).[22mtoBe[2m([22m[32mexpected[39m[2m) // Object.is equality[22m

    Expected: [32mtrue[39m
    Received: [31mfalse[39m
[2m[22m
[2m    [0m [90m 165 |[39m[22m
[2m     [90m 166 |[39m       [36mconst[39m result [33m=[39m validateContact(contact)[33m;[39m[22m
[2m    [31m[1m>[22m[2m[39m[90m 167 |[39m       expect(result[33m.[39misValid)[33m.[39mtoBe([36mtrue[39m)[33m;[39m[22m
[2m     [90m     |[39m                              [31m[1m^[22m[2m[39m[22m
[2m     [90m 168 |[39m       expect(result[33m.[39mname)[33m.[39mtoBe([32m'John Doe'[39m)[33m;[39m[22m
[2m     [90m 169 |[39m       expect(result[33m.[39mphone[33m?[39m[33m.[39misValid)[33m.[39mtoBe([36mtrue[39m)[33m;[39m[22m
[2m     [90m 170 |[39m       expect(result[33m.[39memail[33m?[39m[33m.[39misValid)[33m.[39mtoBe([36mtrue[39m)[33m;[39m[0m[22m
[2m[22m
[2m      [2mat Object.<anonymous> ([22m[2m[0m[36mtests/unit/contactValidation.simplified.test.ts[39m[0m[2m:167:30)[22m[2m[22m

[1m[31m  [1m● [22m[1mContact Validation Utilities - Simplified for Coverage › validateContact › should accept contact with only phone[39m[22m

    [2mexpect([22m[31mreceived[39m[2m).[22mtoBe[2m([22m[32mexpected[39m[2m) // Object.is equality[22m

    Expected: [32mtrue[39m
    Received: [31mfalse[39m
[2m[22m
[2m    [0m [90m 188 |[39m[22m
[2m     [90m 189 |[39m       [36mconst[39m result [33m=[39m validateContact(contact)[33m;[39m[22m
[2m    [31m[1m>[22m[2m[39m[90m 190 |[39m       expect(result[33m.[39misValid)[33m.[39mtoBe([36mtrue[39m)[33m;[39m[22m
[2m     [90m     |[39m                              [31m[1m^[22m[2m[39m[22m
[2m     [90m 191 |[39m     })[33m;[39m[22m
[2m     [90m 192 |[39m[22m
[2m     [90m 193 |[39m     it([32m'should accept contact with only email'[39m[33m,[39m () [33m=>[39m {[0m[22m
[2m[22m
[2m      [2mat Object.<anonymous> ([22m[2m[0m[36mtests/unit/contactValidation.simplified.test.ts[39m[0m[2m:190:30)[22m[2m[22m

[1m[31m  [1m● [22m[1mContact Validation Utilities - Simplified for Coverage › parseContactString › should parse contact string with name and phone[39m[22m

    [2mexpect([22m[31mreceived[39m[2m).[22mtoBe[2m([22m[32mexpected[39m[2m) // Object.is equality[22m

    Expected: [32mtrue[39m
    Received: [31mfalse[39m
[2m[22m
[2m    [0m [90m 237 |[39m     it([32m'should parse contact string with name and phone'[39m[33m,[39m () [33m=>[39m {[22m
[2m     [90m 238 |[39m       [36mconst[39m result [33m=[39m parseContactString([32m'John Doe 555-123-4567'[39m)[33m;[39m[22m
[2m    [31m[1m>[22m[2m[39m[90m 239 |[39m       expect(result[33m.[39misValid)[33m.[39mtoBe([36mtrue[39m)[33m;[39m[22m
[2m     [90m     |[39m                              [31m[1m^[22m[2m[39m[22m
[2m     [90m 240 |[39m       expect(result[33m.[39mname)[33m.[39mtoBe([32m'John Doe'[39m)[33m;[39m[22m
[2m     [90m 241 |[39m       expect(result[33m.[39mphone[33m?[39m[33m.[39misValid)[33m.[39mtoBe([36mtrue[39m)[33m;[39m[22m
[2m     [90m 242 |[39m     })[33m;[39m[0m[22m
[2m[22m
[2m      [2mat Object.<anonymous> ([22m[2m[0m[36mtests/unit/contactValidation.simplified.test.ts[39m[0m[2m:239:30)[22m[2m[22m

[1m[31m  [1m● [22m[1mContact Validation Utilities - Simplified for Coverage › parseContactString › should clean up separators in names[39m[22m

    [2mexpect([22m[31mreceived[39m[2m).[22mtoBe[2m([22m[32mexpected[39m[2m) // Object.is equality[22m

    Expected: [32mtrue[39m
    Received: [31mfalse[39m
[2m[22m
[2m    [0m [90m 267 |[39m     it([32m'should clean up separators in names'[39m[33m,[39m () [33m=>[39m {[22m
[2m     [90m 268 |[39m       [36mconst[39m result [33m=[39m parseContactString([32m'John Doe - 555-123-4567'[39m)[33m;[39m[22m
[2m    [31m[1m>[22m[2m[39m[90m 269 |[39m       expect(result[33m.[39misValid)[33m.[39mtoBe([36mtrue[39m)[33m;[39m[22m
[2m     [90m     |[39m                              [31m[1m^[22m[2m[39m[22m
[2m     [90m 270 |[39m       expect(result[33m.[39mname)[33m.[39mtoBe([32m'John Doe'[39m)[33m;[39m[22m
[2m     [90m 271 |[39m     })[33m;[39m[22m
[2m     [90m 272 |[39m   })[33m;[39m[0m[22m
[2m[22m
[2m      [2mat Object.<anonymous> ([22m[2m[0m[36mtests/unit/contactValidation.simplified.test.ts[39m[0m[2m:269:30)[22m[2m[22m

[1m[31m  [1m● [22m[1mContact Validation Utilities - Simplified for Coverage › validateEmergencyContact › should validate emergency contact with all fields[39m[22m

    [2mexpect([22m[31mreceived[39m[2m).[22mtoBe[2m([22m[32mexpected[39m[2m) // Object.is equality[22m

    Expected: [32mtrue[39m
    Received: [31mfalse[39m
[2m[22m
[2m    [0m [90m 304 |[39m[22m
[2m     [90m 305 |[39m       [36mconst[39m result [33m=[39m validateEmergencyContact(contact)[33m;[39m[22m
[2m    [31m[1m>[22m[2m[39m[90m 306 |[39m       expect(result[33m.[39misValid)[33m.[39mtoBe([36mtrue[39m)[33m;[39m[22m
[2m     [90m     |[39m                              [31m[1m^[22m[2m[39m[22m
[2m     [90m 307 |[39m       expect(result[33m.[39mrelationship)[33m.[39mtoBe([32m'Mother'[39m)[33m;[39m[22m
[2m     [90m 308 |[39m       expect(result[33m.[39mavailability)[33m.[39mtoBe([32m'Weekdays 9-5'[39m)[33m;[39m[22m
[2m     [90m 309 |[39m     })[33m;[39m[0m[22m
[2m[22m
[2m      [2mat Object.<anonymous> ([22m[2m[0m[36mtests/unit/contactValidation.simplified.test.ts[39m[0m[2m:306:30)[22m[2m[22m

[1m[31m  [1m● [22m[1mContact Validation Utilities - Simplified for Coverage › validateEmergencyContact › should validate emergency contact with minimal fields[39m[22m

    [2mexpect([22m[31mreceived[39m[2m).[22mtoBe[2m([22m[32mexpected[39m[2m) // Object.is equality[22m

    Expected: [32mtrue[39m
    Received: [31mfalse[39m
[2m[22m
[2m    [0m [90m 316 |[39m[22m
[2m     [90m 317 |[39m       [36mconst[39m result [33m=[39m validateEmergencyContact(contact)[33m;[39m[22m
[2m    [31m[1m>[22m[2m[39m[90m 318 |[39m       expect(result[33m.[39misValid)[33m.[39mtoBe([36mtrue[39m)[33m;[39m[22m
[2m     [90m     |[39m                              [31m[1m^[22m[2m[39m[22m
[2m     [90m 319 |[39m     })[33m;[39m[22m
[2m     [90m 320 |[39m[22m
[2m     [90m 321 |[39m     it([32m'should validate relationship and availability length'[39m[33m,[39m () [33m=>[39m {[0m[22m
[2m[22m
[2m      [2mat Object.<anonymous> ([22m[2m[0m[36mtests/unit/contactValidation.simplified.test.ts[39m[0m[2m:318:30)[22m[2m[22m

[1m[31m  [1m● [22m[1mContact Validation Utilities - Simplified for Coverage › validateEmergencyContact › should trim relationship and availability fields[39m[22m

    [2mexpect([22m[31mreceived[39m[2m).[22mtoBe[2m([22m[32mexpected[39m[2m) // Object.is equality[22m

    Expected: [32mtrue[39m
    Received: [31mfalse[39m
[2m[22m
[2m    [0m [90m 345 |[39m       })[33m;[39m[22m
[2m     [90m 346 |[39m[22m
[2m    [31m[1m>[22m[2m[39m[90m 347 |[39m       expect(result[33m.[39misValid)[33m.[39mtoBe([36mtrue[39m)[33m;[39m[22m
[2m     [90m     |[39m                              [31m[1m^[22m[2m[39m[22m
[2m     [90m 348 |[39m       expect(result[33m.[39mrelationship)[33m.[39mtoBe([32m'Father'[39m)[33m;[39m[22m
[2m     [90m 349 |[39m       expect(result[33m.[39mavailability)[33m.[39mtoBe([32m'Always available'[39m)[33m;[39m[22m
[2m     [90m 350 |[39m     })[33m;[39m[0m[22m
[2m[22m
[2m      [2mat Object.<anonymous> ([22m[2m[0m[36mtests/unit/contactValidation.simplified.test.ts[39m[0m[2m:347:30)[22m[2m[22m

[1m[31m  [1m● [22m[1mContact Validation Utilities - Simplified for Coverage › Edge Cases and Error Handling › should handle unicode names correctly[39m[22m

    [2mexpect([22m[31mreceived[39m[2m).[22mtoBe[2m([22m[32mexpected[39m[2m) // Object.is equality[22m

    Expected: [32mtrue[39m
    Received: [31mfalse[39m
[2m[22m
[2m    [0m [90m 388 |[39m         phone[33m:[39m [32m'555-123-4567'[39m[33m,[39m[22m
[2m     [90m 389 |[39m       })[33m;[39m[22m
[2m    [31m[1m>[22m[2m[39m[90m 390 |[39m       expect(unicodeName[33m.[39misValid)[33m.[39mtoBe([36mtrue[39m)[33m;[39m[22m
[2m     [90m     |[39m                                   [31m[1m^[22m[2m[39m[22m
[2m     [90m 391 |[39m       expect(unicodeName[33m.[39mname)[33m.[39mtoBe([32m'José García-González'[39m)[33m;[39m[22m
[2m     [90m 392 |[39m     })[33m;[39m[22m
[2m     [90m 393 |[39m[0m[22m
[2m[22m
[2m      [2mat Object.<anonymous> ([22m[2m[0m[36mtests/unit/contactValidation.simplified.test.ts[39m[0m[2m:390:35)[22m[2m[22m

[1m[31m  [1m● [22m[1mContact Validation Utilities - Simplified for Coverage › Edge Cases and Error Handling › should handle various separators in contact parsing[39m[22m

    [2mexpect([22m[31mreceived[39m[2m).[22mtoBe[2m([22m[32mexpected[39m[2m) // Object.is equality[22m

    Expected: [32mtrue[39m
    Received: [31mfalse[39m
[2m[22m
[2m    [0m [90m 401 |[39m       tests[33m.[39mforEach((str) [33m=>[39m {[22m
[2m     [90m 402 |[39m         [36mconst[39m result [33m=[39m parseContactString(str)[33m;[39m[22m
[2m    [31m[1m>[22m[2m[39m[90m 403 |[39m         expect(result[33m.[39misValid)[33m.[39mtoBe([36mtrue[39m)[33m;[39m[22m
[2m     [90m     |[39m                                [31m[1m^[22m[2m[39m[22m
[2m     [90m 404 |[39m         expect(result[33m.[39mname)[33m.[39mtoBe([32m'John Doe'[39m)[33m;[39m[22m
[2m     [90m 405 |[39m       })[33m;[39m[22m
[2m     [90m 406 |[39m     })[33m;[39m[0m[22m
[2m[22m
[2m      [2mat [22m[2m[0m[36mtests/unit/contactValidation.simplified.test.ts[39m[0m[2m:403:32[22m[2m[22m
[2m          at Array.forEach (<anonymous>)[22m
[2m      [2mat Object.<anonymous> ([22m[2m[0m[36mtests/unit/contactValidation.simplified.test.ts[39m[0m[2m:401:13)[22m[2m[22m

[1m[31m  [1m● [22m[1mContact Validation Utilities - Simplified for Coverage › International Format Support › should handle various international phone formats[39m[22m

    [2mexpect([22m[31mreceived[39m[2m).[22mtoBe[2m([22m[32mexpected[39m[2m) // Object.is equality[22m

    Expected: [32mtrue[39m
    Received: [31mfalse[39m
[2m[22m
[2m    [0m [90m 413 |[39m       formats[33m.[39mforEach((phone) [33m=>[39m {[22m
[2m     [90m 414 |[39m         [36mconst[39m result [33m=[39m validatePhoneNumber(phone)[33m;[39m[22m
[2m    [31m[1m>[22m[2m[39m[90m 415 |[39m         expect(result[33m.[39misValid)[33m.[39mtoBe([36mtrue[39m)[33m;[39m[22m
[2m     [90m     |[39m                                [31m[1m^[22m[2m[39m[22m
[2m     [90m 416 |[39m         expect(result[33m.[39mcountryCode)[33m.[39mtoBeTruthy()[33m;[39m[22m
[2m     [90m 417 |[39m       })[33m;[39m[22m
[2m     [90m 418 |[39m     })[33m;[39m[0m[22m
[2m[22m
[2m      [2mat [22m[2m[0m[36mtests/unit/contactValidation.simplified.test.ts[39m[0m[2m:415:32[22m[2m[22m
[2m          at Array.forEach (<anonymous>)[22m
[2m      [2mat Object.<anonymous> ([22m[2m[0m[36mtests/unit/contactValidation.simplified.test.ts[39m[0m[2m:413:15)[22m[2m[22m

[1m[31m  [1m● [22m[1mContact Validation Utilities - Simplified for Coverage › International Format Support › should reject international numbers that are too long[39m[22m

    [2mexpect([22m[31mreceived[39m[2m).[22mtoBe[2m([22m[32mexpected[39m[2m) // Object.is equality[22m

    Expected: [32mfalse[39m
    Received: [31mtrue[39m
[2m[22m
[2m    [0m [90m 420 |[39m     it([32m'should reject international numbers that are too long'[39m[33m,[39m () [33m=>[39m {[22m
[2m     [90m 421 |[39m       [36mconst[39m tooLong [33m=[39m validatePhoneNumber([32m'+44 12345678901234567890'[39m)[33m;[39m[22m
[2m    [31m[1m>[22m[2m[39m[90m 422 |[39m       expect(tooLong[33m.[39misValid)[33m.[39mtoBe([36mfalse[39m)[33m;[39m[22m
[2m     [90m     |[39m                               [31m[1m^[22m[2m[39m[22m
[2m     [90m 423 |[39m       expect(tooLong[33m.[39merrors)[33m.[39mtoContain([32m'International number must be 7-15 digits'[39m)[33m;[39m[22m
[2m     [90m 424 |[39m     })[33m;[39m[22m
[2m     [90m 425 |[39m[0m[22m
[2m[22m
[2m      [2mat Object.<anonymous> ([22m[2m[0m[36mtests/unit/contactValidation.simplified.test.ts[39m[0m[2m:422:31)[22m[2m[22m

[0m[7m[1m[31m FAIL [39m[22m[27m[0m [2mtests/unit/[22m[1mcurriculumImportService.production.test.ts[22m
[1m[31m  [1m● [22m[1mCurriculumImportService - Production Validation › File Format Support › DOCX Format › should handle DOCX parsing with AI extraction[39m[22m

    DOCX parsing failed: Can't find end of central directory : is this a zip file ? If it is, see https://stuk.github.io/jszip/documentation/howto/read_zip.html
[2m[22m
[2m    [0m [90m 314 |[39m     } [36mcatch[39m (error) {[22m
[2m     [90m 315 |[39m       [36mthis[39m[33m.[39mlogger[33m.[39merror({ error }[33m,[39m [32m'Failed to parse DOCX'[39m)[33m;[39m[22m
[2m    [31m[1m>[22m[2m[39m[90m 316 |[39m       [36mthrow[39m [36mnew[39m [33mError[39m([22m
[2m     [90m     |[39m             [31m[1m^[22m[2m[39m[22m
[2m     [90m 317 |[39m         [32m`DOCX parsing failed: ${error instanceof Error ? error.message : 'Unknown error'}`[39m[33m,[39m[22m
[2m     [90m 318 |[39m       )[33m;[39m[22m
[2m     [90m 319 |[39m     }[0m[22m
[2m[22m
[2m      [2mat CurriculumImportService.parseDOCX ([22m[2msrc/services/curriculumImportService.ts[2m:316:13)[22m[2m[22m
[2m      [2mat Object.<anonymous> ([22m[2m[0m[36mtests/unit/curriculumImportService.production.test.ts[39m[0m[2m:247:24)[22m[2m[22m

[0m[7m[1m[31m FAIL [39m[22m[27m[0m [2mtests/unit/[22m[1maiActivityGenerator.test.ts[22m
[1m[31m  [1m● [22m[1mAIActivityGenerator › generateActivity › should handle edge case grade values[39m[22m

    [2mexpect([22m[31mreceived[39m[2m).[22mtoBe[2m([22m[32mexpected[39m[2m) // Object.is equality[22m

    Expected: [32m0[39m
    Received: [31m1[39m
[2m[22m
[2m    [0m [90m 91 |[39m       [36mfor[39m ([36mconst[39m testCase [36mof[39m testCases) {[22m
[2m     [90m 92 |[39m         [36mconst[39m result [33m=[39m [36mawait[39m generator[33m.[39mgenerateActivity({ grade[33m:[39m testCase[33m.[39mgrade })[33m;[39m[22m
[2m    [31m[1m>[22m[2m[39m[90m 93 |[39m         expect(result[33m.[39mgrade)[33m.[39mtoBe(testCase[33m.[39mexpected)[33m;[39m[22m
[2m     [90m    |[39m                              [31m[1m^[22m[2m[39m[22m
[2m     [90m 94 |[39m       }[22m
[2m     [90m 95 |[39m     })[33m;[39m[22m
[2m     [90m 96 |[39m[0m[22m
[2m[22m
[2m      [2mat Object.<anonymous> ([22m[2m[0m[36mtests/unit/aiActivityGenerator.test.ts[39m[0m[2m:93:30)[22m[2m[22m

[1m[31m  [1m● [22m[1mAIActivityGenerator › integration scenarios › should maintain state independence between instances[39m[22m

    [2mexpect([22m[31mreceived[39m[2m).[22mnot[2m.[22mtoBe[2m([22m[32mexpected[39m[2m) // Object.is equality[22m

    Expected: not [32m"generated-1751327600135"[39m
[2m[22m
[2m    [0m [90m 382 |[39m       expect(activity1[33m.[39msubject)[33m.[39mtoBe([32m'Math'[39m)[33m;[39m[22m
[2m     [90m 383 |[39m       expect(activity2[33m.[39msubject)[33m.[39mtoBe([32m'Science'[39m)[33m;[39m[22m
[2m    [31m[1m>[22m[2m[39m[90m 384 |[39m       expect(activity1[33m.[39mid)[33m.[39mnot[33m.[39mtoBe(activity2[33m.[39mid)[33m;[39m[22m
[2m     [90m     |[39m                                [31m[1m^[22m[2m[39m[22m
[2m     [90m 385 |[39m     })[33m;[39m[22m
[2m     [90m 386 |[39m   })[33m;[39m[22m
[2m     [90m 387 |[39m[0m[22m
[2m[22m
[2m      [2mat Object.<anonymous> ([22m[2m[0m[36mtests/unit/aiActivityGenerator.test.ts[39m[0m[2m:384:32)[22m[2m[22m

[0m[7m[1m[31m FAIL [39m[22m[27m[0m [2mtests/unit/[22m[1mmaterialGenerator.test.ts[22m
[1m[31m  [1m● [22m[1mMaterialGenerator › extractMaterials › real-world examples › should handle science experiment format[39m[22m

    [2mexpect([22m[31mreceived[39m[2m).[22mtoEqual[2m([22m[32mexpected[39m[2m) // deep equality[22m

    [32m- Expected  - 1[39m
    [31m+ Received  + 1[39m

    [33m@@ -5,7 +5,7 @@[39m
    [2m    "Measuring cups",[22m
    [2m    "Water",[22m
    [2m    "Labels for pots",[22m
    [2m    "Rulers for measuring",[22m
    [2m    "Science journals",[22m
    [32m-   "paper towels",[39m
    [31m+   "for cleanup: paper towels",[39m
    [2m  ][22m
[2m[22m
[2m    [0m [90m 286 |[39m[22m
[2m     [90m 287 |[39m         [36mconst[39m result [33m=[39m extractMaterials(note)[33m;[39m[22m
[2m    [31m[1m>[22m[2m[39m[90m 288 |[39m         expect(result)[33m.[39mtoEqual([[22m
[2m     [90m     |[39m                        [31m[1m^[22m[2m[39m[22m
[2m     [90m 289 |[39m           [32m'Bean seeds (3 per student)'[39m[33m,[39m[22m
[2m     [90m 290 |[39m           [32m'Small pots (3 per student)'[39m[33m,[39m[22m
[2m     [90m 291 |[39m           [32m'Potting soil'[39m[33m,[39m[0m[22m
[2m[22m
[2m      [2mat Object.<anonymous> ([22m[2m[0m[36mtests/unit/materialGenerator.test.ts[39m[0m[2m:288:24)[22m[2m[22m

[1m[31m  [1m● [22m[1mMaterialGenerator › extractMaterials › real-world examples › should handle art project with detailed specifications[39m[22m

    [2mexpect([22m[31mreceived[39m[2m).[22mtoEqual[2m([22m[32mexpected[39m[2m) // deep equality[22m

    [32m- Expected  - 1[39m
    [31m+ Received  + 0[39m

    [33m@@ -5,7 +5,6 @@[39m
    [2m    "Mirrors (1 per 2 students)",[22m
    [2m    "Colored pencils or pastels",[22m
    [2m    "Hair ties for long hair",[22m
    [2m    "Tissues for blending",[22m
    [2m    "Spray fixative (teacher use only)",[22m
    [32m-   "watercolor paints",[39m
    [2m  ][22m
[2m[22m
[2m    [0m [90m 317 |[39m[22m
[2m     [90m 318 |[39m         [36mconst[39m result [33m=[39m extractMaterials(note)[33m;[39m[22m
[2m    [31m[1m>[22m[2m[39m[90m 319 |[39m         expect(result)[33m.[39mtoEqual([[22m
[2m     [90m     |[39m                        [31m[1m^[22m[2m[39m[22m
[2m     [90m 320 |[39m           [32m'9" x 12" drawing paper'[39m[33m,[39m[22m
[2m     [90m 321 |[39m           [32m'Pencils (2B recommended)'[39m[33m,[39m[22m
[2m     [90m 322 |[39m           [32m'Erasers (kneaded)'[39m[33m,[39m[0m[22m
[2m[22m
[2m      [2mat Object.<anonymous> ([22m[2m[0m[36mtests/unit/materialGenerator.test.ts[39m[0m[2m:319:24)[22m[2m[22m

[0m[7m[1m[31m FAIL [39m[22m[27m[0m [2mtests/unit/[22m[1mworkflowState.test.ts[22m
[1m[31m  [1m● [22m[1mWorkflowStateService › fetchUserWorkflowData › should fetch all workflow data in a single call[39m[22m

    [2mexpect([22m[31mreceived[39m[2m).[22mtoEqual[2m([22m[32mexpected[39m[2m) // deep equality[22m

    [32m- Expected  - 9[39m
    [31m+ Received  + 9[39m

    [2m  Object {[22m
    [32m-   "curriculumTotal": 5,[39m
    [32m-   "daybookCompleted": 5,[39m
    [32m-   "daybookTotal": 8,[39m
    [32m-   "lessonCompleted": 3,[39m
    [32m-   "lessonTotal": 6,[39m
    [32m-   "longRangeCompleted": 2,[39m
    [32m-   "longRangeTotal": 3,[39m
    [32m-   "unitCompleted": 1,[39m
    [32m-   "unitTotal": 4,[39m
    [31m+   "curriculumTotal": undefined,[39m
    [31m+   "daybookCompleted": undefined,[39m
    [31m+   "daybookTotal": undefined,[39m
    [31m+   "lessonCompleted": undefined,[39m
    [31m+   "lessonTotal": undefined,[39m
    [31m+   "longRangeCompleted": undefined,[39m
    [31m+   "longRangeTotal": undefined,[39m
    [31m+   "unitCompleted": undefined,[39m
    [31m+   "unitTotal": undefined,[39m
    [2m  }[22m
[2m[22m
[2m    [0m [90m  97 |[39m       [36mconst[39m data [33m=[39m [36mawait[39m service[33m.[39mfetchUserWorkflowData(userId)[33m;[39m[22m
[2m     [90m  98 |[39m[22m
[2m    [31m[1m>[22m[2m[39m[90m  99 |[39m       expect(data)[33m.[39mtoEqual({[22m
[2m     [90m     |[39m                    [31m[1m^[22m[2m[39m[22m
[2m     [90m 100 |[39m         curriculumTotal[33m:[39m [35m5[39m[33m,[39m[22m
[2m     [90m 101 |[39m         longRangeTotal[33m:[39m [35m3[39m[33m,[39m[22m
[2m     [90m 102 |[39m         longRangeCompleted[33m:[39m [35m2[39m[33m,[39m[0m[22m
[2m[22m
[2m      [2mat Object.<anonymous> ([22m[2m[0m[36mtests/unit/workflowState.test.ts[39m[0m[2m:99:20)[22m[2m[22m

[1m[31m  [1m● [22m[1mWorkflowStateService › canAccessLevel › should allow access to long-range plans if curriculum is complete[39m[22m

    [2mexpect([22m[31mreceived[39m[2m).[22mtoBe[2m([22m[32mexpected[39m[2m) // Object.is equality[22m

    Expected: [32mtrue[39m
    Received: [31mfalse[39m
[2m[22m
[2m    [0m [90m 192 |[39m[22m
[2m     [90m 193 |[39m       [36mconst[39m result [33m=[39m [36mawait[39m service[33m.[39mcanAccessLevel(userId[33m,[39m [33mETFOLevel[39m[33m.[39m[33mLONG_RANGE_PLANS[39m)[33m;[39m[22m
[2m    [31m[1m>[22m[2m[39m[90m 194 |[39m       expect(result[33m.[39mcanAccess)[33m.[39mtoBe([36mtrue[39m)[33m;[39m[22m
[2m     [90m     |[39m                                [31m[1m^[22m[2m[39m[22m
[2m     [90m 195 |[39m     })[33m;[39m[22m
[2m     [90m 196 |[39m[22m
[2m     [90m 197 |[39m     it([32m'should check all previous levels for later levels'[39m[33m,[39m [36masync[39m () [33m=>[39m {[0m[22m
[2m[22m
[2m      [2mat Object.<anonymous> ([22m[2m[0m[36mtests/unit/workflowState.test.ts[39m[0m[2m:194:32)[22m[2m[22m

[1m[31m  [1m● [22m[1mWorkflowStateService › canAccessLevel › should check all previous levels for later levels[39m[22m

    [2mexpect([22m[31mreceived[39m[2m).[22mtoBe[2m([22m[32mexpected[39m[2m) // Object.is equality[22m

    Expected: [32mtrue[39m
    Received: [31mfalse[39m
[2m[22m
[2m    [0m [90m 201 |[39m[22m
[2m     [90m 202 |[39m       [36mconst[39m result [33m=[39m [36mawait[39m service[33m.[39mcanAccessLevel(userId[33m,[39m [33mETFOLevel[39m[33m.[39m[33mUNIT_PLANS[39m)[33m;[39m[22m
[2m    [31m[1m>[22m[2m[39m[90m 203 |[39m       expect(result[33m.[39mcanAccess)[33m.[39mtoBe([36mtrue[39m)[33m;[39m[22m
[2m     [90m     |[39m                                [31m[1m^[22m[2m[39m[22m
[2m     [90m 204 |[39m     })[33m;[39m[22m
[2m     [90m 205 |[39m   })[33m;[39m[22m
[2m     [90m 206 |[39m[0m[22m
[2m[22m
[2m      [2mat Object.<anonymous> ([22m[2m[0m[36mtests/unit/workflowState.test.ts[39m[0m[2m:203:32)[22m[2m[22m

[1m[31m  [1m● [22m[1mWorkflowStateService › validateLevelCompletion › should validate curriculum expectation fields[39m[22m

    [2mexpect([22m[31mreceived[39m[2m).[22mtoBe[2m([22m[32mexpected[39m[2m) // Object.is equality[22m

    Expected: [32mtrue[39m
    Received: [31mfalse[39m
[2m[22m
[2m    [0m [90m 230 |[39m       )[33m;[39m[22m
[2m     [90m 231 |[39m[22m
[2m    [31m[1m>[22m[2m[39m[90m 232 |[39m       expect(result[33m.[39misValid)[33m.[39mtoBe([36mtrue[39m)[33m;[39m[22m
[2m     [90m     |[39m                              [31m[1m^[22m[2m[39m[22m
[2m     [90m 233 |[39m       expect(result[33m.[39mmissingFields)[33m.[39mtoHaveLength([35m0[39m)[33m;[39m[22m
[2m     [90m 234 |[39m     })[33m;[39m[22m
[2m     [90m 235 |[39m[0m[22m
[2m[22m
[2m      [2mat Object.<anonymous> ([22m[2m[0m[36mtests/unit/workflowState.test.ts[39m[0m[2m:232:30)[22m[2m[22m

[1m[31m  [1m● [22m[1mWorkflowStateService › validateLevelCompletion › should identify missing required fields[39m[22m

    [2mexpect([22m[31mreceived[39m[2m).[22mtoContain[2m([22m[32mexpected[39m[2m) // indexOf[22m

    Expected value: [32m"description"[39m
    Received array: [31m["entity not found"][39m
[2m[22m
[2m    [0m [90m 259 |[39m[22m
[2m     [90m 260 |[39m       expect(result[33m.[39misValid)[33m.[39mtoBe([36mfalse[39m)[33m;[39m[22m
[2m    [31m[1m>[22m[2m[39m[90m 261 |[39m       expect(result[33m.[39mmissingFields)[33m.[39mtoContain([32m'description'[39m)[33m;[39m[22m
[2m     [90m     |[39m                                    [31m[1m^[22m[2m[39m[22m
[2m     [90m 262 |[39m     })[33m;[39m[22m
[2m     [90m 263 |[39m[22m
[2m     [90m 264 |[39m     it([32m'should handle entity not found'[39m[33m,[39m [36masync[39m () [33m=>[39m {[0m[22m
[2m[22m
[2m      [2mat Object.<anonymous> ([22m[2m[0m[36mtests/unit/workflowState.test.ts[39m[0m[2m:261:36)[22m[2m[22m

[0m[7m[1m[31m FAIL [39m[22m[27m[0m [2mtests/unit/[22m[1membeddingService.test.ts[22m ([0m[1m[41m5.019 s[49m[22m[0m)
[1m[31m  [1m● [22m[1mEmbeddingService › generateEmbedding › should generate embedding for new expectation[39m[22m

    [2mexpect([22m[31mreceived[39m[2m).[22mtoEqual[2m([22m[32mexpected[39m[2m) // deep equality[22m

    Expected: [32m{"embedding": [0.1, 0.2, 0.3, 0.4, 0.5], "expectationId": "exp-123", "model": "text-embedding-3-small"}[39m
    Received: [31mnull[39m
[2m[22m
[2m    [0m [90m 120 |[39m       [36mconst[39m result [33m=[39m [36mawait[39m service[33m.[39mgenerateEmbedding([32m'exp-123'[39m[33m,[39m [32m'Mathematics: Students will understand addition'[39m)[33m;[39m[22m
[2m     [90m 121 |[39m[22m
[2m    [31m[1m>[22m[2m[39m[90m 122 |[39m       expect(result)[33m.[39mtoEqual({[22m
[2m     [90m     |[39m                      [31m[1m^[22m[2m[39m[22m
[2m     [90m 123 |[39m         expectationId[33m:[39m [32m'exp-123'[39m[33m,[39m[22m
[2m     [90m 124 |[39m         embedding[33m:[39m [[35m0.1[39m[33m,[39m [35m0.2[39m[33m,[39m [35m0.3[39m[33m,[39m [35m0.4[39m[33m,[39m [35m0.5[39m][33m,[39m[22m
[2m     [90m 125 |[39m         model[33m:[39m [32m'text-embedding-3-small'[39m[33m,[39m[0m[22m
[2m[22m
[2m      [2mat Object.<anonymous> ([22m[2m[0m[36mtests/unit/embeddingService.test.ts[39m[0m[2m:122:22)[22m[2m[22m

[1m[31m  [1m● [22m[1mEmbeddingService › generateEmbedding › should return existing embedding if already exists[39m[22m

    TypeError: mockedOpenAI.embeddings.create.mockReset is not a function
[2m[22m
[2m    [0m [90m 144 |[39m       [22m
[2m     [90m 145 |[39m       [90m// Also reset and track OpenAI calls[39m[22m
[2m    [31m[1m>[22m[2m[39m[90m 146 |[39m       (mockedOpenAI [36mas[39m any)[33m.[39membeddings[33m.[39mcreate[33m.[39mmockReset()[33m;[39m[22m
[2m     [90m     |[39m                                               [31m[1m^[22m[2m[39m[22m
[2m     [90m 147 |[39m[22m
[2m     [90m 148 |[39m       [36mconst[39m result [33m=[39m [36mawait[39m service[33m.[39mgenerateEmbedding([32m'exp-123'[39m[33m,[39m [32m'Some text'[39m)[33m;[39m[22m
[2m     [90m 149 |[39m[0m[22m
[2m[22m
[2m      [2mat Object.<anonymous> ([22m[2m[0m[36mtests/unit/embeddingService.test.ts[39m[0m[2m:146:47)[22m[2m[22m

[1m[31m  [1m● [22m[1mEmbeddingService › generateEmbedding › should handle OpenAI API errors with retry[39m[22m

    TypeError: mockedOpenAI.embeddings.create.mockRejectedValueOnce is not a function
[2m[22m
[2m    [0m [90m 162 |[39m       [90m// First two calls fail, third succeeds[39m[22m
[2m     [90m 163 |[39m       (mockedOpenAI [36mas[39m any)[33m.[39membeddings[33m.[39mcreate[22m
[2m    [31m[1m>[22m[2m[39m[90m 164 |[39m         [33m.[39mmockRejectedValueOnce([36mnew[39m [33mError[39m([32m'Rate limit'[39m))[22m
[2m     [90m     |[39m          [31m[1m^[22m[2m[39m[22m
[2m     [90m 165 |[39m         [33m.[39mmockRejectedValueOnce([36mnew[39m [33mError[39m([32m'Network error'[39m))[22m
[2m     [90m 166 |[39m         [33m.[39mmockResolvedValueOnce({[22m
[2m     [90m 167 |[39m           data[33m:[39m [{ embedding[33m:[39m [[35m0.1[39m[33m,[39m [35m0.2[39m[33m,[39m [35m0.3[39m] }][33m,[39m[0m[22m
[2m[22m
[2m      [2mat Object.<anonymous> ([22m[2m[0m[36mtests/unit/embeddingService.test.ts[39m[0m[2m:164:10)[22m[2m[22m

[1m[31m  [1m● [22m[1mEmbeddingService › generateEmbedding › should return null when all retries fail[39m[22m

    TypeError: mockedOpenAI.embeddings.create.mockRejectedValue is not a function
[2m[22m
[2m    [0m [90m 183 |[39m     it([32m'should return null when all retries fail'[39m[33m,[39m [36masync[39m () [33m=>[39m {[22m
[2m     [90m 184 |[39m       mockPrisma[33m.[39mcurriculumExpectationEmbedding[33m.[39mfindUnique[33m.[39mmockResolvedValue([36mnull[39m)[33m;[39m[22m
[2m    [31m[1m>[22m[2m[39m[90m 185 |[39m       (mockedOpenAI [36mas[39m any)[33m.[39membeddings[33m.[39mcreate[33m.[39mmockRejectedValue([36mnew[39m [33mError[39m([32m'Persistent error'[39m))[33m;[39m[22m
[2m     [90m     |[39m                                               [31m[1m^[22m[2m[39m[22m
[2m     [90m 186 |[39m[22m
[2m     [90m 187 |[39m       [36mconst[39m result [33m=[39m [36mawait[39m service[33m.[39mgenerateEmbedding([32m'exp-123'[39m[33m,[39m [32m'Test text'[39m)[33m;[39m[22m
[2m     [90m 188 |[39m[0m[22m
[2m[22m
[2m      [2mat Object.<anonymous> ([22m[2m[0m[36mtests/unit/embeddingService.test.ts[39m[0m[2m:185:47)[22m[2m[22m

[1m[31m  [1m● [22m[1mEmbeddingService › getEmbedding › should retrieve existing embedding[39m[22m

    [2mexpect([22m[31mreceived[39m[2m).[22mtoEqual[2m([22m[32mexpected[39m[2m) // deep equality[22m

    Expected: [32m[0.1, 0.2, 0.3, 0.4, 0.5][39m
    Received: [31mnull[39m
[2m[22m
[2m    [0m [90m 206 |[39m       [36mconst[39m result [33m=[39m [36mawait[39m service[33m.[39mgetEmbedding([32m'exp-123'[39m)[33m;[39m[22m
[2m     [90m 207 |[39m[22m
[2m    [31m[1m>[22m[2m[39m[90m 208 |[39m       expect(result)[33m.[39mtoEqual(embedding)[33m;[39m[22m
[2m     [90m     |[39m                      [31m[1m^[22m[2m[39m[22m
[2m     [90m 209 |[39m     })[33m;[39m[22m
[2m     [90m 210 |[39m[22m
[2m     [90m 211 |[39m     it([32m'should return null for non-existent embedding'[39m[33m,[39m [36masync[39m () [33m=>[39m {[0m[22m
[2m[22m
[2m      [2mat Object.<anonymous> ([22m[2m[0m[36mtests/unit/embeddingService.test.ts[39m[0m[2m:208:22)[22m[2m[22m

[1m[31m  [1m● [22m[1mEmbeddingService › generateBatchEmbeddings › should generate embeddings for multiple expectations[39m[22m

    TypeError: mockedOpenAI.embeddings.create.mockResolvedValue is not a function
[2m[22m
[2m    [0m [90m 278 |[39m[22m
[2m     [90m 279 |[39m       mockPrisma[33m.[39mcurriculumExpectationEmbedding[33m.[39mfindMany[33m.[39mmockResolvedValue([])[33m;[39m[22m
[2m    [31m[1m>[22m[2m[39m[90m 280 |[39m       mockedOpenAI[33m.[39membeddings[33m.[39mcreate[33m.[39mmockResolvedValue({[22m
[2m     [90m     |[39m                                      [31m[1m^[22m[2m[39m[22m
[2m     [90m 281 |[39m         data[33m:[39m [[22m
[2m     [90m 282 |[39m           { embedding[33m:[39m [[35m0.1[39m[33m,[39m [35m0.2[39m[33m,[39m [35m0.3[39m] }[33m,[39m[22m
[2m     [90m 283 |[39m           { embedding[33m:[39m [[35m0.4[39m[33m,[39m [35m0.5[39m[33m,[39m [35m0.6[39m] }[33m,[39m[0m[22m
[2m[22m
[2m      [2mat Object.<anonymous> ([22m[2m[0m[36mtests/unit/embeddingService.test.ts[39m[0m[2m:280:38)[22m[2m[22m

[1m[31m  [1m● [22m[1mEmbeddingService › generateBatchEmbeddings › should handle batching with existing embeddings[39m[22m

    TypeError: mockedOpenAI.embeddings.create.mockResolvedValue is not a function
[2m[22m
[2m    [0m [90m 313 |[39m[22m
[2m     [90m 314 |[39m       [90m// Only exp-2 should be processed[39m[22m
[2m    [31m[1m>[22m[2m[39m[90m 315 |[39m       mockedOpenAI[33m.[39membeddings[33m.[39mcreate[33m.[39mmockResolvedValue({[22m
[2m     [90m     |[39m                                      [31m[1m^[22m[2m[39m[22m
[2m     [90m 316 |[39m         data[33m:[39m [{ embedding[33m:[39m [[35m0.4[39m[33m,[39m [35m0.5[39m[33m,[39m [35m0.6[39m] }][33m,[39m[22m
[2m     [90m 317 |[39m         usage[33m:[39m { total_tokens[33m:[39m [35m10[39m }[33m,[39m[22m
[2m     [90m 318 |[39m       } [36mas[39m any)[33m;[39m[0m[22m
[2m[22m
[2m      [2mat Object.<anonymous> ([22m[2m[0m[36mtests/unit/embeddingService.test.ts[39m[0m[2m:315:38)[22m[2m[22m

[1m[31m  [1m● [22m[1mEmbeddingService › findSimilarExpectations › should find similar expectations above threshold[39m[22m

    [2mexpect([22m[31mreceived[39m[2m).[22mtoHaveLength[2m([22m[32mexpected[39m[2m)[22m

    Expected length: [32m2[39m
    Received length: [31m0[39m
    Received array:  [31m[][39m
[2m[22m
[2m    [0m [90m 379 |[39m       [36mconst[39m results [33m=[39m [36mawait[39m service[33m.[39mfindSimilarExpectations([32m'target-exp'[39m[33m,[39m [35m0.8[39m[33m,[39m [35m5[39m)[33m;[39m[22m
[2m     [90m 380 |[39m[22m
[2m    [31m[1m>[22m[2m[39m[90m 381 |[39m       expect(results)[33m.[39mtoHaveLength([35m2[39m)[33m;[39m [90m// Only high similarity ones[39m[22m
[2m     [90m     |[39m                       [31m[1m^[22m[2m[39m[22m
[2m     [90m 382 |[39m       expect(results[[35m0[39m][33m.[39mexpectationId)[33m.[39mtoBe([32m'similar-exp-1'[39m)[33m;[39m [90m// Highest similarity first[39m[22m
[2m     [90m 383 |[39m       expect(results[[35m0[39m][33m.[39msimilarity)[33m.[39mtoBeGreaterThan([35m0.8[39m)[33m;[39m[22m
[2m     [90m 384 |[39m       expect(results[[35m1[39m][33m.[39mexpectationId)[33m.[39mtoBe([32m'similar-exp-2'[39m)[33m;[39m[0m[22m
[2m[22m
[2m      [2mat Object.<anonymous> ([22m[2m[0m[36mtests/unit/embeddingService.test.ts[39m[0m[2m:381:23)[22m[2m[22m

[1m[31m  [1m● [22m[1mEmbeddingService › generateMissingEmbeddings › should generate embeddings for expectations without them[39m[22m

    TypeError: mockedOpenAI.embeddings.create.mockResolvedValue is not a function
[2m[22m
[2m    [0m [90m 416 |[39m       [90m// Mock successful batch embedding generation[39m[22m
[2m     [90m 417 |[39m       mockPrisma[33m.[39mcurriculumExpectationEmbedding[33m.[39mfindMany[33m.[39mmockResolvedValue([])[33m;[39m[22m
[2m    [31m[1m>[22m[2m[39m[90m 418 |[39m       mockedOpenAI[33m.[39membeddings[33m.[39mcreate[33m.[39mmockResolvedValue({[22m
[2m     [90m     |[39m                                      [31m[1m^[22m[2m[39m[22m
[2m     [90m 419 |[39m         data[33m:[39m [[22m
[2m     [90m 420 |[39m           { embedding[33m:[39m [[35m0.1[39m[33m,[39m [35m0.2[39m[33m,[39m [35m0.3[39m] }[33m,[39m[22m
[2m     [90m 421 |[39m           { embedding[33m:[39m [[35m0.4[39m[33m,[39m [35m0.5[39m[33m,[39m [35m0.6[39m] }[33m,[39m[0m[22m
[2m[22m
[2m      [2mat Object.<anonymous> ([22m[2m[0m[36mtests/unit/embeddingService.test.ts[39m[0m[2m:418:38)[22m[2m[22m

[1m[31m  [1m● [22m[1mEmbeddingService › searchExpectationsByText › should search expectations by text similarity[39m[22m

    TypeError: mockedOpenAI.embeddings.create.mockResolvedValue is not a function
[2m[22m
[2m    [0m [90m 447 |[39m       [36mconst[39m searchText [33m=[39m [32m'mathematical operations'[39m[33m;[39m[22m
[2m     [90m 448 |[39m       [22m
[2m    [31m[1m>[22m[2m[39m[90m 449 |[39m       mockedOpenAI[33m.[39membeddings[33m.[39mcreate[33m.[39mmockResolvedValue({[22m
[2m     [90m     |[39m                                      [31m[1m^[22m[2m[39m[22m
[2m     [90m 450 |[39m         data[33m:[39m [{ embedding[33m:[39m [[35m0.7[39m[33m,[39m [35m0.3[39m[33m,[39m [35m0.1[39m] }][33m,[39m[22m
[2m     [90m 451 |[39m         usage[33m:[39m { total_tokens[33m:[39m [35m5[39m }[33m,[39m[22m
[2m     [90m 452 |[39m       } [36mas[39m any)[33m;[39m[0m[22m
[2m[22m
[2m      [2mat Object.<anonymous> ([22m[2m[0m[36mtests/unit/embeddingService.test.ts[39m[0m[2m:449:38)[22m[2m[22m

[1m[31m  [1m● [22m[1mEmbeddingService › searchExpectationsByText › should handle OpenAI API errors[39m[22m

    TypeError: mockedOpenAI.embeddings.create.mockRejectedValue is not a function
[2m[22m
[2m    [0m [90m 485 |[39m[22m
[2m     [90m 486 |[39m     it([32m'should handle OpenAI API errors'[39m[33m,[39m [36masync[39m () [33m=>[39m {[22m
[2m    [31m[1m>[22m[2m[39m[90m 487 |[39m       mockedOpenAI[33m.[39membeddings[33m.[39mcreate[33m.[39mmockRejectedValue([36mnew[39m [33mError[39m([32m'API error'[39m))[33m;[39m[22m
[2m     [90m     |[39m                                      [31m[1m^[22m[2m[39m[22m
[2m     [90m 488 |[39m[22m
[2m     [90m 489 |[39m       [36mconst[39m results [33m=[39m [36mawait[39m service[33m.[39msearchExpectationsByText([32m'test'[39m[33m,[39m [35m10[39m[33m,[39m [35m0.7[39m)[33m;[39m[22m
[2m     [90m 490 |[39m[0m[22m
[2m[22m
[2m      [2mat Object.<anonymous> ([22m[2m[0m[36mtests/unit/embeddingService.test.ts[39m[0m[2m:487:38)[22m[2m[22m

[1m[31m  [1m● [22m[1mEmbeddingService › getOrCreateExpectationEmbedding › should return existing embedding if found[39m[22m

    [2mexpect([22m[31mreceived[39m[2m).[22mtoEqual[2m([22m[32mexpected[39m[2m) // deep equality[22m

    Expected: [32m{"embedding": [0.1, 0.2, 0.3], "expectationId": "exp-123", "model": "text-embedding-3-small"}[39m
    Received: [31mnull[39m
[2m[22m
[2m    [0m [90m 504 |[39m       [36mconst[39m result [33m=[39m [36mawait[39m service[33m.[39mgetOrCreateExpectationEmbedding([32m'exp-123'[39m)[33m;[39m[22m
[2m     [90m 505 |[39m[22m
[2m    [31m[1m>[22m[2m[39m[90m 506 |[39m       expect(result)[33m.[39mtoEqual({[22m
[2m     [90m     |[39m                      [31m[1m^[22m[2m[39m[22m
[2m     [90m 507 |[39m         expectationId[33m:[39m [32m'exp-123'[39m[33m,[39m[22m
[2m     [90m 508 |[39m         embedding[33m:[39m [[35m0.1[39m[33m,[39m [35m0.2[39m[33m,[39m [35m0.3[39m][33m,[39m[22m
[2m     [90m 509 |[39m         model[33m:[39m [32m'text-embedding-3-small'[39m[33m,[39m[0m[22m
[2m[22m
[2m      [2mat Object.<anonymous> ([22m[2m[0m[36mtests/unit/embeddingService.test.ts[39m[0m[2m:506:22)[22m[2m[22m

[1m[31m  [1m● [22m[1mEmbeddingService › getOrCreateExpectationEmbedding › should create new embedding if not found[39m[22m

    [2mexpect([22m[31mreceived[39m[2m).[22mtoBe[2m([22m[32mexpected[39m[2m) // Object.is equality[22m

    Expected: [32m"exp-123"[39m
    Received: [31mundefined[39m
[2m[22m
[2m    [0m [90m 529 |[39m[22m
[2m     [90m 530 |[39m       expect(result)[33m.[39mtoBeDefined()[33m;[39m[22m
[2m    [31m[1m>[22m[2m[39m[90m 531 |[39m       expect(result[33m?[39m[33m.[39mexpectationId)[33m.[39mtoBe([32m'exp-123'[39m)[33m;[39m[22m
[2m     [90m     |[39m                                     [31m[1m^[22m[2m[39m[22m
[2m     [90m 532 |[39m       expect(mockedOpenAI[33m.[39membeddings[33m.[39mcreate)[33m.[39mtoHaveBeenCalledWith({[22m
[2m     [90m 533 |[39m         model[33m:[39m [32m'text-embedding-3-small'[39m[33m,[39m[22m
[2m     [90m 534 |[39m         input[33m:[39m [32m'M1.A1: Basic addition'[39m[33m,[39m[0m[22m
[2m[22m
[2m      [2mat Object.<anonymous> ([22m[2m[0m[36mtests/unit/embeddingService.test.ts[39m[0m[2m:531:37)[22m[2m[22m

[1m[31m  [1m● [22m[1mEmbeddingService › getOrCreateExpectationEmbedding › should handle non-existent expectations[39m[22m

    [2mexpect([22m[31mreceived[39m[2m).[22mrejects[2m.[22mtoThrow[2m()[22m

    Received promise resolved instead of rejected
    Resolved to value: [31mnull[39m
[2m[22m
[2m    [0m [90m 541 |[39m       mockPrisma[33m.[39mcurriculumExpectation[33m.[39mfindUnique[33m.[39mmockResolvedValue([36mnull[39m)[33m;[39m[22m
[2m     [90m 542 |[39m[22m
[2m    [31m[1m>[22m[2m[39m[90m 543 |[39m       [36mawait[39m expect(service[33m.[39mgetOrCreateExpectationEmbedding([32m'non-existent'[39m))[33m.[39mrejects[33m.[39mtoThrow([22m
[2m     [90m     |[39m             [31m[1m^[22m[2m[39m[22m
[2m     [90m 544 |[39m         [32m'Expectation non-existent not found'[39m[22m
[2m     [90m 545 |[39m       )[33m;[39m[22m
[2m     [90m 546 |[39m     })[33m;[39m[0m[22m
[2m[22m
[2m      [2mat expect ([22m[2m../node_modules/.pnpm/expect@29.7.0/node_modules/expect/build/index.js[2m:113:15)[22m[2m[22m
[2m      [2mat Object.<anonymous> ([22m[2m[0m[36mtests/unit/embeddingService.test.ts[39m[0m[2m:543:13)[22m[2m[22m

[1m[31m  [1m● [22m[1mEmbeddingService › cleanupOldEmbeddings › should delete embeddings with old models[39m[22m

    [2mexpect([22m[31mreceived[39m[2m).[22mtoBe[2m([22m[32mexpected[39m[2m) // Object.is equality[22m

    Expected: [32m5[39m
    Received: [31m0[39m
[2m[22m
[2m    [0m [90m 553 |[39m       [36mconst[39m deletedCount [33m=[39m [36mawait[39m service[33m.[39mcleanupOldEmbeddings([32m'text-embedding-3-small'[39m)[33m;[39m[22m
[2m     [90m 554 |[39m[22m
[2m    [31m[1m>[22m[2m[39m[90m 555 |[39m       expect(deletedCount)[33m.[39mtoBe([35m5[39m)[33m;[39m[22m
[2m     [90m     |[39m                            [31m[1m^[22m[2m[39m[22m
[2m     [90m 556 |[39m       expect(mockPrisma[33m.[39mcurriculumExpectationEmbedding[33m.[39mdeleteMany)[33m.[39mtoHaveBeenCalledWith({[22m
[2m     [90m 557 |[39m         where[33m:[39m { model[33m:[39m { not[33m:[39m [32m'text-embedding-3-small'[39m } }[33m,[39m[22m
[2m     [90m 558 |[39m       })[33m;[39m[0m[22m
[2m[22m
[2m      [2mat Object.<anonymous> ([22m[2m[0m[36mtests/unit/embeddingService.test.ts[39m[0m[2m:555:28)[22m[2m[22m

[1m[31m  [1m● [22m[1mEmbeddingService › error handling and edge cases › should handle malformed embedding data[39m[22m

    [2mexpect([22m[31mreceived[39m[2m).[22mtoBe[2m([22m[32mexpected[39m[2m) // Object.is equality[22m

    Expected: [32m"invalid-data"[39m
    Received: [31mnull[39m
[2m[22m
[2m    [0m [90m 581 |[39m[22m
[2m     [90m 582 |[39m       [90m// Should handle gracefully, returning whatever is stored[39m[22m
[2m    [31m[1m>[22m[2m[39m[90m 583 |[39m       expect(result)[33m.[39mtoBe([32m'invalid-data'[39m)[33m;[39m[22m
[2m     [90m     |[39m                      [31m[1m^[22m[2m[39m[22m
[2m     [90m 584 |[39m     })[33m;[39m[22m
[2m     [90m 585 |[39m[22m
[2m     [90m 586 |[39m     it([32m'should handle concurrent embedding generation safely'[39m[33m,[39m [36masync[39m () [33m=>[39m {[0m[22m
[2m[22m
[2m      [2mat Object.<anonymous> ([22m[2m[0m[36mtests/unit/embeddingService.test.ts[39m[0m[2m:583:22)[22m[2m[22m

[1m[31m  [1m● [22m[1mEmbeddingService › error handling and edge cases › should handle concurrent embedding generation safely[39m[22m

    TypeError: mockedOpenAI.embeddings.create.mockResolvedValue is not a function
[2m[22m
[2m    [0m [90m 593 |[39m[22m
[2m     [90m 594 |[39m       [90m// Setup OpenAI responses for concurrent requests[39m[22m
[2m    [31m[1m>[22m[2m[39m[90m 595 |[39m       mockedOpenAI[33m.[39membeddings[33m.[39mcreate[33m.[39mmockResolvedValue({[22m
[2m     [90m     |[39m                                      [31m[1m^[22m[2m[39m[22m
[2m     [90m 596 |[39m         data[33m:[39m [{ embedding[33m:[39m [[35m0.1[39m[33m,[39m [35m0.2[39m[33m,[39m [35m0.3[39m[33m,[39m [35m0.4[39m[33m,[39m [35m0.5[39m] }][33m,[39m[22m
[2m     [90m 597 |[39m         usage[33m:[39m { total_tokens[33m:[39m [35m10[39m }[33m,[39m[22m
[2m     [90m 598 |[39m       } [36mas[39m any)[33m;[39m[0m[22m
[2m[22m
[2m      [2mat Object.<anonymous> ([22m[2m[0m[36mtests/unit/embeddingService.test.ts[39m[0m[2m:595:38)[22m[2m[22m

[0m[7m[1m[31m FAIL [39m[22m[27m[0m [2mtests/unit/jobs/[22m[1mprogressCheck.test.ts[22m
[1m[31m  [1m● [22m[1mProgress Check Job › runProgressCheck › should check unit plans ending within a week[39m[22m

    TypeError: unitPlans is not iterable
[2m[22m
[2m    [0m [90m 18 |[39m     include[33m:[39m { lessonPlans[33m:[39m [36mtrue[39m[33m,[39m user[33m:[39m [36mtrue[39m }[33m,[39m[22m
[2m     [90m 19 |[39m   })[33m;[39m[22m
[2m    [31m[1m>[22m[2m[39m[90m 20 |[39m   [36mfor[39m ([36mconst[39m plan [36mof[39m unitPlans) {[22m
[2m     [90m    |[39m                      [31m[1m^[22m[2m[39m[22m
[2m     [90m 21 |[39m     [36mconst[39m incompleteLessons [33m=[39m plan[33m.[39mlessonPlans[33m.[39mfilter((l) [33m=>[39m l[33m.[39mdate [33m>[39m today)[33m.[39mlength[33m;[39m[22m
[2m     [90m 22 |[39m     [36mif[39m (incompleteLessons [33m>[39m [35m0[39m) {[22m
[2m     [90m 23 |[39m       [36mconst[39m message [33m=[39m [32m`Unit Plan "${plan.title}" is ending soon with ${incompleteLessons} upcoming lessons`[39m[33m;[39m[0m[22m
[2m[22m
[2m      [2mat runProgressCheck ([22m[2msrc/jobs/progressCheck.ts[2m:20:22)[22m[2m[22m
[2m      [2mat Object.<anonymous> ([22m[2m[0m[36mtests/unit/jobs/progressCheck.test.ts[39m[0m[2m:24:7)[22m[2m[22m

[1m[31m  [1m● [22m[1mProgress Check Job › runProgressCheck › should warn about unit plans with upcoming lessons[39m[22m

    TypeError: unitPlans is not iterable
[2m[22m
[2m    [0m [90m 18 |[39m     include[33m:[39m { lessonPlans[33m:[39m [36mtrue[39m[33m,[39m user[33m:[39m [36mtrue[39m }[33m,[39m[22m
[2m     [90m 19 |[39m   })[33m;[39m[22m
[2m    [31m[1m>[22m[2m[39m[90m 20 |[39m   [36mfor[39m ([36mconst[39m plan [36mof[39m unitPlans) {[22m
[2m     [90m    |[39m                      [31m[1m^[22m[2m[39m[22m
[2m     [90m 21 |[39m     [36mconst[39m incompleteLessons [33m=[39m plan[33m.[39mlessonPlans[33m.[39mfilter((l) [33m=>[39m l[33m.[39mdate [33m>[39m today)[33m.[39mlength[33m;[39m[22m
[2m     [90m 22 |[39m     [36mif[39m (incompleteLessons [33m>[39m [35m0[39m) {[22m
[2m     [90m 23 |[39m       [36mconst[39m message [33m=[39m [32m`Unit Plan "${plan.title}" is ending soon with ${incompleteLessons} upcoming lessons`[39m[33m;[39m[0m[22m
[2m[22m
[2m      [2mat runProgressCheck ([22m[2msrc/jobs/progressCheck.ts[2m:20:22)[22m[2m[22m
[2m      [2mat Object.<anonymous> ([22m[2m[0m[36mtests/unit/jobs/progressCheck.test.ts[39m[0m[2m:69:7)[22m[2m[22m

[1m[31m  [1m● [22m[1mProgress Check Job › runProgressCheck › should warn about multiple upcoming lessons[39m[22m

    TypeError: unitPlans is not iterable
[2m[22m
[2m    [0m [90m 18 |[39m     include[33m:[39m { lessonPlans[33m:[39m [36mtrue[39m[33m,[39m user[33m:[39m [36mtrue[39m }[33m,[39m[22m
[2m     [90m 19 |[39m   })[33m;[39m[22m
[2m    [31m[1m>[22m[2m[39m[90m 20 |[39m   [36mfor[39m ([36mconst[39m plan [36mof[39m unitPlans) {[22m
[2m     [90m    |[39m                      [31m[1m^[22m[2m[39m[22m
[2m     [90m 21 |[39m     [36mconst[39m incompleteLessons [33m=[39m plan[33m.[39mlessonPlans[33m.[39mfilter((l) [33m=>[39m l[33m.[39mdate [33m>[39m today)[33m.[39mlength[33m;[39m[22m
[2m     [90m 22 |[39m     [36mif[39m (incompleteLessons [33m>[39m [35m0[39m) {[22m
[2m     [90m 23 |[39m       [36mconst[39m message [33m=[39m [32m`Unit Plan "${plan.title}" is ending soon with ${incompleteLessons} upcoming lessons`[39m[33m;[39m[0m[22m
[2m[22m
[2m      [2mat runProgressCheck ([22m[2msrc/jobs/progressCheck.ts[2m:20:22)[22m[2m[22m
[2m      [2mat Object.<anonymous> ([22m[2m[0m[36mtests/unit/jobs/progressCheck.test.ts[39m[0m[2m:98:7)[22m[2m[22m

[1m[31m  [1m● [22m[1mProgress Check Job › runProgressCheck › should not warn about unit plans with no upcoming lessons[39m[22m

    TypeError: unitPlans is not iterable
[2m[22m
[2m    [0m [90m 18 |[39m     include[33m:[39m { lessonPlans[33m:[39m [36mtrue[39m[33m,[39m user[33m:[39m [36mtrue[39m }[33m,[39m[22m
[2m     [90m 19 |[39m   })[33m;[39m[22m
[2m    [31m[1m>[22m[2m[39m[90m 20 |[39m   [36mfor[39m ([36mconst[39m plan [36mof[39m unitPlans) {[22m
[2m     [90m    |[39m                      [31m[1m^[22m[2m[39m[22m
[2m     [90m 21 |[39m     [36mconst[39m incompleteLessons [33m=[39m plan[33m.[39mlessonPlans[33m.[39mfilter((l) [33m=>[39m l[33m.[39mdate [33m>[39m today)[33m.[39mlength[33m;[39m[22m
[2m     [90m 22 |[39m     [36mif[39m (incompleteLessons [33m>[39m [35m0[39m) {[22m
[2m     [90m 23 |[39m       [36mconst[39m message [33m=[39m [32m`Unit Plan "${plan.title}" is ending soon with ${incompleteLessons} upcoming lessons`[39m[33m;[39m[0m[22m
[2m[22m
[2m      [2mat runProgressCheck ([22m[2msrc/jobs/progressCheck.ts[2m:20:22)[22m[2m[22m
[2m      [2mat Object.<anonymous> ([22m[2m[0m[36mtests/unit/jobs/progressCheck.test.ts[39m[0m[2m:123:7)[22m[2m[22m

[1m[31m  [1m● [22m[1mProgress Check Job › runProgressCheck › should handle unit plans with no lesson plans[39m[22m

    TypeError: unitPlans is not iterable
[2m[22m
[2m    [0m [90m 18 |[39m     include[33m:[39m { lessonPlans[33m:[39m [36mtrue[39m[33m,[39m user[33m:[39m [36mtrue[39m }[33m,[39m[22m
[2m     [90m 19 |[39m   })[33m;[39m[22m
[2m    [31m[1m>[22m[2m[39m[90m 20 |[39m   [36mfor[39m ([36mconst[39m plan [36mof[39m unitPlans) {[22m
[2m     [90m    |[39m                      [31m[1m^[22m[2m[39m[22m
[2m     [90m 21 |[39m     [36mconst[39m incompleteLessons [33m=[39m plan[33m.[39mlessonPlans[33m.[39mfilter((l) [33m=>[39m l[33m.[39mdate [33m>[39m today)[33m.[39mlength[33m;[39m[22m
[2m     [90m 22 |[39m     [36mif[39m (incompleteLessons [33m>[39m [35m0[39m) {[22m
[2m     [90m 23 |[39m       [36mconst[39m message [33m=[39m [32m`Unit Plan "${plan.title}" is ending soon with ${incompleteLessons} upcoming lessons`[39m[33m;[39m[0m[22m
[2m[22m
[2m      [2mat runProgressCheck ([22m[2msrc/jobs/progressCheck.ts[2m:20:22)[22m[2m[22m
[2m      [2mat Object.<anonymous> ([22m[2m[0m[36mtests/unit/jobs/progressCheck.test.ts[39m[0m[2m:144:7)[22m[2m[22m

[1m[31m  [1m● [22m[1mProgress Check Job › runProgressCheck › should handle empty result from database[39m[22m

    TypeError: unitPlans is not iterable
[2m[22m
[2m    [0m [90m 18 |[39m     include[33m:[39m { lessonPlans[33m:[39m [36mtrue[39m[33m,[39m user[33m:[39m [36mtrue[39m }[33m,[39m[22m
[2m     [90m 19 |[39m   })[33m;[39m[22m
[2m    [31m[1m>[22m[2m[39m[90m 20 |[39m   [36mfor[39m ([36mconst[39m plan [36mof[39m unitPlans) {[22m
[2m     [90m    |[39m                      [31m[1m^[22m[2m[39m[22m
[2m     [90m 21 |[39m     [36mconst[39m incompleteLessons [33m=[39m plan[33m.[39mlessonPlans[33m.[39mfilter((l) [33m=>[39m l[33m.[39mdate [33m>[39m today)[33m.[39mlength[33m;[39m[22m
[2m     [90m 22 |[39m     [36mif[39m (incompleteLessons [33m>[39m [35m0[39m) {[22m
[2m     [90m 23 |[39m       [36mconst[39m message [33m=[39m [32m`Unit Plan "${plan.title}" is ending soon with ${incompleteLessons} upcoming lessons`[39m[33m;[39m[0m[22m
[2m[22m
[2m      [2mat runProgressCheck ([22m[2msrc/jobs/progressCheck.ts[2m:20:22)[22m[2m[22m
[2m      [2mat Object.<anonymous> ([22m[2m[0m[36mtests/unit/jobs/progressCheck.test.ts[39m[0m[2m:152:7)[22m[2m[22m

[1m[31m  [1m● [22m[1mProgress Check Job › runProgressCheck › should handle database errors gracefully[39m[22m

    [2mexpect([22m[31mreceived[39m[2m).[22mrejects[2m.[22mtoThrow[2m([22m[32mexpected[39m[2m)[22m

    Expected substring: [32m"Database connection failed"[39m
    Received message:   [31m"unitPlans is not iterable"[39m

        [0m [90m 18 |[39m     include[33m:[39m { lessonPlans[33m:[39m [36mtrue[39m[33m,[39m user[33m:[39m [36mtrue[39m }[33m,[39m
         [90m 19 |[39m   })[33m;[39m
        [31m[1m>[22m[39m[90m 20 |[39m   [36mfor[39m ([36mconst[39m plan [36mof[39m unitPlans) {
         [90m    |[39m                      [31m[1m^[22m[39m
         [90m 21 |[39m     [36mconst[39m incompleteLessons [33m=[39m plan[33m.[39mlessonPlans[33m.[39mfilter((l) [33m=>[39m l[33m.[39mdate [33m>[39m today)[33m.[39mlength[33m;[39m
         [90m 22 |[39m     [36mif[39m (incompleteLessons [33m>[39m [35m0[39m) {
         [90m 23 |[39m       [36mconst[39m message [33m=[39m [32m`Unit Plan "${plan.title}" is ending soon with ${incompleteLessons} upcoming lessons`[39m[33m;[39m[0m

          [2mat runProgressCheck ([22msrc/jobs/progressCheck.ts[2m:20:22)[22m
          [2mat Object.<anonymous> ([22mtests/unit/jobs/progressCheck.test.ts[2m:161:7)[22m
[2m[22m
[2m    [0m [90m 159 |[39m[22m
[2m     [90m 160 |[39m       [90m// Should not throw[39m[22m
[2m    [31m[1m>[22m[2m[39m[90m 161 |[39m       [36mawait[39m expect(runProgressCheck())[33m.[39mrejects[33m.[39mtoThrow([32m'Database connection failed'[39m)[33m;[39m[22m
[2m     [90m     |[39m                                                [31m[1m^[22m[2m[39m[22m
[2m     [90m 162 |[39m     })[33m;[39m[22m
[2m     [90m 163 |[39m[22m
[2m     [90m 164 |[39m     it([32m'should correctly filter lessons by date boundary'[39m[33m,[39m [36masync[39m () [33m=>[39m {[0m[22m
[2m[22m
[2m      [2mat Object.toThrow ([22m[2m../node_modules/.pnpm/expect@29.7.0/node_modules/expect/build/index.js[2m:218:22)[22m[2m[22m
[2m      [2mat Object.<anonymous> ([22m[2m[0m[36mtests/unit/jobs/progressCheck.test.ts[39m[0m[2m:161:48)[22m[2m[22m

[1m[31m  [1m● [22m[1mProgress Check Job › runProgressCheck › should correctly filter lessons by date boundary[39m[22m

    TypeError: unitPlans is not iterable
[2m[22m
[2m    [0m [90m 18 |[39m     include[33m:[39m { lessonPlans[33m:[39m [36mtrue[39m[33m,[39m user[33m:[39m [36mtrue[39m }[33m,[39m[22m
[2m     [90m 19 |[39m   })[33m;[39m[22m
[2m    [31m[1m>[22m[2m[39m[90m 20 |[39m   [36mfor[39m ([36mconst[39m plan [36mof[39m unitPlans) {[22m
[2m     [90m    |[39m                      [31m[1m^[22m[2m[39m[22m
[2m     [90m 21 |[39m     [36mconst[39m incompleteLessons [33m=[39m plan[33m.[39mlessonPlans[33m.[39mfilter((l) [33m=>[39m l[33m.[39mdate [33m>[39m today)[33m.[39mlength[33m;[39m[22m
[2m     [90m 22 |[39m     [36mif[39m (incompleteLessons [33m>[39m [35m0[39m) {[22m
[2m     [90m 23 |[39m       [36mconst[39m message [33m=[39m [32m`Unit Plan "${plan.title}" is ending soon with ${incompleteLessons} upcoming lessons`[39m[33m;[39m[0m[22m
[2m[22m
[2m      [2mat runProgressCheck ([22m[2msrc/jobs/progressCheck.ts[2m:20:22)[22m[2m[22m
[2m      [2mat Object.<anonymous> ([22m[2m[0m[36mtests/unit/jobs/progressCheck.test.ts[39m[0m[2m:188:7)[22m[2m[22m

[0m[7m[1m[31m FAIL [39m[22m[27m[0m [2mtests/unit/jobs/[22m[1mnewsletterTrigger.test.ts[22m
[1m[31m  [1m● [22m[1mNewsletter Trigger Job › checkNewsletterTriggers › should trigger warning for current date midpoint[39m[22m

    [2mexpect([22m[31mjest.fn()[39m[2m).[22mtoHaveBeenCalledWith[2m([22m[32m...expected[39m[2m)[22m

    Expected: [32m"Newsletter trigger for Test Term - Notification model archived"[39m

    Number of calls: [31m0[39m
[2m[22m
[2m    [0m [90m 24 |[39m       [36mawait[39m checkNewsletterTriggers(testMidpoints)[33m;[39m[22m
[2m     [90m 25 |[39m[22m
[2m    [31m[1m>[22m[2m[39m[90m 26 |[39m       expect(mockWarn)[33m.[39mtoHaveBeenCalledWith([22m
[2m     [90m    |[39m                        [31m[1m^[22m[2m[39m[22m
[2m     [90m 27 |[39m         [32m'Newsletter trigger for Test Term - Notification model archived'[39m[22m
[2m     [90m 28 |[39m       )[33m;[39m[22m
[2m     [90m 29 |[39m       expect(mockWarn)[33m.[39mtoHaveBeenCalledTimes([35m1[39m)[33m;[39m[0m[22m
[2m[22m
[2m      [2mat Object.<anonymous> ([22m[2m[0m[36mtests/unit/jobs/newsletterTrigger.test.ts[39m[0m[2m:26:24)[22m[2m[22m

[1m[31m  [1m● [22m[1mNewsletter Trigger Job › checkNewsletterTriggers › should handle multiple matching dates[39m[22m

    [2mexpect([22m[31mjest.fn()[39m[2m).[22mtoHaveBeenCalledWith[2m([22m[32m...expected[39m[2m)[22m

    Expected: [32m"Newsletter trigger for Term A - Notification model archived"[39m

    Number of calls: [31m0[39m
[2m[22m
[2m    [0m [90m 62 |[39m       [36mawait[39m checkNewsletterTriggers(testMidpoints)[33m;[39m[22m
[2m     [90m 63 |[39m[22m
[2m    [31m[1m>[22m[2m[39m[90m 64 |[39m       expect(mockWarn)[33m.[39mtoHaveBeenCalledWith([22m
[2m     [90m    |[39m                        [31m[1m^[22m[2m[39m[22m
[2m     [90m 65 |[39m         [32m'Newsletter trigger for Term A - Notification model archived'[39m[22m
[2m     [90m 66 |[39m       )[33m;[39m[22m
[2m     [90m 67 |[39m       expect(mockWarn)[33m.[39mtoHaveBeenCalledWith([0m[22m
[2m[22m
[2m      [2mat Object.<anonymous> ([22m[2m[0m[36mtests/unit/jobs/newsletterTrigger.test.ts[39m[0m[2m:64:24)[22m[2m[22m

[1m[31m  [1m● [22m[1mNewsletter Trigger Job › checkNewsletterTriggers › should compare dates correctly ignoring time[39m[22m

    [2mexpect([22m[31mjest.fn()[39m[2m).[22mtoHaveBeenCalledWith[2m([22m[32m...expected[39m[2m)[22m

    Expected: [32m"Newsletter trigger for Same Day Different Time - Notification model archived"[39m

    Number of calls: [31m0[39m
[2m[22m
[2m    [0m [90m 88 |[39m       [36mawait[39m checkNewsletterTriggers(testMidpoints)[33m;[39m[22m
[2m     [90m 89 |[39m[22m
[2m    [31m[1m>[22m[2m[39m[90m 90 |[39m       expect(mockWarn)[33m.[39mtoHaveBeenCalledWith([22m
[2m     [90m    |[39m                        [31m[1m^[22m[2m[39m[22m
[2m     [90m 91 |[39m         [32m'Newsletter trigger for Same Day Different Time - Notification model archived'[39m[22m
[2m     [90m 92 |[39m       )[33m;[39m[22m
[2m     [90m 93 |[39m     })[33m;[39m[0m[22m
[2m[22m
[2m      [2mat Object.<anonymous> ([22m[2m[0m[36mtests/unit/jobs/newsletterTrigger.test.ts[39m[0m[2m:90:24)[22m[2m[22m

[0m[7m[1m[31m FAIL [39m[22m[27m[0m [2mtests/unit/[22m[1membeddingService.mock-validation.test.ts[22m
[1m[31m  [1m● [22m[1mMock Infrastructure Validation › Module Import Testing › should properly mock OpenAI module when imported[39m[22m

    [2mexpect([22m[31mreceived[39m[2m).[22mtoBe[2m([22m[32mexpected[39m[2m) // Object.is equality[22m

    Expected: [32mtrue[39m
    Received: [31mfalse[39m
[2m[22m
[2m    [0m [90m 92 |[39m       [36mconst[39m instance [33m=[39m [36mnew[39m [33mOpenAI[39m({ apiKey[33m:[39m [32m'test'[39m })[33m;[39m[22m
[2m     [90m 93 |[39m       [22m
[2m    [31m[1m>[22m[2m[39m[90m 94 |[39m       expect(jest[33m.[39misMockFunction(instance[33m.[39membeddings[33m.[39mcreate))[33m.[39mtoBe([36mtrue[39m)[33m;[39m[22m
[2m     [90m    |[39m                                                               [31m[1m^[22m[2m[39m[22m
[2m     [90m 95 |[39m     })[33m;[39m[22m
[2m     [90m 96 |[39m[22m
[2m     [90m 97 |[39m     it([32m'should properly mock database module when imported'[39m[33m,[39m [36masync[39m () [33m=>[39m {[0m[22m
[2m[22m
[2m      [2mat Object.<anonymous> ([22m[2m[0m[36mtests/unit/embeddingService.mock-validation.test.ts[39m[0m[2m:94:63)[22m[2m[22m

[0m[7m[1m[31m FAIL [39m[22m[27m[0m [2mtests/unit/[22m[1mauth.refactored.test.ts[22m
[1m[31m  [1m● [22m[1mAuth Middleware - Refactored › Authorization Header Validation › should reject requests without authorization header[39m[22m

    [2mexpect([22m[31mreceived[39m[2m).[22mtoBe[2m([22m[32mexpected[39m[2m) // Object.is equality[22m

    Expected: [32m401[39m
    Received: [31m[Function mockConstructor][39m
[2m[22m
[2m    [0m [90m 444 |[39m [90m   */[39m[22m
[2m     [90m 445 |[39m   [36mstatic[39m assertErrorResponse(response[33m:[39m any[33m,[39m expectedStatus[33m:[39m number[33m,[39m expectedMessage[33m?[39m[33m:[39m string)[33m:[39m [36mvoid[39m {[22m
[2m    [31m[1m>[22m[2m[39m[90m 446 |[39m     expect(response[33m.[39mstatus)[33m.[39mtoBe(expectedStatus)[33m;[39m[22m
[2m     [90m     |[39m                             [31m[1m^[22m[2m[39m[22m
[2m     [90m 447 |[39m     expect(response[33m.[39mbody)[33m.[39mtoHaveProperty([32m'error'[39m)[33m;[39m[22m
[2m     [90m 448 |[39m     [22m
[2m     [90m 449 |[39m     [36mif[39m (expectedMessage) {[0m[22m
[2m[22m
[2m      [2mat Function.assertErrorResponse ([22m[2mtests/utils/testFramework.ts[2m:446:29)[22m[2m[22m
[2m      [2mat Object.<anonymous> ([22m[2m[0m[36mtests/unit/auth.refactored.test.ts[39m[0m[2m:45:24)[22m[2m[22m

[1m[31m  [1m● [22m[1mAuth Middleware - Refactored › Authorization Header Validation › should reject requests with empty authorization header[39m[22m

    [2mexpect([22m[31mreceived[39m[2m).[22mtoBe[2m([22m[32mexpected[39m[2m) // Object.is equality[22m

    Expected: [32m401[39m
    Received: [31m[Function mockConstructor][39m
[2m[22m
[2m    [0m [90m 444 |[39m [90m   */[39m[22m
[2m     [90m 445 |[39m   [36mstatic[39m assertErrorResponse(response[33m:[39m any[33m,[39m expectedStatus[33m:[39m number[33m,[39m expectedMessage[33m?[39m[33m:[39m string)[33m:[39m [36mvoid[39m {[22m
[2m    [31m[1m>[22m[2m[39m[90m 446 |[39m     expect(response[33m.[39mstatus)[33m.[39mtoBe(expectedStatus)[33m;[39m[22m
[2m     [90m     |[39m                             [31m[1m^[22m[2m[39m[22m
[2m     [90m 447 |[39m     expect(response[33m.[39mbody)[33m.[39mtoHaveProperty([32m'error'[39m)[33m;[39m[22m
[2m     [90m 448 |[39m     [22m
[2m     [90m 449 |[39m     [36mif[39m (expectedMessage) {[0m[22m
[2m[22m
[2m      [2mat Function.assertErrorResponse ([22m[2mtests/utils/testFramework.ts[2m:446:29)[22m[2m[22m
[2m      [2mat Object.<anonymous> ([22m[2m[0m[36mtests/unit/auth.refactored.test.ts[39m[0m[2m:58:24)[22m[2m[22m

[1m[31m  [1m● [22m[1mAuth Middleware - Refactored › Authorization Header Validation › should reject requests with malformed authorization header[39m[22m

    [2mexpect([22m[31mreceived[39m[2m).[22mtoBe[2m([22m[32mexpected[39m[2m) // Object.is equality[22m

    Expected: [32m401[39m
    Received: [31m[Function mockConstructor][39m
[2m[22m
[2m    [0m [90m 444 |[39m [90m   */[39m[22m
[2m     [90m 445 |[39m   [36mstatic[39m assertErrorResponse(response[33m:[39m any[33m,[39m expectedStatus[33m:[39m number[33m,[39m expectedMessage[33m?[39m[33m:[39m string)[33m:[39m [36mvoid[39m {[22m
[2m    [31m[1m>[22m[2m[39m[90m 446 |[39m     expect(response[33m.[39mstatus)[33m.[39mtoBe(expectedStatus)[33m;[39m[22m
[2m     [90m     |[39m                             [31m[1m^[22m[2m[39m[22m
[2m     [90m 447 |[39m     expect(response[33m.[39mbody)[33m.[39mtoHaveProperty([32m'error'[39m)[33m;[39m[22m
[2m     [90m 448 |[39m     [22m
[2m     [90m 449 |[39m     [36mif[39m (expectedMessage) {[0m[22m
[2m[22m
[2m      [2mat Function.assertErrorResponse ([22m[2mtests/utils/testFramework.ts[2m:446:29)[22m[2m[22m
[2m      [2mat Object.<anonymous> ([22m[2m[0m[36mtests/unit/auth.refactored.test.ts[39m[0m[2m:71:24)[22m[2m[22m

[1m[31m  [1m● [22m[1mAuth Middleware - Refactored › Token Validation › should accept valid JWT token[39m[22m

    [2mexpect([22m[31mreceived[39m[2m).[22mtoEqual[2m([22m[32mexpected[39m[2m) // deep equality[22m

    [32m- Expected  - 0[39m
    [31m+ Received  + 2[39m

    [2m  Object {[22m
    [31m+   "email": "unknown@example.com",[39m
    [31m+   "id": NaN,[39m
    [2m    "userId": "test-user-123",[22m
    [2m  }[22m
[2m[22m
[2m    [0m [90m 86 |[39m       authMiddleware(req [36mas[39m [33mAuthRequest[39m[33m,[39m res [36mas[39m [33mResponse[39m[33m,[39m next)[33m;[39m[22m
[2m     [90m 87 |[39m[22m
[2m    [31m[1m>[22m[2m[39m[90m 88 |[39m       expect(req[33m.[39muser)[33m.[39mtoEqual({ userId })[33m;[39m[22m
[2m     [90m    |[39m                        [31m[1m^[22m[2m[39m[22m
[2m     [90m 89 |[39m       expect(next)[33m.[39mtoHaveBeenCalledTimes([35m1[39m)[33m;[39m[22m
[2m     [90m 90 |[39m       expect(res[33m.[39mstatus)[33m.[39mnot[33m.[39mtoHaveBeenCalled()[33m;[39m[22m
[2m     [90m 91 |[39m     })[33m;[39m[0m[22m
[2m[22m
[2m      [2mat [22m[2m[0m[36mtests/unit/auth.refactored.test.ts[39m[0m[2m:88:24[22m[2m[22m
[2m      [2mat Object.<anonymous> ([22m[2mtests/utils/testFramework.ts[2m:153:13)[22m[2m[22m

[1m[31m  [1m● [22m[1mAuth Middleware - Refactored › Token Validation › should reject expired tokens[39m[22m

    [2mexpect([22m[31mreceived[39m[2m).[22mtoBe[2m([22m[32mexpected[39m[2m) // Object.is equality[22m

    Expected: [32m401[39m
    Received: [31m[Function mockConstructor][39m
[2m[22m
[2m    [0m [90m 444 |[39m [90m   */[39m[22m
[2m     [90m 445 |[39m   [36mstatic[39m assertErrorResponse(response[33m:[39m any[33m,[39m expectedStatus[33m:[39m number[33m,[39m expectedMessage[33m?[39m[33m:[39m string)[33m:[39m [36mvoid[39m {[22m
[2m    [31m[1m>[22m[2m[39m[90m 446 |[39m     expect(response[33m.[39mstatus)[33m.[39mtoBe(expectedStatus)[33m;[39m[22m
[2m     [90m     |[39m                             [31m[1m^[22m[2m[39m[22m
[2m     [90m 447 |[39m     expect(response[33m.[39mbody)[33m.[39mtoHaveProperty([32m'error'[39m)[33m;[39m[22m
[2m     [90m 448 |[39m     [22m
[2m     [90m 449 |[39m     [36mif[39m (expectedMessage) {[0m[22m
[2m[22m
[2m      [2mat Function.assertErrorResponse ([22m[2mtests/utils/testFramework.ts[2m:446:29)[22m[2m[22m
[2m      [2mat [22m[2m[0m[36mtests/unit/auth.refactored.test.ts[39m[0m[2m:101:24[22m[2m[22m
[2m      [2mat Object.<anonymous> ([22m[2mtests/utils/testFramework.ts[2m:153:13)[22m[2m[22m

[1m[31m  [1m● [22m[1mAuth Middleware - Refactored › Token Validation › should reject invalid tokens[39m[22m

    [2mexpect([22m[31mreceived[39m[2m).[22mtoBe[2m([22m[32mexpected[39m[2m) // Object.is equality[22m

    Expected: [32m401[39m
    Received: [31m[Function mockConstructor][39m
[2m[22m
[2m    [0m [90m 444 |[39m [90m   */[39m[22m
[2m     [90m 445 |[39m   [36mstatic[39m assertErrorResponse(response[33m:[39m any[33m,[39m expectedStatus[33m:[39m number[33m,[39m expectedMessage[33m?[39m[33m:[39m string)[33m:[39m [36mvoid[39m {[22m
[2m    [31m[1m>[22m[2m[39m[90m 446 |[39m     expect(response[33m.[39mstatus)[33m.[39mtoBe(expectedStatus)[33m;[39m[22m
[2m     [90m     |[39m                             [31m[1m^[22m[2m[39m[22m
[2m     [90m 447 |[39m     expect(response[33m.[39mbody)[33m.[39mtoHaveProperty([32m'error'[39m)[33m;[39m[22m
[2m     [90m 448 |[39m     [22m
[2m     [90m 449 |[39m     [36mif[39m (expectedMessage) {[0m[22m
[2m[22m
[2m      [2mat Function.assertErrorResponse ([22m[2mtests/utils/testFramework.ts[2m:446:29)[22m[2m[22m
[2m      [2mat Object.<anonymous> ([22m[2m[0m[36mtests/unit/auth.refactored.test.ts[39m[0m[2m:115:24)[22m[2m[22m

[1m[31m  [1m● [22m[1mAuth Middleware - Refactored › Token Validation › should reject tokens with invalid signature[39m[22m

    ReferenceError: require is not defined
[2m[22m
[2m    [0m [90m 122 |[39m     it([32m'should reject tokens with invalid signature'[39m[33m,[39m () [33m=>[39m {[22m
[2m     [90m 123 |[39m       [90m// Create token with different secret[39m[22m
[2m    [31m[1m>[22m[2m[39m[90m 124 |[39m       [36mconst[39m jwt [33m=[39m require([32m'jsonwebtoken'[39m)[33m;[39m[22m
[2m     [90m     |[39m                   [31m[1m^[22m[2m[39m[22m
[2m     [90m 125 |[39m       [36mconst[39m invalidToken [33m=[39m jwt[33m.[39msign({ userId[33m:[39m [32m'789'[39m }[33m,[39m [32m'wrong-secret'[39m)[33m;[39m[22m
[2m     [90m 126 |[39m       [22m
[2m     [90m 127 |[39m       req[33m.[39mheaders[33m![39m[33m.[39mauthorization [33m=[39m [32m`Bearer ${invalidToken}`[39m[33m;[39m[0m[22m
[2m[22m
[2m      [2mat Object.<anonymous> ([22m[2m[0m[36mtests/unit/auth.refactored.test.ts[39m[0m[2m:124:19)[22m[2m[22m

[1m[31m  [1m● [22m[1mAuth Middleware - Refactored › Token Extraction › should extract user data from valid token[39m[22m

    ReferenceError: require is not defined
[2m[22m
[2m    [0m [90m 147 |[39m       [22m
[2m     [90m 148 |[39m       [90m// Mock JWT to include additional claims[39m[22m
[2m    [31m[1m>[22m[2m[39m[90m 149 |[39m       [36mconst[39m jwt [33m=[39m require([32m'jsonwebtoken'[39m)[33m;[39m[22m
[2m     [90m     |[39m                   [31m[1m^[22m[2m[39m[22m
[2m     [90m 150 |[39m       jest[33m.[39mspyOn(jwt[33m,[39m [32m'verify'[39m)[33m.[39mmockImplementationOnce((token[33m,[39m secret[33m,[39m callback) [33m=>[39m {[22m
[2m     [90m 151 |[39m         callback([36mnull[39m[33m,[39m { userId[33m,[39m [33m...[39madditionalClaims })[33m;[39m[22m
[2m     [90m 152 |[39m       })[33m;[39m[0m[22m
[2m[22m
[2m      [2mat Object.<anonymous> ([22m[2m[0m[36mtests/unit/auth.refactored.test.ts[39m[0m[2m:149:19)[22m[2m[22m

[1m[31m  [1m● [22m[1mAuth Middleware - Refactored › Token Extraction › should handle case-insensitive bearer prefix[39m[22m

    [2mexpect([22m[31mreceived[39m[2m).[22mtoBe[2m([22m[32mexpected[39m[2m) // Object.is equality[22m

    Expected: [32m"case-test-user"[39m
    Received: [31mundefined[39m
[2m[22m
[2m    [0m [90m 172 |[39m         authMiddleware(req [36mas[39m [33mAuthRequest[39m[33m,[39m res [36mas[39m [33mResponse[39m[33m,[39m next)[33m;[39m[22m
[2m     [90m 173 |[39m         [22m
[2m    [31m[1m>[22m[2m[39m[90m 174 |[39m         expect(req[33m.[39muser[33m?[39m[33m.[39muserId)[33m.[39mtoBe(userId)[33m;[39m[22m
[2m     [90m     |[39m                                  [31m[1m^[22m[2m[39m[22m
[2m     [90m 175 |[39m         expect(next)[33m.[39mtoHaveBeenCalled()[33m;[39m[22m
[2m     [90m 176 |[39m         [22m
[2m     [90m 177 |[39m         [90m// Reset for next iteration[39m[0m[22m
[2m[22m
[2m      [2mat [22m[2m[0m[36mtests/unit/auth.refactored.test.ts[39m[0m[2m:174:34[22m[2m[22m
[2m          at Array.forEach (<anonymous>)[22m
[2m      [2mat Object.<anonymous> ([22m[2m[0m[36mtests/unit/auth.refactored.test.ts[39m[0m[2m:169:24)[22m[2m[22m

[1m[31m  [1m● [22m[1mAuth Middleware - Refactored › Environment Configuration › should use JWT_SECRET from environment[39m[22m

    ReferenceError: require is not defined
[2m[22m
[2m    [0m [90m 189 |[39m[22m
[2m     [90m 190 |[39m       [36mconst[39m userId [33m=[39m [32m'env-test-user'[39m[33m;[39m[22m
[2m    [31m[1m>[22m[2m[39m[90m 191 |[39m       [36mconst[39m jwt [33m=[39m require([32m'jsonwebtoken'[39m)[33m;[39m[22m
[2m     [90m     |[39m                   [31m[1m^[22m[2m[39m[22m
[2m     [90m 192 |[39m       [36mconst[39m token [33m=[39m jwt[33m.[39msign({ userId }[33m,[39m customSecret)[33m;[39m[22m
[2m     [90m 193 |[39m       [22m
[2m     [90m 194 |[39m       req[33m.[39mheaders[33m![39m[33m.[39mauthorization [33m=[39m [32m`Bearer ${token}`[39m[33m;[39m[0m[22m
[2m[22m
[2m      [2mat Object.<anonymous> ([22m[2m[0m[36mtests/unit/auth.refactored.test.ts[39m[0m[2m:191:19)[22m[2m[22m

[1m[31m  [1m● [22m[1mAuth Middleware - Refactored › Environment Configuration › should fall back to default secret when JWT_SECRET is not set[39m[22m

    ReferenceError: require is not defined
[2m[22m
[2m    [0m [90m 208 |[39m[22m
[2m     [90m 209 |[39m       [36mconst[39m userId [33m=[39m [32m'fallback-test-user'[39m[33m;[39m[22m
[2m    [31m[1m>[22m[2m[39m[90m 210 |[39m       [36mconst[39m jwt [33m=[39m require([32m'jsonwebtoken'[39m)[33m;[39m[22m
[2m     [90m     |[39m                   [31m[1m^[22m[2m[39m[22m
[2m     [90m 211 |[39m       [36mconst[39m token [33m=[39m jwt[33m.[39msign({ userId }[33m,[39m [32m'secret'[39m)[33m;[39m [90m// Default fallback[39m[22m
[2m     [90m 212 |[39m       [22m
[2m     [90m 213 |[39m       req[33m.[39mheaders[33m![39m[33m.[39mauthorization [33m=[39m [32m`Bearer ${token}`[39m[33m;[39m[0m[22m
[2m[22m
[2m      [2mat Object.<anonymous> ([22m[2m[0m[36mtests/unit/auth.refactored.test.ts[39m[0m[2m:210:19)[22m[2m[22m

[1m[31m  [1m● [22m[1mAuth Middleware - Refactored › Error Handling › should handle JWT decode errors gracefully[39m[22m

    ReferenceError: require is not defined
[2m[22m
[2m    [0m [90m 227 |[39m   describe([32m'Error Handling'[39m[33m,[39m () [33m=>[39m {[22m
[2m     [90m 228 |[39m     it([32m'should handle JWT decode errors gracefully'[39m[33m,[39m () [33m=>[39m {[22m
[2m    [31m[1m>[22m[2m[39m[90m 229 |[39m       [36mconst[39m jwt [33m=[39m require([32m'jsonwebtoken'[39m)[33m;[39m[22m
[2m     [90m     |[39m                   [31m[1m^[22m[2m[39m[22m
[2m     [90m 230 |[39m       jest[33m.[39mspyOn(jwt[33m,[39m [32m'verify'[39m)[33m.[39mmockImplementationOnce(() [33m=>[39m {[22m
[2m     [90m 231 |[39m         [36mthrow[39m [36mnew[39m [33mError[39m([32m'JWT decode failed'[39m)[33m;[39m[22m
[2m     [90m 232 |[39m       })[33m;[39m[0m[22m
[2m[22m
[2m      [2mat Object.<anonymous> ([22m[2m[0m[36mtests/unit/auth.refactored.test.ts[39m[0m[2m:229:19)[22m[2m[22m

[1m[31m  [1m● [22m[1mAuth Middleware - Refactored › Error Handling › should handle missing user ID in token[39m[22m

    ReferenceError: require is not defined
[2m[22m
[2m    [0m [90m 244 |[39m[22m
[2m     [90m 245 |[39m     it([32m'should handle missing user ID in token'[39m[33m,[39m () [33m=>[39m {[22m
[2m    [31m[1m>[22m[2m[39m[90m 246 |[39m       [36mconst[39m jwt [33m=[39m require([32m'jsonwebtoken'[39m)[33m;[39m[22m
[2m     [90m     |[39m                   [31m[1m^[22m[2m[39m[22m
[2m     [90m 247 |[39m       [36mconst[39m tokenWithoutUserId [33m=[39m jwt[33m.[39msign({ role[33m:[39m [32m'admin'[39m }[33m,[39m [32m'secret'[39m)[33m;[39m[22m
[2m     [90m 248 |[39m       [22m
[2m     [90m 249 |[39m       req[33m.[39mheaders[33m![39m[33m.[39mauthorization [33m=[39m [32m`Bearer ${tokenWithoutUserId}`[39m[33m;[39m[0m[22m
[2m[22m
[2m      [2mat Object.<anonymous> ([22m[2m[0m[36mtests/unit/auth.refactored.test.ts[39m[0m[2m:246:19)[22m[2m[22m

[0m[7m[1m[31m FAIL [39m[22m[27m[0m [2mtests/unit/connectors/[22m[1moerConnector.test.ts[22m
[1m[31m  [1m● [22m[1mOERConnector › initialization › should initialize with correct source name[39m[22m

    [2mexpect([22m[31mreceived[39m[2m).[22mtoBe[2m([22m[32mexpected[39m[2m) // Object.is equality[22m

    Expected: [32m"OER"[39m
    Received: [31m"oer"[39m
[2m[22m
[2m    [0m [90m 19 |[39m   describe([32m'initialization'[39m[33m,[39m () [33m=>[39m {[22m
[2m     [90m 20 |[39m     it([32m'should initialize with correct source name'[39m[33m,[39m () [33m=>[39m {[22m
[2m    [31m[1m>[22m[2m[39m[90m 21 |[39m       expect(connector[[32m'sourceName'[39m])[33m.[39mtoBe([32m'OER'[39m)[33m;[39m[22m
[2m     [90m    |[39m                                       [31m[1m^[22m[2m[39m[22m
[2m     [90m 22 |[39m     })[33m;[39m[22m
[2m     [90m 23 |[39m   })[33m;[39m[22m
[2m     [90m 24 |[39m[0m[22m
[2m[22m
[2m      [2mat Object.<anonymous> ([22m[2m[0m[36mtests/unit/connectors/oerConnector.test.ts[39m[0m[2m:21:39)[22m[2m[22m

[1m[31m  [1m● [22m[1mOERConnector › search functionality › should implement search method[39m[22m

    [2mexpect([22m[31mreceived[39m[2m).[22mtoHaveLength[2m([22m[32mexpected[39m[2m)[22m

    Expected length: [32m1[39m
    Received length: [31m0[39m
    Received array:  [31m[][39m
[2m[22m
[2m    [0m [90m 44 |[39m       [36mconst[39m results [33m=[39m [36mawait[39m connector[33m.[39msearch({ query[33m:[39m [32m'math'[39m[33m,[39m grade[33m:[39m [35m3[39m })[33m;[39m[22m
[2m     [90m 45 |[39m       [22m
[2m    [31m[1m>[22m[2m[39m[90m 46 |[39m       expect(results)[33m.[39mtoHaveLength([35m1[39m)[33m;[39m[22m
[2m     [90m    |[39m                       [31m[1m^[22m[2m[39m[22m
[2m     [90m 47 |[39m       expect(results[[35m0[39m][33m.[39msource)[33m.[39mtoBe([32m'OER'[39m)[33m;[39m[22m
[2m     [90m 48 |[39m     })[33m;[39m[22m
[2m     [90m 49 |[39m[0m[22m
[2m[22m
[2m      [2mat Object.<anonymous> ([22m[2m[0m[36mtests/unit/connectors/oerConnector.test.ts[39m[0m[2m:46:23)[22m[2m[22m

[1m[31m  [1m● [22m[1mOERConnector › getActivityDetails › should fetch activity details[39m[22m

    [2mexpect([22m[31mreceived[39m[2m).[22mtoBeTruthy[2m()[22m

    Received: [31mnull[39m
[2m[22m
[2m    [0m [90m 74 |[39m       [36mconst[39m result [33m=[39m [36mawait[39m connector[33m.[39mgetActivityDetails([32m'oer-detail-1'[39m)[33m;[39m[22m
[2m     [90m 75 |[39m       [22m
[2m    [31m[1m>[22m[2m[39m[90m 76 |[39m       expect(result)[33m.[39mtoBeTruthy()[33m;[39m[22m
[2m     [90m    |[39m                      [31m[1m^[22m[2m[39m[22m
[2m     [90m 77 |[39m       expect(result[33m?[39m[33m.[39msource)[33m.[39mtoBe([32m'OER'[39m)[33m;[39m[22m
[2m     [90m 78 |[39m     })[33m;[39m[22m
[2m     [90m 79 |[39m[0m[22m
[2m[22m
[2m      [2mat Object.<anonymous> ([22m[2m[0m[36mtests/unit/connectors/oerConnector.test.ts[39m[0m[2m:76:22)[22m[2m[22m

[0m[7m[1m[31m FAIL [39m[22m[27m[0m [2mtests/unit/connectors/[22m[1mbaseConnector.test.ts[22m
[1m[31m  [1m● [22m[1mBaseConnector › transformToExternalActivity › should transform activity data correctly[39m[22m

    [2mexpect([22m[31mreceived[39m[2m).[22mtoEqual[2m([22m[32mexpected[39m[2m) // deep equality[22m

    [32m- Expected  -  6[39m
    [31m+ Received  + 21[39m

    [2m  Object {[22m
    [31m+   "activityType": "worksheet",[39m
    [31m+   "curriculumTags": Array [],[39m
    [2m    "description": "A test activity description",[22m
    [31m+   "duration": null,[39m
    [2m    "externalId": "test-activity",[22m
    [32m-   "rawData": Object {[39m
    [32m-     "description": "A test activity description",[39m
    [32m-     "externalId": "test-activity",[39m
    [32m-     "title": "Test Activity",[39m
    [32m-     "url": "https://example.com/activity",[39m
    [32m-   },[39m
    [31m+   "gradeMax": 1,[39m
    [31m+   "gradeMin": 1,[39m
    [31m+   "groupSize": null,[39m
    [31m+   "internalRating": null,[39m
    [31m+   "internalReviews": null,[39m
    [31m+   "isActive": true,[39m
    [31m+   "isFree": true,[39m
    [31m+   "language": "en",[39m
    [31m+   "lastVerified": 2025-06-30T23:53:21.537Z,[39m
    [31m+   "learningGoals": null,[39m
    [31m+   "license": null,[39m
    [31m+   "materials": Array [],[39m
    [31m+   "price": null,[39m
    [2m    "source": "test",[22m
    [31m+   "sourceRating": null,[39m
    [31m+   "sourceReviews": null,[39m
    [31m+   "subject": "general",[39m
    [31m+   "technology": null,[39m
    [31m+   "thumbnailUrl": null,[39m
    [2m    "title": "Test Activity",[22m
    [2m    "url": "https://example.com/activity",[22m
    [2m  }[22m
[2m[22m
[2m    [0m [90m 88 |[39m       [36mconst[39m result [33m=[39m connector[33m.[39mtransformToExternalActivity(activityData[33m,[39m rawData)[33m;[39m[22m
[2m     [90m 89 |[39m[22m
[2m    [31m[1m>[22m[2m[39m[90m 90 |[39m       expect(result)[33m.[39mtoEqual({[22m
[2m     [90m    |[39m                      [31m[1m^[22m[2m[39m[22m
[2m     [90m 91 |[39m         externalId[33m:[39m [32m'test-activity'[39m[33m,[39m[22m
[2m     [90m 92 |[39m         source[33m:[39m [32m'test'[39m[33m,[39m[22m
[2m     [90m 93 |[39m         title[33m:[39m [32m'Test Activity'[39m[33m,[39m[0m[22m
[2m[22m
[2m      [2mat Object.<anonymous> ([22m[2m[0m[36mtests/unit/connectors/baseConnector.test.ts[39m[0m[2m:90:22)[22m[2m[22m

[1m[31m  [1m● [22m[1mBaseConnector › fetchWithTimeout › should make successful HTTP request[39m[22m

    [2mexpect([22m[31mjest.fn()[39m[2m).[22mtoHaveBeenCalledWith[2m([22m[32m...expected[39m[2m)[22m

    [32m- Expected[39m
    [31m+ Received[39m

      [2m"https://example.com"[22m,
    [32m- Object {}[39m
    [31m+ Object {[39m
    [31m+   "signal": AbortSignal {[39m
    [31m+     Symbol(kEvents): Map {},[39m
    [31m+     Symbol(events.maxEventTargetListeners): 0,[39m
    [31m+     Symbol(events.maxEventTargetListenersWarned): false,[39m
    [31m+     Symbol(kHandlers): Map {},[39m
    [31m+     Symbol(kAborted): false,[39m
    [31m+     Symbol(kReason): undefined,[39m
    [31m+     Symbol(kComposite): false,[39m
    [31m+   },[39m
    [31m+ }[39m,

    Number of calls: [31m1[39m
[2m[22m
[2m    [0m [90m 135 |[39m       [36mconst[39m result [33m=[39m [36mawait[39m promise[33m;[39m[22m
[2m     [90m 136 |[39m[22m
[2m    [31m[1m>[22m[2m[39m[90m 137 |[39m       expect(global[33m.[39mfetch)[33m.[39mtoHaveBeenCalledWith([32m'https://example.com'[39m[33m,[39m {})[33m;[39m[22m
[2m     [90m     |[39m                            [31m[1m^[22m[2m[39m[22m
[2m     [90m 138 |[39m       expect(result)[33m.[39mtoBe(mockResponse)[33m;[39m[22m
[2m     [90m 139 |[39m     })[33m;[39m[22m
[2m     [90m 140 |[39m[0m[22m
[2m[22m
[2m      [2mat Object.<anonymous> ([22m[2m[0m[36mtests/unit/connectors/baseConnector.test.ts[39m[0m[2m:137:28)[22m[2m[22m

[1m[31m  [1m● [22m[1mBaseConnector › fetchWithTimeout › should timeout after specified duration[39m[22m

    thrown: "Exceeded timeout of 2000 ms for a test.
    Add a timeout value to this test to increase the timeout, if this is a long-running test. See https://jestjs.io/docs/api#testname-fn-timeout."
[2m[22m
[2m    [0m [90m 139 |[39m     })[33m;[39m[22m
[2m     [90m 140 |[39m[22m
[2m    [31m[1m>[22m[2m[39m[90m 141 |[39m     it([32m'should timeout after specified duration'[39m[33m,[39m [36masync[39m () [33m=>[39m {[22m
[2m     [90m     |[39m     [31m[1m^[22m[2m[39m[22m
[2m     [90m 142 |[39m       (global[33m.[39mfetch [36mas[39m jest[33m.[39m[33mMock[39m)[33m.[39mmockImplementation(() [33m=>[39m [36mnew[39m [33mPromise[39m(() [33m=>[39m {}))[33m;[39m [90m// Never resolves[39m[22m
[2m     [90m 143 |[39m[22m
[2m     [90m 144 |[39m       [36mconst[39m promise [33m=[39m connector[[32m'fetchWithTimeout'[39m]([32m'https://example.com'[39m[33m,[39m {}[33m,[39m [35m1000[39m)[33m;[39m[0m[22m
[2m[22m
[2m      [2mat [22m[2m[0m[36mtests/unit/connectors/baseConnector.test.ts[39m[0m[2m:141:5[22m[2m[22m
[2m      [2mat [22m[2m[0m[36mtests/unit/connectors/baseConnector.test.ts[39m[0m[2m:121:3[22m[2m[22m
[2m      [2mat [22m[2m[0m[36mtests/unit/connectors/baseConnector.test.ts[39m[0m[2m:46:1[22m[2m[22m

[1m[31m  [1m● [22m[1mBaseConnector › search method › should implement search method[39m[22m

    [2mexpect([22m[31mreceived[39m[2m).[22mtoEqual[2m([22m[32mexpected[39m[2m) // deep equality[22m

    [32m- Expected  -  6[39m
    [31m+ Received  + 21[39m

    [2m  Object {[22m
    [31m+   "activityType": "worksheet",[39m
    [31m+   "curriculumTags": Array [],[39m
    [2m    "description": "A test activity",[22m
    [31m+   "duration": null,[39m
    [2m    "externalId": "test-1",[22m
    [32m-   "rawData": Object {[39m
    [32m-     "description": "A test activity",[39m
    [32m-     "externalId": "test-1",[39m
    [32m-     "title": "Test Activity",[39m
    [32m-     "url": "https://test.com/activity/1",[39m
    [32m-   },[39m
    [31m+   "gradeMax": 1,[39m
    [31m+   "gradeMin": 1,[39m
    [31m+   "groupSize": null,[39m
    [31m+   "internalRating": null,[39m
    [31m+   "internalReviews": null,[39m
    [31m+   "isActive": true,[39m
    [31m+   "isFree": true,[39m
    [31m+   "language": "en",[39m
    [31m+   "lastVerified": 2025-06-30T23:53:23.568Z,[39m
    [31m+   "learningGoals": null,[39m
    [31m+   "license": null,[39m
    [31m+   "materials": Array [],[39m
    [31m+   "price": null,[39m
    [2m    "source": "test",[22m
    [31m+   "sourceRating": null,[39m
    [31m+   "sourceReviews": null,[39m
    [31m+   "subject": "general",[39m
    [31m+   "technology": null,[39m
    [31m+   "thumbnailUrl": null,[39m
    [2m    "title": "Test Activity",[22m
    [2m    "url": "https://test.com/activity/1",[22m
    [2m  }[22m
[2m[22m
[2m    [0m [90m 193 |[39m       [22m
[2m     [90m 194 |[39m       expect(results)[33m.[39mtoHaveLength([35m1[39m)[33m;[39m[22m
[2m    [31m[1m>[22m[2m[39m[90m 195 |[39m       expect(results[[35m0[39m])[33m.[39mtoEqual({[22m
[2m     [90m     |[39m                          [31m[1m^[22m[2m[39m[22m
[2m     [90m 196 |[39m         externalId[33m:[39m [32m'test-1'[39m[33m,[39m[22m
[2m     [90m 197 |[39m         source[33m:[39m [32m'test'[39m[33m,[39m[22m
[2m     [90m 198 |[39m         title[33m:[39m [32m'Test Activity'[39m[33m,[39m[0m[22m
[2m[22m
[2m      [2mat Object.<anonymous> ([22m[2m[0m[36mtests/unit/connectors/baseConnector.test.ts[39m[0m[2m:195:26)[22m[2m[22m

[1m[31m  [1m● [22m[1mBaseConnector › getActivityDetails method › should get activity details by external ID[39m[22m

    [2mexpect([22m[31mreceived[39m[2m).[22mtoEqual[2m([22m[32mexpected[39m[2m) // deep equality[22m

    [32m- Expected  -  6[39m
    [31m+ Received  + 21[39m

    [2m  Object {[22m
    [31m+   "activityType": "worksheet",[39m
    [31m+   "curriculumTags": Array [],[39m
    [2m    "description": "A detailed test activity",[22m
    [31m+   "duration": null,[39m
    [2m    "externalId": "test-1",[22m
    [32m-   "rawData": Object {[39m
    [32m-     "description": "A detailed test activity",[39m
    [32m-     "externalId": "test-1",[39m
    [32m-     "title": "Test Activity Detailed",[39m
    [32m-     "url": "https://test.com/activity/1",[39m
    [32m-   },[39m
    [31m+   "gradeMax": 1,[39m
    [31m+   "gradeMin": 1,[39m
    [31m+   "groupSize": null,[39m
    [31m+   "internalRating": null,[39m
    [31m+   "internalReviews": null,[39m
    [31m+   "isActive": true,[39m
    [31m+   "isFree": true,[39m
    [31m+   "language": "en",[39m
    [31m+   "lastVerified": 2025-06-30T23:53:23.570Z,[39m
    [31m+   "learningGoals": null,[39m
    [31m+   "license": null,[39m
    [31m+   "materials": Array [],[39m
    [31m+   "price": null,[39m
    [2m    "source": "test",[22m
    [31m+   "sourceRating": null,[39m
    [31m+   "sourceReviews": null,[39m
    [31m+   "subject": "general",[39m
    [31m+   "technology": null,[39m
    [31m+   "thumbnailUrl": null,[39m
    [2m    "title": "Test Activity Detailed",[22m
    [2m    "url": "https://test.com/activity/1",[22m
    [2m  }[22m
[2m[22m
[2m    [0m [90m 213 |[39m       [36mconst[39m result [33m=[39m [36mawait[39m connector[33m.[39mgetActivityDetails([32m'test-1'[39m)[33m;[39m[22m
[2m     [90m 214 |[39m       [22m
[2m    [31m[1m>[22m[2m[39m[90m 215 |[39m       expect(result)[33m.[39mtoEqual({[22m
[2m     [90m     |[39m                      [31m[1m^[22m[2m[39m[22m
[2m     [90m 216 |[39m         externalId[33m:[39m [32m'test-1'[39m[33m,[39m[22m
[2m     [90m 217 |[39m         source[33m:[39m [32m'test'[39m[33m,[39m[22m
[2m     [90m 218 |[39m         title[33m:[39m [32m'Test Activity Detailed'[39m[33m,[39m[0m[22m
[2m[22m
[2m      [2mat Object.<anonymous> ([22m[2m[0m[36mtests/unit/connectors/baseConnector.test.ts[39m[0m[2m:215:22)[22m[2m[22m

[0m[7m[1m[31m FAIL [39m[22m[27m[0m [2mtests/unit/[22m[1mllmService.test.ts[22m ([0m[1m[41m10.115 s[49m[22m[0m)
[1m[31m  [1m● [22m[1mLLMService › generateContent › should generate content with user prompt only[39m[22m

    [2mexpect([22m[31mreceived[39m[2m).[22mtoBe[2m([22m[32mexpected[39m[2m) // Object.is equality[22m

    Expected: [32m"[7mAI content generation is not available. Please configure OPENAI_API_KEY environment variable[27m."[39m
    Received: [31m"[7mFailed to generate content. Please try again later[27m."[39m
[2m[22m
[2m    [0m [90m 29 |[39m         [36mconst[39m { generateContent[33m:[39m generateContentNoKey } [33m=[39m [36mawait[39m [36mimport[39m([32m'../../src/services/llmService'[39m)[33m;[39m[22m
[2m     [90m 30 |[39m         [36mconst[39m result [33m=[39m [36mawait[39m generateContentNoKey([32m'test prompt'[39m)[33m;[39m[22m
[2m    [31m[1m>[22m[2m[39m[90m 31 |[39m         expect(result)[33m.[39mtoBe([32m'AI content generation is not available. Please configure OPENAI_API_KEY environment variable.'[39m)[33m;[39m[22m
[2m     [90m    |[39m                        [31m[1m^[22m[2m[39m[22m
[2m     [90m 32 |[39m       })[33m;[39m[22m
[2m     [90m 33 |[39m     })[33m;[39m[22m
[2m     [90m 34 |[39m[0m[22m
[2m[22m
[2m      [2mat [22m[2m[0m[36mtests/unit/llmService.test.ts[39m[0m[2m:31:24[22m[2m[22m

[1m[31m  [1m● [22m[1mLLMService › generateContent › should generate content with user prompt only[39m[22m

    [2mexpect([22m[31mreceived[39m[2m).[22mtoBe[2m([22m[32mexpected[39m[2m) // Object.is equality[22m

    Expected: [32m"[7mMock[27m generate[7md[27m content"[39m
    Received: [31m"[7mFailed to[27m generate content[7m. Please try again later.[27m"[39m
[2m[22m
[2m    [0m [90m 37 |[39m       [36mconst[39m result [33m=[39m [36mawait[39m generateContent(prompt)[33m;[39m[22m
[2m     [90m 38 |[39m       [22m
[2m    [31m[1m>[22m[2m[39m[90m 39 |[39m       expect(result)[33m.[39mtoBe([32m'Mock generated content'[39m)[33m;[39m[22m
[2m     [90m    |[39m                      [31m[1m^[22m[2m[39m[22m
[2m     [90m 40 |[39m       expect(openai[33m?[39m[33m.[39mchat[33m.[39mcompletions[33m.[39mcreate)[33m.[39mtoHaveBeenCalledWith(expect[33m.[39mobjectContaining({[22m
[2m     [90m 41 |[39m         model[33m:[39m [32m'gpt-3.5-turbo'[39m[33m,[39m[22m
[2m     [90m 42 |[39m         messages[33m:[39m expect[33m.[39marrayContaining([[0m[22m
[2m[22m
[2m      [2mat Object.<anonymous> ([22m[2m[0m[36mtests/unit/llmService.test.ts[39m[0m[2m:39:22)[22m[2m[22m

[1m[31m  [1m● [22m[1mLLMService › generateContent › should generate content with system message[39m[22m

    [2mexpect([22m[31mreceived[39m[2m).[22mtoBe[2m([22m[32mexpected[39m[2m) // Object.is equality[22m

    Expected: [32m"[7mMock[27m generate[7md[27m content"[39m
    Received: [31m"[7mFailed to[27m generate content[7m. Please try again later.[27m"[39m
[2m[22m
[2m    [0m [90m 52 |[39m       [36mconst[39m result [33m=[39m [36mawait[39m generateContent(prompt[33m,[39m systemMessage)[33m;[39m[22m
[2m     [90m 53 |[39m       [22m
[2m    [31m[1m>[22m[2m[39m[90m 54 |[39m       expect(result)[33m.[39mtoBe([32m'Mock generated content'[39m)[33m;[39m[22m
[2m     [90m    |[39m                      [31m[1m^[22m[2m[39m[22m
[2m     [90m 55 |[39m       expect(openai[33m?[39m[33m.[39mchat[33m.[39mcompletions[33m.[39mcreate)[33m.[39mtoHaveBeenCalledWith(expect[33m.[39mobjectContaining({[22m
[2m     [90m 56 |[39m         messages[33m:[39m expect[33m.[39marrayContaining([[22m
[2m     [90m 57 |[39m           expect[33m.[39mobjectContaining({ role[33m:[39m [32m'system'[39m[33m,[39m content[33m:[39m systemMessage })[33m,[39m[0m[22m
[2m[22m
[2m      [2mat Object.<anonymous> ([22m[2m[0m[36mtests/unit/llmService.test.ts[39m[0m[2m:54:22)[22m[2m[22m

[1m[31m  [1m● [22m[1mLLMService › generateContent › should handle missing content gracefully[39m[22m

    TypeError: mockCreate.mockResolvedValueOnce is not a function
[2m[22m
[2m    [0m [90m 64 |[39m       [90m// Mock empty response[39m[22m
[2m     [90m 65 |[39m       [36mconst[39m mockCreate [33m=[39m openai[33m?[39m[33m.[39mchat[33m.[39mcompletions[33m.[39mcreate [36mas[39m jest[33m.[39m[33mMockedFunction[39m[33m<[39m[33many[39m[33m>[39m[33m;[39m[22m
[2m    [31m[1m>[22m[2m[39m[90m 66 |[39m       mockCreate[33m.[39mmockResolvedValueOnce({[22m
[2m     [90m    |[39m                  [31m[1m^[22m[2m[39m[22m
[2m     [90m 67 |[39m         choices[33m:[39m [{ message[33m:[39m { content[33m:[39m [32m''[39m } }][22m
[2m     [90m 68 |[39m       })[33m;[39m[22m
[2m     [90m 69 |[39m       [0m[22m
[2m[22m
[2m      [2mat Object.<anonymous> ([22m[2m[0m[36mtests/unit/llmService.test.ts[39m[0m[2m:66:18)[22m[2m[22m

[1m[31m  [1m● [22m[1mLLMService › generateContent › should handle API errors gracefully[39m[22m

    TypeError: mockCreate.mockRejectedValueOnce is not a function
[2m[22m
[2m    [0m [90m 76 |[39m       [90m// Mock API error[39m[22m
[2m     [90m 77 |[39m       [36mconst[39m mockCreate [33m=[39m openai[33m?[39m[33m.[39mchat[33m.[39mcompletions[33m.[39mcreate [36mas[39m jest[33m.[39m[33mMockedFunction[39m[33m<[39m[33many[39m[33m>[39m[33m;[39m[22m
[2m    [31m[1m>[22m[2m[39m[90m 78 |[39m       mockCreate[33m.[39mmockRejectedValueOnce([36mnew[39m [33mError[39m([32m'API Error'[39m))[33m;[39m[22m
[2m     [90m    |[39m                  [31m[1m^[22m[2m[39m[22m
[2m     [90m 79 |[39m       [22m
[2m     [90m 80 |[39m       [36mconst[39m result [33m=[39m [36mawait[39m generateContent([32m'test prompt'[39m)[33m;[39m[22m
[2m     [90m 81 |[39m       [0m[22m
[2m[22m
[2m      [2mat Object.<anonymous> ([22m[2m[0m[36mtests/unit/llmService.test.ts[39m[0m[2m:78:18)[22m[2m[22m

[1m[31m  [1m● [22m[1mLLMService › generateContent › should handle network timeouts[39m[22m

    TypeError: mockCreate.mockRejectedValueOnce is not a function
[2m[22m
[2m    [0m [90m 86 |[39m       [90m// Mock timeout error[39m[22m
[2m     [90m 87 |[39m       [36mconst[39m mockCreate [33m=[39m openai[33m?[39m[33m.[39mchat[33m.[39mcompletions[33m.[39mcreate [36mas[39m jest[33m.[39m[33mMockedFunction[39m[33m<[39m[33many[39m[33m>[39m[33m;[39m[22m
[2m    [31m[1m>[22m[2m[39m[90m 88 |[39m       mockCreate[33m.[39mmockRejectedValueOnce([36mnew[39m [33mError[39m([32m'Request timeout'[39m))[33m;[39m[22m
[2m     [90m    |[39m                  [31m[1m^[22m[2m[39m[22m
[2m     [90m 89 |[39m       [22m
[2m     [90m 90 |[39m       [36mconst[39m result [33m=[39m [36mawait[39m generateContent([32m'test prompt'[39m)[33m;[39m[22m
[2m     [90m 91 |[39m       [0m[22m
[2m[22m
[2m      [2mat Object.<anonymous> ([22m[2m[0m[36mtests/unit/llmService.test.ts[39m[0m[2m:88:18)[22m[2m[22m

[1m[31m  [1m● [22m[1mLLMService › generateContent › should handle invalid API responses[39m[22m

    TypeError: mockCreate.mockResolvedValueOnce is not a function
[2m[22m
[2m    [0m [90m  96 |[39m       [90m// Mock invalid response[39m[22m
[2m     [90m  97 |[39m       [36mconst[39m mockCreate [33m=[39m openai[33m?[39m[33m.[39mchat[33m.[39mcompletions[33m.[39mcreate [36mas[39m jest[33m.[39m[33mMockedFunction[39m[33m<[39m[33many[39m[33m>[39m[33m;[39m[22m
[2m    [31m[1m>[22m[2m[39m[90m  98 |[39m       mockCreate[33m.[39mmockResolvedValueOnce({[22m
[2m     [90m     |[39m                  [31m[1m^[22m[2m[39m[22m
[2m     [90m  99 |[39m         choices[33m:[39m [{ message[33m:[39m [36mnull[39m }][22m
[2m     [90m 100 |[39m       })[33m;[39m[22m
[2m     [90m 101 |[39m       [0m[22m
[2m[22m
[2m      [2mat Object.<anonymous> ([22m[2m[0m[36mtests/unit/llmService.test.ts[39m[0m[2m:98:18)[22m[2m[22m

[1m[31m  [1m● [22m[1mLLMService › generateBilingualContent › should generate and parse bilingual content correctly[39m[22m

    TypeError: mockCreate.mockResolvedValueOnce is not a function
[2m[22m
[2m    [0m [90m 123 |[39m       [90m// Mock response with bilingual format[39m[22m
[2m     [90m 124 |[39m       [36mconst[39m mockCreate [33m=[39m openai[33m?[39m[33m.[39mchat[33m.[39mcompletions[33m.[39mcreate [36mas[39m jest[33m.[39m[33mMockedFunction[39m[33m<[39m[33many[39m[33m>[39m[33m;[39m[22m
[2m    [31m[1m>[22m[2m[39m[90m 125 |[39m       mockCreate[33m.[39mmockResolvedValueOnce({[22m
[2m     [90m     |[39m                  [31m[1m^[22m[2m[39m[22m
[2m     [90m 126 |[39m         choices[33m:[39m [{[22m
[2m     [90m 127 |[39m           message[33m:[39m {[22m
[2m     [90m 128 |[39m             content[33m:[39m [32m'FRENCH:\nContenu en français\n\nENGLISH:\nContent in English'[39m[0m[22m
[2m[22m
[2m      [2mat Object.<anonymous> ([22m[2m[0m[36mtests/unit/llmService.test.ts[39m[0m[2m:125:18)[22m[2m[22m

[1m[31m  [1m● [22m[1mLLMService › generateBilingualContent › should handle case-insensitive language markers[39m[22m

    TypeError: mockCreate.mockResolvedValueOnce is not a function
[2m[22m
[2m    [0m [90m 141 |[39m     it([32m'should handle case-insensitive language markers'[39m[33m,[39m [36masync[39m () [33m=>[39m {[22m
[2m     [90m 142 |[39m       [36mconst[39m mockCreate [33m=[39m openai[33m?[39m[33m.[39mchat[33m.[39mcompletions[33m.[39mcreate [36mas[39m jest[33m.[39m[33mMockedFunction[39m[33m<[39m[33many[39m[33m>[39m[33m;[39m[22m
[2m    [31m[1m>[22m[2m[39m[90m 143 |[39m       mockCreate[33m.[39mmockResolvedValueOnce({[22m
[2m     [90m     |[39m                  [31m[1m^[22m[2m[39m[22m
[2m     [90m 144 |[39m         choices[33m:[39m [{[22m
[2m     [90m 145 |[39m           message[33m:[39m {[22m
[2m     [90m 146 |[39m             content[33m:[39m [32m'french:\nContenu français\n\nenglish:\nEnglish content'[39m[0m[22m
[2m[22m
[2m      [2mat Object.<anonymous> ([22m[2m[0m[36mtests/unit/llmService.test.ts[39m[0m[2m:143:18)[22m[2m[22m

[1m[31m  [1m● [22m[1mLLMService › generateBilingualContent › should handle missing language sections[39m[22m

    TypeError: mockCreate.mockResolvedValueOnce is not a function
[2m[22m
[2m    [0m [90m 157 |[39m     it([32m'should handle missing language sections'[39m[33m,[39m [36masync[39m () [33m=>[39m {[22m
[2m     [90m 158 |[39m       [36mconst[39m mockCreate [33m=[39m openai[33m?[39m[33m.[39mchat[33m.[39mcompletions[33m.[39mcreate [36mas[39m jest[33m.[39m[33mMockedFunction[39m[33m<[39m[33many[39m[33m>[39m[33m;[39m[22m
[2m    [31m[1m>[22m[2m[39m[90m 159 |[39m       mockCreate[33m.[39mmockResolvedValueOnce({[22m
[2m     [90m     |[39m                  [31m[1m^[22m[2m[39m[22m
[2m     [90m 160 |[39m         choices[33m:[39m [{[22m
[2m     [90m 161 |[39m           message[33m:[39m {[22m
[2m     [90m 162 |[39m             content[33m:[39m [32m'Only content without language markers'[39m[0m[22m
[2m[22m
[2m      [2mat Object.<anonymous> ([22m[2m[0m[36mtests/unit/llmService.test.ts[39m[0m[2m:159:18)[22m[2m[22m

[1m[31m  [1m● [22m[1mLLMService › generateBilingualContent › should handle only French section present[39m[22m

    TypeError: mockCreate.mockResolvedValueOnce is not a function
[2m[22m
[2m    [0m [90m 173 |[39m     it([32m'should handle only French section present'[39m[33m,[39m [36masync[39m () [33m=>[39m {[22m
[2m     [90m 174 |[39m       [36mconst[39m mockCreate [33m=[39m openai[33m?[39m[33m.[39mchat[33m.[39mcompletions[33m.[39mcreate [36mas[39m jest[33m.[39m[33mMockedFunction[39m[33m<[39m[33many[39m[33m>[39m[33m;[39m[22m
[2m    [31m[1m>[22m[2m[39m[90m 175 |[39m       mockCreate[33m.[39mmockResolvedValueOnce({[22m
[2m     [90m     |[39m                  [31m[1m^[22m[2m[39m[22m
[2m     [90m 176 |[39m         choices[33m:[39m [{[22m
[2m     [90m 177 |[39m           message[33m:[39m {[22m
[2m     [90m 178 |[39m             content[33m:[39m [32m'FRENCH:\nContenu en français seulement'[39m[0m[22m
[2m[22m
[2m      [2mat Object.<anonymous> ([22m[2m[0m[36mtests/unit/llmService.test.ts[39m[0m[2m:175:18)[22m[2m[22m

[1m[31m  [1m● [22m[1mLLMService › generateBilingualContent › should handle API errors gracefully[39m[22m

    TypeError: mockCreate.mockRejectedValueOnce is not a function
[2m[22m
[2m    [0m [90m 189 |[39m     it([32m'should handle API errors gracefully'[39m[33m,[39m [36masync[39m () [33m=>[39m {[22m
[2m     [90m 190 |[39m       [36mconst[39m mockCreate [33m=[39m openai[33m?[39m[33m.[39mchat[33m.[39mcompletions[33m.[39mcreate [36mas[39m jest[33m.[39m[33mMockedFunction[39m[33m<[39m[33many[39m[33m>[39m[33m;[39m[22m
[2m    [31m[1m>[22m[2m[39m[90m 191 |[39m       mockCreate[33m.[39mmockRejectedValueOnce([36mnew[39m [33mError[39m([32m'API Error'[39m))[33m;[39m[22m
[2m     [90m     |[39m                  [31m[1m^[22m[2m[39m[22m
[2m     [90m 192 |[39m       [22m
[2m     [90m 193 |[39m       [36mconst[39m result [33m=[39m [36mawait[39m generateBilingualContent([32m'test prompt'[39m)[33m;[39m[22m
[2m     [90m 194 |[39m       [0m[22m
[2m[22m
[2m      [2mat Object.<anonymous> ([22m[2m[0m[36mtests/unit/llmService.test.ts[39m[0m[2m:191:18)[22m[2m[22m

[1m[31m  [1m● [22m[1mLLMService › Token limit handling › should respect max_tokens parameter[39m[22m

    [2mexpect([22m[31mreceived[39m[2m).[22mtoEqual[2m([22m[32mexpected[39m[2m) // deep equality[22m

    [32m- Expected  - 2[39m
    [31m+ Received  + 2[39m

    [2m  Object {[22m
    [32m-   "english": "AI content generation is not available. Please configure OPENAI_API_KEY environment variable.",[39m
    [32m-   "french": "AI content generation is not available. Please configure OPENAI_API_KEY environment variable.",[39m
    [31m+   "english": "Failed to generate content. Please try again later.",[39m
    [31m+   "french": "Failed to generate content. Please try again later.",[39m
    [2m  }[22m
[2m[22m
[2m    [0m [90m 113 |[39m         [36mconst[39m result [33m=[39m [36mawait[39m generateBilingualContentNoKey([32m'test prompt'[39m)[33m;[39m[22m
[2m     [90m 114 |[39m         [22m
[2m    [31m[1m>[22m[2m[39m[90m 115 |[39m         expect(result)[33m.[39mtoEqual({[22m
[2m     [90m     |[39m                        [31m[1m^[22m[2m[39m[22m
[2m     [90m 116 |[39m           french[33m:[39m [32m'AI content generation is not available. Please configure OPENAI_API_KEY environment variable.'[39m[33m,[39m[22m
[2m     [90m 117 |[39m           english[33m:[39m [32m'AI content generation is not available. Please configure OPENAI_API_KEY environment variable.'[39m[22m
[2m     [90m 118 |[39m         })[33m;[39m[0m[22m
[2m[22m
[2m      [2mat [22m[2m[0m[36mtests/unit/llmService.test.ts[39m[0m[2m:115:24[22m[2m[22m

[1m[31m  [1m● [22m[1mLLMService › Token limit handling › should respect max_tokens parameter[39m[22m

    [2mexpect([22m[31mreceived[39m[2m).[22mtoHaveBeenCalledWith[2m([22m[32m...expected[39m[2m)[22m

    [1mMatcher error[22m: [31mreceived[39m value must be a mock or spy function

    Received has type:  function
    Received has value: [31m[Function create][39m
[2m[22m
[2m    [0m [90m 204 |[39m       [36mawait[39m generateContent([32m'test prompt'[39m)[33m;[39m[22m
[2m     [90m 205 |[39m       [22m
[2m    [31m[1m>[22m[2m[39m[90m 206 |[39m       expect(openai[33m?[39m[33m.[39mchat[33m.[39mcompletions[33m.[39mcreate)[33m.[39mtoHaveBeenCalledWith([22m
[2m     [90m     |[39m                                               [31m[1m^[22m[2m[39m[22m
[2m     [90m 207 |[39m         expect[33m.[39mobjectContaining({[22m
[2m     [90m 208 |[39m           max_tokens[33m:[39m expect[33m.[39many([33mNumber[39m)[22m
[2m     [90m 209 |[39m         })[0m[22m
[2m[22m
[2m      [2mat Object.<anonymous> ([22m[2m[0m[36mtests/unit/llmService.test.ts[39m[0m[2m:206:47)[22m[2m[22m

[1m[31m  [1m● [22m[1mLLMService › Token limit handling › should handle token limit exceeded errors[39m[22m

    TypeError: mockCreate.mockRejectedValueOnce is not a function
[2m[22m
[2m    [0m [90m 213 |[39m     it([32m'should handle token limit exceeded errors'[39m[33m,[39m [36masync[39m () [33m=>[39m {[22m
[2m     [90m 214 |[39m       [36mconst[39m mockCreate [33m=[39m openai[33m?[39m[33m.[39mchat[33m.[39mcompletions[33m.[39mcreate [36mas[39m jest[33m.[39m[33mMockedFunction[39m[33m<[39m[33many[39m[33m>[39m[33m;[39m[22m
[2m    [31m[1m>[22m[2m[39m[90m 215 |[39m       mockCreate[33m.[39mmockRejectedValueOnce([36mnew[39m [33mError[39m([32m'Token limit exceeded'[39m))[33m;[39m[22m
[2m     [90m     |[39m                  [31m[1m^[22m[2m[39m[22m
[2m     [90m 216 |[39m       [22m
[2m     [90m 217 |[39m       [36mconst[39m result [33m=[39m [36mawait[39m generateContent([32m'very long prompt'[39m)[33m;[39m[22m
[2m     [90m 218 |[39m       [0m[22m
[2m[22m
[2m      [2mat Object.<anonymous> ([22m[2m[0m[36mtests/unit/llmService.test.ts[39m[0m[2m:215:18)[22m[2m[22m

[1m[31m  [1m● [22m[1mLLMService › Prompt validation › should handle empty prompts[39m[22m

    [2mexpect([22m[31mreceived[39m[2m).[22mtoHaveBeenCalled[2m()[22m

    [1mMatcher error[22m: [31mreceived[39m value must be a mock or spy function

    Received has type:  function
    Received has value: [31m[Function create][39m
[2m[22m
[2m    [0m [90m 226 |[39m       [22m
[2m     [90m 227 |[39m       expect(result)[33m.[39mtoBeTruthy()[33m;[39m [90m// Should still return something[39m[22m
[2m    [31m[1m>[22m[2m[39m[90m 228 |[39m       expect(openai[33m?[39m[33m.[39mchat[33m.[39mcompletions[33m.[39mcreate)[33m.[39mtoHaveBeenCalled()[33m;[39m[22m
[2m     [90m     |[39m                                               [31m[1m^[22m[2m[39m[22m
[2m     [90m 229 |[39m     })[33m;[39m[22m
[2m     [90m 230 |[39m[22m
[2m     [90m 231 |[39m     it([32m'should handle very long prompts'[39m[33m,[39m [36masync[39m () [33m=>[39m {[0m[22m
[2m[22m
[2m      [2mat Object.<anonymous> ([22m[2m[0m[36mtests/unit/llmService.test.ts[39m[0m[2m:228:47)[22m[2m[22m

[1m[31m  [1m● [22m[1mLLMService › Prompt validation › should handle very long prompts[39m[22m

    [2mexpect([22m[31mreceived[39m[2m).[22mtoHaveBeenCalledWith[2m([22m[32m...expected[39m[2m)[22m

    [1mMatcher error[22m: [31mreceived[39m value must be a mock or spy function

    Received has type:  function
    Received has value: [31m[Function create][39m
[2m[22m
[2m    [0m [90m 235 |[39m       [22m
[2m     [90m 236 |[39m       expect(result)[33m.[39mtoBeTruthy()[33m;[39m[22m
[2m    [31m[1m>[22m[2m[39m[90m 237 |[39m       expect(openai[33m?[39m[33m.[39mchat[33m.[39mcompletions[33m.[39mcreate)[33m.[39mtoHaveBeenCalledWith([22m
[2m     [90m     |[39m                                               [31m[1m^[22m[2m[39m[22m
[2m     [90m 238 |[39m         expect[33m.[39mobjectContaining({[22m
[2m     [90m 239 |[39m           messages[33m:[39m expect[33m.[39marrayContaining([[22m
[2m     [90m 240 |[39m             expect[33m.[39mobjectContaining({ content[33m:[39m longPrompt })[0m[22m
[2m[22m
[2m      [2mat Object.<anonymous> ([22m[2m[0m[36mtests/unit/llmService.test.ts[39m[0m[2m:237:47)[22m[2m[22m

[1m[31m  [1m● [22m[1mLLMService › Prompt validation › should handle special characters in prompts[39m[22m

    [2mexpect([22m[31mreceived[39m[2m).[22mtoHaveBeenCalledWith[2m([22m[32m...expected[39m[2m)[22m

    [1mMatcher error[22m: [31mreceived[39m value must be a mock or spy function

    Received has type:  function
    Received has value: [31m[Function create][39m
[2m[22m
[2m    [0m [90m 250 |[39m       [22m
[2m     [90m 251 |[39m       expect(result)[33m.[39mtoBeTruthy()[33m;[39m[22m
[2m    [31m[1m>[22m[2m[39m[90m 252 |[39m       expect(openai[33m?[39m[33m.[39mchat[33m.[39mcompletions[33m.[39mcreate)[33m.[39mtoHaveBeenCalledWith([22m
[2m     [90m     |[39m                                               [31m[1m^[22m[2m[39m[22m
[2m     [90m 253 |[39m         expect[33m.[39mobjectContaining({[22m
[2m     [90m 254 |[39m           messages[33m:[39m expect[33m.[39marrayContaining([[22m
[2m     [90m 255 |[39m             expect[33m.[39mobjectContaining({ content[33m:[39m specialPrompt })[0m[22m
[2m[22m
[2m      [2mat Object.<anonymous> ([22m[2m[0m[36mtests/unit/llmService.test.ts[39m[0m[2m:252:47)[22m[2m[22m

[1m[31m  [1m● [22m[1mLLMService › Rate limiting in test environment › should track API usage during tests[39m[22m

    [2mexpect([22m[31mreceived[39m[2m).[22mtoHaveBeenCalledTimes[2m([22m[32mexpected[39m[2m)[22m

    [1mMatcher error[22m: [31mreceived[39m value must be a mock or spy function

    Received has type:  function
    Received has value: [31m[Function create][39m
[2m[22m
[2m    [0m [90m 269 |[39m       [36mawait[39m generateContent([32m'test 3'[39m)[33m;[39m[22m
[2m     [90m 270 |[39m       [22m
[2m    [31m[1m>[22m[2m[39m[90m 271 |[39m       expect(openai[33m?[39m[33m.[39mchat[33m.[39mcompletions[33m.[39mcreate)[33m.[39mtoHaveBeenCalledTimes([35m3[39m)[33m;[39m[22m
[2m     [90m     |[39m                                               [31m[1m^[22m[2m[39m[22m
[2m     [90m 272 |[39m     })[33m;[39m[22m
[2m     [90m 273 |[39m   })[33m;[39m[22m
[2m     [90m 274 |[39m[0m[22m
[2m[22m
[2m      [2mat Object.<anonymous> ([22m[2m[0m[36mtests/unit/llmService.test.ts[39m[0m[2m:271:47)[22m[2m[22m

[1m[31m  [1m● [22m[1mLLMService › Service availability › should handle mock function calls[39m[22m

    [2mexpect([22m[31mreceived[39m[2m).[22mtoBe[2m([22m[32mexpected[39m[2m) // Object.is equality[22m

    Expected: [32m"[7mf[27mun[7mction[27m"[39m
    Received: [31m"un[7mdefined[27m"[39m
[2m[22m
[2m    [0m [90m 283 |[39m       [36mconst[39m mockCreate [33m=[39m openai[33m?[39m[33m.[39mchat[33m.[39mcompletions[33m.[39mcreate [36mas[39m jest[33m.[39m[33mMockedFunction[39m[33m<[39m[33many[39m[33m>[39m[33m;[39m[22m
[2m     [90m 284 |[39m       expect(mockCreate)[33m.[39mtoBeDefined()[33m;[39m[22m
[2m    [31m[1m>[22m[2m[39m[90m 285 |[39m       expect([36mtypeof[39m mockCreate[33m.[39mmockResolvedValue)[33m.[39mtoBe([32m'function'[39m)[33m;[39m[22m
[2m     [90m     |[39m                                                   [31m[1m^[22m[2m[39m[22m
[2m     [90m 286 |[39m       expect([36mtypeof[39m mockCreate[33m.[39mmockRejectedValue)[33m.[39mtoBe([32m'function'[39m)[33m;[39m[22m
[2m     [90m 287 |[39m     })[33m;[39m[22m
[2m     [90m 288 |[39m[0m[22m
[2m[22m
[2m      [2mat Object.<anonymous> ([22m[2m[0m[36mtests/unit/llmService.test.ts[39m[0m[2m:285:51)[22m[2m[22m

[1m[31m  [1m● [22m[1mLLMService › Service availability › should support async mock functions[39m[22m

    TypeError: mockCreate.mockResolvedValueOnce is not a function
[2m[22m
[2m    [0m [90m 289 |[39m     it([32m'should support async mock functions'[39m[33m,[39m [36masync[39m () [33m=>[39m {[22m
[2m     [90m 290 |[39m       [36mconst[39m mockCreate [33m=[39m openai[33m?[39m[33m.[39mchat[33m.[39mcompletions[33m.[39mcreate [36mas[39m jest[33m.[39m[33mMockedFunction[39m[33m<[39m[33many[39m[33m>[39m[33m;[39m[22m
[2m    [31m[1m>[22m[2m[39m[90m 291 |[39m       mockCreate[33m.[39mmockResolvedValueOnce({[22m
[2m     [90m     |[39m                  [31m[1m^[22m[2m[39m[22m
[2m     [90m 292 |[39m         choices[33m:[39m [{ message[33m:[39m { content[33m:[39m [32m'Custom test response'[39m } }][22m
[2m     [90m 293 |[39m       })[33m;[39m[22m
[2m     [90m 294 |[39m       [0m[22m
[2m[22m
[2m      [2mat Object.<anonymous> ([22m[2m[0m[36mtests/unit/llmService.test.ts[39m[0m[2m:291:18)[22m[2m[22m

[0m[7m[1m[31m FAIL [39m[22m[27m[0m [2mtests/unit/[22m[1membeddingService.fast.test.ts[22m ([0m[1m[41m10.785 s[49m[22m[0m)
[1m[31m  [1m● [22m[1mEmbeddingService - Fast Tests › Core functionality › should generate embeddings[39m[22m

    [2mexpect([22m[31mreceived[39m[2m).[22mtoEqual[2m([22m[32mexpected[39m[2m) // deep equality[22m

    Expected: [32m{"embedding": [0.1, 0.1, 0.1, 0.1, 0.1, 0.1, 0.1, 0.1, 0.1, 0.1, …], "expectationId": "test-outcome-1", "model": "text-embedding-3-small"}[39m
    Received: [31mnull[39m
[2m[22m
[2m    [0m [90m 66 |[39m       [36mconst[39m result [33m=[39m [36mawait[39m service[33m.[39mgenerateEmbedding([32m'test-outcome-1'[39m[33m,[39m [32m'Test description for embedding'[39m)[33m;[39m[22m
[2m     [90m 67 |[39m       [22m
[2m    [31m[1m>[22m[2m[39m[90m 68 |[39m       expect(result)[33m.[39mtoEqual({[22m
[2m     [90m    |[39m                      [31m[1m^[22m[2m[39m[22m
[2m     [90m 69 |[39m         expectationId[33m:[39m [32m'test-outcome-1'[39m[33m,[39m[22m
[2m     [90m 70 |[39m         embedding[33m:[39m mockEmbedding[33m,[39m[22m
[2m     [90m 71 |[39m         model[33m:[39m [32m'text-embedding-3-small'[39m[0m[22m
[2m[22m
[2m      [2mat Object.<anonymous> ([22m[2m[0m[36mtests/unit/embeddingService.fast.test.ts[39m[0m[2m:68:22)[22m[2m[22m

[1m[31m  [1m● [22m[1mEmbeddingService - Fast Tests › Core functionality › should find similar expectations[39m[22m

    [2mexpect([22m[31mreceived[39m[2m).[22mtoHaveLength[2m([22m[32mexpected[39m[2m)[22m

    Expected length: [32m2[39m
    Received length: [31m0[39m
    Received array:  [31m[][39m
[2m[22m
[2m    [0m [90m 121 |[39m       [36mconst[39m results [33m=[39m [36mawait[39m service[33m.[39mfindSimilarExpectations([32m'test-outcome'[39m[33m,[39m [35m0.8[39m[33m,[39m [35m5[39m)[33m;[39m[22m
[2m     [90m 122 |[39m       [22m
[2m    [31m[1m>[22m[2m[39m[90m 123 |[39m       expect(results)[33m.[39mtoHaveLength([35m2[39m)[33m;[39m[22m
[2m     [90m     |[39m                       [31m[1m^[22m[2m[39m[22m
[2m     [90m 124 |[39m       expect(mockPrisma[33m.[39mcurriculumExpectationEmbedding[33m.[39mfindMany)[33m.[39mtoHaveBeenCalled()[33m;[39m[22m
[2m     [90m 125 |[39m     })[33m;[39m[22m
[2m     [90m 126 |[39m[0m[22m
[2m[22m
[2m      [2mat Object.<anonymous> ([22m[2m[0m[36mtests/unit/embeddingService.fast.test.ts[39m[0m[2m:123:23)[22m[2m[22m

[1m[31m  [1m● [22m[1mEmbeddingService - Fast Tests › Batch operations › should generate batch embeddings[39m[22m

    [2mexpect([22m[31mreceived[39m[2m).[22mtoHaveLength[2m([22m[32mexpected[39m[2m)[22m

    Expected length: [32m2[39m
    Received length: [31m0[39m
    Received array:  [31m[][39m
[2m[22m
[2m    [0m [90m 139 |[39m       [36mconst[39m results [33m=[39m [36mawait[39m service[33m.[39mgenerateBatchEmbeddings(expectations)[33m;[39m[22m
[2m     [90m 140 |[39m       [22m
[2m    [31m[1m>[22m[2m[39m[90m 141 |[39m       expect(results)[33m.[39mtoHaveLength([35m2[39m)[33m;[39m[22m
[2m     [90m     |[39m                       [31m[1m^[22m[2m[39m[22m
[2m     [90m 142 |[39m       expect(mockOpenAI[33m.[39membeddings[33m.[39mcreate)[33m.[39mtoHaveBeenCalledTimes([35m1[39m)[33m;[39m [90m// Batch call[39m[22m
[2m     [90m 143 |[39m     })[33m;[39m[22m
[2m     [90m 144 |[39m[0m[22m
[2m[22m
[2m      [2mat Object.<anonymous> ([22m[2m[0m[36mtests/unit/embeddingService.fast.test.ts[39m[0m[2m:141:23)[22m[2m[22m

[1m[31m  [1m● [22m[1mEmbeddingService - Fast Tests › Batch operations › should generate missing embeddings[39m[22m

    [2mexpect([22m[31mreceived[39m[2m).[22mtoBe[2m([22m[32mexpected[39m[2m) // Object.is equality[22m

    Expected: [32m2[39m
    Received: [31m0[39m
[2m[22m
[2m    [0m [90m 151 |[39m       [36mconst[39m count [33m=[39m [36mawait[39m service[33m.[39mgenerateMissingEmbeddings()[33m;[39m[22m
[2m     [90m 152 |[39m       [22m
[2m    [31m[1m>[22m[2m[39m[90m 153 |[39m       expect(count)[33m.[39mtoBe([35m2[39m)[33m;[39m[22m
[2m     [90m     |[39m                     [31m[1m^[22m[2m[39m[22m
[2m     [90m 154 |[39m       expect(mockPrisma[33m.[39mcurriculumExpectationEmbedding[33m.[39mcreateMany)[33m.[39mtoHaveBeenCalled()[33m;[39m[22m
[2m     [90m 155 |[39m     })[33m;[39m[22m
[2m     [90m 156 |[39m   })[33m;[39m[0m[22m
[2m[22m
[2m      [2mat Object.<anonymous> ([22m[2m[0m[36mtests/unit/embeddingService.fast.test.ts[39m[0m[2m:153:21)[22m[2m[22m

[1m[31m  [1m● [22m[1mEmbeddingService - Fast Tests › Search functionality › should search expectations by text[39m[22m

    [2mexpect([22m[31mjest.fn()[39m[2m).[22mtoHaveBeenCalled[2m()[22m

    Expected number of calls: >= [32m1[39m
    Received number of calls:    [31m0[39m
[2m[22m
[2m    [0m [90m 175 |[39m       [22m
[2m     [90m 176 |[39m       expect([33mArray[39m[33m.[39misArray(searchResults))[33m.[39mtoBe([36mtrue[39m)[33m;[39m[22m
[2m    [31m[1m>[22m[2m[39m[90m 177 |[39m       expect(mockOpenAI[33m.[39membeddings[33m.[39mcreate)[33m.[39mtoHaveBeenCalled()[33m;[39m[22m
[2m     [90m     |[39m                                            [31m[1m^[22m[2m[39m[22m
[2m     [90m 178 |[39m     })[33m;[39m[22m
[2m     [90m 179 |[39m   })[33m;[39m[22m
[2m     [90m 180 |[39m[0m[22m
[2m[22m
[2m      [2mat Object.<anonymous> ([22m[2m[0m[36mtests/unit/embeddingService.fast.test.ts[39m[0m[2m:177:44)[22m[2m[22m

[0m[7m[1m[31m FAIL [39m[22m[27m[0m [2mtests/unit/connectors/[22m[1mcurriculumWebConnector.test.ts[22m ([0m[1m[41m30.705 s[49m[22m[0m)
[1m[31m  [1m● [22m[1mCurriculumWebConnector › search functionality › should implement search method[39m[22m

    [2mexpect([22m[31mreceived[39m[2m).[22mtoHaveLength[2m([22m[32mexpected[39m[2m)[22m

    Expected length: [32m1[39m
    Received length: [31m0[39m
    Received array:  [31m[][39m
[2m[22m
[2m    [0m [90m 45 |[39m       [36mconst[39m results [33m=[39m [36mawait[39m connector[33m.[39msearch({ query[33m:[39m [32m'math'[39m[33m,[39m grade[33m:[39m [35m3[39m })[33m;[39m[22m
[2m     [90m 46 |[39m       [22m
[2m    [31m[1m>[22m[2m[39m[90m 47 |[39m       expect(results)[33m.[39mtoHaveLength([35m1[39m)[33m;[39m[22m
[2m     [90m    |[39m                       [31m[1m^[22m[2m[39m[22m
[2m     [90m 48 |[39m       expect(results[[35m0[39m][33m.[39mtitle)[33m.[39mtoBe([32m'Math Lesson'[39m)[33m;[39m[22m
[2m     [90m 49 |[39m       expect(results[[35m0[39m][33m.[39msource)[33m.[39mtoBe([32m'CurriculumWeb'[39m)[33m;[39m[22m
[2m     [90m 50 |[39m     })[33m;[39m[0m[22m
[2m[22m
[2m      [2mat Object.<anonymous> ([22m[2m[0m[36mtests/unit/connectors/curriculumWebConnector.test.ts[39m[0m[2m:47:23)[22m[2m[22m

[1m[31m  [1m● [22m[1mCurriculumWebConnector › getActivityDetails › should fetch detailed activity information[39m[22m

    [2mexpect([22m[31mreceived[39m[2m).[22mtoBeTruthy[2m()[22m

    Received: [31mnull[39m
[2m[22m
[2m    [0m [90m 104 |[39m       [36mconst[39m result [33m=[39m [36mawait[39m connector[33m.[39mgetActivityDetails([32m'curr-detail-1'[39m)[33m;[39m[22m
[2m     [90m 105 |[39m       [22m
[2m    [31m[1m>[22m[2m[39m[90m 106 |[39m       expect(result)[33m.[39mtoBeTruthy()[33m;[39m[22m
[2m     [90m     |[39m                      [31m[1m^[22m[2m[39m[22m
[2m     [90m 107 |[39m       expect(result[33m?[39m[33m.[39mtitle)[33m.[39mtoBe([32m'Detailed Math Lesson'[39m)[33m;[39m[22m
[2m     [90m 108 |[39m       expect(result[33m?[39m[33m.[39msource)[33m.[39mtoBe([32m'CurriculumWeb'[39m)[33m;[39m[22m
[2m     [90m 109 |[39m     })[33m;[39m[0m[22m
[2m[22m
[2m      [2mat Object.<anonymous> ([22m[2m[0m[36mtests/unit/connectors/curriculumWebConnector.test.ts[39m[0m[2m:106:22)[22m[2m[22m

[0m[7m[1m[31m FAIL [39m[22m[27m[0m [2mtests/unit/connectors/[22m[1meducationWebConnector.test.ts[22m ([0m[1m[41m56.632 s[49m[22m[0m)
[1m[31m  [1m● [22m[1mEducationWebConnector › search functionality › should implement search method[39m[22m

    thrown: "Exceeded timeout of 8000 ms for a test.
    Add a timeout value to this test to increase the timeout, if this is a long-running test. See https://jestjs.io/docs/api#testname-fn-timeout."
[2m[22m
[2m    [0m [90m 24 |[39m[22m
[2m     [90m 25 |[39m   describe([32m'search functionality'[39m[33m,[39m () [33m=>[39m {[22m
[2m    [31m[1m>[22m[2m[39m[90m 26 |[39m     it([32m'should implement search method'[39m[33m,[39m [36masync[39m () [33m=>[39m {[22m
[2m     [90m    |[39m     [31m[1m^[22m[2m[39m[22m
[2m     [90m 27 |[39m       [36mconst[39m mockApiResponse [33m=[39m {[22m
[2m     [90m 28 |[39m         json[33m:[39m jest[33m.[39mfn()[33m.[39mmockResolvedValue({[22m
[2m     [90m 29 |[39m           activities[33m:[39m [[0m[22m
[2m[22m
[2m      [2mat [22m[2m[0m[36mtests/unit/connectors/educationWebConnector.test.ts[39m[0m[2m:26:5[22m[2m[22m
[2m      [2mat [22m[2m[0m[36mtests/unit/connectors/educationWebConnector.test.ts[39m[0m[2m:25:3[22m[2m[22m
[2m      [2mat [22m[2m[0m[36mtests/unit/connectors/educationWebConnector.test.ts[39m[0m[2m:7:1[22m[2m[22m

[1m[31m  [1m● [22m[1mEducationWebConnector › search functionality › should handle empty search results[39m[22m

    thrown: "Exceeded timeout of 8000 ms for a test.
    Add a timeout value to this test to increase the timeout, if this is a long-running test. See https://jestjs.io/docs/api#testname-fn-timeout."
[2m[22m
[2m    [0m [90m 49 |[39m     })[33m;[39m[22m
[2m     [90m 50 |[39m[22m
[2m    [31m[1m>[22m[2m[39m[90m 51 |[39m     it([32m'should handle empty search results'[39m[33m,[39m [36masync[39m () [33m=>[39m {[22m
[2m     [90m    |[39m     [31m[1m^[22m[2m[39m[22m
[2m     [90m 52 |[39m       [36mconst[39m mockApiResponse [33m=[39m {[22m
[2m     [90m 53 |[39m         json[33m:[39m jest[33m.[39mfn()[33m.[39mmockResolvedValue({ activities[33m:[39m [] })[22m
[2m     [90m 54 |[39m       }[33m;[39m[0m[22m
[2m[22m
[2m      [2mat [22m[2m[0m[36mtests/unit/connectors/educationWebConnector.test.ts[39m[0m[2m:51:5[22m[2m[22m
[2m      [2mat [22m[2m[0m[36mtests/unit/connectors/educationWebConnector.test.ts[39m[0m[2m:25:3[22m[2m[22m
[2m      [2mat [22m[2m[0m[36mtests/unit/connectors/educationWebConnector.test.ts[39m[0m[2m:7:1[22m[2m[22m

[1m[31m  [1m● [22m[1mEducationWebConnector › search functionality › should transform search results correctly[39m[22m

    thrown: "Exceeded timeout of 8000 ms for a test.
    Add a timeout value to this test to increase the timeout, if this is a long-running test. See https://jestjs.io/docs/api#testname-fn-timeout."
[2m[22m
[2m    [0m [90m 61 |[39m     })[33m;[39m[22m
[2m     [90m 62 |[39m[22m
[2m    [31m[1m>[22m[2m[39m[90m 63 |[39m     it([32m'should transform search results correctly'[39m[33m,[39m [36masync[39m () [33m=>[39m {[22m
[2m     [90m    |[39m     [31m[1m^[22m[2m[39m[22m
[2m     [90m 64 |[39m       [36mconst[39m mockActivity [33m=[39m {[22m
[2m     [90m 65 |[39m         id[33m:[39m [32m'edu-transform-test'[39m[33m,[39m[22m
[2m     [90m 66 |[39m         name[33m:[39m [32m'Reading Comprehension'[39m[33m,[39m[0m[22m
[2m[22m
[2m      [2mat [22m[2m[0m[36mtests/unit/connectors/educationWebConnector.test.ts[39m[0m[2m:63:5[22m[2m[22m
[2m      [2mat [22m[2m[0m[36mtests/unit/connectors/educationWebConnector.test.ts[39m[0m[2m:25:3[22m[2m[22m
[2m      [2mat [22m[2m[0m[36mtests/unit/connectors/educationWebConnector.test.ts[39m[0m[2m:7:1[22m[2m[22m

[1m[31m  [1m● [22m[1mEducationWebConnector › getActivityDetails › should fetch and return detailed activity information[39m[22m

    [2mexpect([22m[31mreceived[39m[2m).[22mtoBeTruthy[2m()[22m

    Received: [31mnull[39m
[2m[22m
[2m    [0m [90m 111 |[39m       [36mconst[39m result [33m=[39m [36mawait[39m connector[33m.[39mgetActivityDetails([32m'edu-detail-1'[39m)[33m;[39m[22m
[2m     [90m 112 |[39m       [22m
[2m    [31m[1m>[22m[2m[39m[90m 113 |[39m       expect(result)[33m.[39mtoBeTruthy()[33m;[39m[22m
[2m     [90m     |[39m                      [31m[1m^[22m[2m[39m[22m
[2m     [90m 114 |[39m       expect(result[33m?[39m[33m.[39mtitle)[33m.[39mtoBe([32m'Advanced Science Lab'[39m)[33m;[39m[22m
[2m     [90m 115 |[39m       expect(result[33m?[39m[33m.[39msource)[33m.[39mtoBe([32m'EducationWeb'[39m)[33m;[39m[22m
[2m     [90m 116 |[39m     })[33m;[39m[0m[22m
[2m[22m
[2m      [2mat Object.<anonymous> ([22m[2m[0m[36mtests/unit/connectors/educationWebConnector.test.ts[39m[0m[2m:113:22)[22m[2m[22m

[1m[31m  [1m● [22m[1mEducationWebConnector › API integration › should construct correct API URLs[39m[22m

    thrown: "Exceeded timeout of 8000 ms for a test.
    Add a timeout value to this test to increase the timeout, if this is a long-running test. See https://jestjs.io/docs/api#testname-fn-timeout."
[2m[22m
[2m    [0m [90m 128 |[39m[22m
[2m     [90m 129 |[39m   describe([32m'API integration'[39m[33m,[39m () [33m=>[39m {[22m
[2m    [31m[1m>[22m[2m[39m[90m 130 |[39m     it([32m'should construct correct API URLs'[39m[33m,[39m [36masync[39m () [33m=>[39m {[22m
[2m     [90m     |[39m     [31m[1m^[22m[2m[39m[22m
[2m     [90m 131 |[39m       [36mconst[39m mockApiResponse [33m=[39m {[22m
[2m     [90m 132 |[39m         json[33m:[39m jest[33m.[39mfn()[33m.[39mmockResolvedValue({ activities[33m:[39m [] })[22m
[2m     [90m 133 |[39m       }[33m;[39m[0m[22m
[2m[22m
[2m      [2mat [22m[2m[0m[36mtests/unit/connectors/educationWebConnector.test.ts[39m[0m[2m:130:5[22m[2m[22m
[2m      [2mat [22m[2m[0m[36mtests/unit/connectors/educationWebConnector.test.ts[39m[0m[2m:129:3[22m[2m[22m
[2m      [2mat [22m[2m[0m[36mtests/unit/connectors/educationWebConnector.test.ts[39m[0m[2m:7:1[22m[2m[22m

[1m[31m  [1m● [22m[1mEducationWebConnector › API integration › should include proper headers in requests[39m[22m

    thrown: "Exceeded timeout of 8000 ms for a test.
    Add a timeout value to this test to increase the timeout, if this is a long-running test. See https://jestjs.io/docs/api#testname-fn-timeout."
[2m[22m
[2m    [0m [90m 143 |[39m     })[33m;[39m[22m
[2m     [90m 144 |[39m[22m
[2m    [31m[1m>[22m[2m[39m[90m 145 |[39m     it([32m'should include proper headers in requests'[39m[33m,[39m [36masync[39m () [33m=>[39m {[22m
[2m     [90m     |[39m     [31m[1m^[22m[2m[39m[22m
[2m     [90m 146 |[39m       [36mconst[39m mockApiResponse [33m=[39m {[22m
[2m     [90m 147 |[39m         json[33m:[39m jest[33m.[39mfn()[33m.[39mmockResolvedValue({ activities[33m:[39m [] })[22m
[2m     [90m 148 |[39m       }[33m;[39m[0m[22m
[2m[22m
[2m      [2mat [22m[2m[0m[36mtests/unit/connectors/educationWebConnector.test.ts[39m[0m[2m:145:5[22m[2m[22m
[2m      [2mat [22m[2m[0m[36mtests/unit/connectors/educationWebConnector.test.ts[39m[0m[2m:129:3[22m[2m[22m
[2m      [2mat [22m[2m[0m[36mtests/unit/connectors/educationWebConnector.test.ts[39m[0m[2m:7:1[22m[2m[22m

[1m[31m  [1m● [22m[1mEducationWebConnector › error resilience › should handle API rate limiting[39m[22m

    thrown: "Exceeded timeout of 8000 ms for a test.
    Add a timeout value to this test to increase the timeout, if this is a long-running test. See https://jestjs.io/docs/api#testname-fn-timeout."
[2m[22m
[2m    [0m [90m 164 |[39m[22m
[2m     [90m 165 |[39m   describe([32m'error resilience'[39m[33m,[39m () [33m=>[39m {[22m
[2m    [31m[1m>[22m[2m[39m[90m 166 |[39m     it([32m'should handle API rate limiting'[39m[33m,[39m [36masync[39m () [33m=>[39m {[22m
[2m     [90m     |[39m     [31m[1m^[22m[2m[39m[22m
[2m     [90m 167 |[39m       (global[33m.[39mfetch [36mas[39m jest[33m.[39m[33mMock[39m)[33m.[39mmockResolvedValue({[22m
[2m     [90m 168 |[39m         status[33m:[39m [35m429[39m[33m,[39m[22m
[2m     [90m 169 |[39m         json[33m:[39m jest[33m.[39mfn()[33m.[39mmockResolvedValue({ error[33m:[39m [32m'Rate limited'[39m })[0m[22m
[2m[22m
[2m      [2mat [22m[2m[0m[36mtests/unit/connectors/educationWebConnector.test.ts[39m[0m[2m:166:5[22m[2m[22m
[2m      [2mat [22m[2m[0m[36mtests/unit/connectors/educationWebConnector.test.ts[39m[0m[2m:165:3[22m[2m[22m
[2m      [2mat [22m[2m[0m[36mtests/unit/connectors/educationWebConnector.test.ts[39m[0m[2m:7:1[22m[2m[22m

[1m[31m  [1m● [22m[1mEducationWebConnector › error resilience › should handle server errors[39m[22m

    thrown: "Exceeded timeout of 8000 ms for a test.
    Add a timeout value to this test to increase the timeout, if this is a long-running test. See https://jestjs.io/docs/api#testname-fn-timeout."
[2m[22m
[2m    [0m [90m 175 |[39m     })[33m;[39m[22m
[2m     [90m 176 |[39m[22m
[2m    [31m[1m>[22m[2m[39m[90m 177 |[39m     it([32m'should handle server errors'[39m[33m,[39m [36masync[39m () [33m=>[39m {[22m
[2m     [90m     |[39m     [31m[1m^[22m[2m[39m[22m
[2m     [90m 178 |[39m       (global[33m.[39mfetch [36mas[39m jest[33m.[39m[33mMock[39m)[33m.[39mmockResolvedValue({[22m
[2m     [90m 179 |[39m         status[33m:[39m [35m500[39m[33m,[39m[22m
[2m     [90m 180 |[39m         json[33m:[39m jest[33m.[39mfn()[33m.[39mmockRejectedValue([36mnew[39m [33mError[39m([32m'Server error'[39m))[0m[22m
[2m[22m
[2m      [2mat [22m[2m[0m[36mtests/unit/connectors/educationWebConnector.test.ts[39m[0m[2m:177:5[22m[2m[22m
[2m      [2mat [22m[2m[0m[36mtests/unit/connectors/educationWebConnector.test.ts[39m[0m[2m:165:3[22m[2m[22m
[2m      [2mat [22m[2m[0m[36mtests/unit/connectors/educationWebConnector.test.ts[39m[0m[2m:7:1[22m[2m[22m


[1mTest Suites: [22m[1m[31m23 failed[39m[22m, [1m[32m26 passed[39m[22m, 49 total
[1mTests:       [22m[1m[31m245 failed[39m[22m, [1m[33m19 skipped[39m[22m, [1m[32m905 passed[39m[22m, 1169 total
[1mSnapshots:   [22m0 total
[1mTime:[22m        [1m[33m63.978 s[39m[22m
[1mForce exiting Jest: [22mHave you considered using `--detectOpenHandles` to detect async operations that kept running after all tests finished?
/Users/michaelmcisaac/GitHub/teaching-engine2.0/server:
[41m[30m ERR_PNPM_RECURSIVE_RUN_FIRST_FAIL [39m[49m [31mserver@0.0.0 test:unit: `NODE_OPTIONS='--experimental-vm-modules --max-old-space-size=2048' TEST_TYPE=unit jest --passWithNoTests --runInBand=false --forceExit`[39m
[31mExit status 1[39m

❌ unit tests failed!

Command failed: pnpm --filter server test:unit

📝 Next steps:
  1. Fix the failing tests
  2. Run: pnpm test:watch to see changes live
  3. Run: pnpm test:debug to debug in Chrome DevTools
